[0.870s] Invoking command in '/home/tugmirk/Desktop/garp-test/build/workspace_ros': DEBUGINFOD_URLS=https://debuginfod.ubuntu.com PYTHONPATH=/home/tugmirk/Desktop/garp-test/build/workspace_ros/prefix_override:/usr/lib/python3/dist-packages/colcon_core/task/python/colcon_distutils_commands:/home/tugmirk/Desktop/garp-test/install/workspace_ros/lib/python3.12/site-packages:${PYTHONPATH} /usr/bin/python3 -W ignore:setup.py install is deprecated -W ignore:easy_install command is deprecated setup.py develop --editable --build-directory /home/tugmirk/Desktop/garp-test/build/workspace_ros/build --no-deps symlink_data
[1.183s] running develop
[1.361s] running egg_info
[1.385s] writing workspace_ros.egg-info/PKG-INFO
[1.385s] writing dependency_links to workspace_ros.egg-info/dependency_links.txt
[1.385s] writing entry points to workspace_ros.egg-info/entry_points.txt
[1.386s] writing requirements to workspace_ros.egg-info/requires.txt
[1.386s] writing top-level names to workspace_ros.egg-info/top_level.txt
[1.417s] reading manifest file 'workspace_ros.egg-info/SOURCES.txt'
[1.418s] writing manifest file 'workspace_ros.egg-info/SOURCES.txt'
[1.436s] running build_ext
[1.436s] Creating /home/tugmirk/Desktop/garp-test/install/workspace_ros/lib/python3.12/site-packages/workspace-ros.egg-link (link to .)
[1.437s] Installing autonomous_nav script to /home/tugmirk/Desktop/garp-test/install/workspace_ros/lib/workspace_ros
[1.437s] Installing converter script to /home/tugmirk/Desktop/garp-test/install/workspace_ros/lib/workspace_ros
[1.437s] Installing gps_covariance_repub script to /home/tugmirk/Desktop/garp-test/install/workspace_ros/lib/workspace_ros
[1.437s] Installing imu_covariance_repub script to /home/tugmirk/Desktop/garp-test/install/workspace_ros/lib/workspace_ros
[1.437s] Installing kamikaze script to /home/tugmirk/Desktop/garp-test/install/workspace_ros/lib/workspace_ros
[1.437s] Installing lidar_processor script to /home/tugmirk/Desktop/garp-test/install/workspace_ros/lib/workspace_ros
[1.437s] Installing manual_control script to /home/tugmirk/Desktop/garp-test/install/workspace_ros/lib/workspace_ros
[1.437s] Installing obstacle_avoidance script to /home/tugmirk/Desktop/garp-test/install/workspace_ros/lib/workspace_ros
[1.437s] Installing obstacle_detector script to /home/tugmirk/Desktop/garp-test/install/workspace_ros/lib/workspace_ros
[1.437s] Installing static_transform_publisher script to /home/tugmirk/Desktop/garp-test/install/workspace_ros/lib/workspace_ros
[1.437s] Installing target_buoy script to /home/tugmirk/Desktop/garp-test/install/workspace_ros/lib/workspace_ros
[1.438s] Installing wasd_teleop script to /home/tugmirk/Desktop/garp-test/install/workspace_ros/lib/workspace_ros
[1.438s] 
[1.438s] Installed /home/tugmirk/Desktop/garp-test/build/workspace_ros
[1.438s] running symlink_data
[1.483s] Invoked command in '/home/tugmirk/Desktop/garp-test/build/workspace_ros' returned '0': DEBUGINFOD_URLS=https://debuginfod.ubuntu.com PYTHONPATH=/home/tugmirk/Desktop/garp-test/build/workspace_ros/prefix_override:/usr/lib/python3/dist-packages/colcon_core/task/python/colcon_distutils_commands:/home/tugmirk/Desktop/garp-test/install/workspace_ros/lib/python3.12/site-packages:${PYTHONPATH} /usr/bin/python3 -W ignore:setup.py install is deprecated -W ignore:easy_install command is deprecated setup.py develop --editable --build-directory /home/tugmirk/Desktop/garp-test/build/workspace_ros/build --no-deps symlink_data
