running develop
running egg_info
writing workspace_ros.egg-info/PKG-INFO
writing dependency_links to workspace_ros.egg-info/dependency_links.txt
writing entry points to workspace_ros.egg-info/entry_points.txt
writing requirements to workspace_ros.egg-info/requires.txt
writing top-level names to workspace_ros.egg-info/top_level.txt
reading manifest file 'workspace_ros.egg-info/SOURCES.txt'
writing manifest file 'workspace_ros.egg-info/SOURCES.txt'
running build_ext
Creating /home/tugmirk/Desktop/garp-test/install/workspace_ros/lib/python3.12/site-packages/workspace-ros.egg-link (link to .)
Installing converter script to /home/tugmirk/Desktop/garp-test/install/workspace_ros/lib/workspace_ros
Installing gps_covariance_repub script to /home/tugmirk/Desktop/garp-test/install/workspace_ros/lib/workspace_ros
Installing imu_covariance_repub script to /home/tugmirk/Desktop/garp-test/install/workspace_ros/lib/workspace_ros
Installing kamikaze script to /home/tugmirk/Desktop/garp-test/install/workspace_ros/lib/workspace_ros
Installing lidar_processor script to /home/tugmirk/Desktop/garp-test/install/workspace_ros/lib/workspace_ros
Installing manual_control script to /home/tugmirk/Desktop/garp-test/install/workspace_ros/lib/workspace_ros
Installing static_transform_publisher script to /home/tugmirk/Desktop/garp-test/install/workspace_ros/lib/workspace_ros
Installing target_buoy script to /home/tugmirk/Desktop/garp-test/install/workspace_ros/lib/workspace_ros

Installed /home/tugmirk/Desktop/garp-test/build/workspace_ros
running symlink_data
symbolically linking /home/tugmirk/Desktop/garp-test/build/workspace_ros/resource/workspace_ros -> /home/tugmirk/Desktop/garp-test/install/workspace_ros/share/ament_index/resource_index/packages
symbolically linking /home/tugmirk/Desktop/garp-test/build/workspace_ros/package.xml -> /home/tugmirk/Desktop/garp-test/install/workspace_ros/share/workspace_ros
symbolically linking /home/tugmirk/Desktop/garp-test/build/workspace_ros/config/kiss_icp.yaml -> /home/tugmirk/Desktop/garp-test/install/workspace_ros/share/workspace_ros/config
symbolically linking /home/tugmirk/Desktop/garp-test/build/workspace_ros/config/ekf.yaml -> /home/tugmirk/Desktop/garp-test/install/workspace_ros/share/workspace_ros/config
symbolically linking /home/tugmirk/Desktop/garp-test/build/workspace_ros/config/lidar_rviz.rviz -> /home/tugmirk/Desktop/garp-test/install/workspace_ros/share/workspace_ros/config
symbolically linking /home/tugmirk/Desktop/garp-test/build/workspace_ros/config/lidar_filter.yaml -> /home/tugmirk/Desktop/garp-test/install/workspace_ros/share/workspace_ros/config
symbolically linking /home/tugmirk/Desktop/garp-test/build/workspace_ros/config/navsat.yaml -> /home/tugmirk/Desktop/garp-test/install/workspace_ros/share/workspace_ros/config
symbolically linking /home/tugmirk/Desktop/garp-test/build/workspace_ros/config/static_transform.yaml -> /home/tugmirk/Desktop/garp-test/install/workspace_ros/share/workspace_ros/config
symbolically linking /home/tugmirk/Desktop/garp-test/build/workspace_ros/launch/localization.launch.py -> /home/tugmirk/Desktop/garp-test/install/workspace_ros/share/workspace_ros/launch
symbolically linking /home/tugmirk/Desktop/garp-test/build/workspace_ros/launch/mola_slam.launch.py -> /home/tugmirk/Desktop/garp-test/install/workspace_ros/share/workspace_ros/launch
