[0.439s] Invoking command in '/home/tugmirk/Desktop/garp-test/build/workspace_ros': DEBUGINFOD_URLS=https://debuginfod.ubuntu.com PYTHONPATH=/home/tugmirk/Desktop/garp-test/build/workspace_ros/prefix_override:/usr/lib/python3/dist-packages/colcon_core/task/python/colcon_distutils_commands:/home/tugmirk/Desktop/garp-test/install/workspace_ros/lib/python3.12/site-packages:${PYTHONPATH} /usr/bin/python3 -W ignore:setup.py install is deprecated -W ignore:easy_install command is deprecated setup.py develop --editable --build-directory /home/tugmirk/Desktop/garp-test/build/workspace_ros/build --no-deps symlink_data --force
[0.638s] running develop
[0.751s] running egg_info
[0.760s] writing workspace_ros.egg-info/PKG-INFO
[0.760s] writing dependency_links to workspace_ros.egg-info/dependency_links.txt
[0.761s] writing entry points to workspace_ros.egg-info/entry_points.txt
[0.761s] writing requirements to workspace_ros.egg-info/requires.txt
[0.761s] writing top-level names to workspace_ros.egg-info/top_level.txt
[0.781s] reading manifest file 'workspace_ros.egg-info/SOURCES.txt'
[0.782s] writing manifest file 'workspace_ros.egg-info/SOURCES.txt'
[0.793s] running build_ext
[0.793s] Creating /home/tugmirk/Desktop/garp-test/install/workspace_ros/lib/python3.12/site-packages/workspace-ros.egg-link (link to .)
[0.794s] Installing converter script to /home/tugmirk/Desktop/garp-test/install/workspace_ros/lib/workspace_ros
[0.794s] Installing gps_covariance_repub script to /home/tugmirk/Desktop/garp-test/install/workspace_ros/lib/workspace_ros
[0.794s] Installing imu_covariance_repub script to /home/tugmirk/Desktop/garp-test/install/workspace_ros/lib/workspace_ros
[0.794s] Installing kamikaze script to /home/tugmirk/Desktop/garp-test/install/workspace_ros/lib/workspace_ros
[0.794s] Installing lidar_processor script to /home/tugmirk/Desktop/garp-test/install/workspace_ros/lib/workspace_ros
[0.794s] Installing manual_control script to /home/tugmirk/Desktop/garp-test/install/workspace_ros/lib/workspace_ros
[0.794s] Installing static_transform_publisher script to /home/tugmirk/Desktop/garp-test/install/workspace_ros/lib/workspace_ros
[0.794s] Installing target_buoy script to /home/tugmirk/Desktop/garp-test/install/workspace_ros/lib/workspace_ros
[0.794s] 
[0.794s] Installed /home/tugmirk/Desktop/garp-test/build/workspace_ros
[0.794s] running symlink_data
[0.794s] symbolically linking /home/tugmirk/Desktop/garp-test/build/workspace_ros/resource/workspace_ros -> /home/tugmirk/Desktop/garp-test/install/workspace_ros/share/ament_index/resource_index/packages
[0.794s] symbolically linking /home/tugmirk/Desktop/garp-test/build/workspace_ros/package.xml -> /home/tugmirk/Desktop/garp-test/install/workspace_ros/share/workspace_ros
[0.794s] symbolically linking /home/tugmirk/Desktop/garp-test/build/workspace_ros/config/kiss_icp.yaml -> /home/tugmirk/Desktop/garp-test/install/workspace_ros/share/workspace_ros/config
[0.794s] symbolically linking /home/tugmirk/Desktop/garp-test/build/workspace_ros/config/ekf.yaml -> /home/tugmirk/Desktop/garp-test/install/workspace_ros/share/workspace_ros/config
[0.794s] symbolically linking /home/tugmirk/Desktop/garp-test/build/workspace_ros/config/lidar_rviz.rviz -> /home/tugmirk/Desktop/garp-test/install/workspace_ros/share/workspace_ros/config
[0.794s] symbolically linking /home/tugmirk/Desktop/garp-test/build/workspace_ros/config/lidar_filter.yaml -> /home/tugmirk/Desktop/garp-test/install/workspace_ros/share/workspace_ros/config
[0.795s] symbolically linking /home/tugmirk/Desktop/garp-test/build/workspace_ros/config/navsat.yaml -> /home/tugmirk/Desktop/garp-test/install/workspace_ros/share/workspace_ros/config
[0.795s] symbolically linking /home/tugmirk/Desktop/garp-test/build/workspace_ros/config/static_transform.yaml -> /home/tugmirk/Desktop/garp-test/install/workspace_ros/share/workspace_ros/config
[0.795s] symbolically linking /home/tugmirk/Desktop/garp-test/build/workspace_ros/launch/localization.launch.py -> /home/tugmirk/Desktop/garp-test/install/workspace_ros/share/workspace_ros/launch
[0.795s] symbolically linking /home/tugmirk/Desktop/garp-test/build/workspace_ros/launch/mola_slam.launch.py -> /home/tugmirk/Desktop/garp-test/install/workspace_ros/share/workspace_ros/launch
[0.795s] error: can't copy '/home/tugmirk/Desktop/garp-test/build/workspace_ros/launch/water_filter.launch.py': doesn't exist or not a regular file
[0.814s] Invoked command in '/home/tugmirk/Desktop/garp-test/build/workspace_ros' returned '1': DEBUGINFOD_URLS=https://debuginfod.ubuntu.com PYTHONPATH=/home/tugmirk/Desktop/garp-test/build/workspace_ros/prefix_override:/usr/lib/python3/dist-packages/colcon_core/task/python/colcon_distutils_commands:/home/tugmirk/Desktop/garp-test/install/workspace_ros/lib/python3.12/site-packages:${PYTHONPATH} /usr/bin/python3 -W ignore:setup.py install is deprecated -W ignore:easy_install command is deprecated setup.py develop --editable --build-directory /home/tugmirk/Desktop/garp-test/build/workspace_ros/build --no-deps symlink_data --force
