[0.018s] Invoking command in '/home/ngen/yildiz_ws/src/YILDIZ-USV/build/workspace_gz': CMAKE_PREFIX_PATH=${CMAKE_PREFIX_PATH}:/opt/ros/jazzy DEBUGINFOD_URLS=https://debuginfod.ubuntu.com /usr/bin/cmake /home/ngen/yildiz_ws/src/YILDIZ-USV/workspace_gz -DAMENT_CMAKE_SYMLINK_INSTALL=1 -DCMAKE_INSTALL_PREFIX=/home/ngen/yildiz_ws/src/YILDIZ-USV/install/workspace_gz
[0.206s] -- Found ament_cmake: 2.5.4 (/opt/ros/jazzy/share/ament_cmake/cmake)
[0.265s] -- Override CMake install command with custom implementation using symlinks instead of copying resources
[0.282s] -- Looking for gz-sim8 -- found version 8.10.0
[0.291s] -- Searching for dependencies of gz-sim8
[0.292s] -- Looking for sdformat14 -- found version 14.8.0
[0.292s] -- Searching for dependencies of sdformat14
[0.300s] -- Checking for module 'tinyxml2'
[0.318s] --   Found tinyxml2, version 10.0.0
[0.352s] -- Looking for gz-math7 -- found version 7.5.2
[0.352s] -- Searching for dependencies of gz-math7
[0.353s] -- Looking for gz-utils2 -- found version 2.2.1
[0.353s] -- Searching for dependencies of gz-utils2
[0.355s] -- Looking for gz-utils2 -- found version 2.2.1
[0.355s] -- Searching for dependencies of gz-utils2
[0.355s] -- Searching for <gz-utils2> component [cli]
[0.356s] -- Looking for gz-utils2-cli -- found version 2.2.1
[0.356s] -- Searching for dependencies of gz-utils2-cli
[0.358s] -- Looking for gz-plugin2 -- found version 2.0.4
[0.358s] -- Searching for dependencies of gz-plugin2
[0.358s] -- Looking for gz-utils2 -- found version 2.2.1
[0.359s] -- Searching for <gz-plugin2> component [loader]
[0.360s] -- Looking for gz-plugin2-loader -- found version 2.0.4
[0.360s] -- Searching for dependencies of gz-plugin2-loader
[0.361s] -- Searching for <gz-plugin2> component [register]
[0.361s] -- Looking for gz-plugin2-register -- found version 2.0.4
[0.362s] -- Searching for dependencies of gz-plugin2-register
[0.364s] -- Looking for gz-transport13 -- found version 13.5.0
[0.364s] -- Searching for dependencies of gz-transport13
[0.410s] -- Config-file not installed for ZeroMQ -- checking for pkg-config
[0.414s] -- Checking for module 'libzmq >= 4'
[0.430s] --   Found libzmq, version 4.3.5
[0.482s] -- Checking for module 'uuid'
[0.500s] --   Found uuid, version 2.39.3
[0.537s] -- Looking for gz-utils2 -- found version 2.2.1
[0.538s] -- Looking for gz-msgs10 -- found version 10.3.2
[0.538s] -- Searching for dependencies of gz-msgs10
[0.568s] -- Looking for gz-utils2 -- found version 2.2.1
[0.568s] -- Looking for gz-math7 -- found version 7.5.2
[0.579s] -- Searching for <gz-transport13> component [log]
[0.580s] -- Looking for gz-transport13-log -- found version 13.5.0
[0.580s] -- Searching for dependencies of gz-transport13-log
[0.581s] -- Searching for <gz-transport13> component [parameters]
[0.582s] -- Looking for gz-transport13-parameters -- found version 13.5.0
[0.582s] -- Searching for dependencies of gz-transport13-parameters
[0.583s] -- Looking for gz-msgs10 -- found version 10.3.2
[0.584s] -- Looking for gz-common5 -- found version 5.7.1
[0.585s] -- Searching for dependencies of gz-common5
[0.585s] -- Looking for gz-utils2 -- found version 2.2.1
[0.585s] -- Looking for dlfcn.h - found
[0.585s] -- Looking for libdl - found
[0.595s] -- Searching for <gz-common5> component [av]
[0.595s] -- Looking for gz-common5-av -- found version 5.7.1
[0.596s] -- Searching for dependencies of gz-common5-av
[0.602s] -- Checking for module 'libswscale'
[0.620s] --   Found libswscale, version 7.5.100
[0.664s] -- Checking for module 'libavdevice >= 56.4.100'
[0.679s] --   Found libavdevice, version 60.3.100
[0.735s] -- Checking for module 'libavformat'
[0.753s] --   Found libavformat, version 60.16.100
[0.802s] -- Checking for module 'libavcodec'
[0.817s] --   Found libavcodec, version 60.31.102
[0.861s] -- Checking for module 'libavutil'
[0.876s] --   Found libavutil, version 58.29.100
[0.913s] -- Searching for <gz-common5> component [events]
[0.914s] -- Looking for gz-common5-events -- found version 5.7.1
[0.914s] -- Searching for dependencies of gz-common5-events
[0.914s] -- Looking for gz-math7 -- found version 7.5.2
[0.915s] -- Searching for <gz-common5> component [graphics]
[0.916s] -- Looking for gz-common5-graphics -- found version 5.7.1
[0.916s] -- Searching for dependencies of gz-common5-graphics
[0.916s] -- Looking for gz-math7 -- found version 7.5.2
[0.919s] -- Searching for <gz-common5> component [io]
[0.920s] -- Looking for gz-common5-io -- found version 5.7.1
[0.920s] -- Searching for dependencies of gz-common5-io
[0.920s] -- Searching for <gz-common5> component [profiler]
[0.921s] -- Looking for gz-common5-profiler -- found version 5.7.1
[0.921s] -- Searching for dependencies of gz-common5-profiler
[0.923s] -- Looking for gz-fuel_tools9 -- found version 9.1.1
[0.923s] -- Searching for dependencies of gz-fuel_tools9
[0.976s] -- Checking for module 'jsoncpp'
[0.993s] --   Found jsoncpp, version 1.9.5
[1.048s] -- Checking for module 'yaml-0.1'
[1.064s] --   Found yaml-0.1, version 0.2.5
[1.109s] -- Checking for module 'libzip'
[1.127s] --   Found libzip, version 1.7.3
[1.162s] -- Looking for gz-utils2 -- found version 2.2.1
[1.163s] -- Looking for gz-common5 -- found version 5.7.1
[1.163s] -- Searching for dependencies of gz-common5
[1.163s] -- Looking for gz-utils2 -- found version 2.2.1
[1.164s] -- Looking for dlfcn.h - found
[1.164s] -- Looking for libdl - found
[1.173s] -- Searching for <gz-common5> component [testing]
[1.174s] -- Looking for gz-common5-testing -- found version 5.7.1
[1.174s] -- Searching for dependencies of gz-common5-testing
[1.176s] -- Looking for gz-math7 -- found version 7.5.2
[1.176s] -- Looking for gz-msgs10 -- found version 10.3.2
[1.178s] -- Looking for gz-gui8 -- found version 8.4.0
[1.178s] -- Searching for dependencies of gz-gui8
[1.205s] -- Looking for gz-utils2 -- found version 2.2.1
[1.205s] -- Looking for gz-math7 -- found version 7.5.2
[1.205s] -- Looking for gz-common5 -- found version 5.7.1
[1.206s] -- Looking for gz-plugin2 -- found version 2.0.4
[1.207s] -- Looking for gz-transport13 -- found version 13.5.0
[1.208s] -- Looking for gz-rendering8 -- found version 8.2.2
[1.208s] -- Searching for dependencies of gz-rendering8
[1.208s] -- Looking for gz-math7 -- found version 7.5.2
[1.208s] -- Searching for dependencies of gz-math7
[1.209s] -- Looking for gz-utils2 -- found version 2.2.1
[1.209s] -- Searching for <gz-math7> component [eigen3]
[1.209s] -- Looking for gz-math7-eigen3 -- found version 7.5.2
[1.209s] -- Searching for dependencies of gz-math7-eigen3
[1.212s] -- Looking for gz-common5 -- found version 5.7.1
[1.212s] -- Searching for dependencies of gz-common5
[1.212s] -- Looking for gz-utils2 -- found version 2.2.1
[1.212s] -- Looking for dlfcn.h - found
[1.212s] -- Looking for libdl - found
[1.221s] -- Searching for <gz-common5> component [graphics]
[1.221s] -- Searching for <gz-common5> component [events]
[1.221s] -- Searching for <gz-common5> component [geospatial]
[1.221s] -- Looking for gz-common5-geospatial -- found version 5.7.1
[1.222s] -- Searching for dependencies of gz-common5-geospatial
[1.222s] -- Looking for gz-math7 -- found version 7.5.2
[1.222s] -- Looking for gz-common5 -- found version 5.7.1
[1.223s] -- Looking for gz-plugin2 -- found version 2.0.4
[1.224s] -- Searching for dependencies of gz-plugin2
[1.224s] -- Looking for gz-utils2 -- found version 2.2.1
[1.224s] -- Searching for <gz-plugin2> component [all]
[1.225s] -- Looking for all libraries of gz-plugin2 -- found version 2.0.4
[1.225s] -- Looking for gz-plugin2 -- found version 2.0.4
[1.226s] -- Looking for gz-utils2 -- found version 2.2.1
[1.232s] -- Looking for gz-msgs10 -- found version 10.3.2
[1.260s] -- Looking for gz-physics7 -- found version 7.6.0
[1.260s] -- Searching for dependencies of gz-physics7
[1.260s] -- Looking for gz-common5 -- found version 5.7.1
[1.261s] -- Looking for gz-math7 -- found version 7.5.2
[1.261s] -- Looking for gz-plugin2 -- found version 2.0.4
[1.261s] -- Looking for gz-utils2 -- found version 2.2.1
[1.263s] -- Searching for <gz-physics7> component [heightmap]
[1.263s] -- Looking for gz-physics7-heightmap -- found version 7.6.0
[1.263s] -- Searching for dependencies of gz-physics7-heightmap
[1.264s] -- Looking for gz-common5 -- found version 5.7.1
[1.264s] -- Searching for <gz-physics7> component [mesh]
[1.265s] -- Looking for gz-physics7-mesh -- found version 7.6.0
[1.265s] -- Searching for dependencies of gz-physics7-mesh
[1.266s] -- Looking for gz-common5 -- found version 5.7.1
[1.266s] -- Searching for <gz-physics7> component [sdf]
[1.267s] -- Looking for gz-physics7-sdf -- found version 7.6.0
[1.267s] -- Searching for dependencies of gz-physics7-sdf
[1.267s] -- Looking for sdformat14 -- found version 14.8.0
[1.269s] -- Looking for gz-sensors8 -- found version 8.2.2
[1.269s] -- Searching for dependencies of gz-sensors8
[1.291s] -- Looking for gz-math7 -- found version 7.5.2
[1.291s] -- Looking for gz-common5 -- found version 5.7.1
[1.292s] -- Looking for gz-transport13 -- found version 13.5.0
[1.292s] -- Looking for gz-rendering8 -- found version 8.2.2
[1.293s] -- Looking for gz-msgs10 -- found version 10.3.2
[1.293s] -- Looking for sdformat14 -- found version 14.8.0
[1.294s] -- Searching for <gz-sensors8> component [air_pressure]
[1.295s] -- Looking for gz-sensors8-air_pressure -- found version 8.2.2
[1.295s] -- Searching for dependencies of gz-sensors8-air_pressure
[1.296s] -- Searching for <gz-sensors8> component [air_speed]
[1.297s] -- Looking for gz-sensors8-air_speed -- found version 8.2.2
[1.298s] -- Searching for dependencies of gz-sensors8-air_speed
[1.298s] -- Searching for <gz-sensors8> component [altimeter]
[1.299s] -- Looking for gz-sensors8-altimeter -- found version 8.2.2
[1.300s] -- Searching for dependencies of gz-sensors8-altimeter
[1.301s] -- Searching for <gz-sensors8> component [imu]
[1.301s] -- Looking for gz-sensors8-imu -- found version 8.2.2
[1.301s] -- Searching for dependencies of gz-sensors8-imu
[1.302s] -- Searching for <gz-sensors8> component [force_torque]
[1.303s] -- Looking for gz-sensors8-force_torque -- found version 8.2.2
[1.303s] -- Searching for dependencies of gz-sensors8-force_torque
[1.304s] -- Searching for <gz-sensors8> component [logical_camera]
[1.304s] -- Looking for gz-sensors8-logical_camera -- found version 8.2.2
[1.304s] -- Searching for dependencies of gz-sensors8-logical_camera
[1.305s] -- Searching for <gz-sensors8> component [magnetometer]
[1.306s] -- Looking for gz-sensors8-magnetometer -- found version 8.2.2
[1.306s] -- Searching for dependencies of gz-sensors8-magnetometer
[1.306s] -- Searching for <gz-sensors8> component [navsat]
[1.307s] -- Looking for gz-sensors8-navsat -- found version 8.2.2
[1.307s] -- Searching for dependencies of gz-sensors8-navsat
[1.308s] -- Searching for <gz-sensors8> component [dvl]
[1.309s] -- Looking for gz-sensors8-dvl -- found version 8.2.2
[1.309s] -- Searching for dependencies of gz-sensors8-dvl
[1.309s] -- Looking for gz-sensors8 -- found version 8.2.2
[1.309s] -- Searching for dependencies of gz-sensors8
[1.332s] -- Looking for gz-math7 -- found version 7.5.2
[1.332s] -- Looking for gz-common5 -- found version 5.7.1
[1.333s] -- Looking for gz-transport13 -- found version 13.5.0
[1.333s] -- Looking for gz-rendering8 -- found version 8.2.2
[1.334s] -- Looking for gz-msgs10 -- found version 10.3.2
[1.334s] -- Looking for sdformat14 -- found version 14.8.0
[1.334s] -- Searching for <gz-sensors8> component [rendering]
[1.336s] -- Looking for gz-sensors8-rendering -- found version 8.2.2
[1.336s] -- Searching for dependencies of gz-sensors8-rendering
[1.338s] -- Searching for <gz-sensors8> component [rendering]
[1.338s] -- Searching for <gz-sensors8> component [lidar]
[1.338s] -- Looking for gz-sensors8-lidar -- found version 8.2.2
[1.338s] -- Searching for dependencies of gz-sensors8-lidar
[1.339s] -- Looking for gz-sensors8 -- found version 8.2.2
[1.340s] -- Searching for <gz-sensors8> component [gpu_lidar]
[1.341s] -- Looking for gz-sensors8-gpu_lidar -- found version 8.2.2
[1.341s] -- Searching for dependencies of gz-sensors8-gpu_lidar
[1.341s] -- Looking for gz-sensors8 -- found version 8.2.2
[1.342s] -- Searching for <gz-sensors8> component [camera]
[1.343s] -- Looking for gz-sensors8-camera -- found version 8.2.2
[1.343s] -- Searching for dependencies of gz-sensors8-camera
[1.344s] -- Looking for gz-sensors8 -- found version 8.2.2
[1.345s] -- Searching for <gz-sensors8> component [boundingbox_camera]
[1.346s] -- Looking for gz-sensors8-boundingbox_camera -- found version 8.2.2
[1.346s] -- Searching for dependencies of gz-sensors8-boundingbox_camera
[1.347s] -- Searching for <gz-sensors8> component [segmentation_camera]
[1.348s] -- Looking for gz-sensors8-segmentation_camera -- found version 8.2.2
[1.348s] -- Searching for dependencies of gz-sensors8-segmentation_camera
[1.349s] -- Searching for <gz-sensors8> component [depth_camera]
[1.350s] -- Looking for gz-sensors8-depth_camera -- found version 8.2.2
[1.350s] -- Searching for dependencies of gz-sensors8-depth_camera
[1.350s] -- Looking for gz-sensors8 -- found version 8.2.2
[1.352s] -- Searching for <gz-sensors8> component [rgbd_camera]
[1.353s] -- Looking for gz-sensors8-rgbd_camera -- found version 8.2.2
[1.353s] -- Searching for dependencies of gz-sensors8-rgbd_camera
[1.353s] -- Looking for gz-sensors8 -- found version 8.2.2
[1.354s] -- Searching for <gz-sensors8> component [thermal_camera]
[1.354s] -- Looking for gz-sensors8-thermal_camera -- found version 8.2.2
[1.354s] -- Searching for dependencies of gz-sensors8-thermal_camera
[1.355s] -- Looking for gz-sensors8 -- found version 8.2.2
[1.355s] -- Searching for <gz-sensors8> component [wide_angle_camera]
[1.356s] -- Looking for gz-sensors8-wide_angle_camera -- found version 8.2.2
[1.356s] -- Searching for dependencies of gz-sensors8-wide_angle_camera
[1.357s] -- Looking for gz-rendering8 -- found version 8.2.2
[1.358s] -- Looking for gz-math7 -- found version 7.5.2
[1.358s] -- Looking for gz-utils2 -- found version 2.2.1
[1.380s] -- Looking for gz-common5 -- found version 5.7.1
[1.380s] -- Looking for gz-math7 -- found version 7.5.2
[1.380s] -- Looking for gz-transport13 -- found version 13.5.0
[1.381s] -- Looking for gz-plugin2 -- found version 2.0.4
[1.381s] -- Looking for gz-rendering8 -- found version 8.2.2
[1.381s] -- Looking for gz-sensors8 -- found version 8.2.2
[1.382s] -- Looking for gz-utils2 -- found version 2.2.1
[1.382s] -- Looking for sdformat14 -- found version 14.8.0
[1.383s] -- Found std_msgs: 5.3.6 (/opt/ros/jazzy/share/std_msgs/cmake)
[1.407s] -- Found rosidl_generator_c: 4.6.6 (/opt/ros/jazzy/share/rosidl_generator_c/cmake)
[1.417s] -- Found rosidl_generator_cpp: 4.6.6 (/opt/ros/jazzy/share/rosidl_generator_cpp/cmake)
[1.430s] -- Using all available rosidl_typesupport_c: rosidl_typesupport_fastrtps_c;rosidl_typesupport_introspection_c
[1.446s] -- Using all available rosidl_typesupport_cpp: rosidl_typesupport_fastrtps_cpp;rosidl_typesupport_introspection_cpp
[1.473s] -- Looking for gz-msgs10 -- found version 10.3.2
[1.473s] -- Looking for gz-fuel_tools9 -- found version 9.1.1
[1.560s] -- Configuring done (1.5s)
[1.695s] -- Generating done (0.1s)
[1.717s] -- Build files have been written to: /home/ngen/yildiz_ws/src/YILDIZ-USV/build/workspace_gz
