-- The CXX compiler identification is GNU 11.4.0
-- Detecting CXX compiler ABI info
-- Detecting CXX compiler ABI info - done
-- Check for working CXX compiler: /usr/bin/c++ - skipped
-- Detecting CXX compile features
-- Detecting CXX compile features - done
-- Found ament_cmake: 1.3.12 (/opt/ros/humble/share/ament_cmake/cmake)
-- Found Python3: /usr/bin/python3 (found version "3.10.12") found components: Interpreter 
-- Override CMake install command with custom implementation using symlinks instead of copying resources
-- Found geometry_msgs: 4.9.0 (/opt/ros/humble/share/geometry_msgs/cmake)
-- Found rosidl_generator_c: 3.1.8 (/opt/ros/humble/share/rosidl_generator_c/cmake)
-- Found rosidl_adapter: 3.1.8 (/opt/ros/humble/share/rosidl_adapter/cmake)
-- Found rosidl_generator_cpp: 3.1.8 (/opt/ros/humble/share/rosidl_generator_cpp/cmake)
-- Using all available rosidl_typesupport_c: rosidl_typesupport_fastrtps_c;rosidl_typesupport_introspection_c
-- Using all available rosidl_typesupport_cpp: rosidl_typesupport_fastrtps_cpp;rosidl_typesupport_introspection_cpp
-- Found nav_msgs: 4.9.0 (/opt/ros/humble/share/nav_msgs/cmake)
-- Found rclcpp: 16.0.17 (/opt/ros/humble/share/rclcpp/cmake)
-- Found rmw_implementation_cmake: 6.1.2 (/opt/ros/humble/share/rmw_implementation_cmake/cmake)
-- Found rmw_fastrtps_cpp: 6.2.9 (/opt/ros/humble/share/rmw_fastrtps_cpp/cmake)
-- Found OpenSSL: /usr/lib/x86_64-linux-gnu/libcrypto.so (found version "3.0.2")  
-- Found FastRTPS: /opt/ros/humble/include  
-- Using RMW implementation 'rmw_fastrtps_cpp' as default
-- Found Threads: TRUE  
-- Found rclcpp_components: 16.0.17 (/opt/ros/humble/share/rclcpp_components/cmake)
-- Found sensor_msgs: 4.9.0 (/opt/ros/humble/share/sensor_msgs/cmake)
-- Found tf2_ros: 0.25.18 (/opt/ros/humble/share/tf2_ros/cmake)
-- Configuring done
-- Generating done
-- Build files have been written to: /home/aliomacc/sti_usv/build/kiss_icp
[  7%] [32mBuilding CXX object kiss_icp/core/CMakeFiles/kiss_icp_core.dir/Registration.cpp.o[0m
[ 14%] [32mBuilding CXX object kiss_icp/core/CMakeFiles/kiss_icp_core.dir/VoxelUtils.cpp.o[0m
[ 21%] [32mBuilding CXX object kiss_icp/core/CMakeFiles/kiss_icp_core.dir/Threshold.cpp.o[0m
[ 28%] [32mBuilding CXX object kiss_icp/core/CMakeFiles/kiss_icp_core.dir/VoxelHashMap.cpp.o[0m
[ 35%] [32mBuilding CXX object CMakeFiles/kiss_icp_node.dir/rclcpp_components/node_main_kiss_icp_node.cpp.o[0m
[ 42%] [32mBuilding CXX object kiss_icp/metrics/CMakeFiles/kiss_icp_metrics.dir/Metrics.cpp.o[0m
[ 50%] [32mBuilding CXX object kiss_icp/core/CMakeFiles/kiss_icp_core.dir/Preprocessing.cpp.o[0m
[ 57%] [32m[1mLinking CXX executable kiss_icp_node[0m
[ 57%] Built target kiss_icp_node
[ 64%] [32m[1mLinking CXX static library libkiss_icp_core.a[0m
[ 64%] Built target kiss_icp_core
[ 71%] [32m[1mLinking CXX static library libkiss_icp_metrics.a[0m
[ 71%] Built target kiss_icp_metrics
[ 78%] [32mBuilding CXX object kiss_icp/pipeline/CMakeFiles/kiss_icp_pipeline.dir/KissICP.cpp.o[0m
[ 85%] [32m[1mLinking CXX static library libkiss_icp_pipeline.a[0m
[ 85%] Built target kiss_icp_pipeline
[ 92%] [32mBuilding CXX object CMakeFiles/odometry_component.dir/src/OdometryServer.cpp.o[0m
[100%] [32m[1mLinking CXX shared library libodometry_component.so[0m
[100%] Built target odometry_component
-- Install configuration: "Release"
-- Execute custom install script
-- Symlinking: /home/aliomacc/sti_usv/install/kiss_icp/lib/kiss_icp/kiss_icp_node
-- Symlinking: /home/aliomacc/sti_usv/install/kiss_icp/lib/libodometry_component.so
-- Symlinking: /home/aliomacc/sti_usv/install/kiss_icp/share/kiss_icp//launch/odometry.launch.py
-- Symlinking: /home/aliomacc/sti_usv/install/kiss_icp/share/kiss_icp//rviz/kiss_icp.rviz
-- Symlinking: /home/aliomacc/sti_usv/install/kiss_icp/share/ament_index/resource_index/package_run_dependencies/kiss_icp
-- Symlinking: /home/aliomacc/sti_usv/install/kiss_icp/share/ament_index/resource_index/parent_prefix_path/kiss_icp
-- Symlinking: /home/aliomacc/sti_usv/install/kiss_icp/share/kiss_icp/environment/ament_prefix_path.sh
-- Symlinking: /home/aliomacc/sti_usv/install/kiss_icp/share/kiss_icp/environment/ament_prefix_path.dsv
-- Symlinking: /home/aliomacc/sti_usv/install/kiss_icp/share/kiss_icp/environment/path.sh
-- Symlinking: /home/aliomacc/sti_usv/install/kiss_icp/share/kiss_icp/environment/path.dsv
-- Symlinking: /home/aliomacc/sti_usv/install/kiss_icp/share/kiss_icp/local_setup.bash
-- Symlinking: /home/aliomacc/sti_usv/install/kiss_icp/share/kiss_icp/local_setup.sh
-- Symlinking: /home/aliomacc/sti_usv/install/kiss_icp/share/kiss_icp/local_setup.zsh
-- Symlinking: /home/aliomacc/sti_usv/install/kiss_icp/share/kiss_icp/local_setup.dsv
-- Symlinking: /home/aliomacc/sti_usv/install/kiss_icp/share/kiss_icp/package.dsv
-- Symlinking: /home/aliomacc/sti_usv/install/kiss_icp/share/ament_index/resource_index/packages/kiss_icp
-- Symlinking: /home/aliomacc/sti_usv/install/kiss_icp/share/ament_index/resource_index/rclcpp_components/kiss_icp
-- Symlinking: /home/aliomacc/sti_usv/install/kiss_icp/share/kiss_icp/cmake/kiss_icpConfig.cmake
-- Symlinking: /home/aliomacc/sti_usv/install/kiss_icp/share/kiss_icp/cmake/kiss_icpConfig-version.cmake
-- Symlinking: /home/aliomacc/sti_usv/install/kiss_icp/share/kiss_icp/package.xml
