[0.193s] Invoking command in '/home/aliomacc/sti_usv/build/kiss_icp': CMAKE_PREFIX_PATH=${CMAKE_PREFIX_PATH}:/home/aliomacc/ros2_ws/install/actions_py:/home/aliomacc/ros2_ws/install/lifecycle_py:/opt/ros/humble /usr/bin/cmake /home/aliomacc/sti_usv/src/kiss_icp/ros -DCMAKE_BUILD_TYPE=Release -DAMENT_CMAKE_SYMLINK_INSTALL=1 -DCMAKE_INSTALL_PREFIX=/home/aliomacc/sti_usv/install/kiss_icp
[2.346s] -- The CXX compiler identification is GNU 11.4.0
[2.349s] -- Detecting CXX compiler ABI info
[2.349s] -- Detecting CXX compiler ABI info - done
[2.350s] -- Check for working CXX compiler: /usr/bin/c++ - skipped
[2.350s] -- Detecting CXX compile features
[2.351s] -- Detecting CXX compile features - done
[5.659s] -- Found ament_cmake: 1.3.12 (/opt/ros/humble/share/ament_cmake/cmake)
[6.639s] -- Found Python3: /usr/bin/python3 (found version "3.10.12") found components: Interpreter 
[7.066s] -- Override CMake install command with custom implementation using symlinks instead of copying resources
[7.342s] -- Found geometry_msgs: 4.9.0 (/opt/ros/humble/share/geometry_msgs/cmake)
[7.705s] -- Found rosidl_generator_c: 3.1.8 (/opt/ros/humble/share/rosidl_generator_c/cmake)
[7.767s] -- Found rosidl_adapter: 3.1.8 (/opt/ros/humble/share/rosidl_adapter/cmake)
[7.848s] -- Found rosidl_generator_cpp: 3.1.8 (/opt/ros/humble/share/rosidl_generator_cpp/cmake)
[7.978s] -- Using all available rosidl_typesupport_c: rosidl_typesupport_fastrtps_c;rosidl_typesupport_introspection_c
[8.161s] -- Using all available rosidl_typesupport_cpp: rosidl_typesupport_fastrtps_cpp;rosidl_typesupport_introspection_cpp
[8.573s] -- Found nav_msgs: 4.9.0 (/opt/ros/humble/share/nav_msgs/cmake)
[8.735s] -- Found rclcpp: 16.0.17 (/opt/ros/humble/share/rclcpp/cmake)
[9.091s] -- Found rmw_implementation_cmake: 6.1.2 (/opt/ros/humble/share/rmw_implementation_cmake/cmake)
[9.133s] -- Found rmw_fastrtps_cpp: 6.2.9 (/opt/ros/humble/share/rmw_fastrtps_cpp/cmake)
[9.702s] -- Found OpenSSL: /usr/lib/x86_64-linux-gnu/libcrypto.so (found version "3.0.2")  
[9.919s] -- Found FastRTPS: /opt/ros/humble/include  
[10.236s] -- Using RMW implementation 'rmw_fastrtps_cpp' as default
[10.331s] -- Found Threads: TRUE  
[10.670s] -- Found rclcpp_components: 16.0.17 (/opt/ros/humble/share/rclcpp_components/cmake)
[10.896s] -- Found sensor_msgs: 4.9.0 (/opt/ros/humble/share/sensor_msgs/cmake)
[11.038s] -- Found tf2_ros: 0.25.18 (/opt/ros/humble/share/tf2_ros/cmake)
[11.885s] -- Configuring done
[12.009s] -- Generating done
[12.048s] -- Build files have been written to: /home/aliomacc/sti_usv/build/kiss_icp
[12.084s] Invoked command in '/home/aliomacc/sti_usv/build/kiss_icp' returned '0': CMAKE_PREFIX_PATH=${CMAKE_PREFIX_PATH}:/home/aliomacc/ros2_ws/install/actions_py:/home/aliomacc/ros2_ws/install/lifecycle_py:/opt/ros/humble /usr/bin/cmake /home/aliomacc/sti_usv/src/kiss_icp/ros -DCMAKE_BUILD_TYPE=Release -DAMENT_CMAKE_SYMLINK_INSTALL=1 -DCMAKE_INSTALL_PREFIX=/home/aliomacc/sti_usv/install/kiss_icp
[12.099s] Invoking command in '/home/aliomacc/sti_usv/build/kiss_icp': CMAKE_PREFIX_PATH=${CMAKE_PREFIX_PATH}:/home/aliomacc/ros2_ws/install/actions_py:/home/aliomacc/ros2_ws/install/lifecycle_py:/opt/ros/humble /usr/bin/cmake --build /home/aliomacc/sti_usv/build/kiss_icp -- -j8 -l8
[12.336s] [  7%] [32mBuilding CXX object kiss_icp/core/CMakeFiles/kiss_icp_core.dir/Registration.cpp.o[0m
[12.337s] [ 14%] [32mBuilding CXX object kiss_icp/core/CMakeFiles/kiss_icp_core.dir/VoxelUtils.cpp.o[0m
[12.357s] [ 21%] [32mBuilding CXX object kiss_icp/core/CMakeFiles/kiss_icp_core.dir/Threshold.cpp.o[0m
[12.377s] [ 28%] [32mBuilding CXX object kiss_icp/core/CMakeFiles/kiss_icp_core.dir/VoxelHashMap.cpp.o[0m
[12.378s] [ 35%] [32mBuilding CXX object CMakeFiles/kiss_icp_node.dir/rclcpp_components/node_main_kiss_icp_node.cpp.o[0m
[12.380s] [ 42%] [32mBuilding CXX object kiss_icp/metrics/CMakeFiles/kiss_icp_metrics.dir/Metrics.cpp.o[0m
[12.399s] [ 50%] [32mBuilding CXX object kiss_icp/core/CMakeFiles/kiss_icp_core.dir/Preprocessing.cpp.o[0m
[40.444s] [ 57%] [32m[1mLinking CXX executable kiss_icp_node[0m
[41.342s] [ 57%] Built target kiss_icp_node
[58.995s] [ 64%] [32m[1mLinking CXX static library libkiss_icp_core.a[0m
[59.281s] [ 64%] Built target kiss_icp_core
[99.904s] [ 71%] [32m[1mLinking CXX static library libkiss_icp_metrics.a[0m
[100.098s] [ 71%] Built target kiss_icp_metrics
[100.218s] [ 78%] [32mBuilding CXX object kiss_icp/pipeline/CMakeFiles/kiss_icp_pipeline.dir/KissICP.cpp.o[0m
[119.346s] [ 85%] [32m[1mLinking CXX static library libkiss_icp_pipeline.a[0m
[119.593s] [ 85%] Built target kiss_icp_pipeline
[119.763s] [ 92%] [32mBuilding CXX object CMakeFiles/odometry_component.dir/src/OdometryServer.cpp.o[0m
[258.357s] [100%] [32m[1mLinking CXX shared library libodometry_component.so[0m
[260.056s] [100%] Built target odometry_component
[260.117s] Invoked command in '/home/aliomacc/sti_usv/build/kiss_icp' returned '0': CMAKE_PREFIX_PATH=${CMAKE_PREFIX_PATH}:/home/aliomacc/ros2_ws/install/actions_py:/home/aliomacc/ros2_ws/install/lifecycle_py:/opt/ros/humble /usr/bin/cmake --build /home/aliomacc/sti_usv/build/kiss_icp -- -j8 -l8
[260.192s] Invoking command in '/home/aliomacc/sti_usv/build/kiss_icp': CMAKE_PREFIX_PATH=${CMAKE_PREFIX_PATH}:/home/aliomacc/ros2_ws/install/actions_py:/home/aliomacc/ros2_ws/install/lifecycle_py:/opt/ros/humble /usr/bin/cmake --install /home/aliomacc/sti_usv/build/kiss_icp
[260.218s] -- Install configuration: "Release"
[260.224s] -- Execute custom install script
[260.226s] -- Symlinking: /home/aliomacc/sti_usv/install/kiss_icp/lib/kiss_icp/kiss_icp_node
[260.271s] -- Symlinking: /home/aliomacc/sti_usv/install/kiss_icp/lib/libodometry_component.so
[260.320s] -- Symlinking: /home/aliomacc/sti_usv/install/kiss_icp/share/kiss_icp//launch/odometry.launch.py
[260.368s] -- Symlinking: /home/aliomacc/sti_usv/install/kiss_icp/share/kiss_icp//rviz/kiss_icp.rviz
[260.426s] -- Symlinking: /home/aliomacc/sti_usv/install/kiss_icp/share/ament_index/resource_index/package_run_dependencies/kiss_icp
[260.475s] -- Symlinking: /home/aliomacc/sti_usv/install/kiss_icp/share/ament_index/resource_index/parent_prefix_path/kiss_icp
[260.522s] -- Symlinking: /home/aliomacc/sti_usv/install/kiss_icp/share/kiss_icp/environment/ament_prefix_path.sh
[260.567s] -- Symlinking: /home/aliomacc/sti_usv/install/kiss_icp/share/kiss_icp/environment/ament_prefix_path.dsv
[260.625s] -- Symlinking: /home/aliomacc/sti_usv/install/kiss_icp/share/kiss_icp/environment/path.sh
[260.669s] -- Symlinking: /home/aliomacc/sti_usv/install/kiss_icp/share/kiss_icp/environment/path.dsv
[260.713s] -- Symlinking: /home/aliomacc/sti_usv/install/kiss_icp/share/kiss_icp/local_setup.bash
[260.755s] -- Symlinking: /home/aliomacc/sti_usv/install/kiss_icp/share/kiss_icp/local_setup.sh
[260.805s] -- Symlinking: /home/aliomacc/sti_usv/install/kiss_icp/share/kiss_icp/local_setup.zsh
[260.858s] -- Symlinking: /home/aliomacc/sti_usv/install/kiss_icp/share/kiss_icp/local_setup.dsv
[260.914s] -- Symlinking: /home/aliomacc/sti_usv/install/kiss_icp/share/kiss_icp/package.dsv
[260.960s] -- Symlinking: /home/aliomacc/sti_usv/install/kiss_icp/share/ament_index/resource_index/packages/kiss_icp
[261.012s] -- Symlinking: /home/aliomacc/sti_usv/install/kiss_icp/share/ament_index/resource_index/rclcpp_components/kiss_icp
[261.063s] -- Symlinking: /home/aliomacc/sti_usv/install/kiss_icp/share/kiss_icp/cmake/kiss_icpConfig.cmake
[261.130s] -- Symlinking: /home/aliomacc/sti_usv/install/kiss_icp/share/kiss_icp/cmake/kiss_icpConfig-version.cmake
[261.179s] -- Symlinking: /home/aliomacc/sti_usv/install/kiss_icp/share/kiss_icp/package.xml
[261.237s] Invoked command in '/home/aliomacc/sti_usv/build/kiss_icp' returned '0': CMAKE_PREFIX_PATH=${CMAKE_PREFIX_PATH}:/home/aliomacc/ros2_ws/install/actions_py:/home/aliomacc/ros2_ws/install/lifecycle_py:/opt/ros/humble /usr/bin/cmake --install /home/aliomacc/sti_usv/build/kiss_icp
