[0.010s] Invoking command in '/home/aliomacc/sti_usv/build/workspace_gz': CMAKE_PREFIX_PATH=${CMAKE_PREFIX_PATH}:/home/aliomacc/ros2_ws/install/actions_py:/home/aliomacc/ros2_ws/install/lifecycle_py:/opt/ros/humble /usr/bin/cmake /home/aliomacc/sti_usv/src/usv_sim/workspace_gz -DAMENT_CMAKE_SYMLINK_INSTALL=1 -DCMAKE_INSTALL_PREFIX=/home/aliomacc/sti_usv/install/workspace_gz
[0.057s] -- The C compiler identification is GNU 11.4.0
[0.106s] -- The CXX compiler identification is GNU 11.4.0
[0.112s] -- Detecting C compiler ABI info
[0.179s] -- Detecting C compiler ABI info - done
[0.187s] -- Check for working C compiler: /usr/bin/cc - skipped
[0.187s] -- Detecting C compile features
[0.187s] -- Detecting C compile features - done
[0.190s] -- Detecting CXX compiler ABI info
[0.263s] -- Detecting CXX compiler ABI info - done
[0.270s] -- Check for working CXX compiler: /usr/bin/c++ - skipped
[0.271s] -- Detecting CXX compile features
[0.271s] -- Detecting CXX compile features - done
[0.274s] -- Found ament_cmake: 1.3.12 (/opt/ros/humble/share/ament_cmake/cmake)
[0.420s] -- Found Python3: /usr/bin/python3 (found version "3.10.12") found components: Interpreter 
[0.482s] -- Override CMake install command with custom implementation using symlinks instead of copying resources
[0.516s] -- Looking for ignition-gazebo6 -- found version 6.17.1
[0.522s] -- Searching for dependencies of ignition-gazebo6
[0.525s] -- Looking for sdformat12 -- found version 12.9.0
[0.525s] -- Searching for dependencies of sdformat12
[0.530s] -- Checking for module 'tinyxml2'
[0.542s] --   Found tinyxml2, version 9.0.0
[0.569s] -- Looking for ignition-math6 -- found version 6.15.1
[0.570s] -- Searching for dependencies of ignition-math6
[0.573s] -- Looking for ignition-utils1 -- found version 1.5.1
[0.573s] -- Searching for dependencies of ignition-utils1
[0.577s] -- Looking for ignition-plugin1 -- found version 1.4.0
[0.577s] -- Searching for dependencies of ignition-plugin1
[0.578s] -- Searching for <ignition-plugin1> component [loader]
[0.580s] -- Looking for ignition-plugin1-loader -- found version 1.4.0
[0.581s] -- Searching for dependencies of ignition-plugin1-loader
[0.581s] -- Searching for <ignition-plugin1> component [register]
[0.583s] -- Looking for ignition-plugin1-register -- found version 1.4.0
[0.584s] -- Searching for dependencies of ignition-plugin1-register
[0.587s] -- Looking for ignition-transport11 -- found version 11.4.2
[0.587s] -- Searching for dependencies of ignition-transport11
[0.744s] -- Found Protobuf: /usr/lib/x86_64-linux-gnu/libprotobuf.so (found version "3.12.4") 
[0.756s] -- Config-file not installed for ZeroMQ -- checking for pkg-config
[0.761s] -- Checking for module 'libzmq >= 4'
[0.772s] --   Found libzmq , version 4.3.4
[0.799s] -- Found ZeroMQ: TRUE (Required is at least version "4") 
[0.804s] -- Checking for module 'uuid'
[0.814s] --   Found uuid, version 2.37.2
[0.841s] -- Found UUID: TRUE  
[0.841s] -- Looking for ignition-utils1 -- found version 1.5.1
[0.842s] -- Searching for dependencies of ignition-utils1
[0.842s] -- Searching for <ignition-utils1> component [cli]
[0.845s] -- Looking for ignition-utils1-cli -- found version 1.5.1
[0.845s] -- Searching for dependencies of ignition-utils1-cli
[0.848s] -- Looking for ignition-msgs8 -- found version 8.7.0
[0.849s] -- Searching for dependencies of ignition-msgs8
[0.865s] -- Found Protobuf: /usr/lib/x86_64-linux-gnu/libprotobuf.so (found suitable version "3.12.4", minimum required is "3") 
[0.866s] -- Looking for ignition-math6 -- found version 6.15.1
[0.876s] -- Searching for <ignition-transport11> component [log]
[0.879s] -- Looking for ignition-transport11-log -- found version 11.4.2
[0.879s] -- Searching for dependencies of ignition-transport11-log
[0.880s] -- Searching for <ignition-transport11> component [parameters]
[0.882s] -- Looking for ignition-transport11-parameters -- found version 11.4.2
[0.883s] -- Searching for dependencies of ignition-transport11-parameters
[0.883s] -- Looking for ignition-msgs8 -- found version 8.7.0
[0.886s] -- Looking for ignition-common4 -- found version 4.8.0
[0.886s] -- Searching for dependencies of ignition-common4
[0.887s] -- Looking for dlfcn.h - found
[0.888s] -- Looking for libdl - found
[0.889s] -- Found DL: TRUE  
[0.896s] -- Searching for <ignition-common4> component [profiler]
[0.898s] -- Looking for ignition-common4-profiler -- found version 4.8.0
[0.899s] -- Searching for dependencies of ignition-common4-profiler
[0.899s] -- Searching for <ignition-common4> component [events]
[0.902s] -- Looking for ignition-common4-events -- found version 4.8.0
[0.902s] -- Searching for dependencies of ignition-common4-events
[0.903s] -- Looking for ignition-math6 -- found version 6.15.1
[0.903s] -- Searching for <ignition-common4> component [av]
[0.905s] -- Looking for ignition-common4-av -- found version 4.8.0
[0.906s] -- Searching for dependencies of ignition-common4-av
[0.910s] -- Checking for module 'libswscale'
[0.920s] --   Found libswscale, version 5.9.100
[0.947s] -- Found SWSCALE: TRUE  
[0.951s] -- Checking for module 'libavdevice >= 56.4.100'
[0.962s] --   Found libavdevice , version 58.13.100
[0.991s] -- Found AVDEVICE: TRUE (Required is at least version "56.4.100") 
[0.996s] -- Checking for module 'libavformat'
[1.006s] --   Found libavformat, version 58.76.100
[1.035s] -- Found AVFORMAT: TRUE  
[1.040s] -- Checking for module 'libavcodec'
[1.051s] --   Found libavcodec, version 58.134.100
[1.077s] -- Found AVCODEC: TRUE  
[1.082s] -- Checking for module 'libavutil'
[1.092s] --   Found libavutil, version 56.70.100
[1.118s] -- Found AVUTIL: TRUE  
[1.121s] -- Looking for ignition-fuel_tools7 -- found version 7.3.1
[1.122s] -- Searching for dependencies of ignition-fuel_tools7
[1.190s] -- Found CURL: /usr/lib/x86_64-linux-gnu/libcurl.so (found version "7.81.0")  
[1.198s] -- Checking for module 'jsoncpp'
[1.208s] --   Found jsoncpp, version 1.9.5
[1.236s] -- Found JSONCPP: TRUE  
[1.242s] -- Checking for module 'libzip'
[1.253s] --   Found libzip, version 1.7.3
[1.279s] -- Found ZIP: TRUE  
[1.279s] -- Looking for ignition-common4 -- found version 4.8.0
[1.279s] -- Looking for ignition-math6 -- found version 6.15.1
[1.280s] -- Looking for ignition-msgs8 -- found version 8.7.0
[1.283s] -- Looking for ignition-gui6 -- found version 6.9.0
[1.284s] -- Searching for dependencies of ignition-gui6
[1.301s] -- Found Protobuf: /usr/lib/x86_64-linux-gnu/libprotobuf.so (found version "3.12.4") 
[1.308s] -- Looking for ignition-math6 -- found version 6.15.1
[1.308s] -- Looking for ignition-common4 -- found version 4.8.0
[1.309s] -- Looking for ignition-plugin1 -- found version 1.4.0
[1.309s] -- Looking for ignition-transport11 -- found version 11.4.2
[1.312s] -- Looking for ignition-rendering6 -- found version 6.6.4
[1.312s] -- Searching for dependencies of ignition-rendering6
[1.313s] -- Looking for ignition-math6 -- found version 6.15.1
[1.313s] -- Searching for dependencies of ignition-math6
[1.313s] -- Searching for <ignition-math6> component [eigen3]
[1.315s] -- Looking for ignition-math6-eigen3 -- found version 6.15.1
[1.316s] -- Searching for dependencies of ignition-math6-eigen3
[1.323s] -- Looking for ignition-common4 -- found version 4.8.0
[1.324s] -- Searching for dependencies of ignition-common4
[1.324s] -- Looking for dlfcn.h - found
[1.324s] -- Looking for libdl - found
[1.333s] -- Searching for <ignition-common4> component [graphics]
[1.337s] -- Looking for ignition-common4-graphics -- found version 4.8.0
[1.337s] -- Searching for dependencies of ignition-common4-graphics
[1.337s] -- Looking for ignition-math6 -- found version 6.15.1
[1.338s] -- Looking for ignition-utils1 -- found version 1.5.1
[1.338s] -- Searching for <ignition-common4> component [events]
[1.339s] -- Looking for ignition-plugin1 -- found version 1.4.0
[1.340s] -- Searching for dependencies of ignition-plugin1
[1.340s] -- Searching for <ignition-plugin1> component [all]
[1.343s] -- Looking for all libraries of ignition-plugin1 -- found version 1.4.0
[1.343s] -- Looking for ignition-plugin1 -- found version 1.4.0
[1.345s] -- Looking for ignition-msgs8 -- found version 8.7.0
[1.368s] -- Looking for ignition-physics5 -- found version 5.4.0
[1.368s] -- Searching for dependencies of ignition-physics5
[1.368s] -- Looking for ignition-math6 -- found version 6.15.1
[1.369s] -- Looking for ignition-plugin1 -- found version 1.4.0
[1.369s] -- Looking for ignition-utils1 -- found version 1.5.1
[1.370s] -- Searching for <ignition-physics5> component [heightmap]
[1.373s] -- Looking for ignition-physics5-heightmap -- found version 5.4.0
[1.373s] -- Searching for dependencies of ignition-physics5-heightmap
[1.373s] -- Looking for ignition-common4 -- found version 4.8.0
[1.374s] -- Searching for <ignition-physics5> component [mesh]
[1.376s] -- Looking for ignition-physics5-mesh -- found version 5.4.0
[1.377s] -- Searching for dependencies of ignition-physics5-mesh
[1.377s] -- Looking for ignition-common4 -- found version 4.8.0
[1.378s] -- Searching for <ignition-physics5> component [sdf]
[1.380s] -- Looking for ignition-physics5-sdf -- found version 5.4.0
[1.381s] -- Searching for dependencies of ignition-physics5-sdf
[1.381s] -- Looking for sdformat12 -- found version 12.9.0
[1.384s] -- Looking for ignition-sensors6 -- found version 6.9.0
[1.384s] -- Searching for dependencies of ignition-sensors6
[1.402s] -- Looking for ignition-math6 -- found version 6.15.1
[1.402s] -- Looking for ignition-common4 -- found version 4.8.0
[1.403s] -- Looking for ignition-transport11 -- found version 11.4.2
[1.403s] -- Looking for ignition-rendering6 -- found version 6.6.4
[1.404s] -- Looking for ignition-msgs8 -- found version 8.7.0
[1.404s] -- Looking for sdformat12 -- found version 12.9.0
[1.405s] -- Searching for <ignition-sensors6> component [air_pressure]
[1.407s] -- Looking for ignition-sensors6-air_pressure -- found version 6.9.0
[1.408s] -- Searching for dependencies of ignition-sensors6-air_pressure
[1.408s] -- Searching for <ignition-sensors6> component [altimeter]
[1.411s] -- Looking for ignition-sensors6-altimeter -- found version 6.9.0
[1.411s] -- Searching for dependencies of ignition-sensors6-altimeter
[1.412s] -- Searching for <ignition-sensors6> component [imu]
[1.414s] -- Looking for ignition-sensors6-imu -- found version 6.9.0
[1.415s] -- Searching for dependencies of ignition-sensors6-imu
[1.415s] -- Searching for <ignition-sensors6> component [force_torque]
[1.418s] -- Looking for ignition-sensors6-force_torque -- found version 6.9.0
[1.418s] -- Searching for dependencies of ignition-sensors6-force_torque
[1.419s] -- Searching for <ignition-sensors6> component [logical_camera]
[1.421s] -- Looking for ignition-sensors6-logical_camera -- found version 6.9.0
[1.422s] -- Searching for dependencies of ignition-sensors6-logical_camera
[1.422s] -- Searching for <ignition-sensors6> component [magnetometer]
[1.425s] -- Looking for ignition-sensors6-magnetometer -- found version 6.9.0
[1.425s] -- Searching for dependencies of ignition-sensors6-magnetometer
[1.426s] -- Searching for <ignition-sensors6> component [navsat]
[1.428s] -- Looking for ignition-sensors6-navsat -- found version 6.9.0
[1.429s] -- Searching for dependencies of ignition-sensors6-navsat
[1.429s] -- Searching for <ignition-sensors6> component [rendering]
[1.433s] -- Looking for ignition-sensors6-rendering -- found version 6.9.0
[1.434s] -- Searching for dependencies of ignition-sensors6-rendering
[1.434s] -- Searching for <ignition-sensors6> component [lidar]
[1.437s] -- Looking for ignition-sensors6-lidar -- found version 6.9.0
[1.437s] -- Searching for dependencies of ignition-sensors6-lidar
[1.438s] -- Looking for ignition-sensors6 -- found version 6.9.0
[1.438s] -- Searching for <ignition-sensors6> component [gpu_lidar]
[1.441s] -- Looking for ignition-sensors6-gpu_lidar -- found version 6.9.0
[1.441s] -- Searching for dependencies of ignition-sensors6-gpu_lidar
[1.442s] -- Looking for ignition-sensors6 -- found version 6.9.0
[1.442s] -- Searching for <ignition-sensors6> component [camera]
[1.445s] -- Looking for ignition-sensors6-camera -- found version 6.9.0
[1.445s] -- Searching for dependencies of ignition-sensors6-camera
[1.446s] -- Looking for ignition-sensors6 -- found version 6.9.0
[1.446s] -- Searching for <ignition-sensors6> component [boundingbox_camera]
[1.449s] -- Looking for ignition-sensors6-boundingbox_camera -- found version 6.9.0
[1.449s] -- Searching for dependencies of ignition-sensors6-boundingbox_camera
[1.450s] -- Searching for <ignition-sensors6> component [segmentation_camera]
[1.452s] -- Looking for ignition-sensors6-segmentation_camera -- found version 6.9.0
[1.453s] -- Searching for dependencies of ignition-sensors6-segmentation_camera
[1.453s] -- Searching for <ignition-sensors6> component [depth_camera]
[1.456s] -- Looking for ignition-sensors6-depth_camera -- found version 6.9.0
[1.456s] -- Searching for dependencies of ignition-sensors6-depth_camera
[1.457s] -- Looking for ignition-sensors6 -- found version 6.9.0
[1.457s] -- Searching for <ignition-sensors6> component [rgbd_camera]
[1.460s] -- Looking for ignition-sensors6-rgbd_camera -- found version 6.9.0
[1.460s] -- Searching for dependencies of ignition-sensors6-rgbd_camera
[1.461s] -- Looking for ignition-sensors6 -- found version 6.9.0
[1.461s] -- Searching for <ignition-sensors6> component [thermal_camera]
[1.464s] -- Looking for ignition-sensors6-thermal_camera -- found version 6.9.0
[1.464s] -- Searching for dependencies of ignition-sensors6-thermal_camera
[1.465s] -- Looking for ignition-sensors6 -- found version 6.9.0
[1.466s] -- Looking for ignition-rendering6 -- found version 6.6.4
[1.466s] -- Looking for ignition-math6 -- found version 6.15.1
[1.469s] -- Looking for ignition-utils1 -- found version 1.5.1
[1.488s] -- Looking for ignition-common4 -- found version 4.8.0
[1.488s] -- Looking for ignition-math6 -- found version 6.15.1
[1.488s] -- Looking for ignition-transport11 -- found version 11.4.2
[1.489s] -- Looking for ignition-plugin1 -- found version 1.4.0
[1.489s] -- Looking for ignition-rendering6 -- found version 6.6.4
[1.489s] -- Looking for ignition-sensors6 -- found version 6.9.0
[1.490s] -- Looking for ignition-utils1 -- found version 1.5.1
[1.490s] -- Looking for ignition-msgs8 -- found version 8.7.0
[1.490s] -- Looking for sdformat12 -- found version 12.9.0
[1.558s] -- Configuring done
[1.593s] -- Generating done
[1.602s] -- Build files have been written to: /home/aliomacc/sti_usv/build/workspace_gz
[1.613s] Invoked command in '/home/aliomacc/sti_usv/build/workspace_gz' returned '0': CMAKE_PREFIX_PATH=${CMAKE_PREFIX_PATH}:/home/aliomacc/ros2_ws/install/actions_py:/home/aliomacc/ros2_ws/install/lifecycle_py:/opt/ros/humble /usr/bin/cmake /home/aliomacc/sti_usv/src/usv_sim/workspace_gz -DAMENT_CMAKE_SYMLINK_INSTALL=1 -DCMAKE_INSTALL_PREFIX=/home/aliomacc/sti_usv/install/workspace_gz
[1.614s] Invoking command in '/home/aliomacc/sti_usv/build/workspace_gz': CMAKE_PREFIX_PATH=${CMAKE_PREFIX_PATH}:/home/aliomacc/ros2_ws/install/actions_py:/home/aliomacc/ros2_ws/install/lifecycle_py:/opt/ros/humble /usr/bin/cmake --build /home/aliomacc/sti_usv/build/workspace_gz -- -j8 -l8
[1.659s] [  4%] [32mBuilding CXX object CMakeFiles/Waves.dir/plugins/Wavefield.cc.o[0m
[6.998s] [  9%] [32m[1mLinking CXX shared library libWaves.so[0m
[7.273s] [  9%] Built target Waves
[7.299s] [ 33%] [32mBuilding CXX object CMakeFiles/WayfindingScoringPlugin.dir/plugins/WayfindingScoringPlugin.cc.o[0m
[7.300s] [ 33%] [32mBuilding CXX object CMakeFiles/SimpleHydrodynamics.dir/plugins/SimpleHydrodynamics.cc.o[0m
[7.300s] [ 33%] [32mBuilding CXX object CMakeFiles/Surface.dir/plugins/Surface.cc.o[0m
[7.300s] [ 33%] [32mBuilding CXX object CMakeFiles/USVWind.dir/plugins/USVWind.cc.o[0m
[7.300s] [ 38%] [32mBuilding CXX object CMakeFiles/WaveVisual.dir/plugins/WaveVisual.cc.o[0m
[7.300s] [ 42%] [32mBuilding CXX object CMakeFiles/PolyhedraBuoyancyDrag.dir/plugins/PolyhedraBuoyancyDrag.cc.o[0m
[7.300s] [ 47%] [32mBuilding CXX object CMakeFiles/ScoringPlugin.dir/plugins/ScoringPlugin.cc.o[0m
[7.300s] [ 33%] [32mBuilding CXX object CMakeFiles/StationkeepingScoringPlugin.dir/plugins/StationkeepingScoringPlugin.cc.o[0m
[14.320s] In file included from [01m[K/usr/include/ignition/plugin1/gz/plugin/Register.hh:22[m[K,
[14.320s]                  from [01m[K/home/aliomacc/sti_usv/src/usv_sim/workspace_gz/plugins/SimpleHydrodynamics.cc:22[m[K:
[14.321s] [01m[K/home/aliomacc/sti_usv/src/usv_sim/workspace_gz/plugins/SimpleHydrodynamics.cc:292:1:[m[K [01;31m[Kerror: [m[Kexpected constructor, destructor, or type conversion before ‘[01m[Knamespace[m[K’
[14.321s]   292 | [01;31m[KIGNITION_ADD_PLUGIN[m[K(vrx::SimpleHydrodynamics,
[14.321s]       | [01;31m[K^~~~~~~~~~~~~~~~~~~[m[K
[15.488s] In file included from [01m[K/usr/include/ignition/plugin1/gz/plugin/Register.hh:22[m[K,
[15.488s]                  from [01m[K/home/aliomacc/sti_usv/src/usv_sim/workspace_gz/plugins/ScoringPlugin.cc:28[m[K:
[15.489s] [01m[K/home/aliomacc/sti_usv/src/usv_sim/workspace_gz/plugins/ScoringPlugin.cc:664:1:[m[K [01;31m[Kerror: [m[Kexpected constructor, destructor, or type conversion before ‘[01m[Knamespace[m[K’
[15.489s]   664 | [01;31m[KIGNITION_ADD_PLUGIN[m[K(vrx::ScoringPlugin,
[15.489s]       | [01;31m[K^~~~~~~~~~~~~~~~~~~[m[K
[16.102s] In file included from [01m[K/usr/include/ignition/plugin1/gz/plugin/Register.hh:22[m[K,
[16.102s]                  from [01m[K/home/aliomacc/sti_usv/src/usv_sim/workspace_gz/plugins/WayfindingScoringPlugin.cc:28[m[K:
[16.102s] [01m[K/home/aliomacc/sti_usv/src/usv_sim/workspace_gz/plugins/WayfindingScoringPlugin.cc:300:1:[m[K [01;31m[Kerror: [m[Kexpected constructor, destructor, or type conversion before ‘[01m[Knamespace[m[K’
[16.102s]   300 | [01;31m[KIGNITION_ADD_PLUGIN[m[K(vrx::WayfindingScoringPlugin,
[16.102s]       | [01;31m[K^~~~~~~~~~~~~~~~~~~[m[K
[16.169s] In file included from [01m[K/usr/include/ignition/plugin1/gz/plugin/Register.hh:22[m[K,
[16.169s]                  from [01m[K/home/aliomacc/sti_usv/src/usv_sim/workspace_gz/plugins/PolyhedraBuoyancyDrag.cc:31[m[K:
[16.169s] [01m[K/home/aliomacc/sti_usv/src/usv_sim/workspace_gz/plugins/PolyhedraBuoyancyDrag.cc:384:1:[m[K [01;31m[Kerror: [m[Kexpected constructor, destructor, or type conversion before ‘[01m[Knamespace[m[K’
[16.169s]   384 | [01;31m[KIGNITION_ADD_PLUGIN[m[K(vrx::PolyhedraBuoyancyDrag,
[16.169s]       | [01;31m[K^~~~~~~~~~~~~~~~~~~[m[K
[16.303s] gmake[2]: *** [CMakeFiles/SimpleHydrodynamics.dir/build.make:76: CMakeFiles/SimpleHydrodynamics.dir/plugins/SimpleHydrodynamics.cc.o] Error 1
[16.305s] gmake[1]: *** [CMakeFiles/Makefile2:257: CMakeFiles/SimpleHydrodynamics.dir/all] Error 2
[16.306s] gmake[1]: *** Bitmemiş işler için bekliyor....
[16.321s] [ 52%] [32mBuilding CXX object CMakeFiles/ScoringPlugin.dir/plugins/WaypointMarkers.cc.o[0m
[16.538s] In file included from [01m[K/usr/include/ignition/plugin1/gz/plugin/Register.hh:22[m[K,
[16.538s]                  from [01m[K/home/aliomacc/sti_usv/src/usv_sim/workspace_gz/plugins/Surface.cc:23[m[K:
[16.539s] [01m[K/home/aliomacc/sti_usv/src/usv_sim/workspace_gz/plugins/Surface.cc:316:1:[m[K [01;31m[Kerror: [m[Kexpected constructor, destructor, or type conversion before ‘[01m[Knamespace[m[K’
[16.539s]   316 | [01;31m[KIGNITION_ADD_PLUGIN[m[K(vrx::Surface,
[16.539s]       | [01;31m[K^~~~~~~~~~~~~~~~~~~[m[K
[16.629s] In file included from [01m[K/usr/include/ignition/rendering6/gz/rendering/Node.hh:22[m[K,
[16.629s]                  from [01m[K/usr/include/ignition/rendering6/gz/rendering/Storage.hh:24[m[K,
[16.629s]                  from [01m[K/usr/include/ignition/rendering6/gz/rendering/Scene.hh:34[m[K,
[16.629s]                  from [01m[K/home/aliomacc/sti_usv/src/usv_sim/workspace_gz/plugins/WaveVisual.cc:29[m[K:
[16.630s] /usr/include/c++/11/variant: In instantiation of ‘[01m[Kconstexpr std::add_pointer_t<_Tp> std::get_if(std::variant<_Types ...>*) [with _Tp = long unsigned int; _Types = {std::monostate, int, float, double, std::__cxx11::basic_string<char, std::char_traits<char>, std::allocator<char> >, bool, unsigned int}; std::add_pointer_t<_Tp> = long unsigned int*][m[K’:
[16.630s] [01m[K/home/aliomacc/sti_usv/src/usv_sim/workspace_gz/plugins/WaveVisual.cc:272:54:[m[K   required from here
[16.630s] [01m[K/usr/include/c++/11/variant:1185:42:[m[K [01;31m[Kerror: [m[Kstatic assertion failed: T must occur exactly once in alternatives
[16.631s]  1185 |       static_assert([01;31m[K__detail::__variant::__exactly_once<_Tp, _Types...>[m[K,
[16.631s]       |                     [01;31m[K~~~~~~~~~~~~~~~~~~~~~^~~~~~~~~~~~~~~~~~~~~~~~~~~~~~[m[K
[16.631s] [01m[K/usr/include/c++/11/variant:1185:42:[m[K [01;36m[Knote: [m[K‘[01m[Kstd::__detail::__variant::__exactly_once<long unsigned int, std::monostate, int, float, double, std::__cxx11::basic_string<char, std::char_traits<char>, std::allocator<char> >, bool, unsigned int>[m[K’ evaluates to false
[16.633s] /usr/include/c++/11/variant: In instantiation of ‘[01m[Kstruct std::variant_alternative<1, std::variant<unsigned int> >[m[K’:
[16.633s] [01m[K/usr/include/c++/11/variant:103:12:[m[K   recursively required from ‘[01m[Kstruct std::variant_alternative<6, std::variant<int, float, double, std::__cxx11::basic_string<char, std::char_traits<char>, std::allocator<char> >, bool, unsigned int> >[m[K’
[16.633s] [01m[K/usr/include/c++/11/variant:103:12:[m[K   required from ‘[01m[Kstruct std::variant_alternative<7, std::variant<std::monostate, int, float, double, std::__cxx11::basic_string<char, std::char_traits<char>, std::allocator<char> >, bool, unsigned int> >[m[K’
[16.633s] [01m[K/usr/include/c++/11/variant:1170:5:[m[K   required by substitution of ‘[01m[Ktemplate<long unsigned int _Np, class ... _Types> constexpr std::add_pointer_t<const typename std::variant_alternative<_Np, std::variant<_Types ...> >::type> std::get_if(const std::variant<_Types ...>*) [with long unsigned int _Np = 7; _Types = {std::monostate, int, float, double, std::__cxx11::basic_string<char, std::char_traits<char>, std::allocator<char> >, bool, unsigned int}][m[K’
[16.634s] [01m[K/usr/include/c++/11/variant:1188:76:[m[K   required from ‘[01m[Kconstexpr std::add_pointer_t<_Tp> std::get_if(std::variant<_Types ...>*) [with _Tp = long unsigned int; _Types = {std::monostate, int, float, double, std::__cxx11::basic_string<char, std::char_traits<char>, std::allocator<char> >, bool, unsigned int}; std::add_pointer_t<_Tp> = long unsigned int*][m[K’
[16.634s] [01m[K/home/aliomacc/sti_usv/src/usv_sim/workspace_gz/plugins/WaveVisual.cc:272:54:[m[K   required from here
[16.634s] [01m[K/usr/include/c++/11/variant:103:12:[m[K [01;31m[Kerror: [m[Kinvalid use of incomplete type ‘[01m[Kstruct std::variant_alternative<0, std::variant<> >[m[K’
[16.634s]   103 |     struct [01;31m[Kvariant_alternative<_Np, variant<_First, _Rest...>>[m[K
[16.634s]       |            [01;31m[K^~~~~~~~~~~~~~~~~~~~~~~~~~~~~~~~~~~~~~~~~~~~~~~~~~~[m[K
[16.634s] [01m[K/usr/include/c++/11/variant:100:12:[m[K [01;36m[Knote: [m[Kdeclaration of ‘[01m[Kstruct std::variant_alternative<0, std::variant<> >[m[K’
[16.634s]   100 |     struct [01;36m[Kvariant_alternative[m[K;
[16.634s]       |            [01;36m[K^~~~~~~~~~~~~~~~~~~[m[K
[16.636s] /usr/include/c++/11/variant: In instantiation of ‘[01m[Kconstexpr std::add_pointer_t<_Tp> std::get_if(std::variant<_Types ...>*) [with _Tp = long unsigned int; _Types = {std::monostate, int, float, double, std::__cxx11::basic_string<char, std::char_traits<char>, std::allocator<char> >, bool, unsigned int}; std::add_pointer_t<_Tp> = long unsigned int*][m[K’:
[16.636s] [01m[K/home/aliomacc/sti_usv/src/usv_sim/workspace_gz/plugins/WaveVisual.cc:272:54:[m[K   required from here
[16.636s] [01m[K/usr/include/c++/11/variant:1188:76:[m[K [01;31m[Kerror: [m[Kno matching function for call to ‘[01m[Kget_if<std::__detail::__variant::__index_of_v<long unsigned int, std::monostate, int, float, double, std::__cxx11::basic_string<char, std::char_traits<char>, std::allocator<char> >, bool, unsigned int> >(std::variant<std::monostate, int, float, double, std::__cxx11::basic_string<char, std::char_traits<char>, std::allocator<char> >, bool, unsigned int>*&)[m[K’
[16.636s]  1188 |       return [01;31m[Kstd::get_if<__detail::__variant::__index_of_v<_Tp, _Types...>>([m[K
[16.637s]       |              [01;31m[K~~~~~~~~~~~~~~~~~~~~~~~~~~~~~~~~~~~~~~~~~~~~~~~~~~~~~~~~~~~~~~^[m[K
[16.637s]  1189 | [01;31m[K          __ptr)[m[K;
[16.637s]       |           [01;31m[K~~~~~~[m[K                                                            
[16.637s] [01m[K/usr/include/c++/11/variant:1156:5:[m[K [01;36m[Knote: [m[Kcandidate: ‘[01m[Ktemplate<long unsigned int _Np, class ... _Types> constexpr std::add_pointer_t<typename std::variant_alternative<_Np, std::variant<_Types ...> >::type> std::get_if(std::variant<_Types ...>*)[m[K’
[16.637s]  1156 |     [01;36m[Kget_if[m[K(variant<_Types...>* __ptr) noexcept
[16.638s]       |     [01;36m[K^~~~~~[m[K
[16.638s] [01m[K/usr/include/c++/11/variant:1156:5:[m[K [01;36m[Knote: [m[K  template argument deduction/substitution failed:
[16.638s] /usr/include/c++/11/variant: In substitution of ‘[01m[Ktemplate<long unsigned int _Np, class ... _Types> constexpr std::add_pointer_t<typename std::variant_alternative<_Np, std::variant<_Types ...> >::type> std::get_if(std::variant<_Types ...>*) [with long unsigned int _Np = 7; _Types = {std::monostate, int, float, double, std::__cxx11::basic_string<char, std::char_traits<char>, std::allocator<char> >, bool, unsigned int}][m[K’:
[16.638s] [01m[K/usr/include/c++/11/variant:1188:76:[m[K   required from ‘[01m[Kconstexpr std::add_pointer_t<_Tp> std::get_if(std::variant<_Types ...>*) [with _Tp = long unsigned int; _Types = {std::monostate, int, float, double, std::__cxx11::basic_string<char, std::char_traits<char>, std::allocator<char> >, bool, unsigned int}; std::add_pointer_t<_Tp> = long unsigned int*][m[K’
[16.638s] [01m[K/home/aliomacc/sti_usv/src/usv_sim/workspace_gz/plugins/WaveVisual.cc:272:54:[m[K   required from here
[16.638s] [01m[K/usr/include/c++/11/variant:1156:5:[m[K [01;31m[Kerror: [m[Kno type named ‘[01m[Ktype[m[K’ in ‘[01m[Kstruct std::variant_alternative<7, std::variant<std::monostate, int, float, double, std::__cxx11::basic_string<char, std::char_traits<char>, std::allocator<char> >, bool, unsigned int> >[m[K’
[16.638s] /usr/include/c++/11/variant: In instantiation of ‘[01m[Kconstexpr std::add_pointer_t<_Tp> std::get_if(std::variant<_Types ...>*) [with _Tp = long unsigned int; _Types = {std::monostate, int, float, double, std::__cxx11::basic_string<char, std::char_traits<char>, std::allocator<char> >, bool, unsigned int}; std::add_pointer_t<_Tp> = long unsigned int*][m[K’:
[16.638s] [01m[K/home/aliomacc/sti_usv/src/usv_sim/workspace_gz/plugins/WaveVisual.cc:272:54:[m[K   required from here
[16.638s] [01m[K/usr/include/c++/11/variant:1170:5:[m[K [01;36m[Knote: [m[Kcandidate: ‘[01m[Ktemplate<long unsigned int _Np, class ... _Types> constexpr std::add_pointer_t<const typename std::variant_alternative<_Np, std::variant<_Types ...> >::type> std::get_if(const std::variant<_Types ...>*)[m[K’
[16.639s]  1170 |     [01;36m[Kget_if[m[K(const variant<_Types...>* __ptr) noexcept
[16.639s]       |     [01;36m[K^~~~~~[m[K
[16.643s] [01m[K/usr/include/c++/11/variant:1170:5:[m[K [01;36m[Knote: [m[K  substitution of deduced template arguments resulted in errors seen above
[16.643s] [01m[K/usr/include/c++/11/variant:1183:5:[m[K [01;36m[Knote: [m[Kcandidate: ‘[01m[Ktemplate<class _Tp, class ... _Types> constexpr std::add_pointer_t<_Tp> std::get_if(std::variant<_Types ...>*)[m[K’
[16.643s]  1183 |     [01;36m[Kget_if[m[K(variant<_Types...>* __ptr) noexcept
[16.644s]       |     [01;36m[K^~~~~~[m[K
[16.644s] [01m[K/usr/include/c++/11/variant:1183:5:[m[K [01;36m[Knote: [m[K  template argument deduction/substitution failed:
[16.644s] [01m[K/usr/include/c++/11/variant:1188:76:[m[K [01;31m[Kerror: [m[Ktype/value mismatch at argument 1 in template parameter list for ‘[01m[Ktemplate<class _Tp, class ... _Types> constexpr std::add_pointer_t<_Tp> std::get_if(std::variant<_Types ...>*)[m[K’
[16.644s]  1188 |       return [01;31m[Kstd::get_if<__detail::__variant::__index_of_v<_Tp, _Types...>>([m[K
[16.644s]       |              [01;31m[K~~~~~~~~~~~~~~~~~~~~~~~~~~~~~~~~~~~~~~~~~~~~~~~~~~~~~~~~~~~~~~^[m[K
[16.644s]  1189 | [01;31m[K          __ptr)[m[K;
[16.644s]       |           [01;31m[K~~~~~~[m[K                                                            
[16.644s] [01m[K/usr/include/c++/11/variant:1188:76:[m[K [01;36m[Knote: [m[K  expected a type, got ‘[01m[Kstd::__detail::__variant::__index_of_v<long unsigned int, std::monostate, int, float, double, std::__cxx11::basic_string<char, std::char_traits<char>, std::allocator<char> >, bool, unsigned int>[m[K’
[16.655s] [01m[K/home/aliomacc/sti_usv/src/usv_sim/workspace_gz/plugins/StationkeepingScoringPlugin.cc:300:66:[m[K [01;31m[Kerror: [m[Kexpected constructor, destructor, or type conversion at end of input
[16.655s]   300 |               vrx::StationkeepingScoringPlugin::ISystemPreUpdate)
[16.655s]       |                                                                  [01;31m[K^[m[K
[16.664s] In file included from [01m[K/usr/include/ignition/plugin1/gz/plugin/Register.hh:22[m[K,
[16.665s]                  from [01m[K/home/aliomacc/sti_usv/src/usv_sim/workspace_gz/plugins/WaveVisual.cc:26[m[K:
[16.665s] [01m[K/home/aliomacc/sti_usv/src/usv_sim/workspace_gz/plugins/WaveVisual.cc:448:1:[m[K [01;31m[Kerror: [m[Kexpected constructor, destructor, or type conversion before ‘[01m[Knamespace[m[K’
[16.665s]   448 | [01;31m[KIGNITION_ADD_PLUGIN[m[K(WaveVisual, "vrx::WaveVisual")
[16.665s]       | [01;31m[K^~~~~~~~~~~~~~~~~~~[m[K
[17.453s] In file included from [01m[K/usr/include/ignition/plugin1/gz/plugin/Register.hh:22[m[K,
[17.453s]                  from [01m[K/home/aliomacc/sti_usv/src/usv_sim/workspace_gz/plugins/USVWind.cc:5[m[K:
[17.453s] [01m[K/home/aliomacc/sti_usv/src/usv_sim/workspace_gz/plugins/USVWind.cc:364:1:[m[K [01;31m[Kerror: [m[Kexpected constructor, destructor, or type conversion before ‘[01m[Knamespace[m[K’
[17.453s]   364 | [01;31m[KIGNITION_ADD_PLUGIN[m[K(vrx::USVWind,
[17.453s]       | [01;31m[K^~~~~~~~~~~~~~~~~~~[m[K
[17.788s] gmake[2]: *** [CMakeFiles/ScoringPlugin.dir/build.make:76: CMakeFiles/ScoringPlugin.dir/plugins/ScoringPlugin.cc.o] Error 1
[17.789s] gmake[2]: *** Bitmemiş işler için bekliyor....
[17.800s] [ 57%] [32mBuilding CXX object CMakeFiles/WayfindingScoringPlugin.dir/plugins/WaypointMarkers.cc.o[0m
[18.699s] gmake[2]: *** [CMakeFiles/PolyhedraBuoyancyDrag.dir/build.make:76: CMakeFiles/PolyhedraBuoyancyDrag.dir/plugins/PolyhedraBuoyancyDrag.cc.o] Error 1
[18.700s] gmake[1]: *** [CMakeFiles/Makefile2:361: CMakeFiles/PolyhedraBuoyancyDrag.dir/all] Error 2
[18.714s] [ 61%] [32mBuilding CXX object CMakeFiles/StationkeepingScoringPlugin.dir/plugins/WaypointMarkers.cc.o[0m
[18.837s] gmake[2]: *** [CMakeFiles/WayfindingScoringPlugin.dir/build.make:76: CMakeFiles/WayfindingScoringPlugin.dir/plugins/WayfindingScoringPlugin.cc.o] Error 1
[18.837s] gmake[2]: *** Bitmemiş işler için bekliyor....
[19.071s] gmake[2]: *** [CMakeFiles/Surface.dir/build.make:76: CMakeFiles/Surface.dir/plugins/Surface.cc.o] Error 1
[19.071s] gmake[1]: *** [CMakeFiles/Makefile2:283: CMakeFiles/Surface.dir/all] Error 2
[19.133s] gmake[2]: *** [CMakeFiles/StationkeepingScoringPlugin.dir/build.make:76: CMakeFiles/StationkeepingScoringPlugin.dir/plugins/StationkeepingScoringPlugin.cc.o] Error 1
[19.133s] gmake[2]: *** Bitmemiş işler için bekliyor....
[19.538s] gmake[2]: *** [CMakeFiles/WaveVisual.dir/build.make:76: CMakeFiles/WaveVisual.dir/plugins/WaveVisual.cc.o] Error 1
[19.538s] gmake[1]: *** [CMakeFiles/Makefile2:335: CMakeFiles/WaveVisual.dir/all] Error 2
[19.760s] gmake[2]: *** [CMakeFiles/USVWind.dir/build.make:76: CMakeFiles/USVWind.dir/plugins/USVWind.cc.o] Error 1
[19.760s] gmake[1]: *** [CMakeFiles/Makefile2:309: CMakeFiles/USVWind.dir/all] Error 2
[24.563s] gmake[1]: *** [CMakeFiles/Makefile2:179: CMakeFiles/ScoringPlugin.dir/all] Error 2
[25.260s] gmake[1]: *** [CMakeFiles/Makefile2:231: CMakeFiles/WayfindingScoringPlugin.dir/all] Error 2
[25.721s] gmake[1]: *** [CMakeFiles/Makefile2:205: CMakeFiles/StationkeepingScoringPlugin.dir/all] Error 2
[25.721s] gmake: *** [Makefile:146: all] Error 2
[25.723s] Invoked command in '/home/aliomacc/sti_usv/build/workspace_gz' returned '2': CMAKE_PREFIX_PATH=${CMAKE_PREFIX_PATH}:/home/aliomacc/ros2_ws/install/actions_py:/home/aliomacc/ros2_ws/install/lifecycle_py:/opt/ros/humble /usr/bin/cmake --build /home/aliomacc/sti_usv/build/workspace_gz -- -j8 -l8
