[0.011s] Invoking command in '/home/aliomacc/sti_usv/build/workspace_gz': CMAKE_PREFIX_PATH=${CMAKE_PREFIX_PATH}:/home/aliomacc/ros2_ws/install/actions_py:/home/aliomacc/ros2_ws/install/lifecycle_py:/opt/ros/humble /usr/bin/cmake /home/aliomacc/sti_usv/src/usv_sim/workspace_gz -DAMENT_CMAKE_SYMLINK_INSTALL=1 -DCMAKE_INSTALL_PREFIX=/home/aliomacc/sti_usv/install/workspace_gz
[0.064s] -- The C compiler identification is GNU 11.4.0
[0.121s] -- The CXX compiler identification is GNU 11.4.0
[0.131s] -- Detecting C compiler ABI info
[0.200s] -- Detecting C compiler ABI info - done
[0.208s] -- Check for working C compiler: /usr/bin/cc - skipped
[0.208s] -- Detecting C compile features
[0.208s] -- Detecting C compile features - done
[0.211s] -- Detecting CXX compiler ABI info
[0.285s] -- Detecting CXX compiler ABI info - done
[0.292s] -- Check for working CXX compiler: /usr/bin/c++ - skipped
[0.292s] -- Detecting CXX compile features
[0.293s] -- Detecting CXX compile features - done
[0.296s] -- Found ament_cmake: 1.3.12 (/opt/ros/humble/share/ament_cmake/cmake)
[0.447s] -- Found Python3: /usr/bin/python3 (found version "3.10.12") found components: Interpreter 
[0.508s] -- Override CMake install command with custom implementation using symlinks instead of copying resources
[0.545s] -- Looking for ignition-gazebo6 -- found version 6.17.1
[0.552s] -- Searching for dependencies of ignition-gazebo6
[0.555s] -- Looking for sdformat12 -- found version 12.9.0
[0.555s] -- Searching for dependencies of sdformat12
[0.560s] -- Checking for module 'tinyxml2'
[0.569s] --   Found tinyxml2, version 9.0.0
[0.596s] -- Looking for ignition-math6 -- found version 6.15.1
[0.596s] -- Searching for dependencies of ignition-math6
[0.599s] -- Looking for ignition-utils1 -- found version 1.5.1
[0.600s] -- Searching for dependencies of ignition-utils1
[0.603s] -- Looking for ignition-plugin1 -- found version 1.4.0
[0.604s] -- Searching for dependencies of ignition-plugin1
[0.604s] -- Searching for <ignition-plugin1> component [loader]
[0.607s] -- Looking for ignition-plugin1-loader -- found version 1.4.0
[0.608s] -- Searching for dependencies of ignition-plugin1-loader
[0.608s] -- Searching for <ignition-plugin1> component [register]
[0.611s] -- Looking for ignition-plugin1-register -- found version 1.4.0
[0.611s] -- Searching for dependencies of ignition-plugin1-register
[0.614s] -- Looking for ignition-transport11 -- found version 11.4.2
[0.614s] -- Searching for dependencies of ignition-transport11
[0.782s] -- Found Protobuf: /usr/lib/x86_64-linux-gnu/libprotobuf.so (found version "3.12.4") 
[0.795s] -- Config-file not installed for ZeroMQ -- checking for pkg-config
[0.800s] -- Checking for module 'libzmq >= 4'
[0.814s] --   Found libzmq , version 4.3.4
[0.852s] -- Found ZeroMQ: TRUE (Required is at least version "4") 
[0.860s] -- Checking for module 'uuid'
[0.872s] --   Found uuid, version 2.37.2
[0.899s] -- Found UUID: TRUE  
[0.899s] -- Looking for ignition-utils1 -- found version 1.5.1
[0.900s] -- Searching for dependencies of ignition-utils1
[0.900s] -- Searching for <ignition-utils1> component [cli]
[0.903s] -- Looking for ignition-utils1-cli -- found version 1.5.1
[0.903s] -- Searching for dependencies of ignition-utils1-cli
[0.906s] -- Looking for ignition-msgs8 -- found version 8.7.0
[0.907s] -- Searching for dependencies of ignition-msgs8
[0.925s] -- Found Protobuf: /usr/lib/x86_64-linux-gnu/libprotobuf.so (found suitable version "3.12.4", minimum required is "3") 
[0.926s] -- Looking for ignition-math6 -- found version 6.15.1
[0.940s] -- Searching for <ignition-transport11> component [log]
[0.943s] -- Looking for ignition-transport11-log -- found version 11.4.2
[0.943s] -- Searching for dependencies of ignition-transport11-log
[0.944s] -- Searching for <ignition-transport11> component [parameters]
[0.947s] -- Looking for ignition-transport11-parameters -- found version 11.4.2
[0.947s] -- Searching for dependencies of ignition-transport11-parameters
[0.948s] -- Looking for ignition-msgs8 -- found version 8.7.0
[0.951s] -- Looking for ignition-common4 -- found version 4.8.0
[0.951s] -- Searching for dependencies of ignition-common4
[0.952s] -- Looking for dlfcn.h - found
[0.953s] -- Looking for libdl - found
[0.954s] -- Found DL: TRUE  
[0.962s] -- Searching for <ignition-common4> component [profiler]
[0.965s] -- Looking for ignition-common4-profiler -- found version 4.8.0
[0.965s] -- Searching for dependencies of ignition-common4-profiler
[0.966s] -- Searching for <ignition-common4> component [events]
[0.969s] -- Looking for ignition-common4-events -- found version 4.8.0
[0.969s] -- Searching for dependencies of ignition-common4-events
[0.969s] -- Looking for ignition-math6 -- found version 6.15.1
[0.970s] -- Searching for <ignition-common4> component [av]
[0.973s] -- Looking for ignition-common4-av -- found version 4.8.0
[0.973s] -- Searching for dependencies of ignition-common4-av
[0.978s] -- Checking for module 'libswscale'
[0.989s] --   Found libswscale, version 5.9.100
[1.014s] -- Found SWSCALE: TRUE  
[1.018s] -- Checking for module 'libavdevice >= 56.4.100'
[1.031s] --   Found libavdevice , version 58.13.100
[1.067s] -- Found AVDEVICE: TRUE (Required is at least version "56.4.100") 
[1.074s] -- Checking for module 'libavformat'
[1.086s] --   Found libavformat, version 58.76.100
[1.118s] -- Found AVFORMAT: TRUE  
[1.123s] -- Checking for module 'libavcodec'
[1.137s] --   Found libavcodec, version 58.134.100
[1.176s] -- Found AVCODEC: TRUE  
[1.181s] -- Checking for module 'libavutil'
[1.195s] --   Found libavutil, version 56.70.100
[1.223s] -- Found AVUTIL: TRUE  
[1.227s] -- Looking for ignition-fuel_tools7 -- found version 7.3.1
[1.228s] -- Searching for dependencies of ignition-fuel_tools7
[1.297s] -- Found CURL: /usr/lib/x86_64-linux-gnu/libcurl.so (found version "7.81.0")  
[1.306s] -- Checking for module 'jsoncpp'
[1.319s] --   Found jsoncpp, version 1.9.5
[1.364s] -- Found JSONCPP: TRUE  
[1.372s] -- Checking for module 'libzip'
[1.386s] --   Found libzip, version 1.7.3
[1.417s] -- Found ZIP: TRUE  
[1.417s] -- Looking for ignition-common4 -- found version 4.8.0
[1.418s] -- Looking for ignition-math6 -- found version 6.15.1
[1.418s] -- Looking for ignition-msgs8 -- found version 8.7.0
[1.422s] -- Looking for ignition-gui6 -- found version 6.9.0
[1.423s] -- Searching for dependencies of ignition-gui6
[1.445s] -- Found Protobuf: /usr/lib/x86_64-linux-gnu/libprotobuf.so (found version "3.12.4") 
[1.454s] -- Looking for ignition-math6 -- found version 6.15.1
[1.454s] -- Looking for ignition-common4 -- found version 4.8.0
[1.456s] -- Looking for ignition-plugin1 -- found version 1.4.0
[1.456s] -- Looking for ignition-transport11 -- found version 11.4.2
[1.463s] -- Looking for ignition-rendering6 -- found version 6.6.4
[1.464s] -- Searching for dependencies of ignition-rendering6
[1.465s] -- Looking for ignition-math6 -- found version 6.15.1
[1.466s] -- Searching for dependencies of ignition-math6
[1.466s] -- Searching for <ignition-math6> component [eigen3]
[1.471s] -- Looking for ignition-math6-eigen3 -- found version 6.15.1
[1.472s] -- Searching for dependencies of ignition-math6-eigen3
[1.491s] -- Looking for ignition-common4 -- found version 4.8.0
[1.494s] -- Searching for dependencies of ignition-common4
[1.494s] -- Looking for dlfcn.h - found
[1.494s] -- Looking for libdl - found
[1.527s] -- Searching for <ignition-common4> component [graphics]
[1.534s] -- Looking for ignition-common4-graphics -- found version 4.8.0
[1.535s] -- Searching for dependencies of ignition-common4-graphics
[1.536s] -- Looking for ignition-math6 -- found version 6.15.1
[1.537s] -- Looking for ignition-utils1 -- found version 1.5.1
[1.539s] -- Searching for <ignition-common4> component [events]
[1.541s] -- Looking for ignition-plugin1 -- found version 1.4.0
[1.543s] -- Searching for dependencies of ignition-plugin1
[1.543s] -- Searching for <ignition-plugin1> component [all]
[1.549s] -- Looking for all libraries of ignition-plugin1 -- found version 1.4.0
[1.550s] -- Looking for ignition-plugin1 -- found version 1.4.0
[1.556s] -- Looking for ignition-msgs8 -- found version 8.7.0
[1.597s] -- Looking for ignition-physics5 -- found version 5.4.0
[1.598s] -- Searching for dependencies of ignition-physics5
[1.598s] -- Looking for ignition-math6 -- found version 6.15.1
[1.599s] -- Looking for ignition-plugin1 -- found version 1.4.0
[1.600s] -- Looking for ignition-utils1 -- found version 1.5.1
[1.601s] -- Searching for <ignition-physics5> component [heightmap]
[1.606s] -- Looking for ignition-physics5-heightmap -- found version 5.4.0
[1.606s] -- Searching for dependencies of ignition-physics5-heightmap
[1.607s] -- Looking for ignition-common4 -- found version 4.8.0
[1.608s] -- Searching for <ignition-physics5> component [mesh]
[1.612s] -- Looking for ignition-physics5-mesh -- found version 5.4.0
[1.612s] -- Searching for dependencies of ignition-physics5-mesh
[1.612s] -- Looking for ignition-common4 -- found version 4.8.0
[1.613s] -- Searching for <ignition-physics5> component [sdf]
[1.618s] -- Looking for ignition-physics5-sdf -- found version 5.4.0
[1.619s] -- Searching for dependencies of ignition-physics5-sdf
[1.619s] -- Looking for sdformat12 -- found version 12.9.0
[1.624s] -- Looking for ignition-sensors6 -- found version 6.9.0
[1.625s] -- Searching for dependencies of ignition-sensors6
[1.660s] -- Looking for ignition-math6 -- found version 6.15.1
[1.661s] -- Looking for ignition-common4 -- found version 4.8.0
[1.662s] -- Looking for ignition-transport11 -- found version 11.4.2
[1.663s] -- Looking for ignition-rendering6 -- found version 6.6.4
[1.663s] -- Looking for ignition-msgs8 -- found version 8.7.0
[1.664s] -- Looking for sdformat12 -- found version 12.9.0
[1.665s] -- Searching for <ignition-sensors6> component [air_pressure]
[1.670s] -- Looking for ignition-sensors6-air_pressure -- found version 6.9.0
[1.671s] -- Searching for dependencies of ignition-sensors6-air_pressure
[1.671s] -- Searching for <ignition-sensors6> component [altimeter]
[1.676s] -- Looking for ignition-sensors6-altimeter -- found version 6.9.0
[1.676s] -- Searching for dependencies of ignition-sensors6-altimeter
[1.677s] -- Searching for <ignition-sensors6> component [imu]
[1.681s] -- Looking for ignition-sensors6-imu -- found version 6.9.0
[1.682s] -- Searching for dependencies of ignition-sensors6-imu
[1.683s] -- Searching for <ignition-sensors6> component [force_torque]
[1.687s] -- Looking for ignition-sensors6-force_torque -- found version 6.9.0
[1.687s] -- Searching for dependencies of ignition-sensors6-force_torque
[1.688s] -- Searching for <ignition-sensors6> component [logical_camera]
[1.692s] -- Looking for ignition-sensors6-logical_camera -- found version 6.9.0
[1.692s] -- Searching for dependencies of ignition-sensors6-logical_camera
[1.693s] -- Searching for <ignition-sensors6> component [magnetometer]
[1.696s] -- Looking for ignition-sensors6-magnetometer -- found version 6.9.0
[1.696s] -- Searching for dependencies of ignition-sensors6-magnetometer
[1.697s] -- Searching for <ignition-sensors6> component [navsat]
[1.700s] -- Looking for ignition-sensors6-navsat -- found version 6.9.0
[1.700s] -- Searching for dependencies of ignition-sensors6-navsat
[1.701s] -- Searching for <ignition-sensors6> component [rendering]
[1.704s] -- Looking for ignition-sensors6-rendering -- found version 6.9.0
[1.704s] -- Searching for dependencies of ignition-sensors6-rendering
[1.705s] -- Searching for <ignition-sensors6> component [lidar]
[1.708s] -- Looking for ignition-sensors6-lidar -- found version 6.9.0
[1.709s] -- Searching for dependencies of ignition-sensors6-lidar
[1.709s] -- Looking for ignition-sensors6 -- found version 6.9.0
[1.710s] -- Searching for <ignition-sensors6> component [gpu_lidar]
[1.713s] -- Looking for ignition-sensors6-gpu_lidar -- found version 6.9.0
[1.714s] -- Searching for dependencies of ignition-sensors6-gpu_lidar
[1.714s] -- Looking for ignition-sensors6 -- found version 6.9.0
[1.715s] -- Searching for <ignition-sensors6> component [camera]
[1.719s] -- Looking for ignition-sensors6-camera -- found version 6.9.0
[1.719s] -- Searching for dependencies of ignition-sensors6-camera
[1.719s] -- Looking for ignition-sensors6 -- found version 6.9.0
[1.720s] -- Searching for <ignition-sensors6> component [boundingbox_camera]
[1.724s] -- Looking for ignition-sensors6-boundingbox_camera -- found version 6.9.0
[1.725s] -- Searching for dependencies of ignition-sensors6-boundingbox_camera
[1.725s] -- Searching for <ignition-sensors6> component [segmentation_camera]
[1.729s] -- Looking for ignition-sensors6-segmentation_camera -- found version 6.9.0
[1.730s] -- Searching for dependencies of ignition-sensors6-segmentation_camera
[1.732s] -- Searching for <ignition-sensors6> component [depth_camera]
[1.735s] -- Looking for ignition-sensors6-depth_camera -- found version 6.9.0
[1.736s] -- Searching for dependencies of ignition-sensors6-depth_camera
[1.736s] -- Looking for ignition-sensors6 -- found version 6.9.0
[1.737s] -- Searching for <ignition-sensors6> component [rgbd_camera]
[1.741s] -- Looking for ignition-sensors6-rgbd_camera -- found version 6.9.0
[1.741s] -- Searching for dependencies of ignition-sensors6-rgbd_camera
[1.742s] -- Looking for ignition-sensors6 -- found version 6.9.0
[1.742s] -- Searching for <ignition-sensors6> component [thermal_camera]
[1.746s] -- Looking for ignition-sensors6-thermal_camera -- found version 6.9.0
[1.746s] -- Searching for dependencies of ignition-sensors6-thermal_camera
[1.746s] -- Looking for ignition-sensors6 -- found version 6.9.0
[1.748s] -- Looking for ignition-rendering6 -- found version 6.6.4
[1.748s] -- Looking for ignition-math6 -- found version 6.15.1
[1.752s] -- Looking for ignition-utils1 -- found version 1.5.1
[1.777s] -- Looking for ignition-common4 -- found version 4.8.0
[1.777s] -- Looking for ignition-math6 -- found version 6.15.1
[1.778s] -- Looking for ignition-transport11 -- found version 11.4.2
[1.778s] -- Looking for ignition-plugin1 -- found version 1.4.0
[1.779s] -- Looking for ignition-rendering6 -- found version 6.6.4
[1.779s] -- Looking for ignition-sensors6 -- found version 6.9.0
[1.780s] -- Looking for ignition-utils1 -- found version 1.5.1
[1.780s] -- Looking for ignition-msgs8 -- found version 8.7.0
[1.781s] -- Looking for sdformat12 -- found version 12.9.0
[1.875s] -- Configuring done
[1.920s] -- Generating done
[1.943s] -- Build files have been written to: /home/aliomacc/sti_usv/build/workspace_gz
[2.029s] Invoked command in '/home/aliomacc/sti_usv/build/workspace_gz' returned '0': CMAKE_PREFIX_PATH=${CMAKE_PREFIX_PATH}:/home/aliomacc/ros2_ws/install/actions_py:/home/aliomacc/ros2_ws/install/lifecycle_py:/opt/ros/humble /usr/bin/cmake /home/aliomacc/sti_usv/src/usv_sim/workspace_gz -DAMENT_CMAKE_SYMLINK_INSTALL=1 -DCMAKE_INSTALL_PREFIX=/home/aliomacc/sti_usv/install/workspace_gz
[2.039s] Invoking command in '/home/aliomacc/sti_usv/build/workspace_gz': CMAKE_PREFIX_PATH=${CMAKE_PREFIX_PATH}:/home/aliomacc/ros2_ws/install/actions_py:/home/aliomacc/ros2_ws/install/lifecycle_py:/opt/ros/humble /usr/bin/cmake --build /home/aliomacc/sti_usv/build/workspace_gz -- -j8 -l8
[2.150s] [  4%] [32mBuilding CXX object CMakeFiles/Waves.dir/plugins/Wavefield.cc.o[0m
[8.827s] [  9%] [32m[1mLinking CXX shared library libWaves.so[0m
[9.107s] [  9%] Built target Waves
[9.136s] [ 19%] [32mBuilding CXX object CMakeFiles/StationkeepingScoringPlugin.dir/plugins/StationkeepingScoringPlugin.cc.o[0m
[9.137s] [ 19%] [32mBuilding CXX object CMakeFiles/Surface.dir/plugins/Surface.cc.o[0m
[9.138s] [ 23%] [32mBuilding CXX object CMakeFiles/WayfindingScoringPlugin.dir/plugins/WayfindingScoringPlugin.cc.o[0m
[9.141s] [ 28%] [32mBuilding CXX object CMakeFiles/USVWind.dir/plugins/USVWind.cc.o[0m
[9.143s] [ 33%] [32mBuilding CXX object CMakeFiles/ScoringPlugin.dir/plugins/ScoringPlugin.cc.o[0m
[9.143s] [ 38%] [32mBuilding CXX object CMakeFiles/SimpleHydrodynamics.dir/plugins/SimpleHydrodynamics.cc.o[0m
[9.145s] [ 47%] [32mBuilding CXX object CMakeFiles/WaveVisual.dir/plugins/WaveVisual.cc.o[0m
[9.145s] [ 47%] [32mBuilding CXX object CMakeFiles/PolyhedraBuoyancyDrag.dir/plugins/PolyhedraBuoyancyDrag.cc.o[0m
[18.261s] In file included from [01m[K/usr/include/ignition/plugin1/gz/plugin/Register.hh:22[m[K,
[18.261s]                  from [01m[K/home/aliomacc/sti_usv/src/usv_sim/workspace_gz/plugins/SimpleHydrodynamics.cc:23[m[K:
[18.261s] [01m[K/home/aliomacc/sti_usv/src/usv_sim/workspace_gz/plugins/SimpleHydrodynamics.cc:293:1:[m[K [01;31m[Kerror: [m[Kexpected constructor, destructor, or type conversion before ‘[01m[Knamespace[m[K’
[18.262s]   293 | [01;31m[KIGNITION_ADD_PLUGIN[m[K(vrx::SimpleHydrodynamics, ignition::gazebo::System)
[18.262s]       | [01;31m[K^~~~~~~~~~~~~~~~~~~[m[K
[19.851s] In file included from [01m[K/usr/include/ignition/plugin1/gz/plugin/Register.hh:22[m[K,
[19.851s]                  from [01m[K/home/aliomacc/sti_usv/src/usv_sim/workspace_gz/plugins/ScoringPlugin.cc:29[m[K:
[19.851s] [01m[K/home/aliomacc/sti_usv/src/usv_sim/workspace_gz/plugins/ScoringPlugin.cc:665:1:[m[K [01;31m[Kerror: [m[Kexpected constructor, destructor, or type conversion before ‘[01m[Knamespace[m[K’
[19.851s]   665 | [01;31m[KIGNITION_ADD_PLUGIN[m[K(vrx::ScoringPlugin, ignition::gazebo::System)
[19.851s]       | [01;31m[K^~~~~~~~~~~~~~~~~~~[m[K
[20.623s] In file included from [01m[K/usr/include/ignition/plugin1/gz/plugin/Register.hh:22[m[K,
[20.623s]                  from [01m[K/home/aliomacc/sti_usv/src/usv_sim/workspace_gz/plugins/Surface.cc:24[m[K:
[20.623s] [01m[K/home/aliomacc/sti_usv/src/usv_sim/workspace_gz/plugins/Surface.cc:317:1:[m[K [01;31m[Kerror: [m[Kexpected constructor, destructor, or type conversion before ‘[01m[Knamespace[m[K’
[20.624s]   317 | [01;31m[KIGNITION_ADD_PLUGIN[m[K(vrx::Surface, ignition::gazebo::System)
[20.629s]       | [01;31m[K^~~~~~~~~~~~~~~~~~~[m[K
[20.634s] In file included from [01m[K/usr/include/ignition/plugin1/gz/plugin/Register.hh:22[m[K,
[20.634s]                  from [01m[K/home/aliomacc/sti_usv/src/usv_sim/workspace_gz/plugins/WayfindingScoringPlugin.cc:29[m[K:
[20.635s] [01m[K/home/aliomacc/sti_usv/src/usv_sim/workspace_gz/plugins/WayfindingScoringPlugin.cc:301:1:[m[K [01;31m[Kerror: [m[Kexpected constructor, destructor, or type conversion before ‘[01m[Knamespace[m[K’
[20.635s]   301 | [01;31m[KIGNITION_ADD_PLUGIN[m[K(vrx::WayfindingScoringPlugin, ignition::gazebo::System)
[20.635s]       | [01;31m[K^~~~~~~~~~~~~~~~~~~[m[K
[20.709s] In file included from [01m[K/usr/include/ignition/plugin1/gz/plugin/Register.hh:22[m[K,
[20.709s]                  from [01m[K/home/aliomacc/sti_usv/src/usv_sim/workspace_gz/plugins/PolyhedraBuoyancyDrag.cc:32[m[K:
[20.709s] [01m[K/home/aliomacc/sti_usv/src/usv_sim/workspace_gz/plugins/PolyhedraBuoyancyDrag.cc:385:1:[m[K [01;31m[Kerror: [m[Kexpected constructor, destructor, or type conversion before ‘[01m[Knamespace[m[K’
[20.709s]   385 | [01;31m[KIGNITION_ADD_PLUGIN[m[K(vrx::PolyhedraBuoyancyDrag, ignition::gazebo::System)
[20.710s]       | [01;31m[K^~~~~~~~~~~~~~~~~~~[m[K
[20.943s] [01m[K/home/aliomacc/sti_usv/src/usv_sim/workspace_gz/plugins/StationkeepingScoringPlugin.cc:300:66:[m[K [01;31m[Kerror: [m[Kexpected constructor, destructor, or type conversion at end of input
[20.943s]   300 |               vrx::StationkeepingScoringPlugin::ISystemPreUpdate)
[20.943s]       |                                                                  [01;31m[K^[m[K
[21.191s] gmake[2]: *** [CMakeFiles/SimpleHydrodynamics.dir/build.make:76: CMakeFiles/SimpleHydrodynamics.dir/plugins/SimpleHydrodynamics.cc.o] Error 1
[21.192s] gmake[1]: *** [CMakeFiles/Makefile2:257: CMakeFiles/SimpleHydrodynamics.dir/all] Error 2
[21.192s] gmake[1]: *** Bitmemiş işler için bekliyor....
[21.209s] [ 52%] [32mBuilding CXX object CMakeFiles/StationkeepingScoringPlugin.dir/plugins/WaypointMarkers.cc.o[0m
[21.694s] [01m[K/home/aliomacc/sti_usv/src/usv_sim/workspace_gz/plugins/WaveVisual.cc:[m[K In member function ‘[01m[Kvoid vrx::WaveVisualPrivate::OnUpdate()[m[K’:
[21.694s] [01m[K/home/aliomacc/sti_usv/src/usv_sim/workspace_gz/plugins/WaveVisual.cc:273:58:[m[K [01;31m[Kerror: [m[Kcannot convert ‘[01m[Kstd::add_pointer_t<unsigned int>[m[K’ {aka ‘[01m[Kunsigned int*[m[K’} to ‘[01m[Kconst uint64_t*[m[K’ {aka ‘[01m[Kconst long unsigned int*[m[K’} in initialization
[21.698s]   273 |         const uint64_t *value = [01;31m[Kstd::get_if<unsigned int>(&variant)[m[K;
[21.698s]       |                                 [01;31m[K~~~~~~~~~~~~~~~~~~~~~~~~~^~~~~~~~~~[m[K
[21.698s]       |                                                          [01;31m[K|[m[K
[21.698s]       |                                                          [01;31m[Kstd::add_pointer_t<unsigned int> {aka unsigned int*}[m[K
[21.716s] In file included from [01m[K/usr/include/ignition/plugin1/gz/plugin/Register.hh:22[m[K,
[21.716s]                  from [01m[K/home/aliomacc/sti_usv/src/usv_sim/workspace_gz/plugins/WaveVisual.cc:27[m[K:
[21.716s] [01m[K/home/aliomacc/sti_usv/src/usv_sim/workspace_gz/plugins/WaveVisual.cc:[m[K At global scope:
[21.716s] [01m[K/home/aliomacc/sti_usv/src/usv_sim/workspace_gz/plugins/WaveVisual.cc:449:1:[m[K [01;31m[Kerror: [m[Kexpected constructor, destructor, or type conversion before ‘[01m[Knamespace[m[K’
[21.716s]   449 | [01;31m[KIGNITION_ADD_PLUGIN[m[K(WaveVisual, ignition::gazebo::System)
[21.716s]       | [01;31m[K^~~~~~~~~~~~~~~~~~~[m[K
[23.080s] gmake[2]: *** [CMakeFiles/ScoringPlugin.dir/build.make:76: CMakeFiles/ScoringPlugin.dir/plugins/ScoringPlugin.cc.o] Error 1
[23.081s] gmake[1]: *** [CMakeFiles/Makefile2:179: CMakeFiles/ScoringPlugin.dir/all] Error 2
[23.114s] [ 57%] [32mBuilding CXX object CMakeFiles/WayfindingScoringPlugin.dir/plugins/WaypointMarkers.cc.o[0m
[23.622s] In file included from [01m[K/usr/include/ignition/plugin1/gz/plugin/Register.hh:22[m[K,
[23.622s]                  from [01m[K/home/aliomacc/sti_usv/src/usv_sim/workspace_gz/plugins/USVWind.cc:6[m[K:
[23.622s] [01m[K/home/aliomacc/sti_usv/src/usv_sim/workspace_gz/plugins/USVWind.cc:365:1:[m[K [01;31m[Kerror: [m[Kexpected constructor, destructor, or type conversion before ‘[01m[Knamespace[m[K’
[23.623s]   365 | [01;31m[KIGNITION_ADD_PLUGIN[m[K(vrx::USVWind, ignition::gazebo::System)
[23.623s]       | [01;31m[K^~~~~~~~~~~~~~~~~~~[m[K
[24.734s] gmake[2]: *** [CMakeFiles/PolyhedraBuoyancyDrag.dir/build.make:76: CMakeFiles/PolyhedraBuoyancyDrag.dir/plugins/PolyhedraBuoyancyDrag.cc.o] Error 1
[24.735s] gmake[1]: *** [CMakeFiles/Makefile2:361: CMakeFiles/PolyhedraBuoyancyDrag.dir/all] Error 2
[24.778s] gmake[2]: *** [CMakeFiles/Surface.dir/build.make:76: CMakeFiles/Surface.dir/plugins/Surface.cc.o] Error 1
[24.778s] gmake[1]: *** [CMakeFiles/Makefile2:283: CMakeFiles/Surface.dir/all] Error 2
[24.967s] gmake[2]: *** [CMakeFiles/WayfindingScoringPlugin.dir/build.make:76: CMakeFiles/WayfindingScoringPlugin.dir/plugins/WayfindingScoringPlugin.cc.o] Error 1
[24.968s] gmake[2]: *** Bitmemiş işler için bekliyor....
[25.142s] gmake[2]: *** [CMakeFiles/StationkeepingScoringPlugin.dir/build.make:76: CMakeFiles/StationkeepingScoringPlugin.dir/plugins/StationkeepingScoringPlugin.cc.o] Error 1
[25.142s] gmake[2]: *** Bitmemiş işler için bekliyor....
[25.753s] gmake[2]: *** [CMakeFiles/WaveVisual.dir/build.make:76: CMakeFiles/WaveVisual.dir/plugins/WaveVisual.cc.o] Error 1
[25.754s] gmake[1]: *** [CMakeFiles/Makefile2:335: CMakeFiles/WaveVisual.dir/all] Error 2
[26.599s] gmake[2]: *** [CMakeFiles/USVWind.dir/build.make:76: CMakeFiles/USVWind.dir/plugins/USVWind.cc.o] Error 1
[26.599s] gmake[1]: *** [CMakeFiles/Makefile2:309: CMakeFiles/USVWind.dir/all] Error 2
[32.236s] gmake[1]: *** [CMakeFiles/Makefile2:205: CMakeFiles/StationkeepingScoringPlugin.dir/all] Error 2
[33.519s] gmake[1]: *** [CMakeFiles/Makefile2:231: CMakeFiles/WayfindingScoringPlugin.dir/all] Error 2
[33.520s] gmake: *** [Makefile:146: all] Error 2
[33.524s] Invoked command in '/home/aliomacc/sti_usv/build/workspace_gz' returned '2': CMAKE_PREFIX_PATH=${CMAKE_PREFIX_PATH}:/home/aliomacc/ros2_ws/install/actions_py:/home/aliomacc/ros2_ws/install/lifecycle_py:/opt/ros/humble /usr/bin/cmake --build /home/aliomacc/sti_usv/build/workspace_gz -- -j8 -l8
