[0.011s] Invoking command in '/home/aliomacc/sti_usv/build/vrx_gz': CMAKE_PREFIX_PATH=${CMAKE_PREFIX_PATH}:/home/aliomacc/ros2_ws/install/actions_py:/home/aliomacc/ros2_ws/install/lifecycle_py:/opt/ros/humble /usr/bin/cmake /home/aliomacc/sti_usv/src/usv_sim/workspace_gz -DAMENT_CMAKE_SYMLINK_INSTALL=1 -DCMAKE_INSTALL_PREFIX=/home/aliomacc/sti_usv/install/vrx_gz
[0.067s] -- The C compiler identification is GNU 11.4.0
[0.124s] -- The CXX compiler identification is GNU 11.4.0
[0.132s] -- Detecting C compiler ABI info
[0.195s] -- Detecting C compiler ABI info - done
[0.204s] -- Check for working C compiler: /usr/bin/cc - skipped
[0.204s] -- Detecting C compile features
[0.204s] -- Detecting C compile features - done
[0.207s] -- Detecting CXX compiler ABI info
[0.281s] -- Detecting CXX compiler ABI info - done
[0.290s] -- Check for working CXX compiler: /usr/bin/c++ - skipped
[0.290s] -- Detecting CXX compile features
[0.291s] -- Detecting CXX compile features - done
[0.294s] -- Found ament_cmake: 1.3.12 (/opt/ros/humble/share/ament_cmake/cmake)
[0.459s] -- Found Python3: /usr/bin/python3 (found version "3.10.12") found components: Interpreter 
[0.527s] -- Override CMake install command with custom implementation using symlinks instead of copying resources
[0.573s] [31mCMake Error at CMakeLists.txt:8 (find_package):
[0.573s]   By not providing "Findgz-sim7.cmake" in CMAKE_MODULE_PATH this project has
[0.573s]   asked CMake to find a package configuration file provided by "gz-sim7", but
[0.573s]   CMake did not find one.
[0.573s] 
[0.573s]   Could not find a package configuration file provided by "gz-sim7" with any
[0.573s]   of the following names:
[0.573s] 
[0.574s]     gz-sim7Config.cmake
[0.574s]     gz-sim7-config.cmake
[0.574s] 
[0.574s]   Add the installation prefix of "gz-sim7" to CMAKE_PREFIX_PATH or set
[0.574s]   "gz-sim7_DIR" to a directory containing one of the above files.  If
[0.574s]   "gz-sim7" provides a separate development package or SDK, be sure it has
[0.574s]   been installed.
[0.574s] 
[0.574s] [0m
[0.574s] -- Configuring incomplete, errors occurred!
[0.574s] See also "/home/aliomacc/sti_usv/build/vrx_gz/CMakeFiles/CMakeOutput.log".
[0.577s] Invoked command in '/home/aliomacc/sti_usv/build/vrx_gz' returned '1': CMAKE_PREFIX_PATH=${CMAKE_PREFIX_PATH}:/home/aliomacc/ros2_ws/install/actions_py:/home/aliomacc/ros2_ws/install/lifecycle_py:/opt/ros/humble /usr/bin/cmake /home/aliomacc/sti_usv/src/usv_sim/workspace_gz -DAMENT_CMAKE_SYMLINK_INSTALL=1 -DCMAKE_INSTALL_PREFIX=/home/aliomacc/sti_usv/install/vrx_gz
