[0.234s] Invoking command in '/home/aliomacc/sti_usv/build/workspace_gz': CMAKE_PREFIX_PATH=${CMAKE_PREFIX_PATH}:/home/aliomacc/ros2_ws/install/actions_py:/home/aliomacc/ros2_ws/install/lifecycle_py:/opt/ros/humble /usr/bin/cmake --build /home/aliomacc/sti_usv/build/workspace_gz -- -j8 -l8
[1.623s] [  3%] Built target Waves
[2.140s] [  7%] Built target ScoringPlugin
[2.580s] [ 11%] Built target SimpleHydrodynamics
[3.083s] [ 16%] Built target AcousticPerceptionScoringPlugin
[3.544s] [ 22%] Built target AcousticTrackingScoringPlugin
[4.072s] [ 26%] Built target AcousticPingerPlugin
[4.579s] [ 30%] Built target BallShooterPlugin
[4.905s] [ 33%] Built target LightBuoyPlugin
[5.343s] [ 39%] Built target NavigationScoringPlugin
[5.837s] [ 45%] Built target GymkhanaScoringPlugin
[6.380s] [ 50%] Built target PerceptionScoringPlugin
[6.938s] [ 54%] Built target PlacardPlugin
[7.488s] [ 58%] Built target PublisherPlugin
[7.875s] [ 64%] Built target ScanDockScoringPlugin
[8.206s] [ 69%] Built target WildlifeScoringPlugin
[8.542s] [ 75%] Built target WayfindingScoringPlugin
[8.954s] [ 81%] Built target StationkeepingScoringPlugin
[9.476s] [ 84%] Built target WaveVisual
[9.958s] [ 88%] Built target USVWind
[10.467s] [ 92%] Built target Surface
[10.950s] [100%] Built target PolyhedraBuoyancyDrag
[11.195s] Invoked command in '/home/aliomacc/sti_usv/build/workspace_gz' returned '0': CMAKE_PREFIX_PATH=${CMAKE_PREFIX_PATH}:/home/aliomacc/ros2_ws/install/actions_py:/home/aliomacc/ros2_ws/install/lifecycle_py:/opt/ros/humble /usr/bin/cmake --build /home/aliomacc/sti_usv/build/workspace_gz -- -j8 -l8
[11.261s] Invoking command in '/home/aliomacc/sti_usv/build/workspace_gz': CMAKE_PREFIX_PATH=${CMAKE_PREFIX_PATH}:/home/aliomacc/ros2_ws/install/actions_py:/home/aliomacc/ros2_ws/install/lifecycle_py:/opt/ros/humble /usr/bin/cmake --install /home/aliomacc/sti_usv/build/workspace_gz
[11.414s] -- Install configuration: ""
[11.424s] -- Execute custom install script
[11.439s] -- Up-to-date symlink: /home/aliomacc/sti_usv/install/workspace_gz/lib/workspace_gz/libWaves.so
[11.441s] -- Up-to-date symlink: /home/aliomacc/sti_usv/install/workspace_gz/lib/workspace_gz/libScoringPlugin.so
[11.446s] -- Up-to-date symlink: /home/aliomacc/sti_usv/install/workspace_gz/lib/workspace_gz/libSimpleHydrodynamics.so
[11.464s] -- Up-to-date symlink: /home/aliomacc/sti_usv/install/workspace_gz/lib/workspace_gz/libPolyhedraBuoyancyDrag.so
[11.464s] -- Up-to-date symlink: /home/aliomacc/sti_usv/install/workspace_gz/lib/workspace_gz/libSurface.so
[11.466s] -- Up-to-date symlink: /home/aliomacc/sti_usv/install/workspace_gz/lib/workspace_gz/libUSVWind.so
[11.468s] -- Up-to-date symlink: /home/aliomacc/sti_usv/install/workspace_gz/lib/workspace_gz/libWaveVisual.so
[11.480s] -- Up-to-date symlink: /home/aliomacc/sti_usv/install/workspace_gz/lib/workspace_gz/libStationkeepingScoringPlugin.so
[11.486s] -- Up-to-date symlink: /home/aliomacc/sti_usv/install/workspace_gz/lib/workspace_gz/libWayfindingScoringPlugin.so
[11.487s] -- Up-to-date symlink: /home/aliomacc/sti_usv/install/workspace_gz/lib/workspace_gz/libAcousticPerceptionScoringPlugin.so
[11.497s] -- Up-to-date symlink: /home/aliomacc/sti_usv/install/workspace_gz/lib/workspace_gz/libAcousticTrackingScoringPlugin.so
[11.509s] -- Up-to-date symlink: /home/aliomacc/sti_usv/install/workspace_gz/lib/workspace_gz/libAcousticPingerPlugin.so
[11.510s] -- Up-to-date symlink: /home/aliomacc/sti_usv/install/workspace_gz/lib/workspace_gz/libBallShooterPlugin.so
[11.511s] -- Up-to-date symlink: /home/aliomacc/sti_usv/install/workspace_gz/lib/workspace_gz/libLightBuoyPlugin.so
[11.516s] -- Up-to-date symlink: /home/aliomacc/sti_usv/install/workspace_gz/lib/workspace_gz/libNavigationScoringPlugin.so
[11.522s] -- Up-to-date symlink: /home/aliomacc/sti_usv/install/workspace_gz/lib/workspace_gz/libGymkhanaScoringPlugin.so
[11.523s] -- Up-to-date symlink: /home/aliomacc/sti_usv/install/workspace_gz/lib/workspace_gz/libPerceptionScoringPlugin.so
[11.523s] -- Up-to-date symlink: /home/aliomacc/sti_usv/install/workspace_gz/lib/workspace_gz/libPlacardPlugin.so
[11.529s] -- Up-to-date symlink: /home/aliomacc/sti_usv/install/workspace_gz/lib/workspace_gz/libPublisherPlugin.so
[11.529s] -- Up-to-date symlink: /home/aliomacc/sti_usv/install/workspace_gz/lib/workspace_gz/libScanDockScoringPlugin.so
[11.538s] -- Up-to-date symlink: /home/aliomacc/sti_usv/install/workspace_gz/lib/workspace_gz/libWildlifeScoringPlugin.so
[11.542s] -- Up-to-date symlink: /home/aliomacc/sti_usv/install/workspace_gz/share/workspace_gz/launch/simulation.launch.py
[11.595s] -- Up-to-date symlink: /home/aliomacc/sti_usv/install/workspace_gz/share/workspace_gz/models/buoys/marker_buoy_black/materials/textures/MarkerBuoy_Base_Color.png
[11.596s] -- Up-to-date symlink: /home/aliomacc/sti_usv/install/workspace_gz/share/workspace_gz/models/buoys/marker_buoy_black/materials/textures/MarkerBuoy_Roughness.png
[11.615s] -- Up-to-date symlink: /home/aliomacc/sti_usv/install/workspace_gz/share/workspace_gz/models/buoys/marker_buoy_black/meshes/marker_buoy.dae
[11.615s] -- Up-to-date symlink: /home/aliomacc/sti_usv/install/workspace_gz/share/workspace_gz/models/buoys/marker_buoy_black/model.config
[11.621s] -- Up-to-date symlink: /home/aliomacc/sti_usv/install/workspace_gz/share/workspace_gz/models/buoys/marker_buoy_black/model.sdf
[11.627s] -- Up-to-date symlink: /home/aliomacc/sti_usv/install/workspace_gz/share/workspace_gz/models/buoys/marker_buoy_green/materials/textures/MarkerBuoy_Base_Color.png
[11.641s] -- Up-to-date symlink: /home/aliomacc/sti_usv/install/workspace_gz/share/workspace_gz/models/buoys/marker_buoy_green/materials/textures/MarkerBuoy_Roughness.png
[11.642s] -- Up-to-date symlink: /home/aliomacc/sti_usv/install/workspace_gz/share/workspace_gz/models/buoys/marker_buoy_green/meshes/marker_buoy.dae
[11.645s] -- Up-to-date symlink: /home/aliomacc/sti_usv/install/workspace_gz/share/workspace_gz/models/buoys/marker_buoy_green/model.config
[11.649s] -- Up-to-date symlink: /home/aliomacc/sti_usv/install/workspace_gz/share/workspace_gz/models/buoys/marker_buoy_green/model.sdf
[11.651s] -- Up-to-date symlink: /home/aliomacc/sti_usv/install/workspace_gz/share/workspace_gz/models/buoys/marker_buoy_orange/materials/textures/MarkerBuoy_Base_Color.png
[11.663s] -- Up-to-date symlink: /home/aliomacc/sti_usv/install/workspace_gz/share/workspace_gz/models/buoys/marker_buoy_orange/materials/textures/MarkerBuoy_Roughness.png
[11.663s] -- Up-to-date symlink: /home/aliomacc/sti_usv/install/workspace_gz/share/workspace_gz/models/buoys/marker_buoy_orange/meshes/marker_buoy.dae
[11.663s] -- Up-to-date symlink: /home/aliomacc/sti_usv/install/workspace_gz/share/workspace_gz/models/buoys/marker_buoy_orange/model.config
[11.664s] -- Up-to-date symlink: /home/aliomacc/sti_usv/install/workspace_gz/share/workspace_gz/models/buoys/marker_buoy_orange/model.sdf
[11.681s] -- Up-to-date symlink: /home/aliomacc/sti_usv/install/workspace_gz/share/workspace_gz/models/buoys/marker_buoy_red/materials/textures/MarkerBuoy_Base_Color.png
[11.682s] -- Up-to-date symlink: /home/aliomacc/sti_usv/install/workspace_gz/share/workspace_gz/models/buoys/marker_buoy_red/materials/textures/MarkerBuoy_Roughness.png
[11.683s] -- Up-to-date symlink: /home/aliomacc/sti_usv/install/workspace_gz/share/workspace_gz/models/buoys/marker_buoy_red/meshes/marker_buoy.dae
[11.690s] -- Up-to-date symlink: /home/aliomacc/sti_usv/install/workspace_gz/share/workspace_gz/models/buoys/marker_buoy_red/model.config
[11.698s] -- Up-to-date symlink: /home/aliomacc/sti_usv/install/workspace_gz/share/workspace_gz/models/buoys/marker_buoy_red/model.sdf
[11.698s] -- Up-to-date symlink: /home/aliomacc/sti_usv/install/workspace_gz/share/workspace_gz/models/buoys/marker_buoy_yellow/materials/textures/MarkerBuoy_Base_Color.png
[11.698s] -- Up-to-date symlink: /home/aliomacc/sti_usv/install/workspace_gz/share/workspace_gz/models/buoys/marker_buoy_yellow/materials/textures/MarkerBuoy_Roughness.png
[11.702s] -- Up-to-date symlink: /home/aliomacc/sti_usv/install/workspace_gz/share/workspace_gz/models/buoys/marker_buoy_yellow/meshes/marker_buoy.dae
[11.709s] -- Up-to-date symlink: /home/aliomacc/sti_usv/install/workspace_gz/share/workspace_gz/models/buoys/marker_buoy_yellow/model.config
[11.710s] -- Up-to-date symlink: /home/aliomacc/sti_usv/install/workspace_gz/share/workspace_gz/models/buoys/marker_buoy_yellow/model.sdf
[11.713s] -- Up-to-date symlink: /home/aliomacc/sti_usv/install/workspace_gz/share/workspace_gz/models/buoys/round_buoy_orange/materials/textures/RoundBarrierBuoy_Base_Color.png
[11.718s] -- Up-to-date symlink: /home/aliomacc/sti_usv/install/workspace_gz/share/workspace_gz/models/buoys/round_buoy_orange/materials/textures/RoundBarrierBuoy_Roughness.png
[11.720s] -- Up-to-date symlink: /home/aliomacc/sti_usv/install/workspace_gz/share/workspace_gz/models/buoys/round_buoy_orange/meshes/round_buoy.dae
[11.720s] -- Up-to-date symlink: /home/aliomacc/sti_usv/install/workspace_gz/share/workspace_gz/models/buoys/round_buoy_orange/model.config
[11.721s] -- Up-to-date symlink: /home/aliomacc/sti_usv/install/workspace_gz/share/workspace_gz/models/buoys/round_buoy_orange/model.sdf
[11.728s] -- Up-to-date symlink: /home/aliomacc/sti_usv/install/workspace_gz/share/workspace_gz/models/roboboat/materials/textures/roboboat_albedo.png
[11.736s] -- Up-to-date symlink: /home/aliomacc/sti_usv/install/workspace_gz/share/workspace_gz/models/roboboat/materials/textures/roboboat_metalness.png
[11.736s] -- Up-to-date symlink: /home/aliomacc/sti_usv/install/workspace_gz/share/workspace_gz/models/roboboat/materials/textures/roboboat_normal.png
[11.737s] -- Up-to-date symlink: /home/aliomacc/sti_usv/install/workspace_gz/share/workspace_gz/models/roboboat/materials/textures/roboboat_roughness.png
[11.738s] -- Up-to-date symlink: /home/aliomacc/sti_usv/install/workspace_gz/share/workspace_gz/models/roboboat/materials/textures/thruster_albedo.png
[11.738s] -- Up-to-date symlink: /home/aliomacc/sti_usv/install/workspace_gz/share/workspace_gz/models/roboboat/materials/textures/thruster_roughness.png
[11.745s] -- Up-to-date symlink: /home/aliomacc/sti_usv/install/workspace_gz/share/workspace_gz/models/roboboat/meshes/housing.dae
[11.749s] -- Up-to-date symlink: /home/aliomacc/sti_usv/install/workspace_gz/share/workspace_gz/models/roboboat/meshes/mount.dae
[11.749s] -- Up-to-date symlink: /home/aliomacc/sti_usv/install/workspace_gz/share/workspace_gz/models/roboboat/meshes/prop.dae
[11.749s] -- Up-to-date symlink: /home/aliomacc/sti_usv/install/workspace_gz/share/workspace_gz/models/roboboat/meshes/roboboat.dae
[11.749s] -- Up-to-date symlink: /home/aliomacc/sti_usv/install/workspace_gz/share/workspace_gz/models/roboboat/sensors/camera/materials/textures/camera.png
[11.750s] -- Up-to-date symlink: /home/aliomacc/sti_usv/install/workspace_gz/share/workspace_gz/models/roboboat/sensors/camera/materials/textures/camera_albedo.png
[11.750s] -- Up-to-date symlink: /home/aliomacc/sti_usv/install/workspace_gz/share/workspace_gz/models/roboboat/sensors/camera/materials/textures/camera_metalness.png
[11.763s] -- Up-to-date symlink: /home/aliomacc/sti_usv/install/workspace_gz/share/workspace_gz/models/roboboat/sensors/camera/materials/textures/camera_normal.png
[11.763s] -- Up-to-date symlink: /home/aliomacc/sti_usv/install/workspace_gz/share/workspace_gz/models/roboboat/sensors/camera/materials/textures/camera_roughness.png
[11.763s] -- Up-to-date symlink: /home/aliomacc/sti_usv/install/workspace_gz/share/workspace_gz/models/roboboat/sensors/camera/meshes/camera.dae
[11.764s] -- Up-to-date symlink: /home/aliomacc/sti_usv/install/workspace_gz/share/workspace_gz/models/roboboat/sensors/camera/meshes/camera_albedo.png
[11.768s] -- Up-to-date symlink: /home/aliomacc/sti_usv/install/workspace_gz/share/workspace_gz/models/roboboat/sensors/camera_post/materials/textures/post_albedo.png
[11.768s] -- Up-to-date symlink: /home/aliomacc/sti_usv/install/workspace_gz/share/workspace_gz/models/roboboat/sensors/camera_post/meshes/post.dae
[11.789s] -- Up-to-date symlink: /home/aliomacc/sti_usv/install/workspace_gz/share/workspace_gz/models/roboboat/sensors/camera_post/meshes/post_albedo.jpg
[11.790s] -- Up-to-date symlink: /home/aliomacc/sti_usv/install/workspace_gz/share/workspace_gz/models/roboboat/sensors/drybox/materials/textures/drybox_albedo.png
[11.791s] -- Up-to-date symlink: /home/aliomacc/sti_usv/install/workspace_gz/share/workspace_gz/models/roboboat/sensors/drybox/materials/textures/drybox_roughness.png
[11.805s] -- Up-to-date symlink: /home/aliomacc/sti_usv/install/workspace_gz/share/workspace_gz/models/roboboat/sensors/drybox/meshes/drybox.dae
[11.805s] -- Up-to-date symlink: /home/aliomacc/sti_usv/install/workspace_gz/share/workspace_gz/models/roboboat/sensors/gps/materials/textures/gps_albedo.png
[11.805s] -- Up-to-date symlink: /home/aliomacc/sti_usv/install/workspace_gz/share/workspace_gz/models/roboboat/sensors/gps/meshes/gps.dae
[11.806s] -- Up-to-date symlink: /home/aliomacc/sti_usv/install/workspace_gz/share/workspace_gz/models/roboboat/sensors/gps/meshes/gps_albedo.png
[11.806s] -- Up-to-date symlink: /home/aliomacc/sti_usv/install/workspace_gz/share/workspace_gz/models/roboboat/sensors/lidar/materials/textures/lidar.png
[11.807s] -- Up-to-date symlink: /home/aliomacc/sti_usv/install/workspace_gz/share/workspace_gz/models/roboboat/sensors/lidar/materials/textures/lidar_albedo.png
[11.807s] -- Up-to-date symlink: /home/aliomacc/sti_usv/install/workspace_gz/share/workspace_gz/models/roboboat/sensors/lidar/materials/textures/lidar_metalness.png
[11.807s] -- Up-to-date symlink: /home/aliomacc/sti_usv/install/workspace_gz/share/workspace_gz/models/roboboat/sensors/lidar/materials/textures/lidar_normal.png
[11.808s] -- Up-to-date symlink: /home/aliomacc/sti_usv/install/workspace_gz/share/workspace_gz/models/roboboat/sensors/lidar/materials/textures/lidar_roughness.png
[11.808s] -- Up-to-date symlink: /home/aliomacc/sti_usv/install/workspace_gz/share/workspace_gz/models/roboboat/sensors/lidar/meshes/lidar.dae
[11.808s] -- Up-to-date symlink: /home/aliomacc/sti_usv/install/workspace_gz/share/workspace_gz/models/roboboat/sensors/lidar/meshes/lidar_albedo.png
[11.815s] -- Up-to-date symlink: /home/aliomacc/sti_usv/install/workspace_gz/share/workspace_gz/models/roboboat/sensors/lidar_post/materials/textures/post_albedo.png
[11.825s] -- Up-to-date symlink: /home/aliomacc/sti_usv/install/workspace_gz/share/workspace_gz/models/roboboat/sensors/lidar_post/meshes/post.dae
[11.825s] -- Up-to-date symlink: /home/aliomacc/sti_usv/install/workspace_gz/share/workspace_gz/models/roboboat/sensors/lidar_post/meshes/post_albedo.jpg
[11.826s] -- Up-to-date symlink: /home/aliomacc/sti_usv/install/workspace_gz/share/workspace_gz/models/waves/materials/programs/GerstnerWaves_fs_330.glsl
[11.826s] -- Up-to-date symlink: /home/aliomacc/sti_usv/install/workspace_gz/share/workspace_gz/models/waves/materials/programs/GerstnerWaves_vs_330.glsl
[11.834s] -- Up-to-date symlink: /home/aliomacc/sti_usv/install/workspace_gz/share/workspace_gz/models/waves/materials/textures/skybox_lowres.dds
[11.835s] -- Up-to-date symlink: /home/aliomacc/sti_usv/install/workspace_gz/share/workspace_gz/models/waves/materials/textures/wave_normals.dds
[11.835s] -- Up-to-date symlink: /home/aliomacc/sti_usv/install/workspace_gz/share/workspace_gz/models/waves/meshes/waterlow.dae
[11.852s] -- Up-to-date symlink: /home/aliomacc/sti_usv/install/workspace_gz/share/workspace_gz/models/waves/model.config
[11.853s] -- Up-to-date symlink: /home/aliomacc/sti_usv/install/workspace_gz/share/workspace_gz/models/waves/model.sdf
[11.853s] -- Up-to-date symlink: /home/aliomacc/sti_usv/install/workspace_gz/share/workspace_gz/worlds/world.sdf
[11.864s] -- Up-to-date symlink: /home/aliomacc/sti_usv/install/workspace_gz/share/workspace_gz/description/roboboat/roboboat.xacro
[11.864s] -- Up-to-date symlink: /home/aliomacc/sti_usv/install/workspace_gz/share/ament_index/resource_index/package_run_dependencies/workspace_gz
[11.864s] -- Up-to-date symlink: /home/aliomacc/sti_usv/install/workspace_gz/share/ament_index/resource_index/parent_prefix_path/workspace_gz
[11.875s] -- Up-to-date symlink: /home/aliomacc/sti_usv/install/workspace_gz/share/workspace_gz/environment/ament_prefix_path.sh
[11.881s] -- Up-to-date symlink: /home/aliomacc/sti_usv/install/workspace_gz/share/workspace_gz/environment/ament_prefix_path.dsv
[11.882s] -- Up-to-date symlink: /home/aliomacc/sti_usv/install/workspace_gz/share/workspace_gz/environment/path.sh
[11.882s] -- Up-to-date symlink: /home/aliomacc/sti_usv/install/workspace_gz/share/workspace_gz/environment/path.dsv
[11.883s] -- Up-to-date symlink: /home/aliomacc/sti_usv/install/workspace_gz/share/workspace_gz/local_setup.bash
[11.891s] -- Up-to-date symlink: /home/aliomacc/sti_usv/install/workspace_gz/share/workspace_gz/local_setup.sh
[11.891s] -- Up-to-date symlink: /home/aliomacc/sti_usv/install/workspace_gz/share/workspace_gz/local_setup.zsh
[11.892s] -- Up-to-date symlink: /home/aliomacc/sti_usv/install/workspace_gz/share/workspace_gz/local_setup.dsv
[11.899s] -- Symlinking: /home/aliomacc/sti_usv/install/workspace_gz/share/workspace_gz/package.dsv
[12.079s] -- Up-to-date symlink: /home/aliomacc/sti_usv/install/workspace_gz/share/ament_index/resource_index/packages/workspace_gz
[12.084s] -- Up-to-date symlink: /home/aliomacc/sti_usv/install/workspace_gz/share/workspace_gz/cmake/workspace_gzConfig.cmake
[12.085s] -- Up-to-date symlink: /home/aliomacc/sti_usv/install/workspace_gz/share/workspace_gz/cmake/workspace_gzConfig-version.cmake
[12.086s] -- Up-to-date symlink: /home/aliomacc/sti_usv/install/workspace_gz/share/workspace_gz/package.xml
[12.130s] Invoked command in '/home/aliomacc/sti_usv/build/workspace_gz' returned '0': CMAKE_PREFIX_PATH=${CMAKE_PREFIX_PATH}:/home/aliomacc/ros2_ws/install/actions_py:/home/aliomacc/ros2_ws/install/lifecycle_py:/opt/ros/humble /usr/bin/cmake --install /home/aliomacc/sti_usv/build/workspace_gz
