[0.010s] Invoking command in '/home/tugmirk/Desktop/garp-test/build/workspace_gz': CMAKE_PREFIX_PATH=${CMAKE_PREFIX_PATH}:/opt/ros/jazzy DEBUGINFOD_URLS=https://debuginfod.ubuntu.com /usr/bin/cmake /home/tugmirk/Desktop/garp-test/workspace_gz -DAMENT_CMAKE_SYMLINK_INSTALL=1 -DCMAKE_INSTALL_PREFIX=/home/tugmirk/Desktop/garp-test/install/workspace_gz
[0.120s] -- The C compiler identification is GNU 13.3.0
[0.120s] -- The CXX compiler identification is GNU 13.3.0
[0.120s] -- Detecting C compiler ABI info
[0.237s] -- Detecting C compiler ABI info - done
[0.237s] -- Check for working C compiler: /usr/bin/cc - skipped
[0.237s] -- Detecting C compile features
[0.237s] -- Detecting C compile features - done
[0.237s] -- Detecting CXX compiler ABI info
[0.252s] -- Detecting CXX compiler ABI info - done
[0.257s] -- Check for working CXX compiler: /usr/bin/c++ - skipped
[0.257s] -- Detecting CXX compile features
[0.258s] -- Detecting CXX compile features - done
[0.260s] -- Found ament_cmake: 2.5.4 (/opt/ros/jazzy/share/ament_cmake/cmake)
[0.357s] -- Found Python3: /usr/bin/python3 (found version "3.12.3") found components: Interpreter 
[0.399s] -- Override CMake install command with custom implementation using symlinks instead of copying resources
[0.429s] -- Looking for gz-sim8 -- found version 8.10.0
[0.436s] -- Searching for dependencies of gz-sim8
[0.437s] -- Looking for sdformat14 -- found version 14.8.0
[0.437s] -- Searching for dependencies of sdformat14
[0.441s] -- Checking for module 'tinyxml2'
[0.454s] --   Found tinyxml2, version 10.0.0
[0.485s] -- Looking for gz-math7 -- found version 7.5.2
[0.485s] -- Searching for dependencies of gz-math7
[0.486s] -- Looking for gz-utils2 -- found version 2.2.1
[0.486s] -- Searching for dependencies of gz-utils2
[0.487s] -- Looking for gz-utils2 -- found version 2.2.1
[0.487s] -- Searching for dependencies of gz-utils2
[0.487s] -- Searching for <gz-utils2> component [cli]
[0.488s] -- Looking for gz-utils2-cli -- found version 2.2.1
[0.488s] -- Searching for dependencies of gz-utils2-cli
[0.490s] -- Looking for gz-plugin2 -- found version 2.0.4
[0.490s] -- Searching for dependencies of gz-plugin2
[0.490s] -- Looking for gz-utils2 -- found version 2.2.1
[0.490s] -- Searching for <gz-plugin2> component [loader]
[0.491s] -- Looking for gz-plugin2-loader -- found version 2.0.4
[0.491s] -- Searching for dependencies of gz-plugin2-loader
[0.491s] -- Searching for <gz-plugin2> component [register]
[0.492s] -- Looking for gz-plugin2-register -- found version 2.0.4
[0.492s] -- Searching for dependencies of gz-plugin2-register
[0.494s] -- Looking for gz-transport13 -- found version 13.5.0
[0.494s] -- Searching for dependencies of gz-transport13
[0.584s] -- Found Protobuf: /usr/lib/x86_64-linux-gnu/libprotobuf.so (found version "3.21.12") 
[0.590s] -- Config-file not installed for ZeroMQ -- checking for pkg-config
[0.594s] -- Checking for module 'libzmq >= 4'
[0.606s] --   Found libzmq, version 4.3.5
[0.639s] -- Found ZeroMQ: TRUE (Required is at least version "4") 
[0.644s] -- Checking for module 'uuid'
[0.655s] --   Found uuid, version 2.39.3
[0.684s] -- Found UUID: TRUE  
[0.684s] -- Looking for gz-utils2 -- found version 2.2.1
[0.685s] -- Looking for gz-msgs10 -- found version 10.3.2
[0.685s] -- Searching for dependencies of gz-msgs10
[0.697s] -- Looking for gz-utils2 -- found version 2.2.1
[0.697s] -- Looking for gz-math7 -- found version 7.5.2
[0.703s] -- Searching for <gz-transport13> component [log]
[0.705s] -- Looking for gz-transport13-log -- found version 13.5.0
[0.705s] -- Searching for dependencies of gz-transport13-log
[0.706s] -- Searching for <gz-transport13> component [parameters]
[0.707s] -- Looking for gz-transport13-parameters -- found version 13.5.0
[0.707s] -- Searching for dependencies of gz-transport13-parameters
[0.708s] -- Looking for gz-msgs10 -- found version 10.3.2
[0.710s] -- Looking for gz-common5 -- found version 5.7.1
[0.710s] -- Searching for dependencies of gz-common5
[0.710s] -- Looking for gz-utils2 -- found version 2.2.1
[0.711s] -- Looking for dlfcn.h - found
[0.712s] -- Looking for libdl - found
[0.712s] -- Found DL: TRUE  
[0.717s] -- Searching for <gz-common5> component [av]
[0.719s] -- Looking for gz-common5-av -- found version 5.7.1
[0.719s] -- Searching for dependencies of gz-common5-av
[0.723s] -- Checking for module 'libswscale'
[0.736s] --   Found libswscale, version 7.5.100
[0.766s] -- Found SWSCALE: TRUE  
[0.770s] -- Checking for module 'libavdevice >= 56.4.100'
[0.782s] --   Found libavdevice, version 60.3.100
[0.819s] -- Found AVDEVICE: TRUE (Required is at least version "56.4.100") 
[0.823s] -- Checking for module 'libavformat'
[0.837s] --   Found libavformat, version 60.16.100
[0.868s] -- Found AVFORMAT: TRUE  
[0.872s] -- Checking for module 'libavcodec'
[0.886s] --   Found libavcodec, version 60.31.102
[0.982s] -- Found AVCODEC: TRUE  
[0.987s] -- Checking for module 'libavutil'
[1.000s] --   Found libavutil, version 58.29.100
[1.051s] -- Found AVUTIL: TRUE  
[1.052s] -- Searching for <gz-common5> component [events]
[1.056s] -- Looking for gz-common5-events -- found version 5.7.1
[1.057s] -- Searching for dependencies of gz-common5-events
[1.058s] -- Looking for gz-math7 -- found version 7.5.2
[1.058s] -- Searching for <gz-common5> component [graphics]
[1.061s] -- Looking for gz-common5-graphics -- found version 5.7.1
[1.061s] -- Searching for dependencies of gz-common5-graphics
[1.061s] -- Looking for gz-math7 -- found version 7.5.2
[1.066s] -- Found GzAssimp: TRUE (found version "5.3.0") 
[1.066s] -- Searching for <gz-common5> component [io]
[1.067s] -- Looking for gz-common5-io -- found version 5.7.1
[1.067s] -- Searching for dependencies of gz-common5-io
[1.067s] -- Searching for <gz-common5> component [profiler]
[1.068s] -- Looking for gz-common5-profiler -- found version 5.7.1
[1.068s] -- Searching for dependencies of gz-common5-profiler
[1.069s] -- Looking for gz-fuel_tools9 -- found version 9.1.1
[1.069s] -- Searching for dependencies of gz-fuel_tools9
[1.250s] -- Found CURL: /usr/lib/x86_64-linux-gnu/libcurl.so (found version "8.5.0")  
[1.257s] -- Checking for module 'jsoncpp'
[1.277s] --   Found jsoncpp, version 1.9.5
[1.384s] -- Found JSONCPP: TRUE  
[1.415s] -- Checking for module 'yaml-0.1'
[1.437s] --   Found yaml-0.1, version 0.2.5
[1.542s] -- Found YAML: TRUE  
[1.555s] -- Checking for module 'libzip'
[1.600s] --   Found libzip, version 1.7.3
[1.707s] -- Found ZIP: TRUE  
[1.708s] -- Looking for gz-utils2 -- found version 2.2.1
[1.709s] -- Looking for gz-common5 -- found version 5.7.1
[1.709s] -- Searching for dependencies of gz-common5
[1.710s] -- Looking for gz-utils2 -- found version 2.2.1
[1.710s] -- Looking for dlfcn.h - found
[1.710s] -- Looking for libdl - found
[1.720s] -- Searching for <gz-common5> component [testing]
[1.722s] -- Looking for gz-common5-testing -- found version 5.7.1
[1.723s] -- Searching for dependencies of gz-common5-testing
[1.724s] -- Looking for gz-math7 -- found version 7.5.2
[1.725s] -- Looking for gz-msgs10 -- found version 10.3.2
[1.727s] -- Looking for gz-gui8 -- found version 8.4.0
[1.727s] -- Searching for dependencies of gz-gui8
[1.755s] -- Looking for gz-utils2 -- found version 2.2.1
[1.756s] -- Looking for gz-math7 -- found version 7.5.2
[1.756s] -- Looking for gz-common5 -- found version 5.7.1
[1.757s] -- Looking for gz-plugin2 -- found version 2.0.4
[1.757s] -- Looking for gz-transport13 -- found version 13.5.0
[1.759s] -- Looking for gz-rendering8 -- found version 8.2.2
[1.759s] -- Searching for dependencies of gz-rendering8
[1.759s] -- Looking for gz-math7 -- found version 7.5.2
[1.759s] -- Searching for dependencies of gz-math7
[1.759s] -- Looking for gz-utils2 -- found version 2.2.1
[1.760s] -- Searching for <gz-math7> component [eigen3]
[1.761s] -- Looking for gz-math7-eigen3 -- found version 7.5.2
[1.761s] -- Searching for dependencies of gz-math7-eigen3
[1.766s] -- Looking for gz-common5 -- found version 5.7.1
[1.766s] -- Searching for dependencies of gz-common5
[1.767s] -- Looking for gz-utils2 -- found version 2.2.1
[1.767s] -- Looking for dlfcn.h - found
[1.767s] -- Looking for libdl - found
[1.772s] -- Searching for <gz-common5> component [graphics]
[1.772s] -- Searching for <gz-common5> component [events]
[1.772s] -- Searching for <gz-common5> component [geospatial]
[1.773s] -- Looking for gz-common5-geospatial -- found version 5.7.1
[1.773s] -- Searching for dependencies of gz-common5-geospatial
[1.773s] -- Looking for gz-math7 -- found version 7.5.2
[1.773s] -- Looking for gz-common5 -- found version 5.7.1
[1.774s] -- Looking for gz-plugin2 -- found version 2.0.4
[1.774s] -- Searching for dependencies of gz-plugin2
[1.774s] -- Looking for gz-utils2 -- found version 2.2.1
[1.774s] -- Searching for <gz-plugin2> component [all]
[1.775s] -- Looking for all libraries of gz-plugin2 -- found version 2.0.4
[1.775s] -- Looking for gz-plugin2 -- found version 2.0.4
[1.776s] -- Looking for gz-utils2 -- found version 2.2.1
[1.781s] -- Found OpenGL: /usr/lib/x86_64-linux-gnu/libOpenGL.so  found components: OpenGL 
[1.782s] -- Looking for gz-msgs10 -- found version 10.3.2
[1.793s] -- Looking for gz-physics7 -- found version 7.6.0
[1.793s] -- Searching for dependencies of gz-physics7
[1.793s] -- Looking for gz-common5 -- found version 5.7.1
[1.793s] -- Looking for gz-math7 -- found version 7.5.2
[1.794s] -- Looking for gz-plugin2 -- found version 2.0.4
[1.794s] -- Looking for gz-utils2 -- found version 2.2.1
[1.795s] -- Searching for <gz-physics7> component [heightmap]
[1.795s] -- Looking for gz-physics7-heightmap -- found version 7.6.0
[1.795s] -- Searching for dependencies of gz-physics7-heightmap
[1.795s] -- Looking for gz-common5 -- found version 5.7.1
[1.796s] -- Searching for <gz-physics7> component [mesh]
[1.796s] -- Looking for gz-physics7-mesh -- found version 7.6.0
[1.797s] -- Searching for dependencies of gz-physics7-mesh
[1.797s] -- Looking for gz-common5 -- found version 5.7.1
[1.797s] -- Searching for <gz-physics7> component [sdf]
[1.798s] -- Looking for gz-physics7-sdf -- found version 7.6.0
[1.798s] -- Searching for dependencies of gz-physics7-sdf
[1.798s] -- Looking for sdformat14 -- found version 14.8.0
[1.799s] -- Looking for gz-sensors8 -- found version 8.2.2
[1.799s] -- Searching for dependencies of gz-sensors8
[1.810s] -- Looking for gz-math7 -- found version 7.5.2
[1.810s] -- Looking for gz-common5 -- found version 5.7.1
[1.811s] -- Looking for gz-transport13 -- found version 13.5.0
[1.811s] -- Looking for gz-rendering8 -- found version 8.2.2
[1.811s] -- Looking for gz-msgs10 -- found version 10.3.2
[1.811s] -- Looking for sdformat14 -- found version 14.8.0
[1.811s] -- Searching for <gz-sensors8> component [air_pressure]
[1.812s] -- Looking for gz-sensors8-air_pressure -- found version 8.2.2
[1.812s] -- Searching for dependencies of gz-sensors8-air_pressure
[1.812s] -- Searching for <gz-sensors8> component [air_speed]
[1.813s] -- Looking for gz-sensors8-air_speed -- found version 8.2.2
[1.813s] -- Searching for dependencies of gz-sensors8-air_speed
[1.813s] -- Searching for <gz-sensors8> component [altimeter]
[1.814s] -- Looking for gz-sensors8-altimeter -- found version 8.2.2
[1.814s] -- Searching for dependencies of gz-sensors8-altimeter
[1.814s] -- Searching for <gz-sensors8> component [imu]
[1.815s] -- Looking for gz-sensors8-imu -- found version 8.2.2
[1.815s] -- Searching for dependencies of gz-sensors8-imu
[1.815s] -- Searching for <gz-sensors8> component [force_torque]
[1.816s] -- Looking for gz-sensors8-force_torque -- found version 8.2.2
[1.816s] -- Searching for dependencies of gz-sensors8-force_torque
[1.816s] -- Searching for <gz-sensors8> component [logical_camera]
[1.817s] -- Looking for gz-sensors8-logical_camera -- found version 8.2.2
[1.817s] -- Searching for dependencies of gz-sensors8-logical_camera
[1.817s] -- Searching for <gz-sensors8> component [magnetometer]
[1.818s] -- Looking for gz-sensors8-magnetometer -- found version 8.2.2
[1.818s] -- Searching for dependencies of gz-sensors8-magnetometer
[1.818s] -- Searching for <gz-sensors8> component [navsat]
[1.819s] -- Looking for gz-sensors8-navsat -- found version 8.2.2
[1.819s] -- Searching for dependencies of gz-sensors8-navsat
[1.819s] -- Searching for <gz-sensors8> component [dvl]
[1.820s] -- Looking for gz-sensors8-dvl -- found version 8.2.2
[1.820s] -- Searching for dependencies of gz-sensors8-dvl
[1.820s] -- Looking for gz-sensors8 -- found version 8.2.2
[1.820s] -- Searching for dependencies of gz-sensors8
[1.833s] -- Looking for gz-math7 -- found version 7.5.2
[1.833s] -- Looking for gz-common5 -- found version 5.7.1
[1.833s] -- Looking for gz-transport13 -- found version 13.5.0
[1.833s] -- Looking for gz-rendering8 -- found version 8.2.2
[1.833s] -- Looking for gz-msgs10 -- found version 10.3.2
[1.834s] -- Looking for sdformat14 -- found version 14.8.0
[1.834s] -- Searching for <gz-sensors8> component [rendering]
[1.835s] -- Looking for gz-sensors8-rendering -- found version 8.2.2
[1.835s] -- Searching for dependencies of gz-sensors8-rendering
[1.836s] -- Searching for <gz-sensors8> component [rendering]
[1.836s] -- Searching for <gz-sensors8> component [lidar]
[1.837s] -- Looking for gz-sensors8-lidar -- found version 8.2.2
[1.837s] -- Searching for dependencies of gz-sensors8-lidar
[1.837s] -- Looking for gz-sensors8 -- found version 8.2.2
[1.838s] -- Searching for <gz-sensors8> component [gpu_lidar]
[1.839s] -- Looking for gz-sensors8-gpu_lidar -- found version 8.2.2
[1.839s] -- Searching for dependencies of gz-sensors8-gpu_lidar
[1.839s] -- Looking for gz-sensors8 -- found version 8.2.2
[1.839s] -- Searching for <gz-sensors8> component [camera]
[1.840s] -- Looking for gz-sensors8-camera -- found version 8.2.2
[1.840s] -- Searching for dependencies of gz-sensors8-camera
[1.840s] -- Looking for gz-sensors8 -- found version 8.2.2
[1.841s] -- Searching for <gz-sensors8> component [boundingbox_camera]
[1.842s] -- Looking for gz-sensors8-boundingbox_camera -- found version 8.2.2
[1.842s] -- Searching for dependencies of gz-sensors8-boundingbox_camera
[1.842s] -- Searching for <gz-sensors8> component [segmentation_camera]
[1.843s] -- Looking for gz-sensors8-segmentation_camera -- found version 8.2.2
[1.843s] -- Searching for dependencies of gz-sensors8-segmentation_camera
[1.843s] -- Searching for <gz-sensors8> component [depth_camera]
[1.844s] -- Looking for gz-sensors8-depth_camera -- found version 8.2.2
[1.844s] -- Searching for dependencies of gz-sensors8-depth_camera
[1.844s] -- Looking for gz-sensors8 -- found version 8.2.2
[1.845s] -- Searching for <gz-sensors8> component [rgbd_camera]
[1.845s] -- Looking for gz-sensors8-rgbd_camera -- found version 8.2.2
[1.845s] -- Searching for dependencies of gz-sensors8-rgbd_camera
[1.846s] -- Looking for gz-sensors8 -- found version 8.2.2
[1.846s] -- Searching for <gz-sensors8> component [thermal_camera]
[1.846s] -- Looking for gz-sensors8-thermal_camera -- found version 8.2.2
[1.847s] -- Searching for dependencies of gz-sensors8-thermal_camera
[1.847s] -- Looking for gz-sensors8 -- found version 8.2.2
[1.847s] -- Searching for <gz-sensors8> component [wide_angle_camera]
[1.848s] -- Looking for gz-sensors8-wide_angle_camera -- found version 8.2.2
[1.848s] -- Searching for dependencies of gz-sensors8-wide_angle_camera
[1.848s] -- Looking for gz-rendering8 -- found version 8.2.2
[1.848s] -- Looking for gz-math7 -- found version 7.5.2
[1.849s] -- Looking for gz-utils2 -- found version 2.2.1
[1.860s] -- Looking for gz-common5 -- found version 5.7.1
[1.860s] -- Looking for gz-math7 -- found version 7.5.2
[1.860s] -- Looking for gz-transport13 -- found version 13.5.0
[1.860s] -- Looking for gz-plugin2 -- found version 2.0.4
[1.861s] -- Looking for gz-rendering8 -- found version 8.2.2
[1.861s] -- Looking for gz-sensors8 -- found version 8.2.2
[1.861s] -- Looking for gz-utils2 -- found version 2.2.1
[1.861s] -- Looking for sdformat14 -- found version 14.8.0
[1.863s] -- Found std_msgs: 5.3.6 (/opt/ros/jazzy/share/std_msgs/cmake)
[1.887s] -- Found rosidl_generator_c: 4.6.6 (/opt/ros/jazzy/share/rosidl_generator_c/cmake)
[1.895s] -- Found rosidl_generator_cpp: 4.6.6 (/opt/ros/jazzy/share/rosidl_generator_cpp/cmake)
[1.906s] -- Using all available rosidl_typesupport_c: rosidl_typesupport_fastrtps_c;rosidl_typesupport_introspection_c
[1.917s] -- Using all available rosidl_typesupport_cpp: rosidl_typesupport_fastrtps_cpp;rosidl_typesupport_introspection_cpp
[1.935s] -- Looking for gz-msgs10 -- found version 10.3.2
[1.935s] -- Looking for gz-fuel_tools9 -- found version 9.1.1
[1.988s] -- Configuring done (2.0s)
[2.048s] -- Generating done (0.1s)
[2.059s] -- Build files have been written to: /home/tugmirk/Desktop/garp-test/build/workspace_gz
[2.068s] Invoked command in '/home/tugmirk/Desktop/garp-test/build/workspace_gz' returned '0': CMAKE_PREFIX_PATH=${CMAKE_PREFIX_PATH}:/opt/ros/jazzy DEBUGINFOD_URLS=https://debuginfod.ubuntu.com /usr/bin/cmake /home/tugmirk/Desktop/garp-test/workspace_gz -DAMENT_CMAKE_SYMLINK_INSTALL=1 -DCMAKE_INSTALL_PREFIX=/home/tugmirk/Desktop/garp-test/install/workspace_gz
[2.068s] Invoking command in '/home/tugmirk/Desktop/garp-test/build/workspace_gz': CMAKE_PREFIX_PATH=${CMAKE_PREFIX_PATH}:/opt/ros/jazzy DEBUGINFOD_URLS=https://debuginfod.ubuntu.com /usr/bin/cmake --build /home/tugmirk/Desktop/garp-test/build/workspace_gz -- -j32 -l32
[2.127s] [  2%] Building CXX object CMakeFiles/Waves.dir/plugins/Wavefield.cc.o
[2.128s] [  4%] Building CXX object CMakeFiles/ScoringPlugin.dir/plugins/ScoringPlugin.cc.o
[3.721s] [  6%] Linking CXX shared library libWaves.so
[3.829s] [  6%] Built target Waves
[3.846s] [ 10%] Building CXX object CMakeFiles/PolyhedraBuoyancyDrag.dir/plugins/PolyhedraBuoyancyDrag.cc.o
[3.846s] [ 10%] Building CXX object CMakeFiles/PolyhedraBuoyancyDrag.dir/plugins/ShapeVolume.cc.o
[3.846s] [ 12%] Building CXX object CMakeFiles/PolyhedraBuoyancyDrag.dir/plugins/PolyhedronVolume.cc.o
[4.420s] [ 14%] Linking CXX shared library libScoringPlugin.so
[4.546s] [ 14%] Built target ScoringPlugin
[4.564s] [ 16%] Building CXX object CMakeFiles/AcousticPerceptionScoringPlugin.dir/plugins/AcousticPerceptionScoringPlugin.cc.o
[4.564s] [ 18%] Building CXX object CMakeFiles/AcousticPerceptionScoringPlugin.dir/plugins/WaypointMarkers.cc.o
[4.565s] [ 20%] Building CXX object CMakeFiles/AcousticPingerPlugin.dir/plugins/AcousticPingerPlugin.cc.o
[4.566s] [ 22%] Building CXX object CMakeFiles/WaveVisual.dir/plugins/WaveVisual.cc.o
[4.566s] [ 25%] Building CXX object CMakeFiles/AcousticTrackingScoringPlugin.dir/plugins/WaypointMarkers.cc.o
[4.566s] [ 27%] Building CXX object CMakeFiles/AcousticTrackingScoringPlugin.dir/plugins/AcousticTrackingScoringPlugin.cc.o
[4.566s] [ 29%] Building CXX object CMakeFiles/WayfindingScoringPlugin.dir/plugins/WaypointMarkers.cc.o
[4.567s] [ 33%] Building CXX object CMakeFiles/ScanDockScoringPlugin.dir/plugins/ScanDockScoringPlugin.cc.o
[4.567s] [ 33%] Building CXX object CMakeFiles/StationkeepingScoringPlugin.dir/plugins/WaypointMarkers.cc.o
[4.568s] [ 35%] Building CXX object CMakeFiles/SimpleHydrodynamics.dir/plugins/SimpleHydrodynamics.cc.o
[4.569s] [ 37%] Building CXX object CMakeFiles/StationkeepingScoringPlugin.dir/plugins/StationkeepingScoringPlugin.cc.o
[4.570s] [ 39%] Building CXX object CMakeFiles/Surface.dir/plugins/Surface.cc.o
[4.570s] [ 41%] Building CXX object CMakeFiles/WayfindingScoringPlugin.dir/plugins/WayfindingScoringPlugin.cc.o
[4.570s] [ 43%] Building CXX object CMakeFiles/PublisherPlugin.dir/plugins/PublisherPlugin.cc.o
[4.570s] [ 47%] Building CXX object CMakeFiles/BallShooterPlugin.dir/plugins/BallShooterPlugin.cc.o
[4.571s] [ 47%] Building CXX object CMakeFiles/LightBuoyPlugin.dir/plugins/LightBuoyPlugin.cc.o
[4.571s] [ 50%] Building CXX object CMakeFiles/GymkhanaScoringPlugin.dir/plugins/GymkhanaScoringPlugin.cc.o
[4.571s] [ 52%] Building CXX object CMakeFiles/USVWind.dir/plugins/USVWind.cc.o
[4.572s] [ 54%] Building CXX object CMakeFiles/NavigationScoringPlugin.dir/plugins/NavigationScoringPlugin.cc.o
[4.572s] [ 56%] Building CXX object CMakeFiles/WildlifeScoringPlugin.dir/plugins/WildlifeScoringPlugin.cc.o
[4.572s] [ 58%] Building CXX object CMakeFiles/PerceptionScoringPlugin.dir/plugins/PerceptionScoringPlugin.cc.o
[4.572s] [ 60%] Building CXX object CMakeFiles/PlacardPlugin.dir/plugins/PlacardPlugin.cc.o
[7.220s] [ 62%] Linking CXX shared library libLightBuoyPlugin.so
[7.472s] [ 62%] Built target LightBuoyPlugin
[7.754s] [ 64%] Linking CXX shared library libPlacardPlugin.so
[7.934s] [ 64%] Built target PlacardPlugin
[8.547s] [ 66%] Linking CXX shared library libAcousticPerceptionScoringPlugin.so
[8.651s] [ 68%] Linking CXX shared library libPublisherPlugin.so
[8.671s] [ 70%] Linking CXX shared library libAcousticPingerPlugin.so
[8.797s] [ 72%] Linking CXX shared library libStationkeepingScoringPlugin.so
[8.808s] [ 72%] Built target AcousticPerceptionScoringPlugin
[8.814s] [ 72%] Built target PublisherPlugin
[8.878s] [ 72%] Built target AcousticPingerPlugin
[8.957s] [ 75%] Linking CXX shared library libWaveVisual.so
[9.001s] [ 75%] Built target StationkeepingScoringPlugin
[9.027s] [ 77%] Linking CXX shared library libSurface.so
[9.152s] [ 77%] Built target WaveVisual
[9.278s] [ 77%] Built target Surface
[9.413s] [ 79%] Linking CXX shared library libSimpleHydrodynamics.so
[9.428s] [ 81%] Linking CXX shared library libGymkhanaScoringPlugin.so
[9.473s] [ 83%] Linking CXX shared library libPolyhedraBuoyancyDrag.so
[9.551s] [ 83%] Built target SimpleHydrodynamics
[9.596s] [ 83%] Built target GymkhanaScoringPlugin
[9.642s] [ 85%] Linking CXX shared library libNavigationScoringPlugin.so
[9.662s] [ 85%] Built target PolyhedraBuoyancyDrag
[9.796s] [ 87%] Linking CXX shared library libWildlifeScoringPlugin.so
[9.812s] [ 87%] Built target NavigationScoringPlugin
[9.818s] [ 89%] Linking CXX shared library libPerceptionScoringPlugin.so
[9.992s] [ 89%] Built target WildlifeScoringPlugin
[10.008s] [ 89%] Built target PerceptionScoringPlugin
[10.137s] [ 91%] Linking CXX shared library libBallShooterPlugin.so
[10.296s] [ 91%] Built target BallShooterPlugin
[10.296s] [ 93%] Linking CXX shared library libWayfindingScoringPlugin.so
[10.450s] [ 93%] Built target WayfindingScoringPlugin
[10.501s] [ 95%] Linking CXX shared library libAcousticTrackingScoringPlugin.so
[10.638s] [ 95%] Built target AcousticTrackingScoringPlugin
[10.686s] [ 97%] Linking CXX shared library libUSVWind.so
[10.809s] [ 97%] Built target USVWind
[11.024s] [100%] Linking CXX shared library libScanDockScoringPlugin.so
[11.153s] [100%] Built target ScanDockScoringPlugin
[11.161s] Invoked command in '/home/tugmirk/Desktop/garp-test/build/workspace_gz' returned '0': CMAKE_PREFIX_PATH=${CMAKE_PREFIX_PATH}:/opt/ros/jazzy DEBUGINFOD_URLS=https://debuginfod.ubuntu.com /usr/bin/cmake --build /home/tugmirk/Desktop/garp-test/build/workspace_gz -- -j32 -l32
[11.167s] Invoking command in '/home/tugmirk/Desktop/garp-test/build/workspace_gz': CMAKE_PREFIX_PATH=${CMAKE_PREFIX_PATH}:/opt/ros/jazzy DEBUGINFOD_URLS=https://debuginfod.ubuntu.com /usr/bin/cmake --install /home/tugmirk/Desktop/garp-test/build/workspace_gz
[11.172s] -- Install configuration: ""
[11.172s] -- Execute custom install script
[11.173s] -- Symlinking: /home/tugmirk/Desktop/garp-test/install/workspace_gz/lib/libWaves.so
[11.182s] -- Symlinking: /home/tugmirk/Desktop/garp-test/install/workspace_gz/lib/libPolyhedraBuoyancyDrag.so
[11.188s] -- Symlinking: /home/tugmirk/Desktop/garp-test/install/workspace_gz/lib/libScoringPlugin.so
[11.193s] -- Symlinking: /home/tugmirk/Desktop/garp-test/install/workspace_gz/lib/libStationkeepingScoringPlugin.so
[11.203s] -- Symlinking: /home/tugmirk/Desktop/garp-test/install/workspace_gz/lib/libWayfindingScoringPlugin.so
[11.216s] -- Symlinking: /home/tugmirk/Desktop/garp-test/install/workspace_gz/lib/libAcousticPerceptionScoringPlugin.so
[11.229s] -- Symlinking: /home/tugmirk/Desktop/garp-test/install/workspace_gz/lib/libAcousticTrackingScoringPlugin.so
[11.240s] -- Symlinking: /home/tugmirk/Desktop/garp-test/install/workspace_gz/lib/libAcousticPingerPlugin.so
[11.261s] -- Symlinking: /home/tugmirk/Desktop/garp-test/install/workspace_gz/lib/libBallShooterPlugin.so
[11.276s] -- Symlinking: /home/tugmirk/Desktop/garp-test/install/workspace_gz/lib/libLightBuoyPlugin.so
[11.283s] -- Symlinking: /home/tugmirk/Desktop/garp-test/install/workspace_gz/lib/libNavigationScoringPlugin.so
[11.292s] -- Symlinking: /home/tugmirk/Desktop/garp-test/install/workspace_gz/lib/libGymkhanaScoringPlugin.so
[11.301s] -- Symlinking: /home/tugmirk/Desktop/garp-test/install/workspace_gz/lib/libPerceptionScoringPlugin.so
[11.319s] -- Symlinking: /home/tugmirk/Desktop/garp-test/install/workspace_gz/lib/libPlacardPlugin.so
[11.340s] -- Symlinking: /home/tugmirk/Desktop/garp-test/install/workspace_gz/lib/libPublisherPlugin.so
[11.364s] -- Symlinking: /home/tugmirk/Desktop/garp-test/install/workspace_gz/lib/libScanDockScoringPlugin.so
[11.387s] -- Symlinking: /home/tugmirk/Desktop/garp-test/install/workspace_gz/lib/libSimpleHydrodynamics.so
[11.405s] -- Symlinking: /home/tugmirk/Desktop/garp-test/install/workspace_gz/lib/libSurface.so
[11.422s] -- Symlinking: /home/tugmirk/Desktop/garp-test/install/workspace_gz/lib/libUSVWind.so
[11.432s] -- Symlinking: /home/tugmirk/Desktop/garp-test/install/workspace_gz/lib/libWaveVisual.so
[11.442s] -- Symlinking: /home/tugmirk/Desktop/garp-test/install/workspace_gz/lib/libWildlifeScoringPlugin.so
[11.462s] -- Symlinking: /home/tugmirk/Desktop/garp-test/install/workspace_gz/share/workspace_gz//description/roboboat/roboboat.xacro
[11.483s] -- Symlinking: /home/tugmirk/Desktop/garp-test/install/workspace_gz/share/workspace_gz//launch/simulation.launch.py
[11.501s] -- Symlinking: /home/tugmirk/Desktop/garp-test/install/workspace_gz/share/workspace_gz//models/buoys/marker_buoy_black/materials/textures/MarkerBuoy_Base_Color.png
[11.519s] -- Symlinking: /home/tugmirk/Desktop/garp-test/install/workspace_gz/share/workspace_gz//models/buoys/marker_buoy_black/materials/textures/MarkerBuoy_Roughness.png
[11.537s] -- Symlinking: /home/tugmirk/Desktop/garp-test/install/workspace_gz/share/workspace_gz//models/buoys/marker_buoy_black/meshes/marker_buoy.dae
[11.552s] -- Symlinking: /home/tugmirk/Desktop/garp-test/install/workspace_gz/share/workspace_gz//models/buoys/marker_buoy_black/model.config
[11.571s] -- Symlinking: /home/tugmirk/Desktop/garp-test/install/workspace_gz/share/workspace_gz//models/buoys/marker_buoy_black/model.sdf
[11.595s] -- Symlinking: /home/tugmirk/Desktop/garp-test/install/workspace_gz/share/workspace_gz//models/buoys/marker_buoy_green/materials/textures/MarkerBuoy_Base_Color.png
[11.613s] -- Symlinking: /home/tugmirk/Desktop/garp-test/install/workspace_gz/share/workspace_gz//models/buoys/marker_buoy_green/materials/textures/MarkerBuoy_Roughness.png
[11.634s] -- Symlinking: /home/tugmirk/Desktop/garp-test/install/workspace_gz/share/workspace_gz//models/buoys/marker_buoy_green/meshes/marker_buoy.dae
[11.656s] -- Symlinking: /home/tugmirk/Desktop/garp-test/install/workspace_gz/share/workspace_gz//models/buoys/marker_buoy_green/model.config
[11.672s] -- Symlinking: /home/tugmirk/Desktop/garp-test/install/workspace_gz/share/workspace_gz//models/buoys/marker_buoy_green/model.sdf
[11.684s] -- Symlinking: /home/tugmirk/Desktop/garp-test/install/workspace_gz/share/workspace_gz//models/buoys/marker_buoy_orange/materials/textures/MarkerBuoy_Base_Color.png
[11.704s] -- Symlinking: /home/tugmirk/Desktop/garp-test/install/workspace_gz/share/workspace_gz//models/buoys/marker_buoy_orange/materials/textures/MarkerBuoy_Roughness.png
[11.719s] -- Symlinking: /home/tugmirk/Desktop/garp-test/install/workspace_gz/share/workspace_gz//models/buoys/marker_buoy_orange/meshes/marker_buoy.dae
[11.730s] -- Symlinking: /home/tugmirk/Desktop/garp-test/install/workspace_gz/share/workspace_gz//models/buoys/marker_buoy_orange/model.config
[11.743s] -- Symlinking: /home/tugmirk/Desktop/garp-test/install/workspace_gz/share/workspace_gz//models/buoys/marker_buoy_orange/model.sdf
[11.756s] -- Symlinking: /home/tugmirk/Desktop/garp-test/install/workspace_gz/share/workspace_gz//models/buoys/marker_buoy_red/materials/textures/MarkerBuoy_Base_Color.png
[11.773s] -- Symlinking: /home/tugmirk/Desktop/garp-test/install/workspace_gz/share/workspace_gz//models/buoys/marker_buoy_red/materials/textures/MarkerBuoy_Roughness.png
[11.792s] -- Symlinking: /home/tugmirk/Desktop/garp-test/install/workspace_gz/share/workspace_gz//models/buoys/marker_buoy_red/meshes/marker_buoy.dae
[11.817s] -- Symlinking: /home/tugmirk/Desktop/garp-test/install/workspace_gz/share/workspace_gz//models/buoys/marker_buoy_red/model.config
[11.839s] -- Symlinking: /home/tugmirk/Desktop/garp-test/install/workspace_gz/share/workspace_gz//models/buoys/marker_buoy_red/model.sdf
[11.862s] -- Symlinking: /home/tugmirk/Desktop/garp-test/install/workspace_gz/share/workspace_gz//models/buoys/marker_buoy_yellow/materials/textures/MarkerBuoy_Base_Color.png
[11.887s] -- Symlinking: /home/tugmirk/Desktop/garp-test/install/workspace_gz/share/workspace_gz//models/buoys/marker_buoy_yellow/materials/textures/MarkerBuoy_Roughness.png
[11.908s] -- Symlinking: /home/tugmirk/Desktop/garp-test/install/workspace_gz/share/workspace_gz//models/buoys/marker_buoy_yellow/meshes/marker_buoy.dae
[11.918s] -- Symlinking: /home/tugmirk/Desktop/garp-test/install/workspace_gz/share/workspace_gz//models/buoys/marker_buoy_yellow/model.config
[11.931s] -- Symlinking: /home/tugmirk/Desktop/garp-test/install/workspace_gz/share/workspace_gz//models/buoys/marker_buoy_yellow/model.sdf
[11.943s] -- Symlinking: /home/tugmirk/Desktop/garp-test/install/workspace_gz/share/workspace_gz//models/buoys/round_buoy_orange/materials/textures/RoundBarrierBuoy_Base_Color.png
[11.962s] -- Symlinking: /home/tugmirk/Desktop/garp-test/install/workspace_gz/share/workspace_gz//models/buoys/round_buoy_orange/materials/textures/RoundBarrierBuoy_Roughness.png
[11.987s] -- Symlinking: /home/tugmirk/Desktop/garp-test/install/workspace_gz/share/workspace_gz//models/buoys/round_buoy_orange/meshes/round_buoy.dae
[12.009s] -- Symlinking: /home/tugmirk/Desktop/garp-test/install/workspace_gz/share/workspace_gz//models/buoys/round_buoy_orange/model.config
[12.032s] -- Symlinking: /home/tugmirk/Desktop/garp-test/install/workspace_gz/share/workspace_gz//models/buoys/round_buoy_orange/model.sdf
[12.052s] -- Symlinking: /home/tugmirk/Desktop/garp-test/install/workspace_gz/share/workspace_gz//models/roboboat/materials/textures/roboboat_albedo.png
[12.074s] -- Symlinking: /home/tugmirk/Desktop/garp-test/install/workspace_gz/share/workspace_gz//models/roboboat/materials/textures/roboboat_metalness.png
[12.093s] -- Symlinking: /home/tugmirk/Desktop/garp-test/install/workspace_gz/share/workspace_gz//models/roboboat/materials/textures/roboboat_normal.png
[12.108s] -- Symlinking: /home/tugmirk/Desktop/garp-test/install/workspace_gz/share/workspace_gz//models/roboboat/materials/textures/roboboat_roughness.png
[12.129s] -- Symlinking: /home/tugmirk/Desktop/garp-test/install/workspace_gz/share/workspace_gz//models/roboboat/materials/textures/thruster_albedo.png
[12.147s] -- Symlinking: /home/tugmirk/Desktop/garp-test/install/workspace_gz/share/workspace_gz//models/roboboat/materials/textures/thruster_roughness.png
[12.159s] -- Symlinking: /home/tugmirk/Desktop/garp-test/install/workspace_gz/share/workspace_gz//models/roboboat/meshes/housing.dae
[12.166s] -- Symlinking: /home/tugmirk/Desktop/garp-test/install/workspace_gz/share/workspace_gz//models/roboboat/meshes/mount.dae
[12.177s] -- Symlinking: /home/tugmirk/Desktop/garp-test/install/workspace_gz/share/workspace_gz//models/roboboat/meshes/prop.dae
[12.191s] -- Symlinking: /home/tugmirk/Desktop/garp-test/install/workspace_gz/share/workspace_gz//models/roboboat/meshes/roboboat.dae
[12.197s] -- Symlinking: /home/tugmirk/Desktop/garp-test/install/workspace_gz/share/workspace_gz//models/roboboat/sensors/camera/materials/textures/camera.png
[12.205s] -- Symlinking: /home/tugmirk/Desktop/garp-test/install/workspace_gz/share/workspace_gz//models/roboboat/sensors/camera/materials/textures/camera_albedo.png
[12.217s] -- Symlinking: /home/tugmirk/Desktop/garp-test/install/workspace_gz/share/workspace_gz//models/roboboat/sensors/camera/materials/textures/camera_metalness.png
[12.236s] -- Symlinking: /home/tugmirk/Desktop/garp-test/install/workspace_gz/share/workspace_gz//models/roboboat/sensors/camera/materials/textures/camera_normal.png
[12.253s] -- Symlinking: /home/tugmirk/Desktop/garp-test/install/workspace_gz/share/workspace_gz//models/roboboat/sensors/camera/materials/textures/camera_roughness.png
[12.266s] -- Symlinking: /home/tugmirk/Desktop/garp-test/install/workspace_gz/share/workspace_gz//models/roboboat/sensors/camera/meshes/camera.dae
[12.289s] -- Symlinking: /home/tugmirk/Desktop/garp-test/install/workspace_gz/share/workspace_gz//models/roboboat/sensors/camera/meshes/camera_albedo.png
[12.308s] -- Symlinking: /home/tugmirk/Desktop/garp-test/install/workspace_gz/share/workspace_gz//models/roboboat/sensors/camera_post/materials/textures/post_albedo.png
[12.323s] -- Symlinking: /home/tugmirk/Desktop/garp-test/install/workspace_gz/share/workspace_gz//models/roboboat/sensors/camera_post/meshes/post.dae
[12.340s] -- Symlinking: /home/tugmirk/Desktop/garp-test/install/workspace_gz/share/workspace_gz//models/roboboat/sensors/camera_post/meshes/post_albedo.jpg
[12.360s] -- Symlinking: /home/tugmirk/Desktop/garp-test/install/workspace_gz/share/workspace_gz//models/roboboat/sensors/drybox/materials/textures/drybox_albedo.png
[12.372s] -- Symlinking: /home/tugmirk/Desktop/garp-test/install/workspace_gz/share/workspace_gz//models/roboboat/sensors/drybox/materials/textures/drybox_roughness.png
[12.385s] -- Symlinking: /home/tugmirk/Desktop/garp-test/install/workspace_gz/share/workspace_gz//models/roboboat/sensors/drybox/meshes/drybox.dae
[12.405s] -- Symlinking: /home/tugmirk/Desktop/garp-test/install/workspace_gz/share/workspace_gz//models/roboboat/sensors/gps/materials/textures/gps_albedo.png
[12.420s] -- Symlinking: /home/tugmirk/Desktop/garp-test/install/workspace_gz/share/workspace_gz//models/roboboat/sensors/gps/meshes/gps.dae
[12.434s] -- Symlinking: /home/tugmirk/Desktop/garp-test/install/workspace_gz/share/workspace_gz//models/roboboat/sensors/gps/meshes/gps_albedo.png
[12.458s] -- Symlinking: /home/tugmirk/Desktop/garp-test/install/workspace_gz/share/workspace_gz//models/roboboat/sensors/lidar/materials/textures/lidar.png
[12.478s] -- Symlinking: /home/tugmirk/Desktop/garp-test/install/workspace_gz/share/workspace_gz//models/roboboat/sensors/lidar/materials/textures/lidar_albedo.png
[12.494s] -- Symlinking: /home/tugmirk/Desktop/garp-test/install/workspace_gz/share/workspace_gz//models/roboboat/sensors/lidar/materials/textures/lidar_metalness.png
[12.516s] -- Symlinking: /home/tugmirk/Desktop/garp-test/install/workspace_gz/share/workspace_gz//models/roboboat/sensors/lidar/materials/textures/lidar_normal.png
[12.534s] -- Symlinking: /home/tugmirk/Desktop/garp-test/install/workspace_gz/share/workspace_gz//models/roboboat/sensors/lidar/materials/textures/lidar_roughness.png
[12.554s] -- Symlinking: /home/tugmirk/Desktop/garp-test/install/workspace_gz/share/workspace_gz//models/roboboat/sensors/lidar/meshes/lidar.dae
[12.572s] -- Symlinking: /home/tugmirk/Desktop/garp-test/install/workspace_gz/share/workspace_gz//models/roboboat/sensors/lidar/meshes/lidar_albedo.png
[12.593s] -- Symlinking: /home/tugmirk/Desktop/garp-test/install/workspace_gz/share/workspace_gz//models/roboboat/sensors/lidar_post/materials/textures/post_albedo.png
[12.614s] -- Symlinking: /home/tugmirk/Desktop/garp-test/install/workspace_gz/share/workspace_gz//models/roboboat/sensors/lidar_post/meshes/post.dae
[12.629s] -- Symlinking: /home/tugmirk/Desktop/garp-test/install/workspace_gz/share/workspace_gz//models/roboboat/sensors/lidar_post/meshes/post_albedo.jpg
[12.643s] -- Symlinking: /home/tugmirk/Desktop/garp-test/install/workspace_gz/share/workspace_gz//models/waves/materials/programs/GerstnerWaves_fs_330.glsl
[12.659s] -- Symlinking: /home/tugmirk/Desktop/garp-test/install/workspace_gz/share/workspace_gz//models/waves/materials/programs/GerstnerWaves_vs_330.glsl
[12.674s] -- Symlinking: /home/tugmirk/Desktop/garp-test/install/workspace_gz/share/workspace_gz//models/waves/materials/textures/skybox_lowres.dds
[12.684s] -- Symlinking: /home/tugmirk/Desktop/garp-test/install/workspace_gz/share/workspace_gz//models/waves/materials/textures/wave_normals.dds
[12.702s] -- Symlinking: /home/tugmirk/Desktop/garp-test/install/workspace_gz/share/workspace_gz//models/waves/meshes/waterlow.dae
[12.721s] -- Symlinking: /home/tugmirk/Desktop/garp-test/install/workspace_gz/share/workspace_gz//models/waves/model.config
[12.737s] -- Symlinking: /home/tugmirk/Desktop/garp-test/install/workspace_gz/share/workspace_gz//models/waves/model.sdf
[12.756s] -- Symlinking: /home/tugmirk/Desktop/garp-test/install/workspace_gz/share/workspace_gz//worlds/world.sdf
[12.778s] -- Symlinking: /home/tugmirk/Desktop/garp-test/install/workspace_gz/share/workspace_gz/environment/library_path.sh
[12.801s] -- Symlinking: /home/tugmirk/Desktop/garp-test/install/workspace_gz/share/workspace_gz/environment/library_path.dsv
[12.819s] -- Symlinking: /home/tugmirk/Desktop/garp-test/install/workspace_gz/share/ament_index/resource_index/package_run_dependencies/workspace_gz
[12.839s] -- Symlinking: /home/tugmirk/Desktop/garp-test/install/workspace_gz/share/ament_index/resource_index/parent_prefix_path/workspace_gz
[12.856s] -- Symlinking: /home/tugmirk/Desktop/garp-test/install/workspace_gz/share/workspace_gz/environment/ament_prefix_path.sh
[12.875s] -- Symlinking: /home/tugmirk/Desktop/garp-test/install/workspace_gz/share/workspace_gz/environment/ament_prefix_path.dsv
[12.890s] -- Symlinking: /home/tugmirk/Desktop/garp-test/install/workspace_gz/share/workspace_gz/environment/path.sh
[12.901s] -- Symlinking: /home/tugmirk/Desktop/garp-test/install/workspace_gz/share/workspace_gz/environment/path.dsv
[12.911s] -- Symlinking: /home/tugmirk/Desktop/garp-test/install/workspace_gz/share/workspace_gz/local_setup.bash
[12.921s] -- Symlinking: /home/tugmirk/Desktop/garp-test/install/workspace_gz/share/workspace_gz/local_setup.sh
[12.936s] -- Symlinking: /home/tugmirk/Desktop/garp-test/install/workspace_gz/share/workspace_gz/local_setup.zsh
[12.946s] -- Symlinking: /home/tugmirk/Desktop/garp-test/install/workspace_gz/share/workspace_gz/local_setup.dsv
[12.959s] -- Symlinking: /home/tugmirk/Desktop/garp-test/install/workspace_gz/share/workspace_gz/package.dsv
[12.967s] -- Symlinking: /home/tugmirk/Desktop/garp-test/install/workspace_gz/share/ament_index/resource_index/packages/workspace_gz
[12.984s] -- Symlinking: /home/tugmirk/Desktop/garp-test/install/workspace_gz/share/workspace_gz/cmake/ament_cmake_export_libraries-extras.cmake
[13.009s] -- Symlinking: /home/tugmirk/Desktop/garp-test/install/workspace_gz/share/workspace_gz/cmake/ament_cmake_export_dependencies-extras.cmake
[13.027s] -- Symlinking: /home/tugmirk/Desktop/garp-test/install/workspace_gz/share/workspace_gz/cmake/workspace_gzConfig.cmake
[13.039s] -- Symlinking: /home/tugmirk/Desktop/garp-test/install/workspace_gz/share/workspace_gz/cmake/workspace_gzConfig-version.cmake
[13.045s] -- Symlinking: /home/tugmirk/Desktop/garp-test/install/workspace_gz/share/workspace_gz/package.xml
[13.057s] Invoked command in '/home/tugmirk/Desktop/garp-test/build/workspace_gz' returned '0': CMAKE_PREFIX_PATH=${CMAKE_PREFIX_PATH}:/opt/ros/jazzy DEBUGINFOD_URLS=https://debuginfod.ubuntu.com /usr/bin/cmake --install /home/tugmirk/Desktop/garp-test/build/workspace_gz
