[0.595s] Invoking command in '/home/ngen/yildiz_ws/src/YILDIZ-USV/build/workspace_ros': DEBUGINFOD_URLS=https://debuginfod.ubuntu.com PYTHONPATH=/home/ngen/yildiz_ws/src/YILDIZ-USV/build/workspace_ros/prefix_override:/usr/lib/python3/dist-packages/colcon_core/task/python/colcon_distutils_commands:/home/ngen/yildiz_ws/src/YILDIZ-USV/install/workspace_ros/lib/python3.12/site-packages:${PYTHONPATH} /usr/bin/python3 -W ignore:setup.py install is deprecated -W ignore:easy_install command is deprecated setup.py develop --editable --build-directory /home/ngen/yildiz_ws/src/YILDIZ-USV/build/workspace_ros/build --no-deps symlink_data
[0.805s] running develop
[0.943s] running egg_info
[0.956s] writing workspace_ros.egg-info/PKG-INFO
[0.956s] writing dependency_links to workspace_ros.egg-info/dependency_links.txt
[0.956s] writing entry points to workspace_ros.egg-info/entry_points.txt
[0.956s] writing requirements to workspace_ros.egg-info/requires.txt
[0.957s] writing top-level names to workspace_ros.egg-info/top_level.txt
[0.985s] reading manifest file 'workspace_ros.egg-info/SOURCES.txt'
[0.986s] writing manifest file 'workspace_ros.egg-info/SOURCES.txt'
[1.000s] running build_ext
[1.000s] Creating /home/ngen/yildiz_ws/src/YILDIZ-USV/install/workspace_ros/lib/python3.12/site-packages/workspace-ros.egg-link (link to .)
[1.002s] Installing converter script to /home/ngen/yildiz_ws/src/YILDIZ-USV/install/workspace_ros/lib/workspace_ros
[1.002s] Installing gps_covariance_repub script to /home/ngen/yildiz_ws/src/YILDIZ-USV/install/workspace_ros/lib/workspace_ros
[1.002s] Installing imu_covariance_repub script to /home/ngen/yildiz_ws/src/YILDIZ-USV/install/workspace_ros/lib/workspace_ros
[1.002s] Installing kamikaze script to /home/ngen/yildiz_ws/src/YILDIZ-USV/install/workspace_ros/lib/workspace_ros
[1.002s] Installing lidar_processor script to /home/ngen/yildiz_ws/src/YILDIZ-USV/install/workspace_ros/lib/workspace_ros
[1.002s] Installing manual_control script to /home/ngen/yildiz_ws/src/YILDIZ-USV/install/workspace_ros/lib/workspace_ros
[1.002s] Installing static_transform_publisher script to /home/ngen/yildiz_ws/src/YILDIZ-USV/install/workspace_ros/lib/workspace_ros
[1.002s] Installing target_buoy script to /home/ngen/yildiz_ws/src/YILDIZ-USV/install/workspace_ros/lib/workspace_ros
[1.002s] 
[1.002s] Installed /home/ngen/yildiz_ws/src/YILDIZ-USV/build/workspace_ros
[1.002s] running symlink_data
[1.023s] Invoked command in '/home/ngen/yildiz_ws/src/YILDIZ-USV/build/workspace_ros' returned '0': DEBUGINFOD_URLS=https://debuginfod.ubuntu.com PYTHONPATH=/home/ngen/yildiz_ws/src/YILDIZ-USV/build/workspace_ros/prefix_override:/usr/lib/python3/dist-packages/colcon_core/task/python/colcon_distutils_commands:/home/ngen/yildiz_ws/src/YILDIZ-USV/install/workspace_ros/lib/python3.12/site-packages:${PYTHONPATH} /usr/bin/python3 -W ignore:setup.py install is deprecated -W ignore:easy_install command is deprecated setup.py develop --editable --build-directory /home/ngen/yildiz_ws/src/YILDIZ-USV/build/workspace_ros/build --no-deps symlink_data
