[0.010s] Invoking command in '/home/aliomacc/sti_usv/build/workspace_gz': CMAKE_PREFIX_PATH=${CMAKE_PREFIX_PATH}:/home/aliomacc/ros2_ws/install/actions_py:/home/aliomacc/ros2_ws/install/lifecycle_py:/opt/ros/humble /usr/bin/cmake /home/aliomacc/sti_usv/src/usv_sim/workspace_gz -DAMENT_CMAKE_SYMLINK_INSTALL=1 -DCMAKE_INSTALL_PREFIX=/home/aliomacc/sti_usv/install/workspace_gz
[0.057s] -- The C compiler identification is GNU 11.4.0
[0.106s] -- The CXX compiler identification is GNU 11.4.0
[0.114s] -- Detecting C compiler ABI info
[0.179s] -- Detecting C compiler ABI info - done
[0.187s] -- Check for working C compiler: /usr/bin/cc - skipped
[0.187s] -- Detecting C compile features
[0.187s] -- Detecting C compile features - done
[0.191s] -- Detecting CXX compiler ABI info
[0.265s] -- Detecting CXX compiler ABI info - done
[0.273s] -- Check for working CXX compiler: /usr/bin/c++ - skipped
[0.273s] -- Detecting CXX compile features
[0.274s] -- Detecting CXX compile features - done
[0.277s] -- Found ament_cmake: 1.3.12 (/opt/ros/humble/share/ament_cmake/cmake)
[0.425s] -- Found Python3: /usr/bin/python3 (found version "3.10.12") found components: Interpreter 
[0.488s] -- Override CMake install command with custom implementation using symlinks instead of copying resources
[0.523s] -- Looking for ignition-gazebo6 -- found version 6.17.1
[0.531s] -- Searching for dependencies of ignition-gazebo6
[0.537s] -- Looking for sdformat12 -- found version 12.9.0
[0.537s] -- Searching for dependencies of sdformat12
[0.542s] -- Checking for module 'tinyxml2'
[0.553s] --   Found tinyxml2, version 9.0.0
[0.583s] -- Looking for ignition-math6 -- found version 6.15.1
[0.583s] -- Searching for dependencies of ignition-math6
[0.586s] -- Looking for ignition-utils1 -- found version 1.5.1
[0.587s] -- Searching for dependencies of ignition-utils1
[0.591s] -- Looking for ignition-plugin1 -- found version 1.4.0
[0.591s] -- Searching for dependencies of ignition-plugin1
[0.591s] -- Searching for <ignition-plugin1> component [loader]
[0.594s] -- Looking for ignition-plugin1-loader -- found version 1.4.0
[0.594s] -- Searching for dependencies of ignition-plugin1-loader
[0.595s] -- Searching for <ignition-plugin1> component [register]
[0.597s] -- Looking for ignition-plugin1-register -- found version 1.4.0
[0.597s] -- Searching for dependencies of ignition-plugin1-register
[0.600s] -- Looking for ignition-transport11 -- found version 11.4.2
[0.601s] -- Searching for dependencies of ignition-transport11
[0.783s] -- Found Protobuf: /usr/lib/x86_64-linux-gnu/libprotobuf.so (found version "3.12.4") 
[0.796s] -- Config-file not installed for ZeroMQ -- checking for pkg-config
[0.801s] -- Checking for module 'libzmq >= 4'
[0.814s] --   Found libzmq , version 4.3.4
[0.852s] -- Found ZeroMQ: TRUE (Required is at least version "4") 
[0.858s] -- Checking for module 'uuid'
[0.869s] --   Found uuid, version 2.37.2
[0.898s] -- Found UUID: TRUE  
[0.899s] -- Looking for ignition-utils1 -- found version 1.5.1
[0.899s] -- Searching for dependencies of ignition-utils1
[0.899s] -- Searching for <ignition-utils1> component [cli]
[0.902s] -- Looking for ignition-utils1-cli -- found version 1.5.1
[0.903s] -- Searching for dependencies of ignition-utils1-cli
[0.906s] -- Looking for ignition-msgs8 -- found version 8.7.0
[0.906s] -- Searching for dependencies of ignition-msgs8
[0.925s] -- Found Protobuf: /usr/lib/x86_64-linux-gnu/libprotobuf.so (found suitable version "3.12.4", minimum required is "3") 
[0.926s] -- Looking for ignition-math6 -- found version 6.15.1
[0.941s] -- Searching for <ignition-transport11> component [log]
[0.944s] -- Looking for ignition-transport11-log -- found version 11.4.2
[0.944s] -- Searching for dependencies of ignition-transport11-log
[0.945s] -- Searching for <ignition-transport11> component [parameters]
[0.948s] -- Looking for ignition-transport11-parameters -- found version 11.4.2
[0.949s] -- Searching for dependencies of ignition-transport11-parameters
[0.950s] -- Looking for ignition-msgs8 -- found version 8.7.0
[0.953s] -- Looking for ignition-common4 -- found version 4.8.0
[0.953s] -- Searching for dependencies of ignition-common4
[0.954s] -- Looking for dlfcn.h - found
[0.955s] -- Looking for libdl - found
[0.956s] -- Found DL: TRUE  
[0.965s] -- Searching for <ignition-common4> component [profiler]
[0.968s] -- Looking for ignition-common4-profiler -- found version 4.8.0
[0.968s] -- Searching for dependencies of ignition-common4-profiler
[0.969s] -- Searching for <ignition-common4> component [events]
[0.972s] -- Looking for ignition-common4-events -- found version 4.8.0
[0.972s] -- Searching for dependencies of ignition-common4-events
[0.973s] -- Looking for ignition-math6 -- found version 6.15.1
[0.973s] -- Searching for <ignition-common4> component [av]
[0.976s] -- Looking for ignition-common4-av -- found version 4.8.0
[0.977s] -- Searching for dependencies of ignition-common4-av
[0.982s] -- Checking for module 'libswscale'
[0.994s] --   Found libswscale, version 5.9.100
[1.024s] -- Found SWSCALE: TRUE  
[1.029s] -- Checking for module 'libavdevice >= 56.4.100'
[1.045s] --   Found libavdevice , version 58.13.100
[1.083s] -- Found AVDEVICE: TRUE (Required is at least version "56.4.100") 
[1.088s] -- Checking for module 'libavformat'
[1.101s] --   Found libavformat, version 58.76.100
[1.136s] -- Found AVFORMAT: TRUE  
[1.141s] -- Checking for module 'libavcodec'
[1.153s] --   Found libavcodec, version 58.134.100
[1.181s] -- Found AVCODEC: TRUE  
[1.186s] -- Checking for module 'libavutil'
[1.200s] --   Found libavutil, version 56.70.100
[1.239s] -- Found AVUTIL: TRUE  
[1.243s] -- Looking for ignition-fuel_tools7 -- found version 7.3.1
[1.244s] -- Searching for dependencies of ignition-fuel_tools7
[1.394s] -- Found CURL: /usr/lib/x86_64-linux-gnu/libcurl.so (found version "7.81.0")  
[1.412s] -- Checking for module 'jsoncpp'
[1.443s] --   Found jsoncpp, version 1.9.5
[1.542s] -- Found JSONCPP: TRUE  
[1.556s] -- Checking for module 'libzip'
[1.578s] --   Found libzip, version 1.7.3
[1.628s] -- Found ZIP: TRUE  
[1.629s] -- Looking for ignition-common4 -- found version 4.8.0
[1.629s] -- Looking for ignition-math6 -- found version 6.15.1
[1.630s] -- Looking for ignition-msgs8 -- found version 8.7.0
[1.638s] -- Looking for ignition-gui6 -- found version 6.9.0
[1.638s] -- Searching for dependencies of ignition-gui6
[1.697s] -- Found Protobuf: /usr/lib/x86_64-linux-gnu/libprotobuf.so (found version "3.12.4") 
[1.736s] -- Looking for ignition-math6 -- found version 6.15.1
[1.737s] -- Looking for ignition-common4 -- found version 4.8.0
[1.739s] -- Looking for ignition-plugin1 -- found version 1.4.0
[1.741s] -- Looking for ignition-transport11 -- found version 11.4.2
[1.751s] -- Looking for ignition-rendering6 -- found version 6.6.4
[1.753s] -- Searching for dependencies of ignition-rendering6
[1.754s] -- Looking for ignition-math6 -- found version 6.15.1
[1.757s] -- Searching for dependencies of ignition-math6
[1.757s] -- Searching for <ignition-math6> component [eigen3]
[1.766s] -- Looking for ignition-math6-eigen3 -- found version 6.15.1
[1.767s] -- Searching for dependencies of ignition-math6-eigen3
[1.783s] -- Looking for ignition-common4 -- found version 4.8.0
[1.783s] -- Searching for dependencies of ignition-common4
[1.784s] -- Looking for dlfcn.h - found
[1.784s] -- Looking for libdl - found
[1.805s] -- Searching for <ignition-common4> component [graphics]
[1.811s] -- Looking for ignition-common4-graphics -- found version 4.8.0
[1.812s] -- Searching for dependencies of ignition-common4-graphics
[1.812s] -- Looking for ignition-math6 -- found version 6.15.1
[1.813s] -- Looking for ignition-utils1 -- found version 1.5.1
[1.813s] -- Searching for <ignition-common4> component [events]
[1.815s] -- Looking for ignition-plugin1 -- found version 1.4.0
[1.816s] -- Searching for dependencies of ignition-plugin1
[1.816s] -- Searching for <ignition-plugin1> component [all]
[1.821s] -- Looking for all libraries of ignition-plugin1 -- found version 1.4.0
[1.822s] -- Looking for ignition-plugin1 -- found version 1.4.0
[1.826s] -- Looking for ignition-msgs8 -- found version 8.7.0
[1.869s] -- Looking for ignition-physics5 -- found version 5.4.0
[1.870s] -- Searching for dependencies of ignition-physics5
[1.870s] -- Looking for ignition-math6 -- found version 6.15.1
[1.871s] -- Looking for ignition-plugin1 -- found version 1.4.0
[1.872s] -- Looking for ignition-utils1 -- found version 1.5.1
[1.873s] -- Searching for <ignition-physics5> component [heightmap]
[1.877s] -- Looking for ignition-physics5-heightmap -- found version 5.4.0
[1.878s] -- Searching for dependencies of ignition-physics5-heightmap
[1.879s] -- Looking for ignition-common4 -- found version 4.8.0
[1.880s] -- Searching for <ignition-physics5> component [mesh]
[1.885s] -- Looking for ignition-physics5-mesh -- found version 5.4.0
[1.886s] -- Searching for dependencies of ignition-physics5-mesh
[1.887s] -- Looking for ignition-common4 -- found version 4.8.0
[1.888s] -- Searching for <ignition-physics5> component [sdf]
[1.892s] -- Looking for ignition-physics5-sdf -- found version 5.4.0
[1.893s] -- Searching for dependencies of ignition-physics5-sdf
[1.894s] -- Looking for sdformat12 -- found version 12.9.0
[1.899s] -- Looking for ignition-sensors6 -- found version 6.9.0
[1.900s] -- Searching for dependencies of ignition-sensors6
[1.937s] -- Looking for ignition-math6 -- found version 6.15.1
[1.938s] -- Looking for ignition-common4 -- found version 4.8.0
[1.939s] -- Looking for ignition-transport11 -- found version 11.4.2
[1.939s] -- Looking for ignition-rendering6 -- found version 6.6.4
[1.940s] -- Looking for ignition-msgs8 -- found version 8.7.0
[1.941s] -- Looking for sdformat12 -- found version 12.9.0
[1.942s] -- Searching for <ignition-sensors6> component [air_pressure]
[1.947s] -- Looking for ignition-sensors6-air_pressure -- found version 6.9.0
[1.947s] -- Searching for dependencies of ignition-sensors6-air_pressure
[1.948s] -- Searching for <ignition-sensors6> component [altimeter]
[1.952s] -- Looking for ignition-sensors6-altimeter -- found version 6.9.0
[1.953s] -- Searching for dependencies of ignition-sensors6-altimeter
[1.953s] -- Searching for <ignition-sensors6> component [imu]
[1.960s] -- Looking for ignition-sensors6-imu -- found version 6.9.0
[1.961s] -- Searching for dependencies of ignition-sensors6-imu
[1.962s] -- Searching for <ignition-sensors6> component [force_torque]
[1.971s] -- Looking for ignition-sensors6-force_torque -- found version 6.9.0
[1.972s] -- Searching for dependencies of ignition-sensors6-force_torque
[1.972s] -- Searching for <ignition-sensors6> component [logical_camera]
[1.980s] -- Looking for ignition-sensors6-logical_camera -- found version 6.9.0
[1.981s] -- Searching for dependencies of ignition-sensors6-logical_camera
[1.983s] -- Searching for <ignition-sensors6> component [magnetometer]
[1.992s] -- Looking for ignition-sensors6-magnetometer -- found version 6.9.0
[1.992s] -- Searching for dependencies of ignition-sensors6-magnetometer
[1.994s] -- Searching for <ignition-sensors6> component [navsat]
[2.004s] -- Looking for ignition-sensors6-navsat -- found version 6.9.0
[2.006s] -- Searching for dependencies of ignition-sensors6-navsat
[2.008s] -- Searching for <ignition-sensors6> component [rendering]
[2.019s] -- Looking for ignition-sensors6-rendering -- found version 6.9.0
[2.020s] -- Searching for dependencies of ignition-sensors6-rendering
[2.023s] -- Searching for <ignition-sensors6> component [lidar]
[2.032s] -- Looking for ignition-sensors6-lidar -- found version 6.9.0
[2.033s] -- Searching for dependencies of ignition-sensors6-lidar
[2.036s] -- Looking for ignition-sensors6 -- found version 6.9.0
[2.038s] -- Searching for <ignition-sensors6> component [gpu_lidar]
[2.049s] -- Looking for ignition-sensors6-gpu_lidar -- found version 6.9.0
[2.051s] -- Searching for dependencies of ignition-sensors6-gpu_lidar
[2.053s] -- Looking for ignition-sensors6 -- found version 6.9.0
[2.055s] -- Searching for <ignition-sensors6> component [camera]
[2.061s] -- Looking for ignition-sensors6-camera -- found version 6.9.0
[2.062s] -- Searching for dependencies of ignition-sensors6-camera
[2.063s] -- Looking for ignition-sensors6 -- found version 6.9.0
[2.065s] -- Searching for <ignition-sensors6> component [boundingbox_camera]
[2.070s] -- Looking for ignition-sensors6-boundingbox_camera -- found version 6.9.0
[2.071s] -- Searching for dependencies of ignition-sensors6-boundingbox_camera
[2.072s] -- Searching for <ignition-sensors6> component [segmentation_camera]
[2.078s] -- Looking for ignition-sensors6-segmentation_camera -- found version 6.9.0
[2.079s] -- Searching for dependencies of ignition-sensors6-segmentation_camera
[2.079s] -- Searching for <ignition-sensors6> component [depth_camera]
[2.083s] -- Looking for ignition-sensors6-depth_camera -- found version 6.9.0
[2.084s] -- Searching for dependencies of ignition-sensors6-depth_camera
[2.084s] -- Looking for ignition-sensors6 -- found version 6.9.0
[2.085s] -- Searching for <ignition-sensors6> component [rgbd_camera]
[2.089s] -- Looking for ignition-sensors6-rgbd_camera -- found version 6.9.0
[2.090s] -- Searching for dependencies of ignition-sensors6-rgbd_camera
[2.090s] -- Looking for ignition-sensors6 -- found version 6.9.0
[2.091s] -- Searching for <ignition-sensors6> component [thermal_camera]
[2.096s] -- Looking for ignition-sensors6-thermal_camera -- found version 6.9.0
[2.097s] -- Searching for dependencies of ignition-sensors6-thermal_camera
[2.097s] -- Looking for ignition-sensors6 -- found version 6.9.0
[2.098s] -- Looking for ignition-rendering6 -- found version 6.6.4
[2.099s] -- Looking for ignition-math6 -- found version 6.15.1
[2.103s] -- Looking for ignition-utils1 -- found version 1.5.1
[2.127s] -- Looking for ignition-common4 -- found version 4.8.0
[2.127s] -- Looking for ignition-math6 -- found version 6.15.1
[2.128s] -- Looking for ignition-transport11 -- found version 11.4.2
[2.128s] -- Looking for ignition-plugin1 -- found version 1.4.0
[2.129s] -- Looking for ignition-rendering6 -- found version 6.6.4
[2.130s] -- Looking for ignition-sensors6 -- found version 6.9.0
[2.131s] -- Looking for ignition-utils1 -- found version 1.5.1
[2.131s] -- Looking for ignition-msgs8 -- found version 8.7.0
[2.133s] -- Looking for sdformat12 -- found version 12.9.0
[2.222s] -- Configuring done
[2.335s] -- Generating done
[2.380s] -- Build files have been written to: /home/aliomacc/sti_usv/build/workspace_gz
[2.394s] Invoked command in '/home/aliomacc/sti_usv/build/workspace_gz' returned '0': CMAKE_PREFIX_PATH=${CMAKE_PREFIX_PATH}:/home/aliomacc/ros2_ws/install/actions_py:/home/aliomacc/ros2_ws/install/lifecycle_py:/opt/ros/humble /usr/bin/cmake /home/aliomacc/sti_usv/src/usv_sim/workspace_gz -DAMENT_CMAKE_SYMLINK_INSTALL=1 -DCMAKE_INSTALL_PREFIX=/home/aliomacc/sti_usv/install/workspace_gz
[2.397s] Invoking command in '/home/aliomacc/sti_usv/build/workspace_gz': CMAKE_PREFIX_PATH=${CMAKE_PREFIX_PATH}:/home/aliomacc/ros2_ws/install/actions_py:/home/aliomacc/ros2_ws/install/lifecycle_py:/opt/ros/humble /usr/bin/cmake --build /home/aliomacc/sti_usv/build/workspace_gz -- -j8 -l8
[2.444s] [  4%] [32mBuilding CXX object CMakeFiles/Waves.dir/plugins/Wavefield.cc.o[0m
[12.426s] [  9%] [32m[1mLinking CXX shared library libWaves.so[0m
[12.921s] [  9%] Built target Waves
[12.984s] [ 14%] [32mBuilding CXX object CMakeFiles/WayfindingScoringPlugin.dir/plugins/WayfindingScoringPlugin.cc.o[0m
[12.984s] [ 19%] [32mBuilding CXX object CMakeFiles/WaveVisual.dir/plugins/WaveVisual.cc.o[0m
[12.995s] [ 23%] [32mBuilding CXX object CMakeFiles/SimpleHydrodynamics.dir/plugins/SimpleHydrodynamics.cc.o[0m
[12.999s] [ 28%] [32mBuilding CXX object CMakeFiles/StationkeepingScoringPlugin.dir/plugins/StationkeepingScoringPlugin.cc.o[0m
[13.005s] [ 33%] [32mBuilding CXX object CMakeFiles/Surface.dir/plugins/Surface.cc.o[0m
[13.012s] [ 38%] [32mBuilding CXX object CMakeFiles/ScoringPlugin.dir/plugins/ScoringPlugin.cc.o[0m
[13.013s] [ 42%] [32mBuilding CXX object CMakeFiles/PolyhedraBuoyancyDrag.dir/plugins/PolyhedraBuoyancyDrag.cc.o[0m
[13.018s] [ 47%] [32mBuilding CXX object CMakeFiles/USVWind.dir/plugins/USVWind.cc.o[0m
[27.107s] In file included from [01m[K/usr/include/ignition/plugin1/gz/plugin/Register.hh:22[m[K,
[27.107s]                  from [01m[K/home/aliomacc/sti_usv/src/usv_sim/workspace_gz/plugins/SimpleHydrodynamics.cc:22[m[K:
[27.107s] [01m[K/home/aliomacc/sti_usv/src/usv_sim/workspace_gz/plugins/SimpleHydrodynamics.cc:292:1:[m[K [01;31m[Kerror: [m[Kexpected constructor, destructor, or type conversion before ‘[01m[Knamespace[m[K’
[27.107s]   292 | [01;31m[KIGNITION_ADD_PLUGIN[m[K(vrx::SimpleHydrodynamics, ignition::gazebo::System,
[27.107s]       | [01;31m[K^~~~~~~~~~~~~~~~~~~[m[K
[28.562s] In file included from [01m[K/usr/include/ignition/plugin1/gz/plugin/Register.hh:22[m[K,
[28.562s]                  from [01m[K/home/aliomacc/sti_usv/src/usv_sim/workspace_gz/plugins/WayfindingScoringPlugin.cc:28[m[K:
[28.562s] [01m[K/home/aliomacc/sti_usv/src/usv_sim/workspace_gz/plugins/WayfindingScoringPlugin.cc:300:1:[m[K [01;31m[Kerror: [m[Kexpected constructor, destructor, or type conversion before ‘[01m[Knamespace[m[K’
[28.563s]   300 | [01;31m[KIGNITION_ADD_PLUGIN[m[K(vrx::WayfindingScoringPlugin, ignition::gazebo::System,
[28.563s]       | [01;31m[K^~~~~~~~~~~~~~~~~~~[m[K
[28.609s] [01m[K/home/aliomacc/sti_usv/src/usv_sim/workspace_gz/plugins/StationkeepingScoringPlugin.cc:300:66:[m[K [01;31m[Kerror: [m[Kexpected constructor, destructor, or type conversion at end of input
[28.610s]   300 |               vrx::StationkeepingScoringPlugin::ISystemPreUpdate)
[28.610s]       |                                                                  [01;31m[K^[m[K
[28.861s] In file included from [01m[K/usr/include/ignition/plugin1/gz/plugin/Register.hh:22[m[K,
[28.861s]                  from [01m[K/home/aliomacc/sti_usv/src/usv_sim/workspace_gz/plugins/Surface.cc:23[m[K:
[28.862s] [01m[K/home/aliomacc/sti_usv/src/usv_sim/workspace_gz/plugins/Surface.cc:316:1:[m[K [01;31m[Kerror: [m[Kexpected constructor, destructor, or type conversion before ‘[01m[Knamespace[m[K’
[28.862s]   316 | [01;31m[KIGNITION_ADD_PLUGIN[m[K(vrx::Surface, ignition::gazebo::System,
[28.862s]       | [01;31m[K^~~~~~~~~~~~~~~~~~~[m[K
[30.314s] gmake[2]: *** [CMakeFiles/SimpleHydrodynamics.dir/build.make:76: CMakeFiles/SimpleHydrodynamics.dir/plugins/SimpleHydrodynamics.cc.o] Error 1
[30.315s] gmake[1]: *** [CMakeFiles/Makefile2:257: CMakeFiles/SimpleHydrodynamics.dir/all] Error 2
[30.315s] gmake[1]: *** Bitmemiş işler için bekliyor....
[30.335s] In file included from [01m[K/usr/include/ignition/plugin1/gz/plugin/Register.hh:22[m[K,
[30.337s]                  from [01m[K/home/aliomacc/sti_usv/src/usv_sim/workspace_gz/plugins/PolyhedraBuoyancyDrag.cc:31[m[K:
[30.337s] [01m[K/home/aliomacc/sti_usv/src/usv_sim/workspace_gz/plugins/PolyhedraBuoyancyDrag.cc:384:1:[m[K [01;31m[Kerror: [m[Kexpected constructor, destructor, or type conversion before ‘[01m[Knamespace[m[K’
[30.337s]   384 | [01;31m[KIGNITION_ADD_PLUGIN[m[K(vrx::PolyhedraBuoyancyDrag, ignition::gazebo::System,
[30.337s]       | [01;31m[K^~~~~~~~~~~~~~~~~~~[m[K
[30.363s] [ 52%] [32mBuilding CXX object CMakeFiles/StationkeepingScoringPlugin.dir/plugins/WaypointMarkers.cc.o[0m
[30.854s] In file included from [01m[K/usr/include/ignition/rendering6/gz/rendering/Node.hh:22[m[K,
[30.855s]                  from [01m[K/usr/include/ignition/rendering6/gz/rendering/Storage.hh:24[m[K,
[30.855s]                  from [01m[K/usr/include/ignition/rendering6/gz/rendering/Scene.hh:34[m[K,
[30.855s]                  from [01m[K/home/aliomacc/sti_usv/src/usv_sim/workspace_gz/plugins/WaveVisual.cc:29[m[K:
[30.855s] /usr/include/c++/11/variant: In instantiation of ‘[01m[Kconstexpr std::add_pointer_t<_Tp> std::get_if(std::variant<_Types ...>*) [with _Tp = long unsigned int; _Types = {std::monostate, int, float, double, std::__cxx11::basic_string<char, std::char_traits<char>, std::allocator<char> >, bool, unsigned int}; std::add_pointer_t<_Tp> = long unsigned int*][m[K’:
[30.855s] [01m[K/home/aliomacc/sti_usv/src/usv_sim/workspace_gz/plugins/WaveVisual.cc:272:54:[m[K   required from here
[30.855s] [01m[K/usr/include/c++/11/variant:1185:42:[m[K [01;31m[Kerror: [m[Kstatic assertion failed: T must occur exactly once in alternatives
[30.856s]  1185 |       static_assert([01;31m[K__detail::__variant::__exactly_once<_Tp, _Types...>[m[K,
[30.858s]       |                     [01;31m[K~~~~~~~~~~~~~~~~~~~~~^~~~~~~~~~~~~~~~~~~~~~~~~~~~~~[m[K
[30.858s] [01m[K/usr/include/c++/11/variant:1185:42:[m[K [01;36m[Knote: [m[K‘[01m[Kstd::__detail::__variant::__exactly_once<long unsigned int, std::monostate, int, float, double, std::__cxx11::basic_string<char, std::char_traits<char>, std::allocator<char> >, bool, unsigned int>[m[K’ evaluates to false
[30.858s] /usr/include/c++/11/variant: In instantiation of ‘[01m[Kstruct std::variant_alternative<1, std::variant<unsigned int> >[m[K’:
[30.858s] [01m[K/usr/include/c++/11/variant:103:12:[m[K   recursively required from ‘[01m[Kstruct std::variant_alternative<6, std::variant<int, float, double, std::__cxx11::basic_string<char, std::char_traits<char>, std::allocator<char> >, bool, unsigned int> >[m[K’
[30.859s] [01m[K/usr/include/c++/11/variant:103:12:[m[K   required from ‘[01m[Kstruct std::variant_alternative<7, std::variant<std::monostate, int, float, double, std::__cxx11::basic_string<char, std::char_traits<char>, std::allocator<char> >, bool, unsigned int> >[m[K’
[30.859s] [01m[K/usr/include/c++/11/variant:1170:5:[m[K   required by substitution of ‘[01m[Ktemplate<long unsigned int _Np, class ... _Types> constexpr std::add_pointer_t<const typename std::variant_alternative<_Np, std::variant<_Types ...> >::type> std::get_if(const std::variant<_Types ...>*) [with long unsigned int _Np = 7; _Types = {std::monostate, int, float, double, std::__cxx11::basic_string<char, std::char_traits<char>, std::allocator<char> >, bool, unsigned int}][m[K’
[30.859s] [01m[K/usr/include/c++/11/variant:1188:76:[m[K   required from ‘[01m[Kconstexpr std::add_pointer_t<_Tp> std::get_if(std::variant<_Types ...>*) [with _Tp = long unsigned int; _Types = {std::monostate, int, float, double, std::__cxx11::basic_string<char, std::char_traits<char>, std::allocator<char> >, bool, unsigned int}; std::add_pointer_t<_Tp> = long unsigned int*][m[K’
[30.859s] [01m[K/home/aliomacc/sti_usv/src/usv_sim/workspace_gz/plugins/WaveVisual.cc:272:54:[m[K   required from here
[30.859s] [01m[K/usr/include/c++/11/variant:103:12:[m[K [01;31m[Kerror: [m[Kinvalid use of incomplete type ‘[01m[Kstruct std::variant_alternative<0, std::variant<> >[m[K’
[30.859s]   103 |     struct [01;31m[Kvariant_alternative<_Np, variant<_First, _Rest...>>[m[K
[30.859s]       |            [01;31m[K^~~~~~~~~~~~~~~~~~~~~~~~~~~~~~~~~~~~~~~~~~~~~~~~~~~[m[K
[30.859s] [01m[K/usr/include/c++/11/variant:100:12:[m[K [01;36m[Knote: [m[Kdeclaration of ‘[01m[Kstruct std::variant_alternative<0, std::variant<> >[m[K’
[30.859s]   100 |     struct [01;36m[Kvariant_alternative[m[K;
[30.860s]       |            [01;36m[K^~~~~~~~~~~~~~~~~~~[m[K
[30.864s] /usr/include/c++/11/variant: In instantiation of ‘[01m[Kconstexpr std::add_pointer_t<_Tp> std::get_if(std::variant<_Types ...>*) [with _Tp = long unsigned int; _Types = {std::monostate, int, float, double, std::__cxx11::basic_string<char, std::char_traits<char>, std::allocator<char> >, bool, unsigned int}; std::add_pointer_t<_Tp> = long unsigned int*][m[K’:
[30.864s] [01m[K/home/aliomacc/sti_usv/src/usv_sim/workspace_gz/plugins/WaveVisual.cc:272:54:[m[K   required from here
[30.864s] [01m[K/usr/include/c++/11/variant:1188:76:[m[K [01;31m[Kerror: [m[Kno matching function for call to ‘[01m[Kget_if<std::__detail::__variant::__index_of_v<long unsigned int, std::monostate, int, float, double, std::__cxx11::basic_string<char, std::char_traits<char>, std::allocator<char> >, bool, unsigned int> >(std::variant<std::monostate, int, float, double, std::__cxx11::basic_string<char, std::char_traits<char>, std::allocator<char> >, bool, unsigned int>*&)[m[K’
[30.864s]  1188 |       return [01;31m[Kstd::get_if<__detail::__variant::__index_of_v<_Tp, _Types...>>([m[K
[30.865s]       |              [01;31m[K~~~~~~~~~~~~~~~~~~~~~~~~~~~~~~~~~~~~~~~~~~~~~~~~~~~~~~~~~~~~~~^[m[K
[30.865s]  1189 | [01;31m[K          __ptr)[m[K;
[30.865s]       |           [01;31m[K~~~~~~[m[K                                                            
[30.865s] [01m[K/usr/include/c++/11/variant:1156:5:[m[K [01;36m[Knote: [m[Kcandidate: ‘[01m[Ktemplate<long unsigned int _Np, class ... _Types> constexpr std::add_pointer_t<typename std::variant_alternative<_Np, std::variant<_Types ...> >::type> std::get_if(std::variant<_Types ...>*)[m[K’
[30.865s]  1156 |     [01;36m[Kget_if[m[K(variant<_Types...>* __ptr) noexcept
[30.865s]       |     [01;36m[K^~~~~~[m[K
[30.865s] [01m[K/usr/include/c++/11/variant:1156:5:[m[K [01;36m[Knote: [m[K  template argument deduction/substitution failed:
[30.866s] /usr/include/c++/11/variant: In substitution of ‘[01m[Ktemplate<long unsigned int _Np, class ... _Types> constexpr std::add_pointer_t<typename std::variant_alternative<_Np, std::variant<_Types ...> >::type> std::get_if(std::variant<_Types ...>*) [with long unsigned int _Np = 7; _Types = {std::monostate, int, float, double, std::__cxx11::basic_string<char, std::char_traits<char>, std::allocator<char> >, bool, unsigned int}][m[K’:
[30.866s] [01m[K/usr/include/c++/11/variant:1188:76:[m[K   required from ‘[01m[Kconstexpr std::add_pointer_t<_Tp> std::get_if(std::variant<_Types ...>*) [with _Tp = long unsigned int; _Types = {std::monostate, int, float, double, std::__cxx11::basic_string<char, std::char_traits<char>, std::allocator<char> >, bool, unsigned int}; std::add_pointer_t<_Tp> = long unsigned int*][m[K’
[30.866s] [01m[K/home/aliomacc/sti_usv/src/usv_sim/workspace_gz/plugins/WaveVisual.cc:272:54:[m[K   required from here
[30.866s] [01m[K/usr/include/c++/11/variant:1156:5:[m[K [01;31m[Kerror: [m[Kno type named ‘[01m[Ktype[m[K’ in ‘[01m[Kstruct std::variant_alternative<7, std::variant<std::monostate, int, float, double, std::__cxx11::basic_string<char, std::char_traits<char>, std::allocator<char> >, bool, unsigned int> >[m[K’
[30.866s] /usr/include/c++/11/variant: In instantiation of ‘[01m[Kconstexpr std::add_pointer_t<_Tp> std::get_if(std::variant<_Types ...>*) [with _Tp = long unsigned int; _Types = {std::monostate, int, float, double, std::__cxx11::basic_string<char, std::char_traits<char>, std::allocator<char> >, bool, unsigned int}; std::add_pointer_t<_Tp> = long unsigned int*][m[K’:
[30.866s] [01m[K/home/aliomacc/sti_usv/src/usv_sim/workspace_gz/plugins/WaveVisual.cc:272:54:[m[K   required from here
[30.866s] [01m[K/usr/include/c++/11/variant:1170:5:[m[K [01;36m[Knote: [m[Kcandidate: ‘[01m[Ktemplate<long unsigned int _Np, class ... _Types> constexpr std::add_pointer_t<const typename std::variant_alternative<_Np, std::variant<_Types ...> >::type> std::get_if(const std::variant<_Types ...>*)[m[K’
[30.866s]  1170 |     [01;36m[Kget_if[m[K(const variant<_Types...>* __ptr) noexcept
[30.866s]       |     [01;36m[K^~~~~~[m[K
[30.867s] [01m[K/usr/include/c++/11/variant:1170:5:[m[K [01;36m[Knote: [m[K  substitution of deduced template arguments resulted in errors seen above
[30.867s] [01m[K/usr/include/c++/11/variant:1183:5:[m[K [01;36m[Knote: [m[Kcandidate: ‘[01m[Ktemplate<class _Tp, class ... _Types> constexpr std::add_pointer_t<_Tp> std::get_if(std::variant<_Types ...>*)[m[K’
[30.867s]  1183 |     [01;36m[Kget_if[m[K(variant<_Types...>* __ptr) noexcept
[30.867s]       |     [01;36m[K^~~~~~[m[K
[30.867s] [01m[K/usr/include/c++/11/variant:1183:5:[m[K [01;36m[Knote: [m[K  template argument deduction/substitution failed:
[30.867s] [01m[K/usr/include/c++/11/variant:1188:76:[m[K [01;31m[Kerror: [m[Ktype/value mismatch at argument 1 in template parameter list for ‘[01m[Ktemplate<class _Tp, class ... _Types> constexpr std::add_pointer_t<_Tp> std::get_if(std::variant<_Types ...>*)[m[K’
[30.867s]  1188 |       return [01;31m[Kstd::get_if<__detail::__variant::__index_of_v<_Tp, _Types...>>([m[K
[30.867s]       |              [01;31m[K~~~~~~~~~~~~~~~~~~~~~~~~~~~~~~~~~~~~~~~~~~~~~~~~~~~~~~~~~~~~~~^[m[K
[30.872s]  1189 | [01;31m[K          __ptr)[m[K;
[30.872s]       |           [01;31m[K~~~~~~[m[K                                                            
[30.872s] [01m[K/usr/include/c++/11/variant:1188:76:[m[K [01;36m[Knote: [m[K  expected a type, got ‘[01m[Kstd::__detail::__variant::__index_of_v<long unsigned int, std::monostate, int, float, double, std::__cxx11::basic_string<char, std::char_traits<char>, std::allocator<char> >, bool, unsigned int>[m[K’
[30.884s] In file included from [01m[K/usr/include/ignition/plugin1/gz/plugin/Register.hh:22[m[K,
[30.885s]                  from [01m[K/home/aliomacc/sti_usv/src/usv_sim/workspace_gz/plugins/WaveVisual.cc:26[m[K:
[30.885s] [01m[K/home/aliomacc/sti_usv/src/usv_sim/workspace_gz/plugins/WaveVisual.cc:448:1:[m[K [01;31m[Kerror: [m[Kexpected constructor, destructor, or type conversion before ‘[01m[Knamespace[m[K’
[30.885s]   448 | [01;31m[KIGNITION_ADD_PLUGIN[m[K(WaveVisual, ignition::gazebo::System, "vrx::WaveVisual")
[30.885s]       | [01;31m[K^~~~~~~~~~~~~~~~~~~[m[K
[30.937s] In file included from [01m[K/usr/include/ignition/plugin1/gz/plugin/Register.hh:22[m[K,
[30.937s]                  from [01m[K/home/aliomacc/sti_usv/src/usv_sim/workspace_gz/plugins/ScoringPlugin.cc:28[m[K:
[30.937s] [01m[K/home/aliomacc/sti_usv/src/usv_sim/workspace_gz/plugins/ScoringPlugin.cc:664:1:[m[K [01;31m[Kerror: [m[Kexpected constructor, destructor, or type conversion before ‘[01m[Knamespace[m[K’
[30.937s]   664 | [01;31m[KIGNITION_ADD_PLUGIN[m[K(vrx::ScoringPlugin, ignition::gazebo::System,
[30.937s]       | [01;31m[K^~~~~~~~~~~~~~~~~~~[m[K
[31.206s] In file included from [01m[K/usr/include/ignition/plugin1/gz/plugin/Register.hh:22[m[K,
[31.206s]                  from [01m[K/home/aliomacc/sti_usv/src/usv_sim/workspace_gz/plugins/USVWind.cc:5[m[K:
[31.207s] [01m[K/home/aliomacc/sti_usv/src/usv_sim/workspace_gz/plugins/USVWind.cc:364:1:[m[K [01;31m[Kerror: [m[Kexpected constructor, destructor, or type conversion before ‘[01m[Knamespace[m[K’
[31.207s]   364 | [01;31m[KIGNITION_ADD_PLUGIN[m[K(vrx::USVWind, ignition::gazebo::System,
[31.207s]       | [01;31m[K^~~~~~~~~~~~~~~~~~~[m[K
[32.785s] gmake[2]: *** [CMakeFiles/Surface.dir/build.make:76: CMakeFiles/Surface.dir/plugins/Surface.cc.o] Error 1
[32.787s] gmake[1]: *** [CMakeFiles/Makefile2:283: CMakeFiles/Surface.dir/all] Error 2
[32.812s] [ 57%] [32mBuilding CXX object CMakeFiles/ScoringPlugin.dir/plugins/WaypointMarkers.cc.o[0m
[33.154s] gmake[2]: *** [CMakeFiles/WayfindingScoringPlugin.dir/build.make:76: CMakeFiles/WayfindingScoringPlugin.dir/plugins/WayfindingScoringPlugin.cc.o] Error 1
[33.158s] gmake[1]: *** [CMakeFiles/Makefile2:231: CMakeFiles/WayfindingScoringPlugin.dir/all] Error 2
[33.227s] gmake[2]: *** [CMakeFiles/StationkeepingScoringPlugin.dir/build.make:76: CMakeFiles/StationkeepingScoringPlugin.dir/plugins/StationkeepingScoringPlugin.cc.o] Error 1
[33.230s] gmake[2]: *** Bitmemiş işler için bekliyor....
[33.942s] gmake[2]: *** [CMakeFiles/PolyhedraBuoyancyDrag.dir/build.make:76: CMakeFiles/PolyhedraBuoyancyDrag.dir/plugins/PolyhedraBuoyancyDrag.cc.o] Error 1
[33.942s] gmake[1]: *** [CMakeFiles/Makefile2:361: CMakeFiles/PolyhedraBuoyancyDrag.dir/all] Error 2
[34.895s] gmake[2]: *** [CMakeFiles/ScoringPlugin.dir/build.make:76: CMakeFiles/ScoringPlugin.dir/plugins/ScoringPlugin.cc.o] Error 1
[34.895s] gmake[2]: *** Bitmemiş işler için bekliyor....
[35.056s] gmake[2]: *** [CMakeFiles/WaveVisual.dir/build.make:76: CMakeFiles/WaveVisual.dir/plugins/WaveVisual.cc.o] Error 1
[35.056s] gmake[1]: *** [CMakeFiles/Makefile2:335: CMakeFiles/WaveVisual.dir/all] Error 2
[35.246s] gmake[2]: *** [CMakeFiles/USVWind.dir/build.make:76: CMakeFiles/USVWind.dir/plugins/USVWind.cc.o] Error 1
[35.246s] gmake[1]: *** [CMakeFiles/Makefile2:309: CMakeFiles/USVWind.dir/all] Error 2
[43.021s] gmake[1]: *** [CMakeFiles/Makefile2:205: CMakeFiles/StationkeepingScoringPlugin.dir/all] Error 2
[43.825s] gmake[1]: *** [CMakeFiles/Makefile2:179: CMakeFiles/ScoringPlugin.dir/all] Error 2
[43.825s] gmake: *** [Makefile:146: all] Error 2
[43.828s] Invoked command in '/home/aliomacc/sti_usv/build/workspace_gz' returned '2': CMAKE_PREFIX_PATH=${CMAKE_PREFIX_PATH}:/home/aliomacc/ros2_ws/install/actions_py:/home/aliomacc/ros2_ws/install/lifecycle_py:/opt/ros/humble /usr/bin/cmake --build /home/aliomacc/sti_usv/build/workspace_gz -- -j8 -l8
