[0.040s] Invoking command in '/home/aliomacc/sti_usv/build/workspace_gz': CMAKE_PREFIX_PATH=${CMAKE_PREFIX_PATH}:/home/aliomacc/sti_usv/install/workspace_ros:/home/aliomacc/sti_usv/install/workspace_nav:/home/aliomacc/ros2_ws/install/actions_py:/home/aliomacc/ros2_ws/install/lifecycle_py:/opt/ros/humble /usr/bin/cmake --build /home/aliomacc/sti_usv/build/workspace_gz -- -j8 -l8
[0.255s] [  3%] Built target Waves
[0.365s] [  7%] Built target ScoringPlugin
[0.470s] [ 11%] Built target SimpleHydrodynamics
[0.571s] [ 16%] Built target AcousticPerceptionScoringPlugin
[0.672s] [ 22%] Built target AcousticTrackingScoringPlugin
[0.771s] [ 26%] Built target AcousticPingerPlugin
[0.856s] [ 30%] Built target BallShooterPlugin
[0.943s] [ 33%] Built target LightBuoyPlugin
[1.042s] [ 39%] Built target NavigationScoringPlugin
[1.137s] [ 45%] Built target GymkhanaScoringPlugin
[1.238s] [ 50%] Built target PerceptionScoringPlugin
[1.342s] [ 54%] Built target PlacardPlugin
[1.429s] [ 58%] Built target PublisherPlugin
[1.533s] [ 64%] Built target ScanDockScoringPlugin
[1.626s] [ 69%] Built target WildlifeScoringPlugin
[1.699s] [ 75%] Built target WayfindingScoringPlugin
[1.794s] [ 81%] Built target StationkeepingScoringPlugin
[1.906s] [ 83%] [32mBuilding CXX object CMakeFiles/WaveVisual.dir/plugins/WaveVisual.cc.o[0m
[30.414s] In file included from [01m[K/usr/include/ignition/rendering6/gz/rendering/Node.hh:22[m[K,
[30.416s]                  from [01m[K/usr/include/ignition/rendering6/gz/rendering/Storage.hh:24[m[K,
[30.421s]                  from [01m[K/usr/include/ignition/rendering6/gz/rendering/Scene.hh:34[m[K,
[30.427s]                  from [01m[K/usr/include/ignition/rendering6/ignition/rendering/Scene.hh:18[m[K,
[30.430s]                  from [01m[K/home/aliomacc/sti_usv/src/usv_sim/workspace_gz/plugins/WaveVisual.cc:29[m[K:
[30.430s] /usr/include/c++/11/variant: In instantiation of ‘[01m[Kconstexpr std::add_pointer_t<_Tp> std::get_if(std::variant<_Types ...>*) [with _Tp = long unsigned int; _Types = {std::monostate, int, float, double, std::__cxx11::basic_string<char, std::char_traits<char>, std::allocator<char> >, bool, unsigned int}; std::add_pointer_t<_Tp> = long unsigned int*][m[K’:
[30.430s] [01m[K/home/aliomacc/sti_usv/src/usv_sim/workspace_gz/plugins/WaveVisual.cc:284:56:[m[K   required from here
[30.430s] [01m[K/usr/include/c++/11/variant:1185:42:[m[K [01;31m[Kerror: [m[Kstatic assertion failed: T must occur exactly once in alternatives
[30.437s]  1185 | [01;31m[K__detail::__variant::__exactly_once<_Tp, _Types...>[m[K,
[30.440s]       | [01;31m[K~~~~~~~~~~~~~~~~~~~~~^~~~~~~~~~~~~~~~~~~~~~~~~~~~~~[m[K
[30.441s] 
[30.441s] [01m[K/usr/include/c++/11/variant:1185:42:[m[K [01;36m[Knote: [m[K‘[01m[Kstd::__detail::__variant::__exactly_once<long unsigned int, std::monostate, int, float, double, std::__cxx11::basic_string<char, std::char_traits<char>, std::allocator<char> >, bool, unsigned int>[m[K’ evaluates to false
[30.442s] /usr/include/c++/11/variant: In instantiation of ‘[01m[Kstruct std::variant_alternative<1, std::variant<unsigned int> >[m[K’:
[30.450s] [01m[K/usr/include/c++/11/variant:103:12:[m[K   recursively required from ‘[01m[Kstruct std::variant_alternative<6, std::variant<int, float, double, std::__cxx11::basic_string<char, std::char_traits<char>, std::allocator<char> >, bool, unsigned int> >[m[K’
[30.451s] [01m[K/usr/include/c++/11/variant:103:12:[m[K   required from ‘[01m[Kstruct std::variant_alternative<7, std::variant<std::monostate, int, float, double, std::__cxx11::basic_string<char, std::char_traits<char>, std::allocator<char> >, bool, unsigned int> >[m[K’
[30.451s] [01m[K/usr/include/c++/11/variant:1170:5:[m[K   required by substitution of ‘[01m[Ktemplate<long unsigned int _Np, class ... _Types> constexpr std::add_pointer_t<const typename std::variant_alternative<_Np, std::variant<_Types ...> >::type> std::get_if(const std::variant<_Types ...>*) [with long unsigned int _Np = 7; _Types = {std::monostate, int, float, double, std::__cxx11::basic_string<char, std::char_traits<char>, std::allocator<char> >, bool, unsigned int}][m[K’
[30.451s] [01m[K/usr/include/c++/11/variant:1188:76:[m[K   required from ‘[01m[Kconstexpr std::add_pointer_t<_Tp> std::get_if(std::variant<_Types ...>*) [with _Tp = long unsigned int; _Types = {std::monostate, int, float, double, std::__cxx11::basic_string<char, std::char_traits<char>, std::allocator<char> >, bool, unsigned int}; std::add_pointer_t<_Tp> = long unsigned int*][m[K’
[30.451s] [01m[K/home/aliomacc/sti_usv/src/usv_sim/workspace_gz/plugins/WaveVisual.cc:284:56:[m[K   required from here
[30.451s] [01m[K/usr/include/c++/11/variant:103:12:[m[K [01;31m[Kerror: [m[Kinvalid use of incomplete type ‘[01m[Kstruct std::variant_alternative<0, std::variant<> >[m[K’
[30.451s]   103 |     struct [01;31m[Kvariant_alternative<_Np, variant<_First, _Rest...>>[m[K
[30.451s]       |            [01;31m[K^~~~~~~~~~~~~~~~~~~~~~~~~~~~~~~~~~~~~~~~~~~~~~~~~~~[m[K
[30.451s] [01m[K/usr/include/c++/11/variant:100:12:[m[K [01;36m[Knote: [m[Kdeclaration of ‘[01m[Kstruct std::variant_alternative<0, std::variant<> >[m[K’
[30.451s]   100 |     struct [01;36m[Kvariant_alternative[m[K;
[30.451s]       |            [01;36m[K^~~~~~~~~~~~~~~~~~~[m[K
[30.452s] /usr/include/c++/11/variant: In instantiation of ‘[01m[Kconstexpr std::add_pointer_t<_Tp> std::get_if(std::variant<_Types ...>*) [with _Tp = long unsigned int; _Types = {std::monostate, int, float, double, std::__cxx11::basic_string<char, std::char_traits<char>, std::allocator<char> >, bool, unsigned int}; std::add_pointer_t<_Tp> = long unsigned int*][m[K’:
[30.452s] [01m[K/home/aliomacc/sti_usv/src/usv_sim/workspace_gz/plugins/WaveVisual.cc:284:56:[m[K   required from here
[30.452s] [01m[K/usr/include/c++/11/variant:1188:76:[m[K [01;31m[Kerror: [m[Kno matching function for call to ‘[01m[Kget_if<std::__detail::__variant::__index_of_v<long unsigned int, std::monostate, int, float, double, std::__cxx11::basic_string<char, std::char_traits<char>, std::allocator<char> >, bool, unsigned int> >(std::variant<std::monostate, int, float, double, std::__cxx11::basic_string<char, std::char_traits<char>, std::allocator<char> >, bool, unsigned int>*&)[m[K’
[30.452s]  1188 | [01;31m[K::__index_of_v<_Tp, _Types...>>([m[K
[30.452s]       | [01;31m[K~~~~~~~~~~~~~~~~~~~~~~~~~~~~~~~^[m[K
[30.452s] 
[30.452s]  1189 | 
[30.452s]       |                                 
[30.452s] 
[30.452s] [01m[K/usr/include/c++/11/variant:1156:5:[m[K [01;36m[Knote: [m[Kcandidate: ‘[01m[Ktemplate<long unsigned int _Np, class ... _Types> constexpr std::add_pointer_t<typename std::variant_alternative<_Np, std::variant<_Types ...> >::type> std::get_if(std::variant<_Types ...>*)[m[K’
[30.452s]  1156 |     [01;36m[Kget_if[m[K(variant<_Types...>* __ptr) noexcept
[30.452s]       |     [01;36m[K^~~~~~[m[K
[30.460s] [01m[K/usr/include/c++/11/variant:1156:5:[m[K [01;36m[Knote: [m[K  template argument deduction/substitution failed:
[30.460s] /usr/include/c++/11/variant: In substitution of ‘[01m[Ktemplate<long unsigned int _Np, class ... _Types> constexpr std::add_pointer_t<typename std::variant_alternative<_Np, std::variant<_Types ...> >::type> std::get_if(std::variant<_Types ...>*) [with long unsigned int _Np = 7; _Types = {std::monostate, int, float, double, std::__cxx11::basic_string<char, std::char_traits<char>, std::allocator<char> >, bool, unsigned int}][m[K’:
[30.460s] [01m[K/usr/include/c++/11/variant:1188:76:[m[K   required from ‘[01m[Kconstexpr std::add_pointer_t<_Tp> std::get_if(std::variant<_Types ...>*) [with _Tp = long unsigned int; _Types = {std::monostate, int, float, double, std::__cxx11::basic_string<char, std::char_traits<char>, std::allocator<char> >, bool, unsigned int}; std::add_pointer_t<_Tp> = long unsigned int*][m[K’
[30.460s] [01m[K/home/aliomacc/sti_usv/src/usv_sim/workspace_gz/plugins/WaveVisual.cc:284:56:[m[K   required from here
[30.461s] [01m[K/usr/include/c++/11/variant:1156:5:[m[K [01;31m[Kerror: [m[Kno type named ‘[01m[Ktype[m[K’ in ‘[01m[Kstruct std::variant_alternative<7, std::variant<std::monostate, int, float, double, std::__cxx11::basic_string<char, std::char_traits<char>, std::allocator<char> >, bool, unsigned int> >[m[K’
[30.461s] /usr/include/c++/11/variant: In instantiation of ‘[01m[Kconstexpr std::add_pointer_t<_Tp> std::get_if(std::variant<_Types ...>*) [with _Tp = long unsigned int; _Types = {std::monostate, int, float, double, std::__cxx11::basic_string<char, std::char_traits<char>, std::allocator<char> >, bool, unsigned int}; std::add_pointer_t<_Tp> = long unsigned int*][m[K’:
[30.461s] [01m[K/home/aliomacc/sti_usv/src/usv_sim/workspace_gz/plugins/WaveVisual.cc:284:56:[m[K   required from here
[30.461s] [01m[K/usr/include/c++/11/variant:1170:5:[m[K [01;36m[Knote: [m[Kcandidate: ‘[01m[Ktemplate<long unsigned int _Np, class ... _Types> constexpr std::add_pointer_t<const typename std::variant_alternative<_Np, std::variant<_Types ...> >::type> std::get_if(const std::variant<_Types ...>*)[m[K’
[30.461s]  1170 |     [01;36m[Kget_if[m[K(const variant<_Types...>* __ptr) noexcept
[30.462s]       |     [01;36m[K^~~~~~[m[K
[30.462s] [01m[K/usr/include/c++/11/variant:1170:5:[m[K [01;36m[Knote: [m[K  substitution of deduced template arguments resulted in errors seen above
[30.462s] [01m[K/usr/include/c++/11/variant:1183:5:[m[K [01;36m[Knote: [m[Kcandidate: ‘[01m[Ktemplate<class _Tp, class ... _Types> constexpr std::add_pointer_t<_Tp> std::get_if(std::variant<_Types ...>*)[m[K’
[30.462s]  1183 |     [01;36m[Kget_if[m[K(variant<_Types...>* __ptr) noexcept
[30.462s]       |     [01;36m[K^~~~~~[m[K
[30.462s] [01m[K/usr/include/c++/11/variant:1183:5:[m[K [01;36m[Knote: [m[K  template argument deduction/substitution failed:
[30.463s] [01m[K/usr/include/c++/11/variant:1188:76:[m[K [01;31m[Kerror: [m[Ktype/value mismatch at argument 1 in template parameter list for ‘[01m[Ktemplate<class _Tp, class ... _Types> constexpr std::add_pointer_t<_Tp> std::get_if(std::variant<_Types ...>*)[m[K’
[30.463s]  1188 | [01;31m[K::__index_of_v<_Tp, _Types...>>([m[K
[30.463s]       | [01;31m[K~~~~~~~~~~~~~~~~~~~~~~~~~~~~~~~^[m[K
[30.463s] 
[30.464s]  1189 | 
[30.464s]       |                                 
[30.464s] 
[30.464s] [01m[K/usr/include/c++/11/variant:1188:76:[m[K [01;36m[Knote: [m[K  expected a type, got ‘[01m[Kstd::__detail::__variant::__index_of_v<long unsigned int, std::monostate, int, float, double, std::__cxx11::basic_string<char, std::char_traits<char>, std::allocator<char> >, bool, unsigned int>[m[K’
[39.566s] gmake[2]: *** [CMakeFiles/WaveVisual.dir/build.make:76: CMakeFiles/WaveVisual.dir/plugins/WaveVisual.cc.o] Error 1
[39.566s] gmake[1]: *** [CMakeFiles/Makefile2:338: CMakeFiles/WaveVisual.dir/all] Error 2
[39.567s] gmake: *** [Makefile:146: all] Error 2
[39.577s] Invoked command in '/home/aliomacc/sti_usv/build/workspace_gz' returned '2': CMAKE_PREFIX_PATH=${CMAKE_PREFIX_PATH}:/home/aliomacc/sti_usv/install/workspace_ros:/home/aliomacc/sti_usv/install/workspace_nav:/home/aliomacc/ros2_ws/install/actions_py:/home/aliomacc/ros2_ws/install/lifecycle_py:/opt/ros/humble /usr/bin/cmake --build /home/aliomacc/sti_usv/build/workspace_gz -- -j8 -l8
