[0.783s] Invoking command in '/home/ngen/yildiz_ws/src/YILDIZ-USV/build/workspace_ros': DEBUGINFOD_URLS=https://debuginfod.ubuntu.com PYTHONPATH=/home/ngen/yildiz_ws/src/YILDIZ-USV/build/workspace_ros/prefix_override:/usr/lib/python3/dist-packages/colcon_core/task/python/colcon_distutils_commands:/home/ngen/yildiz_ws/src/YILDIZ-USV/install/workspace_ros/lib/python3.12/site-packages:${PYTHONPATH} /usr/bin/python3 -W ignore:setup.py install is deprecated -W ignore:easy_install command is deprecated setup.py develop --editable --build-directory /home/ngen/yildiz_ws/src/YILDIZ-USV/build/workspace_ros/build --no-deps symlink_data
[1.067s] running develop
[1.249s] running egg_info
[1.249s] creating workspace_ros.egg-info
[1.268s] writing workspace_ros.egg-info/PKG-INFO
[1.268s] writing dependency_links to workspace_ros.egg-info/dependency_links.txt
[1.269s] writing entry points to workspace_ros.egg-info/entry_points.txt
[1.269s] writing requirements to workspace_ros.egg-info/requires.txt
[1.269s] writing top-level names to workspace_ros.egg-info/top_level.txt
[1.269s] writing manifest file 'workspace_ros.egg-info/SOURCES.txt'
[1.307s] reading manifest file 'workspace_ros.egg-info/SOURCES.txt'
[1.308s] writing manifest file 'workspace_ros.egg-info/SOURCES.txt'
[1.329s] running build_ext
[1.329s] Creating /home/ngen/yildiz_ws/src/YILDIZ-USV/install/workspace_ros/lib/python3.12/site-packages/workspace-ros.egg-link (link to .)
[1.330s] Installing converter script to /home/ngen/yildiz_ws/src/YILDIZ-USV/install/workspace_ros/lib/workspace_ros
[1.330s] Installing gps_covariance_repub script to /home/ngen/yildiz_ws/src/YILDIZ-USV/install/workspace_ros/lib/workspace_ros
[1.330s] Installing imu_covariance_repub script to /home/ngen/yildiz_ws/src/YILDIZ-USV/install/workspace_ros/lib/workspace_ros
[1.330s] Installing kamikaze script to /home/ngen/yildiz_ws/src/YILDIZ-USV/install/workspace_ros/lib/workspace_ros
[1.330s] Installing lidar_processor script to /home/ngen/yildiz_ws/src/YILDIZ-USV/install/workspace_ros/lib/workspace_ros
[1.331s] Installing manual_control script to /home/ngen/yildiz_ws/src/YILDIZ-USV/install/workspace_ros/lib/workspace_ros
[1.331s] Installing static_transform_publisher script to /home/ngen/yildiz_ws/src/YILDIZ-USV/install/workspace_ros/lib/workspace_ros
[1.331s] Installing target_buoy script to /home/ngen/yildiz_ws/src/YILDIZ-USV/install/workspace_ros/lib/workspace_ros
[1.331s] 
[1.331s] Installed /home/ngen/yildiz_ws/src/YILDIZ-USV/build/workspace_ros
[1.331s] running symlink_data
[1.331s] creating /home/ngen/yildiz_ws/src/YILDIZ-USV/install/workspace_ros/share/ament_index
[1.331s] creating /home/ngen/yildiz_ws/src/YILDIZ-USV/install/workspace_ros/share/ament_index/resource_index
[1.331s] creating /home/ngen/yildiz_ws/src/YILDIZ-USV/install/workspace_ros/share/ament_index/resource_index/packages
[1.332s] symbolically linking /home/ngen/yildiz_ws/src/YILDIZ-USV/build/workspace_ros/resource/workspace_ros -> /home/ngen/yildiz_ws/src/YILDIZ-USV/install/workspace_ros/share/ament_index/resource_index/packages
[1.332s] symbolically linking /home/ngen/yildiz_ws/src/YILDIZ-USV/build/workspace_ros/package.xml -> /home/ngen/yildiz_ws/src/YILDIZ-USV/install/workspace_ros/share/workspace_ros
[1.332s] creating /home/ngen/yildiz_ws/src/YILDIZ-USV/install/workspace_ros/share/workspace_ros/config
[1.332s] symbolically linking /home/ngen/yildiz_ws/src/YILDIZ-USV/build/workspace_ros/config/static_transform.yaml -> /home/ngen/yildiz_ws/src/YILDIZ-USV/install/workspace_ros/share/workspace_ros/config
[1.332s] symbolically linking /home/ngen/yildiz_ws/src/YILDIZ-USV/build/workspace_ros/config/ekf.yaml -> /home/ngen/yildiz_ws/src/YILDIZ-USV/install/workspace_ros/share/workspace_ros/config
[1.332s] symbolically linking /home/ngen/yildiz_ws/src/YILDIZ-USV/build/workspace_ros/config/lidar_rviz.rviz -> /home/ngen/yildiz_ws/src/YILDIZ-USV/install/workspace_ros/share/workspace_ros/config
[1.332s] symbolically linking /home/ngen/yildiz_ws/src/YILDIZ-USV/build/workspace_ros/config/kiss_icp.yaml -> /home/ngen/yildiz_ws/src/YILDIZ-USV/install/workspace_ros/share/workspace_ros/config
[1.332s] symbolically linking /home/ngen/yildiz_ws/src/YILDIZ-USV/build/workspace_ros/config/navsat.yaml -> /home/ngen/yildiz_ws/src/YILDIZ-USV/install/workspace_ros/share/workspace_ros/config
[1.332s] symbolically linking /home/ngen/yildiz_ws/src/YILDIZ-USV/build/workspace_ros/config/lidar_filter.yaml -> /home/ngen/yildiz_ws/src/YILDIZ-USV/install/workspace_ros/share/workspace_ros/config
[1.332s] creating /home/ngen/yildiz_ws/src/YILDIZ-USV/install/workspace_ros/share/workspace_ros/launch
[1.332s] symbolically linking /home/ngen/yildiz_ws/src/YILDIZ-USV/build/workspace_ros/launch/localization.launch.py -> /home/ngen/yildiz_ws/src/YILDIZ-USV/install/workspace_ros/share/workspace_ros/launch
[1.332s] symbolically linking /home/ngen/yildiz_ws/src/YILDIZ-USV/build/workspace_ros/launch/mola_slam.launch.py -> /home/ngen/yildiz_ws/src/YILDIZ-USV/install/workspace_ros/share/workspace_ros/launch
[1.333s] symbolically linking /home/ngen/yildiz_ws/src/YILDIZ-USV/build/workspace_ros/launch/kiss_icp.launch.py -> /home/ngen/yildiz_ws/src/YILDIZ-USV/install/workspace_ros/share/workspace_ros/launch
[1.333s] symbolically linking /home/ngen/yildiz_ws/src/YILDIZ-USV/build/workspace_ros/launch/lidar_filter.launch.py -> /home/ngen/yildiz_ws/src/YILDIZ-USV/install/workspace_ros/share/workspace_ros/launch
[1.333s] creating /home/ngen/yildiz_ws/src/YILDIZ-USV/install/workspace_ros/share/workspace_ros/scripts
[1.333s] symbolically linking /home/ngen/yildiz_ws/src/YILDIZ-USV/build/workspace_ros/scripts/static_transform_publisher.py -> /home/ngen/yildiz_ws/src/YILDIZ-USV/install/workspace_ros/share/workspace_ros/scripts
[1.333s] symbolically linking /home/ngen/yildiz_ws/src/YILDIZ-USV/build/workspace_ros/scripts/converter.py -> /home/ngen/yildiz_ws/src/YILDIZ-USV/install/workspace_ros/share/workspace_ros/scripts
[1.333s] symbolically linking /home/ngen/yildiz_ws/src/YILDIZ-USV/build/workspace_ros/scripts/__init__.py -> /home/ngen/yildiz_ws/src/YILDIZ-USV/install/workspace_ros/share/workspace_ros/scripts
[1.333s] symbolically linking /home/ngen/yildiz_ws/src/YILDIZ-USV/build/workspace_ros/scripts/lidar_processor.py -> /home/ngen/yildiz_ws/src/YILDIZ-USV/install/workspace_ros/share/workspace_ros/scripts
[1.333s] symbolically linking /home/ngen/yildiz_ws/src/YILDIZ-USV/build/workspace_ros/scripts/imu_covariance_repub.py -> /home/ngen/yildiz_ws/src/YILDIZ-USV/install/workspace_ros/share/workspace_ros/scripts
[1.334s] symbolically linking /home/ngen/yildiz_ws/src/YILDIZ-USV/build/workspace_ros/scripts/kamikaze.py -> /home/ngen/yildiz_ws/src/YILDIZ-USV/install/workspace_ros/share/workspace_ros/scripts
[1.334s] symbolically linking /home/ngen/yildiz_ws/src/YILDIZ-USV/build/workspace_ros/scripts/gps_covariance_repub.py -> /home/ngen/yildiz_ws/src/YILDIZ-USV/install/workspace_ros/share/workspace_ros/scripts
[1.334s] symbolically linking /home/ngen/yildiz_ws/src/YILDIZ-USV/build/workspace_ros/scripts/target_buoy.py -> /home/ngen/yildiz_ws/src/YILDIZ-USV/install/workspace_ros/share/workspace_ros/scripts
[1.334s] symbolically linking /home/ngen/yildiz_ws/src/YILDIZ-USV/build/workspace_ros/scripts/manual_control.py -> /home/ngen/yildiz_ws/src/YILDIZ-USV/install/workspace_ros/share/workspace_ros/scripts
[1.334s] creating /home/ngen/yildiz_ws/src/YILDIZ-USV/install/workspace_ros/share/workspace_ros/YOLOv11
[1.334s] symbolically linking /home/ngen/yildiz_ws/src/YILDIZ-USV/build/workspace_ros/YOLOv11/YOLOv11.pt -> /home/ngen/yildiz_ws/src/YILDIZ-USV/install/workspace_ros/share/workspace_ros/YOLOv11
[1.364s] Invoked command in '/home/ngen/yildiz_ws/src/YILDIZ-USV/build/workspace_ros' returned '0': DEBUGINFOD_URLS=https://debuginfod.ubuntu.com PYTHONPATH=/home/ngen/yildiz_ws/src/YILDIZ-USV/build/workspace_ros/prefix_override:/usr/lib/python3/dist-packages/colcon_core/task/python/colcon_distutils_commands:/home/ngen/yildiz_ws/src/YILDIZ-USV/install/workspace_ros/lib/python3.12/site-packages:${PYTHONPATH} /usr/bin/python3 -W ignore:setup.py install is deprecated -W ignore:easy_install command is deprecated setup.py develop --editable --build-directory /home/ngen/yildiz_ws/src/YILDIZ-USV/build/workspace_ros/build --no-deps symlink_data
