[4.364s] DEBUG:colcon:Command line arguments: ['/usr/bin/colcon', 'build', '--packages-select', 'workspace_gz']
[4.365s] DEBUG:colcon:Parsed command line arguments: Namespace(log_base=None, log_level=None, verb_name='build', build_base='build', install_base='install', merge_install=False, symlink_install=False, test_result_base=None, continue_on_error=False, executor='parallel', parallel_workers=8, event_handlers=None, ignore_user_meta=False, metas=['./colcon.meta'], base_paths=['.'], packages_ignore=None, packages_ignore_regex=None, paths=None, packages_up_to=None, packages_up_to_regex=None, packages_above=None, packages_above_and_dependencies=None, packages_above_depth=None, packages_select_by_dep=None, packages_skip_by_dep=None, packages_skip_up_to=None, packages_select_build_failed=False, packages_skip_build_finished=False, packages_select_test_failures=False, packages_skip_test_passed=False, packages_select=['workspace_gz'], packages_skip=None, packages_select_regex=None, packages_skip_regex=None, packages_start=None, packages_end=None, allow_overriding=[], cmake_args=None, cmake_target=None, cmake_target_skip_unavailable=False, cmake_clean_cache=False, cmake_clean_first=False, cmake_force_configure=False, ament_cmake_args=None, catkin_cmake_args=None, catkin_skip_building_tests=False, mixin_files=None, mixin=None, verb_parser=<colcon_mixin.mixin.mixin_argument.MixinArgumentDecorator object at 0x7fc35aaa0a90>, verb_extension=<colcon_core.verb.build.BuildVerb object at 0x7fc35aaa0520>, main=<bound method BuildVerb.main of <colcon_core.verb.build.BuildVerb object at 0x7fc35aaa0520>>, mixin_verb=('build',))
[12.489s] Level 1:colcon.colcon_core.package_discovery:discover_packages(colcon_meta) check parameters
[12.499s] Level 1:colcon.colcon_core.package_discovery:discover_packages(recursive) check parameters
[12.500s] Level 1:colcon.colcon_core.package_discovery:discover_packages(ignore) check parameters
[12.500s] Level 1:colcon.colcon_core.package_discovery:discover_packages(path) check parameters
[12.501s] Level 1:colcon.colcon_core.package_discovery:discover_packages(colcon_meta) discover
[12.501s] Level 1:colcon.colcon_core.package_discovery:discover_packages(recursive) discover
[12.502s] INFO:colcon.colcon_core.package_discovery:Crawling recursively for packages in '/home/aliomacc/sti_usv'
[12.507s] Level 1:colcon.colcon_core.package_identification:_identify(.) by extensions ['ignore', 'ignore_ament_install']
[12.508s] Level 1:colcon.colcon_core.package_identification:_identify(.) by extension 'ignore'
[12.509s] Level 1:colcon.colcon_core.package_identification:_identify(.) by extension 'ignore_ament_install'
[12.513s] Level 1:colcon.colcon_core.package_identification:_identify(.) by extensions ['colcon_pkg']
[12.514s] Level 1:colcon.colcon_core.package_identification:_identify(.) by extension 'colcon_pkg'
[12.515s] Level 1:colcon.colcon_core.package_identification:_identify(.) by extensions ['colcon_meta']
[12.516s] Level 1:colcon.colcon_core.package_identification:_identify(.) by extension 'colcon_meta'
[12.527s] Level 1:colcon.colcon_core.package_identification:_identify(.) by extensions ['ros']
[12.528s] Level 1:colcon.colcon_core.package_identification:_identify(.) by extension 'ros'
[12.714s] Level 1:colcon.colcon_core.package_identification:_identify(.) by extensions ['cmake', 'python']
[12.714s] Level 1:colcon.colcon_core.package_identification:_identify(.) by extension 'cmake'
[12.715s] Level 1:colcon.colcon_core.package_identification:_identify(.) by extension 'python'
[12.715s] Level 1:colcon.colcon_core.package_identification:_identify(.) by extensions ['python_setup_py']
[12.715s] Level 1:colcon.colcon_core.package_identification:_identify(.) by extension 'python_setup_py'
[12.720s] Level 1:colcon.colcon_core.package_identification:_identify(build) by extensions ['ignore', 'ignore_ament_install']
[12.721s] Level 1:colcon.colcon_core.package_identification:_identify(build) by extension 'ignore'
[12.722s] Level 1:colcon.colcon_core.package_identification:_identify(build) ignored
[12.731s] Level 1:colcon.colcon_core.package_identification:_identify(install) by extensions ['ignore', 'ignore_ament_install']
[12.732s] Level 1:colcon.colcon_core.package_identification:_identify(install) by extension 'ignore'
[12.739s] Level 1:colcon.colcon_core.package_identification:_identify(install) ignored
[12.741s] Level 1:colcon.colcon_core.package_identification:_identify(log) by extensions ['ignore', 'ignore_ament_install']
[12.742s] Level 1:colcon.colcon_core.package_identification:_identify(log) by extension 'ignore'
[12.743s] Level 1:colcon.colcon_core.package_identification:_identify(log) ignored
[12.744s] Level 1:colcon.colcon_core.package_identification:_identify(src) by extensions ['ignore', 'ignore_ament_install']
[12.745s] Level 1:colcon.colcon_core.package_identification:_identify(src) by extension 'ignore'
[12.750s] Level 1:colcon.colcon_core.package_identification:_identify(src) by extension 'ignore_ament_install'
[12.751s] Level 1:colcon.colcon_core.package_identification:_identify(src) by extensions ['colcon_pkg']
[12.751s] Level 1:colcon.colcon_core.package_identification:_identify(src) by extension 'colcon_pkg'
[12.752s] Level 1:colcon.colcon_core.package_identification:_identify(src) by extensions ['colcon_meta']
[12.760s] Level 1:colcon.colcon_core.package_identification:_identify(src) by extension 'colcon_meta'
[12.760s] Level 1:colcon.colcon_core.package_identification:_identify(src) by extensions ['ros']
[12.761s] Level 1:colcon.colcon_core.package_identification:_identify(src) by extension 'ros'
[12.762s] Level 1:colcon.colcon_core.package_identification:_identify(src) by extensions ['cmake', 'python']
[12.762s] Level 1:colcon.colcon_core.package_identification:_identify(src) by extension 'cmake'
[12.769s] Level 1:colcon.colcon_core.package_identification:_identify(src) by extension 'python'
[12.770s] Level 1:colcon.colcon_core.package_identification:_identify(src) by extensions ['python_setup_py']
[12.771s] Level 1:colcon.colcon_core.package_identification:_identify(src) by extension 'python_setup_py'
[12.780s] Level 1:colcon.colcon_core.package_identification:_identify(src/usv_sim) by extensions ['ignore', 'ignore_ament_install']
[12.780s] Level 1:colcon.colcon_core.package_identification:_identify(src/usv_sim) by extension 'ignore'
[12.780s] Level 1:colcon.colcon_core.package_identification:_identify(src/usv_sim) by extension 'ignore_ament_install'
[12.781s] Level 1:colcon.colcon_core.package_identification:_identify(src/usv_sim) by extensions ['colcon_pkg']
[12.781s] Level 1:colcon.colcon_core.package_identification:_identify(src/usv_sim) by extension 'colcon_pkg'
[12.782s] Level 1:colcon.colcon_core.package_identification:_identify(src/usv_sim) by extensions ['colcon_meta']
[12.784s] Level 1:colcon.colcon_core.package_identification:_identify(src/usv_sim) by extension 'colcon_meta'
[12.785s] Level 1:colcon.colcon_core.package_identification:_identify(src/usv_sim) by extensions ['ros']
[12.785s] Level 1:colcon.colcon_core.package_identification:_identify(src/usv_sim) by extension 'ros'
[12.785s] Level 1:colcon.colcon_core.package_identification:_identify(src/usv_sim) by extensions ['cmake', 'python']
[12.787s] Level 1:colcon.colcon_core.package_identification:_identify(src/usv_sim) by extension 'cmake'
[12.787s] Level 1:colcon.colcon_core.package_identification:_identify(src/usv_sim) by extension 'python'
[12.788s] Level 1:colcon.colcon_core.package_identification:_identify(src/usv_sim) by extensions ['python_setup_py']
[12.788s] Level 1:colcon.colcon_core.package_identification:_identify(src/usv_sim) by extension 'python_setup_py'
[12.789s] Level 1:colcon.colcon_core.package_identification:_identify(src/usv_sim/__pycache__) by extensions ['ignore', 'ignore_ament_install']
[12.789s] Level 1:colcon.colcon_core.package_identification:_identify(src/usv_sim/__pycache__) by extension 'ignore'
[12.790s] Level 1:colcon.colcon_core.package_identification:_identify(src/usv_sim/__pycache__) by extension 'ignore_ament_install'
[12.792s] Level 1:colcon.colcon_core.package_identification:_identify(src/usv_sim/__pycache__) by extensions ['colcon_pkg']
[12.793s] Level 1:colcon.colcon_core.package_identification:_identify(src/usv_sim/__pycache__) by extension 'colcon_pkg'
[12.794s] Level 1:colcon.colcon_core.package_identification:_identify(src/usv_sim/__pycache__) by extensions ['colcon_meta']
[12.794s] Level 1:colcon.colcon_core.package_identification:_identify(src/usv_sim/__pycache__) by extension 'colcon_meta'
[12.795s] Level 1:colcon.colcon_core.package_identification:_identify(src/usv_sim/__pycache__) by extensions ['ros']
[12.796s] Level 1:colcon.colcon_core.package_identification:_identify(src/usv_sim/__pycache__) by extension 'ros'
[12.797s] Level 1:colcon.colcon_core.package_identification:_identify(src/usv_sim/__pycache__) by extensions ['cmake', 'python']
[12.798s] Level 1:colcon.colcon_core.package_identification:_identify(src/usv_sim/__pycache__) by extension 'cmake'
[12.798s] Level 1:colcon.colcon_core.package_identification:_identify(src/usv_sim/__pycache__) by extension 'python'
[12.799s] Level 1:colcon.colcon_core.package_identification:_identify(src/usv_sim/__pycache__) by extensions ['python_setup_py']
[12.799s] Level 1:colcon.colcon_core.package_identification:_identify(src/usv_sim/__pycache__) by extension 'python_setup_py'
[12.799s] Level 1:colcon.colcon_core.package_identification:_identify(src/usv_sim/workspace_gz) by extensions ['ignore', 'ignore_ament_install']
[12.800s] Level 1:colcon.colcon_core.package_identification:_identify(src/usv_sim/workspace_gz) by extension 'ignore'
[12.800s] Level 1:colcon.colcon_core.package_identification:_identify(src/usv_sim/workspace_gz) by extension 'ignore_ament_install'
[12.800s] Level 1:colcon.colcon_core.package_identification:_identify(src/usv_sim/workspace_gz) by extensions ['colcon_pkg']
[12.800s] Level 1:colcon.colcon_core.package_identification:_identify(src/usv_sim/workspace_gz) by extension 'colcon_pkg'
[12.800s] Level 1:colcon.colcon_core.package_identification:_identify(src/usv_sim/workspace_gz) by extensions ['colcon_meta']
[12.800s] Level 1:colcon.colcon_core.package_identification:_identify(src/usv_sim/workspace_gz) by extension 'colcon_meta'
[12.801s] Level 1:colcon.colcon_core.package_identification:_identify(src/usv_sim/workspace_gz) by extensions ['ros']
[12.801s] Level 1:colcon.colcon_core.package_identification:_identify(src/usv_sim/workspace_gz) by extension 'ros'
[12.978s] DEBUG:colcon.colcon_core.package_identification:Package 'src/usv_sim/workspace_gz' with type 'ros.ament_cmake' and name 'workspace_gz'
[12.985s] Level 1:colcon.colcon_core.package_identification:_identify(src/usv_sim/workspace_nav) by extensions ['ignore', 'ignore_ament_install']
[12.986s] Level 1:colcon.colcon_core.package_identification:_identify(src/usv_sim/workspace_nav) by extension 'ignore'
[12.993s] Level 1:colcon.colcon_core.package_identification:_identify(src/usv_sim/workspace_nav) by extension 'ignore_ament_install'
[12.996s] Level 1:colcon.colcon_core.package_identification:_identify(src/usv_sim/workspace_nav) by extensions ['colcon_pkg']
[12.997s] Level 1:colcon.colcon_core.package_identification:_identify(src/usv_sim/workspace_nav) by extension 'colcon_pkg'
[12.997s] Level 1:colcon.colcon_core.package_identification:_identify(src/usv_sim/workspace_nav) by extensions ['colcon_meta']
[12.998s] Level 1:colcon.colcon_core.package_identification:_identify(src/usv_sim/workspace_nav) by extension 'colcon_meta'
[12.999s] Level 1:colcon.colcon_core.package_identification:_identify(src/usv_sim/workspace_nav) by extensions ['ros']
[13.000s] Level 1:colcon.colcon_core.package_identification:_identify(src/usv_sim/workspace_nav) by extension 'ros'
[13.010s] DEBUG:colcon.colcon_core.package_identification:Package 'src/usv_sim/workspace_nav' with type 'ros.ament_python' and name 'workspace_nav'
[13.011s] Level 1:colcon.colcon_core.package_identification:_identify(src/usv_sim/workspace_ros) by extensions ['ignore', 'ignore_ament_install']
[13.011s] Level 1:colcon.colcon_core.package_identification:_identify(src/usv_sim/workspace_ros) by extension 'ignore'
[13.012s] Level 1:colcon.colcon_core.package_identification:_identify(src/usv_sim/workspace_ros) by extension 'ignore_ament_install'
[13.015s] Level 1:colcon.colcon_core.package_identification:_identify(src/usv_sim/workspace_ros) by extensions ['colcon_pkg']
[13.015s] Level 1:colcon.colcon_core.package_identification:_identify(src/usv_sim/workspace_ros) by extension 'colcon_pkg'
[13.016s] Level 1:colcon.colcon_core.package_identification:_identify(src/usv_sim/workspace_ros) by extensions ['colcon_meta']
[13.016s] Level 1:colcon.colcon_core.package_identification:_identify(src/usv_sim/workspace_ros) by extension 'colcon_meta'
[13.016s] Level 1:colcon.colcon_core.package_identification:_identify(src/usv_sim/workspace_ros) by extensions ['ros']
[13.017s] Level 1:colcon.colcon_core.package_identification:_identify(src/usv_sim/workspace_ros) by extension 'ros'
[13.038s] DEBUG:colcon.colcon_core.package_identification:Package 'src/usv_sim/workspace_ros' with type 'ros.ament_python' and name 'workspace_ros'
[13.039s] Level 1:colcon.colcon_core.package_discovery:discover_packages(recursive) using defaults
[13.040s] Level 1:colcon.colcon_core.package_discovery:discover_packages(ignore) discover
[13.040s] Level 1:colcon.colcon_core.package_discovery:discover_packages(ignore) using defaults
[13.040s] Level 1:colcon.colcon_core.package_discovery:discover_packages(path) discover
[13.041s] Level 1:colcon.colcon_core.package_discovery:discover_packages(path) using defaults
[13.591s] INFO:colcon.colcon_core.package_selection:Skipping not selected package 'workspace_nav' in 'src/usv_sim/workspace_nav'
[13.592s] INFO:colcon.colcon_core.package_selection:Skipping not selected package 'workspace_ros' in 'src/usv_sim/workspace_ros'
[13.608s] Level 1:colcon.colcon_core.package_discovery:discover_packages(prefix_path) check parameters
[13.608s] Level 1:colcon.colcon_core.package_discovery:discover_packages(prefix_path) discover
[13.694s] DEBUG:colcon.colcon_installed_package_information.package_discovery:Found 4 installed packages in /home/aliomacc/turtlebot3_ws/install
[13.724s] DEBUG:colcon.colcon_installed_package_information.package_discovery:Found 6 installed packages in /home/aliomacc/ros2_ws/install
[13.744s] DEBUG:colcon.colcon_installed_package_information.package_discovery:Found 450 installed packages in /opt/ros/humble
[13.778s] Level 1:colcon.colcon_core.package_discovery:discover_packages(prefix_path) using defaults
[15.558s] Level 5:colcon.colcon_core.verb:set package 'workspace_gz' build argument 'cmake_args' from command line to 'None'
[15.559s] Level 5:colcon.colcon_core.verb:set package 'workspace_gz' build argument 'cmake_target' from command line to 'None'
[15.559s] Level 5:colcon.colcon_core.verb:set package 'workspace_gz' build argument 'cmake_target_skip_unavailable' from command line to 'False'
[15.559s] Level 5:colcon.colcon_core.verb:set package 'workspace_gz' build argument 'cmake_clean_cache' from command line to 'False'
[15.559s] Level 5:colcon.colcon_core.verb:set package 'workspace_gz' build argument 'cmake_clean_first' from command line to 'False'
[15.560s] Level 5:colcon.colcon_core.verb:set package 'workspace_gz' build argument 'cmake_force_configure' from command line to 'False'
[15.560s] Level 5:colcon.colcon_core.verb:set package 'workspace_gz' build argument 'ament_cmake_args' from command line to 'None'
[15.561s] Level 5:colcon.colcon_core.verb:set package 'workspace_gz' build argument 'catkin_cmake_args' from command line to 'None'
[15.561s] Level 5:colcon.colcon_core.verb:set package 'workspace_gz' build argument 'catkin_skip_building_tests' from command line to 'False'
[15.561s] DEBUG:colcon.colcon_core.verb:Building package 'workspace_gz' with the following arguments: {'ament_cmake_args': None, 'build_base': '/home/aliomacc/sti_usv/build/workspace_gz', 'catkin_cmake_args': None, 'catkin_skip_building_tests': False, 'cmake_args': None, 'cmake_clean_cache': False, 'cmake_clean_first': False, 'cmake_force_configure': False, 'cmake_target': None, 'cmake_target_skip_unavailable': False, 'install_base': '/home/aliomacc/sti_usv/install/workspace_gz', 'merge_install': False, 'path': '/home/aliomacc/sti_usv/src/usv_sim/workspace_gz', 'symlink_install': False, 'test_result_base': None}
[15.569s] INFO:colcon.colcon_core.executor:Executing jobs using 'parallel' executor
[15.591s] DEBUG:colcon.colcon_parallel_executor.executor.parallel:run_until_complete
[15.592s] INFO:colcon.colcon_ros.task.ament_cmake.build:Building ROS package in '/home/aliomacc/sti_usv/src/usv_sim/workspace_gz' with build type 'ament_cmake'
[15.614s] INFO:colcon.colcon_cmake.task.cmake.build:Building CMake package in '/home/aliomacc/sti_usv/src/usv_sim/workspace_gz'
[15.665s] INFO:colcon.colcon_core.plugin_system:Skipping extension 'colcon_core.shell.bat': Not used on non-Windows systems
[15.666s] INFO:colcon.colcon_core.shell:Skip shell extension 'powershell' for command environment: Not usable outside of PowerShell
[15.670s] DEBUG:colcon.colcon_core.shell:Skip shell extension 'dsv' for command environment
[15.849s] DEBUG:colcon.colcon_core.event_handler.log_command:Invoking command in '/home/aliomacc/sti_usv/build/workspace_gz': CMAKE_PREFIX_PATH=${CMAKE_PREFIX_PATH}:/home/aliomacc/ros2_ws/install/actions_py:/home/aliomacc/ros2_ws/install/lifecycle_py:/opt/ros/humble /usr/bin/cmake --build /home/aliomacc/sti_usv/build/workspace_gz -- -j8 -l8
[26.812s] DEBUG:colcon.colcon_core.event_handler.log_command:Invoked command in '/home/aliomacc/sti_usv/build/workspace_gz' returned '0': CMAKE_PREFIX_PATH=${CMAKE_PREFIX_PATH}:/home/aliomacc/ros2_ws/install/actions_py:/home/aliomacc/ros2_ws/install/lifecycle_py:/opt/ros/humble /usr/bin/cmake --build /home/aliomacc/sti_usv/build/workspace_gz -- -j8 -l8
[26.876s] DEBUG:colcon.colcon_core.event_handler.log_command:Invoking command in '/home/aliomacc/sti_usv/build/workspace_gz': CMAKE_PREFIX_PATH=${CMAKE_PREFIX_PATH}:/home/aliomacc/ros2_ws/install/actions_py:/home/aliomacc/ros2_ws/install/lifecycle_py:/opt/ros/humble /usr/bin/cmake --install /home/aliomacc/sti_usv/build/workspace_gz
[27.731s] Level 1:colcon.colcon_core.environment:create_environment_scripts_only(workspace_gz)
[27.746s] DEBUG:colcon.colcon_core.event_handler.log_command:Invoked command in '/home/aliomacc/sti_usv/build/workspace_gz' returned '0': CMAKE_PREFIX_PATH=${CMAKE_PREFIX_PATH}:/home/aliomacc/ros2_ws/install/actions_py:/home/aliomacc/ros2_ws/install/lifecycle_py:/opt/ros/humble /usr/bin/cmake --install /home/aliomacc/sti_usv/build/workspace_gz
[27.835s] Level 1:colcon.colcon_core.environment:checking '/home/aliomacc/sti_usv/install/workspace_gz' for CMake module files
[27.846s] Level 1:colcon.colcon_core.environment:checking '/home/aliomacc/sti_usv/install/workspace_gz' for CMake config files
[27.869s] Level 1:colcon.colcon_core.shell:create_environment_hook('workspace_gz', 'cmake_prefix_path')
[27.871s] INFO:colcon.colcon_core.shell:Creating environment hook '/home/aliomacc/sti_usv/install/workspace_gz/share/workspace_gz/hook/cmake_prefix_path.ps1'
[27.894s] INFO:colcon.colcon_core.shell:Creating environment descriptor '/home/aliomacc/sti_usv/install/workspace_gz/share/workspace_gz/hook/cmake_prefix_path.dsv'
[27.915s] INFO:colcon.colcon_core.shell:Creating environment hook '/home/aliomacc/sti_usv/install/workspace_gz/share/workspace_gz/hook/cmake_prefix_path.sh'
[27.928s] Level 1:colcon.colcon_core.environment:checking '/home/aliomacc/sti_usv/install/workspace_gz/lib'
[27.929s] Level 1:colcon.colcon_core.environment:checking '/home/aliomacc/sti_usv/install/workspace_gz/bin'
[27.929s] Level 1:colcon.colcon_core.environment:checking '/home/aliomacc/sti_usv/install/workspace_gz/lib/pkgconfig/workspace_gz.pc'
[27.930s] Level 1:colcon.colcon_core.environment:checking '/home/aliomacc/sti_usv/install/workspace_gz/lib/python3.10/site-packages'
[27.932s] Level 1:colcon.colcon_core.environment:checking '/home/aliomacc/sti_usv/install/workspace_gz/bin'
[27.933s] INFO:colcon.colcon_core.shell:Creating package script '/home/aliomacc/sti_usv/install/workspace_gz/share/workspace_gz/package.ps1'
[27.937s] INFO:colcon.colcon_core.shell:Creating package descriptor '/home/aliomacc/sti_usv/install/workspace_gz/share/workspace_gz/package.dsv'
[27.945s] INFO:colcon.colcon_core.shell:Creating package script '/home/aliomacc/sti_usv/install/workspace_gz/share/workspace_gz/package.sh'
[27.966s] INFO:colcon.colcon_core.shell:Creating package script '/home/aliomacc/sti_usv/install/workspace_gz/share/workspace_gz/package.bash'
[27.982s] INFO:colcon.colcon_core.shell:Creating package script '/home/aliomacc/sti_usv/install/workspace_gz/share/workspace_gz/package.zsh'
[27.994s] Level 1:colcon.colcon_core.environment:create_file_with_runtime_dependencies(/home/aliomacc/sti_usv/install/workspace_gz/share/colcon-core/packages/workspace_gz)
[27.998s] Level 1:colcon.colcon_core.environment:create_environment_scripts_only(workspace_gz)
[28.004s] Level 1:colcon.colcon_core.environment:checking '/home/aliomacc/sti_usv/install/workspace_gz' for CMake module files
[28.018s] Level 1:colcon.colcon_core.environment:checking '/home/aliomacc/sti_usv/install/workspace_gz' for CMake config files
[28.027s] Level 1:colcon.colcon_core.shell:create_environment_hook('workspace_gz', 'cmake_prefix_path')
[28.033s] INFO:colcon.colcon_core.shell:Creating environment hook '/home/aliomacc/sti_usv/install/workspace_gz/share/workspace_gz/hook/cmake_prefix_path.ps1'
[28.048s] INFO:colcon.colcon_core.shell:Creating environment descriptor '/home/aliomacc/sti_usv/install/workspace_gz/share/workspace_gz/hook/cmake_prefix_path.dsv'
[28.062s] INFO:colcon.colcon_core.shell:Creating environment hook '/home/aliomacc/sti_usv/install/workspace_gz/share/workspace_gz/hook/cmake_prefix_path.sh'
[28.068s] Level 1:colcon.colcon_core.environment:checking '/home/aliomacc/sti_usv/install/workspace_gz/lib'
[28.068s] Level 1:colcon.colcon_core.environment:checking '/home/aliomacc/sti_usv/install/workspace_gz/bin'
[28.068s] Level 1:colcon.colcon_core.environment:checking '/home/aliomacc/sti_usv/install/workspace_gz/lib/pkgconfig/workspace_gz.pc'
[28.069s] Level 1:colcon.colcon_core.environment:checking '/home/aliomacc/sti_usv/install/workspace_gz/lib/python3.10/site-packages'
[28.070s] Level 1:colcon.colcon_core.environment:checking '/home/aliomacc/sti_usv/install/workspace_gz/bin'
[28.100s] INFO:colcon.colcon_core.shell:Creating package script '/home/aliomacc/sti_usv/install/workspace_gz/share/workspace_gz/package.ps1'
[28.120s] INFO:colcon.colcon_core.shell:Creating package descriptor '/home/aliomacc/sti_usv/install/workspace_gz/share/workspace_gz/package.dsv'
[28.139s] INFO:colcon.colcon_core.shell:Creating package script '/home/aliomacc/sti_usv/install/workspace_gz/share/workspace_gz/package.sh'
[28.156s] INFO:colcon.colcon_core.shell:Creating package script '/home/aliomacc/sti_usv/install/workspace_gz/share/workspace_gz/package.bash'
[28.169s] INFO:colcon.colcon_core.shell:Creating package script '/home/aliomacc/sti_usv/install/workspace_gz/share/workspace_gz/package.zsh'
[28.175s] Level 1:colcon.colcon_core.environment:create_file_with_runtime_dependencies(/home/aliomacc/sti_usv/install/workspace_gz/share/colcon-core/packages/workspace_gz)
[28.189s] DEBUG:colcon.colcon_parallel_executor.executor.parallel:closing loop
[28.195s] DEBUG:colcon.colcon_parallel_executor.executor.parallel:loop closed
[28.196s] DEBUG:colcon.colcon_parallel_executor.executor.parallel:run_until_complete finished with '0'
[28.196s] DEBUG:colcon.colcon_core.event_reactor:joining thread
[28.380s] INFO:colcon.colcon_core.plugin_system:Skipping extension 'colcon_notification.desktop_notification.terminal_notifier': Not used on non-Darwin systems
[28.381s] INFO:colcon.colcon_core.plugin_system:Skipping extension 'colcon_notification.desktop_notification.win32': Not used on non-Windows systems
[28.381s] INFO:colcon.colcon_notification.desktop_notification:Sending desktop notification using 'notify2'
[28.784s] DEBUG:colcon.colcon_core.event_reactor:joined thread
[28.785s] INFO:colcon.colcon_core.shell:Creating prefix script '/home/aliomacc/sti_usv/install/local_setup.ps1'
[28.840s] INFO:colcon.colcon_core.shell:Creating prefix util module '/home/aliomacc/sti_usv/install/_local_setup_util_ps1.py'
[28.876s] INFO:colcon.colcon_core.shell:Creating prefix chain script '/home/aliomacc/sti_usv/install/setup.ps1'
[28.940s] INFO:colcon.colcon_core.shell:Creating prefix script '/home/aliomacc/sti_usv/install/local_setup.sh'
[28.969s] INFO:colcon.colcon_core.shell:Creating prefix util module '/home/aliomacc/sti_usv/install/_local_setup_util_sh.py'
[28.986s] INFO:colcon.colcon_core.shell:Creating prefix chain script '/home/aliomacc/sti_usv/install/setup.sh'
[29.023s] INFO:colcon.colcon_core.shell:Creating prefix script '/home/aliomacc/sti_usv/install/local_setup.bash'
[29.056s] INFO:colcon.colcon_core.shell:Creating prefix chain script '/home/aliomacc/sti_usv/install/setup.bash'
[29.092s] INFO:colcon.colcon_core.shell:Creating prefix script '/home/aliomacc/sti_usv/install/local_setup.zsh'
[29.103s] INFO:colcon.colcon_core.shell:Creating prefix chain script '/home/aliomacc/sti_usv/install/setup.zsh'
