[0.117s] DEBUG:colcon:Command line arguments: ['/usr/bin/colcon', 'build', '--symlink-install']
[0.117s] DEBUG:colcon:Parsed command line arguments: Namespace(log_base=None, log_level=None, verb_name='build', build_base='build', install_base='install', merge_install=False, symlink_install=True, test_result_base=None, continue_on_error=False, executor='parallel', parallel_workers=8, event_handlers=None, ignore_user_meta=False, metas=['./colcon.meta'], base_paths=['.'], packages_ignore=None, packages_ignore_regex=None, paths=None, packages_up_to=None, packages_up_to_regex=None, packages_above=None, packages_above_and_dependencies=None, packages_above_depth=None, packages_select_by_dep=None, packages_skip_by_dep=None, packages_skip_up_to=None, packages_select_build_failed=False, packages_skip_build_finished=False, packages_select_test_failures=False, packages_skip_test_passed=False, packages_select=None, packages_skip=None, packages_select_regex=None, packages_skip_regex=None, packages_start=None, packages_end=None, allow_overriding=[], cmake_args=None, cmake_target=None, cmake_target_skip_unavailable=False, cmake_clean_cache=False, cmake_clean_first=False, cmake_force_configure=False, ament_cmake_args=None, catkin_cmake_args=None, catkin_skip_building_tests=False, mixin_files=None, mixin=None, verb_parser=<colcon_mixin.mixin.mixin_argument.MixinArgumentDecorator object at 0x70991928ed20>, verb_extension=<colcon_core.verb.build.BuildVerb object at 0x7099193c7350>, main=<bound method BuildVerb.main of <colcon_core.verb.build.BuildVerb object at 0x7099193c7350>>, mixin_verb=('build',))
[0.155s] Level 1:colcon.colcon_core.package_discovery:discover_packages(colcon_meta) check parameters
[0.155s] Level 1:colcon.colcon_core.package_discovery:discover_packages(recursive) check parameters
[0.155s] Level 1:colcon.colcon_core.package_discovery:discover_packages(ignore) check parameters
[0.155s] Level 1:colcon.colcon_core.package_discovery:discover_packages(path) check parameters
[0.155s] Level 1:colcon.colcon_core.package_discovery:discover_packages(colcon_meta) discover
[0.155s] Level 1:colcon.colcon_core.package_discovery:discover_packages(recursive) discover
[0.155s] INFO:colcon.colcon_core.package_discovery:Crawling recursively for packages in '/home/aliomac/garp-test'
[0.156s] Level 1:colcon.colcon_core.package_identification:_identify(.) by extensions ['ignore', 'ignore_ament_install']
[0.156s] Level 1:colcon.colcon_core.package_identification:_identify(.) by extension 'ignore'
[0.156s] Level 1:colcon.colcon_core.package_identification:_identify(.) by extension 'ignore_ament_install'
[0.156s] Level 1:colcon.colcon_core.package_identification:_identify(.) by extensions ['colcon_pkg']
[0.156s] Level 1:colcon.colcon_core.package_identification:_identify(.) by extension 'colcon_pkg'
[0.156s] Level 1:colcon.colcon_core.package_identification:_identify(.) by extensions ['colcon_meta']
[0.156s] Level 1:colcon.colcon_core.package_identification:_identify(.) by extension 'colcon_meta'
[0.156s] Level 1:colcon.colcon_core.package_identification:_identify(.) by extensions ['ros']
[0.156s] Level 1:colcon.colcon_core.package_identification:_identify(.) by extension 'ros'
[0.181s] Level 1:colcon.colcon_core.package_identification:_identify(.) by extensions ['cmake', 'python']
[0.181s] Level 1:colcon.colcon_core.package_identification:_identify(.) by extension 'cmake'
[0.181s] Level 1:colcon.colcon_core.package_identification:_identify(.) by extension 'python'
[0.181s] Level 1:colcon.colcon_core.package_identification:_identify(.) by extensions ['python_setup_py']
[0.181s] Level 1:colcon.colcon_core.package_identification:_identify(.) by extension 'python_setup_py'
[0.182s] Level 1:colcon.colcon_core.package_identification:_identify(build) by extensions ['ignore', 'ignore_ament_install']
[0.182s] Level 1:colcon.colcon_core.package_identification:_identify(build) by extension 'ignore'
[0.182s] Level 1:colcon.colcon_core.package_identification:_identify(build) ignored
[0.182s] Level 1:colcon.colcon_core.package_identification:_identify(install) by extensions ['ignore', 'ignore_ament_install']
[0.182s] Level 1:colcon.colcon_core.package_identification:_identify(install) by extension 'ignore'
[0.182s] Level 1:colcon.colcon_core.package_identification:_identify(install) ignored
[0.182s] Level 1:colcon.colcon_core.package_identification:_identify(log) by extensions ['ignore', 'ignore_ament_install']
[0.182s] Level 1:colcon.colcon_core.package_identification:_identify(log) by extension 'ignore'
[0.182s] Level 1:colcon.colcon_core.package_identification:_identify(log) ignored
[0.182s] Level 1:colcon.colcon_core.package_identification:_identify(workspace_gz) by extensions ['ignore', 'ignore_ament_install']
[0.182s] Level 1:colcon.colcon_core.package_identification:_identify(workspace_gz) by extension 'ignore'
[0.182s] Level 1:colcon.colcon_core.package_identification:_identify(workspace_gz) by extension 'ignore_ament_install'
[0.183s] Level 1:colcon.colcon_core.package_identification:_identify(workspace_gz) by extensions ['colcon_pkg']
[0.183s] Level 1:colcon.colcon_core.package_identification:_identify(workspace_gz) by extension 'colcon_pkg'
[0.183s] Level 1:colcon.colcon_core.package_identification:_identify(workspace_gz) by extensions ['colcon_meta']
[0.183s] Level 1:colcon.colcon_core.package_identification:_identify(workspace_gz) by extension 'colcon_meta'
[0.183s] Level 1:colcon.colcon_core.package_identification:_identify(workspace_gz) by extensions ['ros']
[0.183s] Level 1:colcon.colcon_core.package_identification:_identify(workspace_gz) by extension 'ros'
[0.185s] DEBUG:colcon.colcon_core.package_identification:Package 'workspace_gz' with type 'ros.ament_cmake' and name 'workspace_gz'
[0.186s] Level 1:colcon.colcon_core.package_identification:_identify(workspace_nav) by extensions ['ignore', 'ignore_ament_install']
[0.186s] Level 1:colcon.colcon_core.package_identification:_identify(workspace_nav) by extension 'ignore'
[0.186s] Level 1:colcon.colcon_core.package_identification:_identify(workspace_nav) by extension 'ignore_ament_install'
[0.186s] Level 1:colcon.colcon_core.package_identification:_identify(workspace_nav) by extensions ['colcon_pkg']
[0.186s] Level 1:colcon.colcon_core.package_identification:_identify(workspace_nav) by extension 'colcon_pkg'
[0.186s] Level 1:colcon.colcon_core.package_identification:_identify(workspace_nav) by extensions ['colcon_meta']
[0.186s] Level 1:colcon.colcon_core.package_identification:_identify(workspace_nav) by extension 'colcon_meta'
[0.186s] Level 1:colcon.colcon_core.package_identification:_identify(workspace_nav) by extensions ['ros']
[0.186s] Level 1:colcon.colcon_core.package_identification:_identify(workspace_nav) by extension 'ros'
[0.187s] DEBUG:colcon.colcon_core.package_identification:Package 'workspace_nav' with type 'ros.ament_python' and name 'workspace_nav'
[0.187s] Level 1:colcon.colcon_core.package_identification:_identify(workspace_ros) by extensions ['ignore', 'ignore_ament_install']
[0.187s] Level 1:colcon.colcon_core.package_identification:_identify(workspace_ros) by extension 'ignore'
[0.187s] Level 1:colcon.colcon_core.package_identification:_identify(workspace_ros) by extension 'ignore_ament_install'
[0.188s] Level 1:colcon.colcon_core.package_identification:_identify(workspace_ros) by extensions ['colcon_pkg']
[0.188s] Level 1:colcon.colcon_core.package_identification:_identify(workspace_ros) by extension 'colcon_pkg'
[0.188s] Level 1:colcon.colcon_core.package_identification:_identify(workspace_ros) by extensions ['colcon_meta']
[0.188s] Level 1:colcon.colcon_core.package_identification:_identify(workspace_ros) by extension 'colcon_meta'
[0.188s] Level 1:colcon.colcon_core.package_identification:_identify(workspace_ros) by extensions ['ros']
[0.188s] Level 1:colcon.colcon_core.package_identification:_identify(workspace_ros) by extension 'ros'
[0.189s] DEBUG:colcon.colcon_core.package_identification:Package 'workspace_ros' with type 'ros.ament_python' and name 'workspace_ros'
[0.189s] Level 1:colcon.colcon_core.package_discovery:discover_packages(recursive) using defaults
[0.189s] Level 1:colcon.colcon_core.package_discovery:discover_packages(ignore) discover
[0.189s] Level 1:colcon.colcon_core.package_discovery:discover_packages(ignore) using defaults
[0.189s] Level 1:colcon.colcon_core.package_discovery:discover_packages(path) discover
[0.189s] Level 1:colcon.colcon_core.package_discovery:discover_packages(path) using defaults
[0.208s] Level 1:colcon.colcon_core.package_discovery:discover_packages(prefix_path) check parameters
[0.208s] Level 1:colcon.colcon_core.package_discovery:discover_packages(prefix_path) discover
[0.210s] DEBUG:colcon.colcon_installed_package_information.package_discovery:Found 3 installed packages in /home/aliomac/garp-test/install
[0.210s] DEBUG:colcon.colcon_installed_package_information.package_discovery:Found 8 installed packages in /home/aliomac/vrx_ws/install
[0.211s] DEBUG:colcon.colcon_installed_package_information.package_discovery:Found 6 installed packages in /home/aliomac/thesis_USV_gazebo/install
[0.213s] DEBUG:colcon.colcon_installed_package_information.package_discovery:Found 418 installed packages in /opt/ros/jazzy
[0.214s] Level 1:colcon.colcon_core.package_discovery:discover_packages(prefix_path) using defaults
[0.275s] Level 5:colcon.colcon_core.verb:set package 'workspace_gz' build argument 'cmake_args' from command line to 'None'
[0.275s] Level 5:colcon.colcon_core.verb:set package 'workspace_gz' build argument 'cmake_target' from command line to 'None'
[0.275s] Level 5:colcon.colcon_core.verb:set package 'workspace_gz' build argument 'cmake_target_skip_unavailable' from command line to 'False'
[0.275s] Level 5:colcon.colcon_core.verb:set package 'workspace_gz' build argument 'cmake_clean_cache' from command line to 'False'
[0.275s] Level 5:colcon.colcon_core.verb:set package 'workspace_gz' build argument 'cmake_clean_first' from command line to 'False'
[0.275s] Level 5:colcon.colcon_core.verb:set package 'workspace_gz' build argument 'cmake_force_configure' from command line to 'False'
[0.275s] Level 5:colcon.colcon_core.verb:set package 'workspace_gz' build argument 'ament_cmake_args' from command line to 'None'
[0.275s] Level 5:colcon.colcon_core.verb:set package 'workspace_gz' build argument 'catkin_cmake_args' from command line to 'None'
[0.275s] Level 5:colcon.colcon_core.verb:set package 'workspace_gz' build argument 'catkin_skip_building_tests' from command line to 'False'
[0.275s] DEBUG:colcon.colcon_core.verb:Building package 'workspace_gz' with the following arguments: {'ament_cmake_args': None, 'build_base': '/home/aliomac/garp-test/build/workspace_gz', 'catkin_cmake_args': None, 'catkin_skip_building_tests': False, 'cmake_args': None, 'cmake_clean_cache': False, 'cmake_clean_first': False, 'cmake_force_configure': False, 'cmake_target': None, 'cmake_target_skip_unavailable': False, 'install_base': '/home/aliomac/garp-test/install/workspace_gz', 'merge_install': False, 'path': '/home/aliomac/garp-test/workspace_gz', 'symlink_install': True, 'test_result_base': None}
[0.276s] Level 5:colcon.colcon_core.verb:set package 'workspace_nav' build argument 'cmake_args' from command line to 'None'
[0.276s] Level 5:colcon.colcon_core.verb:set package 'workspace_nav' build argument 'cmake_target' from command line to 'None'
[0.276s] Level 5:colcon.colcon_core.verb:set package 'workspace_nav' build argument 'cmake_target_skip_unavailable' from command line to 'False'
[0.276s] Level 5:colcon.colcon_core.verb:set package 'workspace_nav' build argument 'cmake_clean_cache' from command line to 'False'
[0.276s] Level 5:colcon.colcon_core.verb:set package 'workspace_nav' build argument 'cmake_clean_first' from command line to 'False'
[0.276s] Level 5:colcon.colcon_core.verb:set package 'workspace_nav' build argument 'cmake_force_configure' from command line to 'False'
[0.276s] Level 5:colcon.colcon_core.verb:set package 'workspace_nav' build argument 'ament_cmake_args' from command line to 'None'
[0.276s] Level 5:colcon.colcon_core.verb:set package 'workspace_nav' build argument 'catkin_cmake_args' from command line to 'None'
[0.276s] Level 5:colcon.colcon_core.verb:set package 'workspace_nav' build argument 'catkin_skip_building_tests' from command line to 'False'
[0.276s] DEBUG:colcon.colcon_core.verb:Building package 'workspace_nav' with the following arguments: {'ament_cmake_args': None, 'build_base': '/home/aliomac/garp-test/build/workspace_nav', 'catkin_cmake_args': None, 'catkin_skip_building_tests': False, 'cmake_args': None, 'cmake_clean_cache': False, 'cmake_clean_first': False, 'cmake_force_configure': False, 'cmake_target': None, 'cmake_target_skip_unavailable': False, 'install_base': '/home/aliomac/garp-test/install/workspace_nav', 'merge_install': False, 'path': '/home/aliomac/garp-test/workspace_nav', 'symlink_install': True, 'test_result_base': None}
[0.276s] Level 5:colcon.colcon_core.verb:set package 'workspace_ros' build argument 'cmake_args' from command line to 'None'
[0.276s] Level 5:colcon.colcon_core.verb:set package 'workspace_ros' build argument 'cmake_target' from command line to 'None'
[0.276s] Level 5:colcon.colcon_core.verb:set package 'workspace_ros' build argument 'cmake_target_skip_unavailable' from command line to 'False'
[0.276s] Level 5:colcon.colcon_core.verb:set package 'workspace_ros' build argument 'cmake_clean_cache' from command line to 'False'
[0.276s] Level 5:colcon.colcon_core.verb:set package 'workspace_ros' build argument 'cmake_clean_first' from command line to 'False'
[0.276s] Level 5:colcon.colcon_core.verb:set package 'workspace_ros' build argument 'cmake_force_configure' from command line to 'False'
[0.276s] Level 5:colcon.colcon_core.verb:set package 'workspace_ros' build argument 'ament_cmake_args' from command line to 'None'
[0.276s] Level 5:colcon.colcon_core.verb:set package 'workspace_ros' build argument 'catkin_cmake_args' from command line to 'None'
[0.276s] Level 5:colcon.colcon_core.verb:set package 'workspace_ros' build argument 'catkin_skip_building_tests' from command line to 'False'
[0.276s] DEBUG:colcon.colcon_core.verb:Building package 'workspace_ros' with the following arguments: {'ament_cmake_args': None, 'build_base': '/home/aliomac/garp-test/build/workspace_ros', 'catkin_cmake_args': None, 'catkin_skip_building_tests': False, 'cmake_args': None, 'cmake_clean_cache': False, 'cmake_clean_first': False, 'cmake_force_configure': False, 'cmake_target': None, 'cmake_target_skip_unavailable': False, 'install_base': '/home/aliomac/garp-test/install/workspace_ros', 'merge_install': False, 'path': '/home/aliomac/garp-test/workspace_ros', 'symlink_install': True, 'test_result_base': None}
[0.276s] INFO:colcon.colcon_core.executor:Executing jobs using 'parallel' executor
[0.277s] DEBUG:colcon.colcon_parallel_executor.executor.parallel:run_until_complete
[0.277s] INFO:colcon.colcon_ros.task.ament_cmake.build:Building ROS package in '/home/aliomac/garp-test/workspace_gz' with build type 'ament_cmake'
[0.278s] INFO:colcon.colcon_cmake.task.cmake.build:Building CMake package in '/home/aliomac/garp-test/workspace_gz'
[0.280s] INFO:colcon.colcon_core.plugin_system:Skipping extension 'colcon_core.shell.bat': Not used on non-Windows systems
[0.280s] INFO:colcon.colcon_core.shell:Skip shell extension 'powershell' for command environment: Not usable outside of PowerShell
[0.280s] DEBUG:colcon.colcon_core.shell:Skip shell extension 'dsv' for command environment
[0.285s] INFO:colcon.colcon_ros.task.ament_python.build:Building ROS package in '/home/aliomac/garp-test/workspace_nav' with build type 'ament_python'
[0.285s] Level 1:colcon.colcon_core.shell:create_environment_hook('workspace_nav', 'ament_prefix_path')
[0.285s] INFO:colcon.colcon_core.shell:Creating environment hook '/home/aliomac/garp-test/install/workspace_nav/share/workspace_nav/hook/ament_prefix_path.ps1'
[0.286s] INFO:colcon.colcon_core.shell:Creating environment descriptor '/home/aliomac/garp-test/install/workspace_nav/share/workspace_nav/hook/ament_prefix_path.dsv'
[0.286s] INFO:colcon.colcon_core.shell:Creating environment hook '/home/aliomac/garp-test/install/workspace_nav/share/workspace_nav/hook/ament_prefix_path.sh'
[0.287s] INFO:colcon.colcon_core.shell:Skip shell extension 'powershell' for command environment: Not usable outside of PowerShell
[0.287s] DEBUG:colcon.colcon_core.shell:Skip shell extension 'dsv' for command environment
[0.291s] INFO:colcon.colcon_ros.task.ament_python.build:Building ROS package in '/home/aliomac/garp-test/workspace_ros' with build type 'ament_python'
[0.291s] Level 1:colcon.colcon_core.shell:create_environment_hook('workspace_ros', 'ament_prefix_path')
[0.292s] INFO:colcon.colcon_core.shell:Creating environment hook '/home/aliomac/garp-test/install/workspace_ros/share/workspace_ros/hook/ament_prefix_path.ps1'
[0.292s] INFO:colcon.colcon_core.shell:Creating environment descriptor '/home/aliomac/garp-test/install/workspace_ros/share/workspace_ros/hook/ament_prefix_path.dsv'
[0.292s] INFO:colcon.colcon_core.shell:Creating environment hook '/home/aliomac/garp-test/install/workspace_ros/share/workspace_ros/hook/ament_prefix_path.sh'
[0.293s] INFO:colcon.colcon_core.shell:Skip shell extension 'powershell' for command environment: Not usable outside of PowerShell
[0.293s] DEBUG:colcon.colcon_core.shell:Skip shell extension 'dsv' for command environment
[0.302s] DEBUG:colcon.colcon_core.event_handler.log_command:Invoking command in '/home/aliomac/garp-test/build/workspace_gz': CMAKE_PREFIX_PATH=${CMAKE_PREFIX_PATH}:/home/aliomac/garp-test/install/workspace_ros:/home/aliomac/garp-test/install/workspace_nav:/opt/ros/jazzy DEBUGINFOD_URLS=https://debuginfod.ubuntu.com /usr/bin/cmake /home/aliomac/garp-test/workspace_gz -DAMENT_CMAKE_SYMLINK_INSTALL=1 -DCMAKE_INSTALL_PREFIX=/home/aliomac/garp-test/install/workspace_gz
[0.565s] INFO:colcon.colcon_core.task.python.build:Building Python package in '/home/aliomac/garp-test/workspace_nav'
[0.566s] INFO:colcon.colcon_core.shell:Skip shell extension 'powershell' for command environment: Not usable outside of PowerShell
[0.566s] DEBUG:colcon.colcon_core.shell:Skip shell extension 'dsv' for command environment
[0.864s] INFO:colcon.colcon_core.task.python.build:Building Python package in '/home/aliomac/garp-test/workspace_ros'
[0.864s] INFO:colcon.colcon_core.shell:Skip shell extension 'powershell' for command environment: Not usable outside of PowerShell
[0.864s] DEBUG:colcon.colcon_core.shell:Skip shell extension 'dsv' for command environment
[1.628s] DEBUG:colcon.colcon_core.task.python.build:While undoing a previous installation files outside the Python library path are being ignored: /home/aliomac/garp-test/install/workspace_ros/share/ament_index/resource_index/packages/workspace_ros
[1.629s] DEBUG:colcon.colcon_core.task.python.build:While undoing a previous installation files outside the Python library path are being ignored: /home/aliomac/garp-test/install/workspace_ros/share/workspace_ros/package.xml
[1.629s] DEBUG:colcon.colcon_core.task.python.build:While undoing a previous installation files outside the Python library path are being ignored: /home/aliomac/garp-test/install/workspace_ros/share/workspace_ros/config/ekf.yaml
[1.629s] DEBUG:colcon.colcon_core.task.python.build:While undoing a previous installation files outside the Python library path are being ignored: /home/aliomac/garp-test/install/workspace_ros/share/workspace_ros/config/kiss_icp.yaml
[1.629s] DEBUG:colcon.colcon_core.task.python.build:While undoing a previous installation files outside the Python library path are being ignored: /home/aliomac/garp-test/install/workspace_ros/share/workspace_ros/config/lidar_filter.yaml
[1.629s] DEBUG:colcon.colcon_core.task.python.build:While undoing a previous installation files outside the Python library path are being ignored: /home/aliomac/garp-test/install/workspace_ros/share/workspace_ros/config/static_transform.yaml
[1.629s] DEBUG:colcon.colcon_core.task.python.build:While undoing a previous installation files outside the Python library path are being ignored: /home/aliomac/garp-test/install/workspace_ros/share/workspace_ros/config/lidar_rviz.rviz
[1.629s] DEBUG:colcon.colcon_core.task.python.build:While undoing a previous installation files outside the Python library path are being ignored: /home/aliomac/garp-test/install/workspace_ros/share/workspace_ros/config/navsat.yaml
[1.629s] DEBUG:colcon.colcon_core.task.python.build:While undoing a previous installation files outside the Python library path are being ignored: /home/aliomac/garp-test/install/workspace_ros/share/workspace_ros/launch/localization.launch.py
[1.629s] DEBUG:colcon.colcon_core.task.python.build:While undoing a previous installation files outside the Python library path are being ignored: /home/aliomac/garp-test/install/workspace_ros/share/workspace_ros/launch/mola_slam.launch.py
[1.629s] DEBUG:colcon.colcon_core.task.python.build:While undoing a previous installation files outside the Python library path are being ignored: /home/aliomac/garp-test/install/workspace_ros/share/workspace_ros/launch/lidar_filter.launch.py
[1.629s] DEBUG:colcon.colcon_core.task.python.build:While undoing a previous installation files outside the Python library path are being ignored: /home/aliomac/garp-test/install/workspace_ros/share/workspace_ros/launch/kiss_icp.launch.py
[1.629s] DEBUG:colcon.colcon_core.task.python.build:While undoing a previous installation files outside the Python library path are being ignored: /home/aliomac/garp-test/install/workspace_ros/share/workspace_ros/scripts/gps_covariance_repub.py
[1.629s] DEBUG:colcon.colcon_core.task.python.build:While undoing a previous installation files outside the Python library path are being ignored: /home/aliomac/garp-test/install/workspace_ros/share/workspace_ros/scripts/lidar_processor.py
[1.629s] DEBUG:colcon.colcon_core.task.python.build:While undoing a previous installation files outside the Python library path are being ignored: /home/aliomac/garp-test/install/workspace_ros/share/workspace_ros/scripts/wasd_teleop.py
[1.629s] DEBUG:colcon.colcon_core.task.python.build:While undoing a previous installation files outside the Python library path are being ignored: /home/aliomac/garp-test/install/workspace_ros/share/workspace_ros/scripts/imu_covariance_repub.py
[1.629s] DEBUG:colcon.colcon_core.task.python.build:While undoing a previous installation files outside the Python library path are being ignored: /home/aliomac/garp-test/install/workspace_ros/share/workspace_ros/scripts/__init__.py
[1.629s] DEBUG:colcon.colcon_core.task.python.build:While undoing a previous installation files outside the Python library path are being ignored: /home/aliomac/garp-test/install/workspace_ros/share/workspace_ros/scripts/converter.py
[1.629s] DEBUG:colcon.colcon_core.task.python.build:While undoing a previous installation files outside the Python library path are being ignored: /home/aliomac/garp-test/install/workspace_ros/share/workspace_ros/scripts/static_transform_publisher.py
[1.629s] DEBUG:colcon.colcon_core.task.python.build:While undoing a previous installation files outside the Python library path are being ignored: /home/aliomac/garp-test/install/workspace_ros/share/workspace_ros/YOLOv11/YOLOv11.pt
[1.629s] DEBUG:colcon.colcon_core.task.python.build:While undoing a previous installation files outside the Python library path are being ignored: /home/aliomac/garp-test/install/workspace_ros/lib/workspace_ros/converter
[1.630s] DEBUG:colcon.colcon_core.task.python.build:While undoing a previous installation files outside the Python library path are being ignored: /home/aliomac/garp-test/install/workspace_ros/lib/workspace_ros/gps_covariance_repub
[1.630s] DEBUG:colcon.colcon_core.task.python.build:While undoing a previous installation files outside the Python library path are being ignored: /home/aliomac/garp-test/install/workspace_ros/lib/workspace_ros/imu_covariance_repub
[1.630s] DEBUG:colcon.colcon_core.task.python.build:While undoing a previous installation files outside the Python library path are being ignored: /home/aliomac/garp-test/install/workspace_ros/lib/workspace_ros/lidar_processor
[1.630s] DEBUG:colcon.colcon_core.task.python.build:While undoing a previous installation files outside the Python library path are being ignored: /home/aliomac/garp-test/install/workspace_ros/lib/workspace_ros/static_transform_publisher
[1.630s] DEBUG:colcon.colcon_core.task.python.build:While undoing a previous installation files outside the Python library path are being ignored: /home/aliomac/garp-test/install/workspace_ros/lib/workspace_ros/wasd_teleop
[1.633s] DEBUG:colcon.colcon_core.event_handler.log_command:Invoking command in '/home/aliomac/garp-test/build/workspace_ros': DEBUGINFOD_URLS=https://debuginfod.ubuntu.com PYTHONPATH=/home/aliomac/garp-test/build/workspace_ros/prefix_override:/usr/lib/python3/dist-packages/colcon_core/task/python/colcon_distutils_commands:/home/aliomac/garp-test/install/workspace_ros/lib/python3.12/site-packages:${PYTHONPATH} /usr/bin/python3 -W ignore:setup.py install is deprecated -W ignore:easy_install command is deprecated setup.py develop --editable --build-directory /home/aliomac/garp-test/build/workspace_ros/build --no-deps symlink_data --force
[1.670s] DEBUG:colcon.colcon_core.task.python.build:While undoing a previous installation files outside the Python library path are being ignored: /home/aliomac/garp-test/install/workspace_nav/share/ament_index/resource_index/packages/workspace_nav
[1.670s] DEBUG:colcon.colcon_core.task.python.build:While undoing a previous installation files outside the Python library path are being ignored: /home/aliomac/garp-test/install/workspace_nav/share/workspace_nav/package.xml
[1.670s] DEBUG:colcon.colcon_core.task.python.build:While undoing a previous installation files outside the Python library path are being ignored: /home/aliomac/garp-test/install/workspace_nav/share/workspace_nav/config/map.yaml
[1.670s] DEBUG:colcon.colcon_core.task.python.build:While undoing a previous installation files outside the Python library path are being ignored: /home/aliomac/garp-test/install/workspace_nav/share/workspace_nav/config/parkour_nav.yaml
[1.670s] DEBUG:colcon.colcon_core.task.python.build:While undoing a previous installation files outside the Python library path are being ignored: /home/aliomac/garp-test/install/workspace_nav/share/workspace_nav/config/nav2_params.yaml
[1.670s] DEBUG:colcon.colcon_core.task.python.build:While undoing a previous installation files outside the Python library path are being ignored: /home/aliomac/garp-test/install/workspace_nav/share/workspace_nav/launch/nav2.launch.py
[1.670s] DEBUG:colcon.colcon_core.task.python.build:While undoing a previous installation files outside the Python library path are being ignored: /home/aliomac/garp-test/install/workspace_nav/share/workspace_nav/launch/parkour_nav.launch.py
[1.670s] DEBUG:colcon.colcon_core.task.python.build:While undoing a previous installation files outside the Python library path are being ignored: /home/aliomac/garp-test/install/workspace_nav/share/workspace_nav/scripts/parkour_navigation.py
[1.670s] DEBUG:colcon.colcon_core.task.python.build:While undoing a previous installation files outside the Python library path are being ignored: /home/aliomac/garp-test/install/workspace_nav/share/workspace_nav/scripts/__init__.py
[1.671s] DEBUG:colcon.colcon_core.task.python.build:While undoing a previous installation files outside the Python library path are being ignored: /home/aliomac/garp-test/install/workspace_nav/share/workspace_nav/map/map.pgm
[1.671s] DEBUG:colcon.colcon_core.task.python.build:While undoing a previous installation files outside the Python library path are being ignored: /home/aliomac/garp-test/install/workspace_nav/lib/workspace_nav/parkour_navigation
[1.674s] DEBUG:colcon.colcon_core.event_handler.log_command:Invoking command in '/home/aliomac/garp-test/build/workspace_nav': DEBUGINFOD_URLS=https://debuginfod.ubuntu.com PYTHONPATH=/home/aliomac/garp-test/build/workspace_nav/prefix_override:/usr/lib/python3/dist-packages/colcon_core/task/python/colcon_distutils_commands:/home/aliomac/garp-test/install/workspace_nav/lib/python3.12/site-packages:${PYTHONPATH} /usr/bin/python3 -W ignore:setup.py install is deprecated -W ignore:easy_install command is deprecated setup.py develop --editable --build-directory /home/aliomac/garp-test/build/workspace_nav/build --no-deps symlink_data --force
[1.951s] DEBUG:colcon.colcon_core.event_handler.log_command:Invoked command in '/home/aliomac/garp-test/build/workspace_gz' returned '0': CMAKE_PREFIX_PATH=${CMAKE_PREFIX_PATH}:/home/aliomac/garp-test/install/workspace_ros:/home/aliomac/garp-test/install/workspace_nav:/opt/ros/jazzy DEBUGINFOD_URLS=https://debuginfod.ubuntu.com /usr/bin/cmake /home/aliomac/garp-test/workspace_gz -DAMENT_CMAKE_SYMLINK_INSTALL=1 -DCMAKE_INSTALL_PREFIX=/home/aliomac/garp-test/install/workspace_gz
[1.953s] DEBUG:colcon.colcon_core.event_handler.log_command:Invoking command in '/home/aliomac/garp-test/build/workspace_gz': CMAKE_PREFIX_PATH=${CMAKE_PREFIX_PATH}:/home/aliomac/garp-test/install/workspace_ros:/home/aliomac/garp-test/install/workspace_nav:/opt/ros/jazzy DEBUGINFOD_URLS=https://debuginfod.ubuntu.com /usr/bin/cmake --build /home/aliomac/garp-test/build/workspace_gz -- -j8 -l8
[2.427s] DEBUG:colcon.colcon_core.event_handler.log_command:Invoked command in '/home/aliomac/garp-test/build/workspace_gz' returned '0': CMAKE_PREFIX_PATH=${CMAKE_PREFIX_PATH}:/home/aliomac/garp-test/install/workspace_ros:/home/aliomac/garp-test/install/workspace_nav:/opt/ros/jazzy DEBUGINFOD_URLS=https://debuginfod.ubuntu.com /usr/bin/cmake --build /home/aliomac/garp-test/build/workspace_gz -- -j8 -l8
[2.454s] DEBUG:colcon.colcon_core.event_handler.log_command:Invoking command in '/home/aliomac/garp-test/build/workspace_gz': CMAKE_PREFIX_PATH=${CMAKE_PREFIX_PATH}:/home/aliomac/garp-test/install/workspace_ros:/home/aliomac/garp-test/install/workspace_nav:/opt/ros/jazzy DEBUGINFOD_URLS=https://debuginfod.ubuntu.com /usr/bin/cmake --install /home/aliomac/garp-test/build/workspace_gz
[2.555s] Level 1:colcon.colcon_core.environment:create_environment_scripts_only(workspace_gz)
[2.555s] DEBUG:colcon.colcon_core.event_handler.log_command:Invoked command in '/home/aliomac/garp-test/build/workspace_gz' returned '0': CMAKE_PREFIX_PATH=${CMAKE_PREFIX_PATH}:/home/aliomac/garp-test/install/workspace_ros:/home/aliomac/garp-test/install/workspace_nav:/opt/ros/jazzy DEBUGINFOD_URLS=https://debuginfod.ubuntu.com /usr/bin/cmake --install /home/aliomac/garp-test/build/workspace_gz
[2.559s] Level 1:colcon.colcon_core.environment:checking '/home/aliomac/garp-test/install/workspace_gz' for CMake module files
[2.560s] Level 1:colcon.colcon_core.environment:checking '/home/aliomac/garp-test/install/workspace_gz' for CMake config files
[2.563s] Level 1:colcon.colcon_core.shell:create_environment_hook('workspace_gz', 'cmake_prefix_path')
[2.564s] INFO:colcon.colcon_core.shell:Creating environment hook '/home/aliomac/garp-test/install/workspace_gz/share/workspace_gz/hook/cmake_prefix_path.ps1'
[2.564s] INFO:colcon.colcon_core.shell:Creating environment descriptor '/home/aliomac/garp-test/install/workspace_gz/share/workspace_gz/hook/cmake_prefix_path.dsv'
[2.565s] INFO:colcon.colcon_core.shell:Creating environment hook '/home/aliomac/garp-test/install/workspace_gz/share/workspace_gz/hook/cmake_prefix_path.sh'
[2.566s] Level 1:colcon.colcon_core.environment:checking '/home/aliomac/garp-test/install/workspace_gz/lib'
[2.566s] Level 1:colcon.colcon_core.shell:create_environment_hook('workspace_gz', 'ld_library_path_lib')
[2.566s] INFO:colcon.colcon_core.shell:Creating environment hook '/home/aliomac/garp-test/install/workspace_gz/share/workspace_gz/hook/ld_library_path_lib.ps1'
[2.567s] INFO:colcon.colcon_core.shell:Creating environment descriptor '/home/aliomac/garp-test/install/workspace_gz/share/workspace_gz/hook/ld_library_path_lib.dsv'
[2.568s] INFO:colcon.colcon_core.shell:Creating environment hook '/home/aliomac/garp-test/install/workspace_gz/share/workspace_gz/hook/ld_library_path_lib.sh'
[2.568s] Level 1:colcon.colcon_core.environment:checking '/home/aliomac/garp-test/install/workspace_gz/bin'
[2.568s] Level 1:colcon.colcon_core.environment:checking '/home/aliomac/garp-test/install/workspace_gz/lib/pkgconfig/workspace_gz.pc'
[2.569s] Level 1:colcon.colcon_core.environment:checking '/home/aliomac/garp-test/install/workspace_gz/lib/python3.12/site-packages'
[2.569s] Level 1:colcon.colcon_core.environment:checking '/home/aliomac/garp-test/install/workspace_gz/bin'
[2.570s] INFO:colcon.colcon_core.shell:Creating package script '/home/aliomac/garp-test/install/workspace_gz/share/workspace_gz/package.ps1'
[2.571s] INFO:colcon.colcon_core.shell:Creating package descriptor '/home/aliomac/garp-test/install/workspace_gz/share/workspace_gz/package.dsv'
[2.572s] INFO:colcon.colcon_core.shell:Creating package script '/home/aliomac/garp-test/install/workspace_gz/share/workspace_gz/package.sh'
[2.576s] INFO:colcon.colcon_core.shell:Creating package script '/home/aliomac/garp-test/install/workspace_gz/share/workspace_gz/package.bash'
[2.577s] INFO:colcon.colcon_core.shell:Creating package script '/home/aliomac/garp-test/install/workspace_gz/share/workspace_gz/package.zsh'
[2.579s] Level 1:colcon.colcon_core.environment:create_file_with_runtime_dependencies(/home/aliomac/garp-test/install/workspace_gz/share/colcon-core/packages/workspace_gz)
[2.583s] Level 1:colcon.colcon_core.environment:create_environment_scripts_only(workspace_gz)
[2.583s] Level 1:colcon.colcon_core.environment:checking '/home/aliomac/garp-test/install/workspace_gz' for CMake module files
[2.584s] Level 1:colcon.colcon_core.environment:checking '/home/aliomac/garp-test/install/workspace_gz' for CMake config files
[2.590s] Level 1:colcon.colcon_core.shell:create_environment_hook('workspace_gz', 'cmake_prefix_path')
[2.591s] INFO:colcon.colcon_core.shell:Creating environment hook '/home/aliomac/garp-test/install/workspace_gz/share/workspace_gz/hook/cmake_prefix_path.ps1'
[2.594s] INFO:colcon.colcon_core.shell:Creating environment descriptor '/home/aliomac/garp-test/install/workspace_gz/share/workspace_gz/hook/cmake_prefix_path.dsv'
[2.594s] INFO:colcon.colcon_core.shell:Creating environment hook '/home/aliomac/garp-test/install/workspace_gz/share/workspace_gz/hook/cmake_prefix_path.sh'
[2.597s] Level 1:colcon.colcon_core.environment:checking '/home/aliomac/garp-test/install/workspace_gz/lib'
[2.597s] Level 1:colcon.colcon_core.shell:create_environment_hook('workspace_gz', 'ld_library_path_lib')
[2.597s] INFO:colcon.colcon_core.shell:Creating environment hook '/home/aliomac/garp-test/install/workspace_gz/share/workspace_gz/hook/ld_library_path_lib.ps1'
[2.600s] INFO:colcon.colcon_core.shell:Creating environment descriptor '/home/aliomac/garp-test/install/workspace_gz/share/workspace_gz/hook/ld_library_path_lib.dsv'
[2.601s] INFO:colcon.colcon_core.shell:Creating environment hook '/home/aliomac/garp-test/install/workspace_gz/share/workspace_gz/hook/ld_library_path_lib.sh'
[2.603s] Level 1:colcon.colcon_core.environment:checking '/home/aliomac/garp-test/install/workspace_gz/bin'
[2.603s] Level 1:colcon.colcon_core.environment:checking '/home/aliomac/garp-test/install/workspace_gz/lib/pkgconfig/workspace_gz.pc'
[2.604s] Level 1:colcon.colcon_core.environment:checking '/home/aliomac/garp-test/install/workspace_gz/lib/python3.12/site-packages'
[2.605s] Level 1:colcon.colcon_core.environment:checking '/home/aliomac/garp-test/install/workspace_gz/bin'
[2.605s] INFO:colcon.colcon_core.shell:Creating package script '/home/aliomac/garp-test/install/workspace_gz/share/workspace_gz/package.ps1'
[2.609s] INFO:colcon.colcon_core.shell:Creating package descriptor '/home/aliomac/garp-test/install/workspace_gz/share/workspace_gz/package.dsv'
[2.610s] INFO:colcon.colcon_core.shell:Creating package script '/home/aliomac/garp-test/install/workspace_gz/share/workspace_gz/package.sh'
[2.611s] INFO:colcon.colcon_core.shell:Creating package script '/home/aliomac/garp-test/install/workspace_gz/share/workspace_gz/package.bash'
[2.613s] INFO:colcon.colcon_core.shell:Creating package script '/home/aliomac/garp-test/install/workspace_gz/share/workspace_gz/package.zsh'
[2.616s] Level 1:colcon.colcon_core.environment:create_file_with_runtime_dependencies(/home/aliomac/garp-test/install/workspace_gz/share/colcon-core/packages/workspace_gz)
[3.786s] Level 1:colcon.colcon_core.shell:create_environment_hook('workspace_ros', 'pythonpath_develop')
[3.787s] INFO:colcon.colcon_core.shell:Creating environment hook '/home/aliomac/garp-test/build/workspace_ros/share/workspace_ros/hook/pythonpath_develop.ps1'
[3.788s] INFO:colcon.colcon_core.shell:Creating environment descriptor '/home/aliomac/garp-test/build/workspace_ros/share/workspace_ros/hook/pythonpath_develop.dsv'
[3.789s] INFO:colcon.colcon_core.shell:Creating environment hook '/home/aliomac/garp-test/build/workspace_ros/share/workspace_ros/hook/pythonpath_develop.sh'
[3.789s] Level 1:colcon.colcon_core.environment:checking '/home/aliomac/garp-test/install/workspace_ros' for CMake module files
[3.792s] DEBUG:colcon.colcon_core.event_handler.log_command:Invoked command in '/home/aliomac/garp-test/build/workspace_ros' returned '0': DEBUGINFOD_URLS=https://debuginfod.ubuntu.com PYTHONPATH=/home/aliomac/garp-test/build/workspace_ros/prefix_override:/usr/lib/python3/dist-packages/colcon_core/task/python/colcon_distutils_commands:/home/aliomac/garp-test/install/workspace_ros/lib/python3.12/site-packages:${PYTHONPATH} /usr/bin/python3 -W ignore:setup.py install is deprecated -W ignore:easy_install command is deprecated setup.py develop --editable --build-directory /home/aliomac/garp-test/build/workspace_ros/build --no-deps symlink_data --force
[3.802s] Level 1:colcon.colcon_core.environment:checking '/home/aliomac/garp-test/install/workspace_ros' for CMake config files
[3.804s] Level 1:colcon.colcon_core.environment:checking '/home/aliomac/garp-test/install/workspace_ros/lib'
[3.804s] Level 1:colcon.colcon_core.environment:checking '/home/aliomac/garp-test/install/workspace_ros/bin'
[3.804s] Level 1:colcon.colcon_core.environment:checking '/home/aliomac/garp-test/install/workspace_ros/lib/pkgconfig/workspace_ros.pc'
[3.805s] Level 1:colcon.colcon_core.environment:checking '/home/aliomac/garp-test/install/workspace_ros/lib/python3.12/site-packages'
[3.805s] Level 1:colcon.colcon_core.shell:create_environment_hook('workspace_ros', 'pythonpath')
[3.811s] INFO:colcon.colcon_core.shell:Creating environment hook '/home/aliomac/garp-test/install/workspace_ros/share/workspace_ros/hook/pythonpath.ps1'
[3.812s] INFO:colcon.colcon_core.shell:Creating environment descriptor '/home/aliomac/garp-test/install/workspace_ros/share/workspace_ros/hook/pythonpath.dsv'
[3.812s] INFO:colcon.colcon_core.shell:Creating environment hook '/home/aliomac/garp-test/install/workspace_ros/share/workspace_ros/hook/pythonpath.sh'
[3.814s] Level 1:colcon.colcon_core.environment:checking '/home/aliomac/garp-test/install/workspace_ros/bin'
[3.814s] Level 1:colcon.colcon_core.environment:create_environment_scripts_only(workspace_ros)
[3.817s] INFO:colcon.colcon_core.shell:Creating package script '/home/aliomac/garp-test/install/workspace_ros/share/workspace_ros/package.ps1'
[3.821s] INFO:colcon.colcon_core.shell:Creating package descriptor '/home/aliomac/garp-test/install/workspace_ros/share/workspace_ros/package.dsv'
[3.822s] INFO:colcon.colcon_core.shell:Creating package script '/home/aliomac/garp-test/install/workspace_ros/share/workspace_ros/package.sh'
[3.830s] INFO:colcon.colcon_core.shell:Creating package script '/home/aliomac/garp-test/install/workspace_ros/share/workspace_ros/package.bash'
[3.831s] INFO:colcon.colcon_core.shell:Creating package script '/home/aliomac/garp-test/install/workspace_ros/share/workspace_ros/package.zsh'
[3.832s] Level 1:colcon.colcon_core.environment:create_file_with_runtime_dependencies(/home/aliomac/garp-test/install/workspace_ros/share/colcon-core/packages/workspace_ros)
[3.900s] Level 1:colcon.colcon_core.shell:create_environment_hook('workspace_nav', 'pythonpath_develop')
[3.901s] DEBUG:colcon.colcon_core.event_handler.log_command:Invoked command in '/home/aliomac/garp-test/build/workspace_nav' returned '0': DEBUGINFOD_URLS=https://debuginfod.ubuntu.com PYTHONPATH=/home/aliomac/garp-test/build/workspace_nav/prefix_override:/usr/lib/python3/dist-packages/colcon_core/task/python/colcon_distutils_commands:/home/aliomac/garp-test/install/workspace_nav/lib/python3.12/site-packages:${PYTHONPATH} /usr/bin/python3 -W ignore:setup.py install is deprecated -W ignore:easy_install command is deprecated setup.py develop --editable --build-directory /home/aliomac/garp-test/build/workspace_nav/build --no-deps symlink_data --force
[3.901s] INFO:colcon.colcon_core.shell:Creating environment hook '/home/aliomac/garp-test/build/workspace_nav/share/workspace_nav/hook/pythonpath_develop.ps1'
[3.902s] INFO:colcon.colcon_core.shell:Creating environment descriptor '/home/aliomac/garp-test/build/workspace_nav/share/workspace_nav/hook/pythonpath_develop.dsv'
[3.903s] INFO:colcon.colcon_core.shell:Creating environment hook '/home/aliomac/garp-test/build/workspace_nav/share/workspace_nav/hook/pythonpath_develop.sh'
[3.903s] Level 1:colcon.colcon_core.environment:checking '/home/aliomac/garp-test/install/workspace_nav' for CMake module files
[3.904s] Level 1:colcon.colcon_core.environment:checking '/home/aliomac/garp-test/install/workspace_nav' for CMake config files
[3.906s] Level 1:colcon.colcon_core.environment:checking '/home/aliomac/garp-test/install/workspace_nav/lib'
[3.906s] Level 1:colcon.colcon_core.environment:checking '/home/aliomac/garp-test/install/workspace_nav/bin'
[3.906s] Level 1:colcon.colcon_core.environment:checking '/home/aliomac/garp-test/install/workspace_nav/lib/pkgconfig/workspace_nav.pc'
[3.906s] Level 1:colcon.colcon_core.environment:checking '/home/aliomac/garp-test/install/workspace_nav/lib/python3.12/site-packages'
[3.906s] Level 1:colcon.colcon_core.shell:create_environment_hook('workspace_nav', 'pythonpath')
[3.907s] INFO:colcon.colcon_core.shell:Creating environment hook '/home/aliomac/garp-test/install/workspace_nav/share/workspace_nav/hook/pythonpath.ps1'
[3.908s] INFO:colcon.colcon_core.shell:Creating environment descriptor '/home/aliomac/garp-test/install/workspace_nav/share/workspace_nav/hook/pythonpath.dsv'
[3.908s] INFO:colcon.colcon_core.shell:Creating environment hook '/home/aliomac/garp-test/install/workspace_nav/share/workspace_nav/hook/pythonpath.sh'
[3.909s] Level 1:colcon.colcon_core.environment:checking '/home/aliomac/garp-test/install/workspace_nav/bin'
[3.909s] Level 1:colcon.colcon_core.environment:create_environment_scripts_only(workspace_nav)
[3.910s] INFO:colcon.colcon_core.shell:Creating package script '/home/aliomac/garp-test/install/workspace_nav/share/workspace_nav/package.ps1'
[3.911s] INFO:colcon.colcon_core.shell:Creating package descriptor '/home/aliomac/garp-test/install/workspace_nav/share/workspace_nav/package.dsv'
[3.912s] INFO:colcon.colcon_core.shell:Creating package script '/home/aliomac/garp-test/install/workspace_nav/share/workspace_nav/package.sh'
[3.913s] INFO:colcon.colcon_core.shell:Creating package script '/home/aliomac/garp-test/install/workspace_nav/share/workspace_nav/package.bash'
[3.914s] INFO:colcon.colcon_core.shell:Creating package script '/home/aliomac/garp-test/install/workspace_nav/share/workspace_nav/package.zsh'
[3.914s] Level 1:colcon.colcon_core.environment:create_file_with_runtime_dependencies(/home/aliomac/garp-test/install/workspace_nav/share/colcon-core/packages/workspace_nav)
[3.917s] DEBUG:colcon.colcon_parallel_executor.executor.parallel:closing loop
[3.917s] DEBUG:colcon.colcon_parallel_executor.executor.parallel:loop closed
[3.919s] DEBUG:colcon.colcon_parallel_executor.executor.parallel:run_until_complete finished with '0'
[3.920s] DEBUG:colcon.colcon_core.event_reactor:joining thread
[3.939s] INFO:colcon.colcon_core.plugin_system:Skipping extension 'colcon_notification.desktop_notification.terminal_notifier': Not used on non-Darwin systems
[3.939s] INFO:colcon.colcon_core.plugin_system:Skipping extension 'colcon_notification.desktop_notification.win32': Not used on non-Windows systems
[3.939s] INFO:colcon.colcon_notification.desktop_notification:Sending desktop notification using 'notify2'
[3.967s] DEBUG:colcon.colcon_core.event_reactor:joined thread
[3.967s] INFO:colcon.colcon_core.shell:Creating prefix script '/home/aliomac/garp-test/install/local_setup.ps1'
[3.969s] INFO:colcon.colcon_core.shell:Creating prefix util module '/home/aliomac/garp-test/install/_local_setup_util_ps1.py'
[3.971s] INFO:colcon.colcon_core.shell:Creating prefix chain script '/home/aliomac/garp-test/install/setup.ps1'
[3.975s] INFO:colcon.colcon_core.shell:Creating prefix script '/home/aliomac/garp-test/install/local_setup.sh'
[3.976s] INFO:colcon.colcon_core.shell:Creating prefix util module '/home/aliomac/garp-test/install/_local_setup_util_sh.py'
[3.977s] INFO:colcon.colcon_core.shell:Creating prefix chain script '/home/aliomac/garp-test/install/setup.sh'
[3.980s] INFO:colcon.colcon_core.shell:Creating prefix script '/home/aliomac/garp-test/install/local_setup.bash'
[3.981s] INFO:colcon.colcon_core.shell:Creating prefix chain script '/home/aliomac/garp-test/install/setup.bash'
[3.983s] INFO:colcon.colcon_core.shell:Creating prefix script '/home/aliomac/garp-test/install/local_setup.zsh'
[3.984s] INFO:colcon.colcon_core.shell:Creating prefix chain script '/home/aliomac/garp-test/install/setup.zsh'
