-- The C compiler identification is GNU 13.3.0
-- The CXX compiler identification is GNU 13.3.0
-- Detecting C compiler ABI info
-- Detecting C compiler ABI info - done
-- Check for working C compiler: /usr/bin/cc - skipped
-- Detecting C compile features
-- Detecting C compile features - done
-- Detecting CXX compiler ABI info
-- Detecting CXX compiler ABI info - done
-- Check for working CXX compiler: /usr/bin/c++ - skipped
-- Detecting CXX compile features
-- Detecting CXX compile features - done
-- Found ament_cmake: 2.5.5 (/opt/ros/jazzy/share/ament_cmake/cmake)
-- Found Python3: /usr/bin/python3 (found version "3.12.3") found components: Interpreter 
-- Looking for gz-sim8 -- found version 8.10.0
-- Searching for dependencies of gz-sim8
-- Looking for sdformat14 -- found version 14.8.0
-- Searching for dependencies of sdformat14
-- Checking for module 'tinyxml2'
--   Found tinyxml2, version 10.0.0
-- Looking for gz-math7 -- found version 7.5.2
-- Searching for dependencies of gz-math7
-- Looking for gz-utils2 -- found version 2.2.1
-- Searching for dependencies of gz-utils2
-- Looking for gz-utils2 -- found version 2.2.1
-- Searching for dependencies of gz-utils2
-- Searching for <gz-utils2> component [cli]
-- Looking for gz-utils2-cli -- found version 2.2.1
-- Searching for dependencies of gz-utils2-cli
-- Looking for gz-plugin2 -- found version 2.0.4
-- Searching for dependencies of gz-plugin2
-- Looking for gz-utils2 -- found version 2.2.1
-- Searching for <gz-plugin2> component [loader]
-- Looking for gz-plugin2-loader -- found version 2.0.4
-- Searching for dependencies of gz-plugin2-loader
-- Searching for <gz-plugin2> component [register]
-- Looking for gz-plugin2-register -- found version 2.0.4
-- Searching for dependencies of gz-plugin2-register
-- Looking for gz-transport13 -- found version 13.5.0
-- Searching for dependencies of gz-transport13
-- Found Protobuf: /usr/lib/x86_64-linux-gnu/libprotobuf.so (found version "3.21.12") 
-- Config-file not installed for ZeroMQ -- checking for pkg-config
-- Checking for module 'libzmq >= 4'
--   Found libzmq, version 4.3.5
-- Found ZeroMQ: TRUE (Required is at least version "4") 
-- Checking for module 'uuid'
--   Found uuid, version 2.39.3
-- Found UUID: TRUE  
-- Looking for gz-utils2 -- found version 2.2.1
-- Looking for gz-msgs10 -- found version 10.3.2
-- Searching for dependencies of gz-msgs10
-- Looking for gz-utils2 -- found version 2.2.1
-- Looking for gz-math7 -- found version 7.5.2
-- Searching for <gz-transport13> component [log]
-- Looking for gz-transport13-log -- found version 13.5.0
-- Searching for dependencies of gz-transport13-log
-- Searching for <gz-transport13> component [parameters]
-- Looking for gz-transport13-parameters -- found version 13.5.0
-- Searching for dependencies of gz-transport13-parameters
-- Looking for gz-msgs10 -- found version 10.3.2
-- Looking for gz-common5 -- found version 5.7.1
-- Searching for dependencies of gz-common5
-- Looking for gz-utils2 -- found version 2.2.1
-- Looking for dlfcn.h - found
-- Looking for libdl - found
-- Found DL: TRUE  
-- Searching for <gz-common5> component [av]
-- Looking for gz-common5-av -- found version 5.7.1
-- Searching for dependencies of gz-common5-av
-- Checking for module 'libswscale'
--   Found libswscale, version 7.5.100
-- Found SWSCALE: TRUE  
-- Checking for module 'libavdevice >= 56.4.100'
--   Found libavdevice, version 60.3.100
-- Found AVDEVICE: TRUE (Required is at least version "56.4.100") 
-- Checking for module 'libavformat'
--   Found libavformat, version 60.16.100
-- Found AVFORMAT: TRUE  
-- Checking for module 'libavcodec'
--   Found libavcodec, version 60.31.102
-- Found AVCODEC: TRUE  
-- Checking for module 'libavutil'
--   Found libavutil, version 58.29.100
-- Found AVUTIL: TRUE  
-- Searching for <gz-common5> component [events]
-- Looking for gz-common5-events -- found version 5.7.1
-- Searching for dependencies of gz-common5-events
-- Looking for gz-math7 -- found version 7.5.2
-- Searching for <gz-common5> component [graphics]
-- Looking for gz-common5-graphics -- found version 5.7.1
-- Searching for dependencies of gz-common5-graphics
-- Looking for gz-math7 -- found version 7.5.2
-- Found GzAssimp: TRUE (found version "5.3.0") 
-- Searching for <gz-common5> component [io]
-- Looking for gz-common5-io -- found version 5.7.1
-- Searching for dependencies of gz-common5-io
-- Searching for <gz-common5> component [profiler]
-- Looking for gz-common5-profiler -- found version 5.7.1
-- Searching for dependencies of gz-common5-profiler
-- Looking for gz-fuel_tools9 -- found version 9.1.1
-- Searching for dependencies of gz-fuel_tools9
-- Found CURL: /usr/lib/x86_64-linux-gnu/libcurl.so (found version "8.5.0")  
-- Checking for module 'jsoncpp'
--   Found jsoncpp, version 1.9.5
-- Found JSONCPP: TRUE  
-- Checking for module 'yaml-0.1'
--   Found yaml-0.1, version 0.2.5
-- Found YAML: TRUE  
-- Checking for module 'libzip'
--   Found libzip, version 1.7.3
-- Found ZIP: TRUE  
-- Looking for gz-utils2 -- found version 2.2.1
-- Looking for gz-common5 -- found version 5.7.1
-- Searching for dependencies of gz-common5
-- Looking for gz-utils2 -- found version 2.2.1
-- Looking for dlfcn.h - found
-- Looking for libdl - found
-- Searching for <gz-common5> component [testing]
-- Looking for gz-common5-testing -- found version 5.7.1
-- Searching for dependencies of gz-common5-testing
-- Looking for gz-math7 -- found version 7.5.2
-- Looking for gz-msgs10 -- found version 10.3.2
-- Looking for gz-gui8 -- found version 8.4.0
-- Searching for dependencies of gz-gui8
-- Looking for gz-utils2 -- found version 2.2.1
-- Looking for gz-math7 -- found version 7.5.2
-- Looking for gz-common5 -- found version 5.7.1
-- Looking for gz-plugin2 -- found version 2.0.4
-- Looking for gz-transport13 -- found version 13.5.0
-- Looking for gz-rendering8 -- found version 8.2.3
-- Searching for dependencies of gz-rendering8
-- Looking for gz-math7 -- found version 7.5.2
-- Searching for dependencies of gz-math7
-- Looking for gz-utils2 -- found version 2.2.1
-- Searching for <gz-math7> component [eigen3]
-- Looking for gz-math7-eigen3 -- found version 7.5.2
-- Searching for dependencies of gz-math7-eigen3
-- Looking for gz-common5 -- found version 5.7.1
-- Searching for dependencies of gz-common5
-- Looking for gz-utils2 -- found version 2.2.1
-- Looking for dlfcn.h - found
-- Looking for libdl - found
-- Searching for <gz-common5> component [graphics]
-- Searching for <gz-common5> component [events]
-- Searching for <gz-common5> component [geospatial]
-- Looking for gz-common5-geospatial -- found version 5.7.1
-- Searching for dependencies of gz-common5-geospatial
-- Looking for gz-math7 -- found version 7.5.2
-- Looking for gz-common5 -- found version 5.7.1
-- Looking for gz-plugin2 -- found version 2.0.4
-- Searching for dependencies of gz-plugin2
-- Looking for gz-utils2 -- found version 2.2.1
-- Searching for <gz-plugin2> component [all]
-- Looking for all libraries of gz-plugin2 -- found version 2.0.4
-- Looking for gz-plugin2 -- found version 2.0.4
-- Looking for gz-utils2 -- found version 2.2.1
-- Found OpenGL: /usr/lib/x86_64-linux-gnu/libOpenGL.so  found components: OpenGL 
-- Looking for gz-msgs10 -- found version 10.3.2
-- Looking for gz-physics7 -- found version 7.6.0
-- Searching for dependencies of gz-physics7
-- Looking for gz-common5 -- found version 5.7.1
-- Looking for gz-math7 -- found version 7.5.2
-- Looking for gz-plugin2 -- found version 2.0.4
-- Looking for gz-utils2 -- found version 2.2.1
-- Searching for <gz-physics7> component [heightmap]
-- Looking for gz-physics7-heightmap -- found version 7.6.0
-- Searching for dependencies of gz-physics7-heightmap
-- Looking for gz-common5 -- found version 5.7.1
-- Searching for <gz-physics7> component [mesh]
-- Looking for gz-physics7-mesh -- found version 7.6.0
-- Searching for dependencies of gz-physics7-mesh
-- Looking for gz-common5 -- found version 5.7.1
-- Searching for <gz-physics7> component [sdf]
-- Looking for gz-physics7-sdf -- found version 7.6.0
-- Searching for dependencies of gz-physics7-sdf
-- Looking for sdformat14 -- found version 14.8.0
-- Looking for gz-sensors8 -- found version 8.2.2
-- Searching for dependencies of gz-sensors8
-- Looking for gz-math7 -- found version 7.5.2
-- Looking for gz-common5 -- found version 5.7.1
-- Looking for gz-transport13 -- found version 13.5.0
-- Looking for gz-rendering8 -- found version 8.2.3
-- Looking for gz-msgs10 -- found version 10.3.2
-- Looking for sdformat14 -- found version 14.8.0
-- Searching for <gz-sensors8> component [air_pressure]
-- Looking for gz-sensors8-air_pressure -- found version 8.2.2
-- Searching for dependencies of gz-sensors8-air_pressure
-- Searching for <gz-sensors8> component [air_speed]
-- Looking for gz-sensors8-air_speed -- found version 8.2.2
-- Searching for dependencies of gz-sensors8-air_speed
-- Searching for <gz-sensors8> component [altimeter]
-- Looking for gz-sensors8-altimeter -- found version 8.2.2
-- Searching for dependencies of gz-sensors8-altimeter
-- Searching for <gz-sensors8> component [imu]
-- Looking for gz-sensors8-imu -- found version 8.2.2
-- Searching for dependencies of gz-sensors8-imu
-- Searching for <gz-sensors8> component [force_torque]
-- Looking for gz-sensors8-force_torque -- found version 8.2.2
-- Searching for dependencies of gz-sensors8-force_torque
-- Searching for <gz-sensors8> component [logical_camera]
-- Looking for gz-sensors8-logical_camera -- found version 8.2.2
-- Searching for dependencies of gz-sensors8-logical_camera
-- Searching for <gz-sensors8> component [magnetometer]
-- Looking for gz-sensors8-magnetometer -- found version 8.2.2
-- Searching for dependencies of gz-sensors8-magnetometer
-- Searching for <gz-sensors8> component [navsat]
-- Looking for gz-sensors8-navsat -- found version 8.2.2
-- Searching for dependencies of gz-sensors8-navsat
-- Searching for <gz-sensors8> component [dvl]
-- Looking for gz-sensors8-dvl -- found version 8.2.2
-- Searching for dependencies of gz-sensors8-dvl
-- Looking for gz-sensors8 -- found version 8.2.2
-- Searching for dependencies of gz-sensors8
-- Looking for gz-math7 -- found version 7.5.2
-- Looking for gz-common5 -- found version 5.7.1
-- Looking for gz-transport13 -- found version 13.5.0
-- Looking for gz-rendering8 -- found version 8.2.3
-- Looking for gz-msgs10 -- found version 10.3.2
-- Looking for sdformat14 -- found version 14.8.0
-- Searching for <gz-sensors8> component [rendering]
-- Looking for gz-sensors8-rendering -- found version 8.2.2
-- Searching for dependencies of gz-sensors8-rendering
-- Searching for <gz-sensors8> component [rendering]
-- Searching for <gz-sensors8> component [lidar]
-- Looking for gz-sensors8-lidar -- found version 8.2.2
-- Searching for dependencies of gz-sensors8-lidar
-- Looking for gz-sensors8 -- found version 8.2.2
-- Searching for <gz-sensors8> component [gpu_lidar]
-- Looking for gz-sensors8-gpu_lidar -- found version 8.2.2
-- Searching for dependencies of gz-sensors8-gpu_lidar
-- Looking for gz-sensors8 -- found version 8.2.2
-- Searching for <gz-sensors8> component [camera]
-- Looking for gz-sensors8-camera -- found version 8.2.2
-- Searching for dependencies of gz-sensors8-camera
-- Looking for gz-sensors8 -- found version 8.2.2
-- Searching for <gz-sensors8> component [boundingbox_camera]
-- Looking for gz-sensors8-boundingbox_camera -- found version 8.2.2
-- Searching for dependencies of gz-sensors8-boundingbox_camera
-- Searching for <gz-sensors8> component [segmentation_camera]
-- Looking for gz-sensors8-segmentation_camera -- found version 8.2.2
-- Searching for dependencies of gz-sensors8-segmentation_camera
-- Searching for <gz-sensors8> component [depth_camera]
-- Looking for gz-sensors8-depth_camera -- found version 8.2.2
-- Searching for dependencies of gz-sensors8-depth_camera
-- Looking for gz-sensors8 -- found version 8.2.2
-- Searching for <gz-sensors8> component [rgbd_camera]
-- Looking for gz-sensors8-rgbd_camera -- found version 8.2.2
-- Searching for dependencies of gz-sensors8-rgbd_camera
-- Looking for gz-sensors8 -- found version 8.2.2
-- Searching for <gz-sensors8> component [thermal_camera]
-- Looking for gz-sensors8-thermal_camera -- found version 8.2.2
-- Searching for dependencies of gz-sensors8-thermal_camera
-- Looking for gz-sensors8 -- found version 8.2.2
-- Searching for <gz-sensors8> component [wide_angle_camera]
-- Looking for gz-sensors8-wide_angle_camera -- found version 8.2.2
-- Searching for dependencies of gz-sensors8-wide_angle_camera
-- Looking for gz-rendering8 -- found version 8.2.3
-- Looking for gz-math7 -- found version 7.5.2
-- Looking for gz-utils2 -- found version 2.2.1
-- Looking for gz-common5 -- found version 5.7.1
-- Looking for gz-math7 -- found version 7.5.2
-- Looking for gz-transport13 -- found version 13.5.0
-- Looking for gz-plugin2 -- found version 2.0.4
-- Looking for gz-rendering8 -- found version 8.2.3
-- Looking for gz-sensors8 -- found version 8.2.2
-- Looking for gz-utils2 -- found version 2.2.1
-- Looking for sdformat14 -- found version 14.8.0
-- Found std_msgs: 5.3.6 (/opt/ros/jazzy/share/std_msgs/cmake)
-- Found rosidl_generator_c: 4.6.7 (/opt/ros/jazzy/share/rosidl_generator_c/cmake)
-- Found rosidl_generator_cpp: 4.6.7 (/opt/ros/jazzy/share/rosidl_generator_cpp/cmake)
-- Using all available rosidl_typesupport_c: rosidl_typesupport_fastrtps_c;rosidl_typesupport_introspection_c
-- Using all available rosidl_typesupport_cpp: rosidl_typesupport_fastrtps_cpp;rosidl_typesupport_introspection_cpp
-- Looking for gz-msgs10 -- found version 10.3.2
-- Looking for gz-fuel_tools9 -- found version 9.1.1
-- Configuring done (2.5s)
-- Generating done (0.1s)
-- Build files have been written to: /home/aliomac/garp-test/build/workspace_gz
[  4%] [32mBuilding CXX object CMakeFiles/Waves.dir/plugins/Wavefield.cc.o[0m
[  4%] [32mBuilding CXX object CMakeFiles/ScoringPlugin.dir/plugins/ScoringPlugin.cc.o[0m
[  6%] [32m[1mLinking CXX shared library libWaves.so[0m
[  6%] Built target Waves
[ 10%] [32mBuilding CXX object CMakeFiles/PolyhedraBuoyancyDrag.dir/plugins/ShapeVolume.cc.o[0m
[ 10%] [32mBuilding CXX object CMakeFiles/PolyhedraBuoyancyDrag.dir/plugins/PolyhedronVolume.cc.o[0m
[ 12%] [32mBuilding CXX object CMakeFiles/PolyhedraBuoyancyDrag.dir/plugins/PolyhedraBuoyancyDrag.cc.o[0m
[ 14%] [32m[1mLinking CXX shared library libScoringPlugin.so[0m
[ 14%] Built target ScoringPlugin
[ 20%] [32mBuilding CXX object CMakeFiles/AcousticPingerPlugin.dir/plugins/AcousticPingerPlugin.cc.o[0m
[ 20%] [32mBuilding CXX object CMakeFiles/StationkeepingScoringPlugin.dir/plugins/StationkeepingScoringPlugin.cc.o[0m
[ 27%] [32mBuilding CXX object CMakeFiles/AcousticTrackingScoringPlugin.dir/plugins/AcousticTrackingScoringPlugin.cc.o[0m
[ 27%] [32mBuilding CXX object CMakeFiles/BallShooterPlugin.dir/plugins/BallShooterPlugin.cc.o[0m
[ 27%] [32mBuilding CXX object CMakeFiles/WayfindingScoringPlugin.dir/plugins/WayfindingScoringPlugin.cc.o[0m
[ 20%] [32mBuilding CXX object CMakeFiles/AcousticPerceptionScoringPlugin.dir/plugins/AcousticPerceptionScoringPlugin.cc.o[0m
[ 29%] [32mBuilding CXX object CMakeFiles/WayfindingScoringPlugin.dir/plugins/WaypointMarkers.cc.o[0m
[ 31%] [32mBuilding CXX object CMakeFiles/AcousticTrackingScoringPlugin.dir/plugins/WaypointMarkers.cc.o[0m
[ 33%] [32m[1mLinking CXX shared library libPolyhedraBuoyancyDrag.so[0m
[ 33%] Built target PolyhedraBuoyancyDrag
[ 35%] [32mBuilding CXX object CMakeFiles/AcousticPerceptionScoringPlugin.dir/plugins/WaypointMarkers.cc.o[0m
[ 37%] [32mBuilding CXX object CMakeFiles/StationkeepingScoringPlugin.dir/plugins/WaypointMarkers.cc.o[0m
[ 39%] [32mBuilding CXX object CMakeFiles/LightBuoyPlugin.dir/plugins/LightBuoyPlugin.cc.o[0m
[ 41%] [32m[1mLinking CXX shared library libAcousticPingerPlugin.so[0m
[ 43%] [32mBuilding CXX object CMakeFiles/NavigationScoringPlugin.dir/plugins/NavigationScoringPlugin.cc.o[0m
[ 45%] [32m[1mLinking CXX shared library libWayfindingScoringPlugin.so[0m
[ 45%] Built target AcousticPingerPlugin
[ 47%] [32mBuilding CXX object CMakeFiles/GymkhanaScoringPlugin.dir/plugins/GymkhanaScoringPlugin.cc.o[0m
[ 47%] Built target WayfindingScoringPlugin
[ 50%] [32mBuilding CXX object CMakeFiles/PerceptionScoringPlugin.dir/plugins/PerceptionScoringPlugin.cc.o[0m
[ 52%] [32m[1mLinking CXX shared library libBallShooterPlugin.so[0m
[ 52%] Built target BallShooterPlugin
[ 54%] [32mBuilding CXX object CMakeFiles/PlacardPlugin.dir/plugins/PlacardPlugin.cc.o[0m
[ 56%] [32m[1mLinking CXX shared library libAcousticTrackingScoringPlugin.so[0m
[ 56%] Built target AcousticTrackingScoringPlugin
[ 58%] [32mBuilding CXX object CMakeFiles/PublisherPlugin.dir/plugins/PublisherPlugin.cc.o[0m
[ 60%] [32m[1mLinking CXX shared library libAcousticPerceptionScoringPlugin.so[0m
[ 60%] Built target AcousticPerceptionScoringPlugin
[ 62%] [32mBuilding CXX object CMakeFiles/ScanDockScoringPlugin.dir/plugins/ScanDockScoringPlugin.cc.o[0m
[ 64%] [32m[1mLinking CXX shared library libStationkeepingScoringPlugin.so[0m
[ 64%] Built target StationkeepingScoringPlugin
[ 66%] [32mBuilding CXX object CMakeFiles/SimpleHydrodynamics.dir/plugins/SimpleHydrodynamics.cc.o[0m
[ 68%] [32m[1mLinking CXX shared library libLightBuoyPlugin.so[0m
[ 68%] Built target LightBuoyPlugin
[ 70%] [32mBuilding CXX object CMakeFiles/Surface.dir/plugins/Surface.cc.o[0m
[ 72%] [32m[1mLinking CXX shared library libGymkhanaScoringPlugin.so[0m
[ 72%] Built target GymkhanaScoringPlugin
[ 75%] [32mBuilding CXX object CMakeFiles/USVWind.dir/plugins/USVWind.cc.o[0m
[ 77%] [32m[1mLinking CXX shared library libPublisherPlugin.so[0m
[ 77%] Built target PublisherPlugin
[ 79%] [32mBuilding CXX object CMakeFiles/WaveVisual.dir/plugins/WaveVisual.cc.o[0m
[ 81%] [32m[1mLinking CXX shared library libPlacardPlugin.so[0m
[ 81%] Built target PlacardPlugin
[ 83%] [32mBuilding CXX object CMakeFiles/WildlifeScoringPlugin.dir/plugins/WildlifeScoringPlugin.cc.o[0m
[ 85%] [32m[1mLinking CXX shared library libPerceptionScoringPlugin.so[0m
[ 87%] [32m[1mLinking CXX shared library libNavigationScoringPlugin.so[0m
[ 87%] Built target NavigationScoringPlugin
[ 87%] Built target PerceptionScoringPlugin
[ 89%] [32m[1mLinking CXX shared library libSimpleHydrodynamics.so[0m
[ 89%] Built target SimpleHydrodynamics
[ 91%] [32m[1mLinking CXX shared library libSurface.so[0m
[ 91%] Built target Surface
[ 93%] [32m[1mLinking CXX shared library libScanDockScoringPlugin.so[0m
[ 93%] Built target ScanDockScoringPlugin
[ 95%] [32m[1mLinking CXX shared library libUSVWind.so[0m
[ 95%] Built target USVWind
[ 97%] [32m[1mLinking CXX shared library libWildlifeScoringPlugin.so[0m
[100%] [32m[1mLinking CXX shared library libWaveVisual.so[0m
[100%] Built target WildlifeScoringPlugin
[100%] Built target WaveVisual
-- Install configuration: ""
-- Installing: /home/aliomac/garp-test/install/workspace_gz/lib/libWaves.so
-- Set non-toolchain portion of runtime path of "/home/aliomac/garp-test/install/workspace_gz/lib/libWaves.so" to ""
-- Installing: /home/aliomac/garp-test/install/workspace_gz/lib/libPolyhedraBuoyancyDrag.so
-- Set non-toolchain portion of runtime path of "/home/aliomac/garp-test/install/workspace_gz/lib/libPolyhedraBuoyancyDrag.so" to ""
-- Installing: /home/aliomac/garp-test/install/workspace_gz/lib/libScoringPlugin.so
-- Set non-toolchain portion of runtime path of "/home/aliomac/garp-test/install/workspace_gz/lib/libScoringPlugin.so" to ""
-- Installing: /home/aliomac/garp-test/install/workspace_gz/lib/libStationkeepingScoringPlugin.so
-- Set non-toolchain portion of runtime path of "/home/aliomac/garp-test/install/workspace_gz/lib/libStationkeepingScoringPlugin.so" to ""
-- Installing: /home/aliomac/garp-test/install/workspace_gz/lib/libWayfindingScoringPlugin.so
-- Set non-toolchain portion of runtime path of "/home/aliomac/garp-test/install/workspace_gz/lib/libWayfindingScoringPlugin.so" to ""
-- Installing: /home/aliomac/garp-test/install/workspace_gz/lib/libAcousticPerceptionScoringPlugin.so
-- Set non-toolchain portion of runtime path of "/home/aliomac/garp-test/install/workspace_gz/lib/libAcousticPerceptionScoringPlugin.so" to ""
-- Installing: /home/aliomac/garp-test/install/workspace_gz/lib/libAcousticTrackingScoringPlugin.so
-- Set non-toolchain portion of runtime path of "/home/aliomac/garp-test/install/workspace_gz/lib/libAcousticTrackingScoringPlugin.so" to ""
-- Installing: /home/aliomac/garp-test/install/workspace_gz/lib/libAcousticPingerPlugin.so
-- Set non-toolchain portion of runtime path of "/home/aliomac/garp-test/install/workspace_gz/lib/libAcousticPingerPlugin.so" to ""
-- Installing: /home/aliomac/garp-test/install/workspace_gz/lib/libBallShooterPlugin.so
-- Set non-toolchain portion of runtime path of "/home/aliomac/garp-test/install/workspace_gz/lib/libBallShooterPlugin.so" to ""
-- Installing: /home/aliomac/garp-test/install/workspace_gz/lib/libLightBuoyPlugin.so
-- Set non-toolchain portion of runtime path of "/home/aliomac/garp-test/install/workspace_gz/lib/libLightBuoyPlugin.so" to ""
-- Installing: /home/aliomac/garp-test/install/workspace_gz/lib/libNavigationScoringPlugin.so
-- Set non-toolchain portion of runtime path of "/home/aliomac/garp-test/install/workspace_gz/lib/libNavigationScoringPlugin.so" to ""
-- Installing: /home/aliomac/garp-test/install/workspace_gz/lib/libGymkhanaScoringPlugin.so
-- Set non-toolchain portion of runtime path of "/home/aliomac/garp-test/install/workspace_gz/lib/libGymkhanaScoringPlugin.so" to ""
-- Installing: /home/aliomac/garp-test/install/workspace_gz/lib/libPerceptionScoringPlugin.so
-- Set non-toolchain portion of runtime path of "/home/aliomac/garp-test/install/workspace_gz/lib/libPerceptionScoringPlugin.so" to ""
-- Installing: /home/aliomac/garp-test/install/workspace_gz/lib/libPlacardPlugin.so
-- Set non-toolchain portion of runtime path of "/home/aliomac/garp-test/install/workspace_gz/lib/libPlacardPlugin.so" to ""
-- Installing: /home/aliomac/garp-test/install/workspace_gz/lib/libPublisherPlugin.so
-- Set non-toolchain portion of runtime path of "/home/aliomac/garp-test/install/workspace_gz/lib/libPublisherPlugin.so" to ""
-- Installing: /home/aliomac/garp-test/install/workspace_gz/lib/libScanDockScoringPlugin.so
-- Set non-toolchain portion of runtime path of "/home/aliomac/garp-test/install/workspace_gz/lib/libScanDockScoringPlugin.so" to ""
-- Installing: /home/aliomac/garp-test/install/workspace_gz/lib/libSimpleHydrodynamics.so
-- Set non-toolchain portion of runtime path of "/home/aliomac/garp-test/install/workspace_gz/lib/libSimpleHydrodynamics.so" to ""
-- Installing: /home/aliomac/garp-test/install/workspace_gz/lib/libSurface.so
-- Set non-toolchain portion of runtime path of "/home/aliomac/garp-test/install/workspace_gz/lib/libSurface.so" to ""
-- Installing: /home/aliomac/garp-test/install/workspace_gz/lib/libUSVWind.so
-- Set non-toolchain portion of runtime path of "/home/aliomac/garp-test/install/workspace_gz/lib/libUSVWind.so" to ""
-- Installing: /home/aliomac/garp-test/install/workspace_gz/lib/libWaveVisual.so
-- Set non-toolchain portion of runtime path of "/home/aliomac/garp-test/install/workspace_gz/lib/libWaveVisual.so" to ""
-- Installing: /home/aliomac/garp-test/install/workspace_gz/lib/libWildlifeScoringPlugin.so
-- Set non-toolchain portion of runtime path of "/home/aliomac/garp-test/install/workspace_gz/lib/libWildlifeScoringPlugin.so" to ""
-- Installing: /home/aliomac/garp-test/install/workspace_gz/share/workspace_gz//description
-- Installing: /home/aliomac/garp-test/install/workspace_gz/share/workspace_gz//description/roboboat
-- Installing: /home/aliomac/garp-test/install/workspace_gz/share/workspace_gz//description/roboboat/roboboat.xacro
-- Installing: /home/aliomac/garp-test/install/workspace_gz/share/workspace_gz//launch
-- Installing: /home/aliomac/garp-test/install/workspace_gz/share/workspace_gz//launch/simulation.launch.py
-- Installing: /home/aliomac/garp-test/install/workspace_gz/share/workspace_gz//models
-- Installing: /home/aliomac/garp-test/install/workspace_gz/share/workspace_gz//models/waves
-- Installing: /home/aliomac/garp-test/install/workspace_gz/share/workspace_gz//models/waves/model.sdf
-- Installing: /home/aliomac/garp-test/install/workspace_gz/share/workspace_gz//models/waves/materials
-- Installing: /home/aliomac/garp-test/install/workspace_gz/share/workspace_gz//models/waves/materials/programs
-- Installing: /home/aliomac/garp-test/install/workspace_gz/share/workspace_gz//models/waves/materials/programs/GerstnerWaves_vs_330.glsl
-- Installing: /home/aliomac/garp-test/install/workspace_gz/share/workspace_gz//models/waves/materials/programs/GerstnerWaves_fs_330.glsl
-- Installing: /home/aliomac/garp-test/install/workspace_gz/share/workspace_gz//models/waves/materials/textures
-- Installing: /home/aliomac/garp-test/install/workspace_gz/share/workspace_gz//models/waves/materials/textures/skybox_lowres.dds
-- Installing: /home/aliomac/garp-test/install/workspace_gz/share/workspace_gz//models/waves/materials/textures/wave_normals.dds
-- Installing: /home/aliomac/garp-test/install/workspace_gz/share/workspace_gz//models/waves/meshes
-- Installing: /home/aliomac/garp-test/install/workspace_gz/share/workspace_gz//models/waves/meshes/waterlow.dae
-- Installing: /home/aliomac/garp-test/install/workspace_gz/share/workspace_gz//models/waves/model.config
-- Installing: /home/aliomac/garp-test/install/workspace_gz/share/workspace_gz//models/roboboat
-- Installing: /home/aliomac/garp-test/install/workspace_gz/share/workspace_gz//models/roboboat/materials
-- Installing: /home/aliomac/garp-test/install/workspace_gz/share/workspace_gz//models/roboboat/materials/textures
-- Installing: /home/aliomac/garp-test/install/workspace_gz/share/workspace_gz//models/roboboat/materials/textures/roboboat_roughness.png
-- Installing: /home/aliomac/garp-test/install/workspace_gz/share/workspace_gz//models/roboboat/materials/textures/thruster_roughness.png
-- Installing: /home/aliomac/garp-test/install/workspace_gz/share/workspace_gz//models/roboboat/materials/textures/roboboat_metalness.png
-- Installing: /home/aliomac/garp-test/install/workspace_gz/share/workspace_gz//models/roboboat/materials/textures/roboboat_normal.png
-- Installing: /home/aliomac/garp-test/install/workspace_gz/share/workspace_gz//models/roboboat/materials/textures/thruster_albedo.png
-- Installing: /home/aliomac/garp-test/install/workspace_gz/share/workspace_gz//models/roboboat/materials/textures/roboboat_albedo.png
-- Installing: /home/aliomac/garp-test/install/workspace_gz/share/workspace_gz//models/roboboat/meshes
-- Installing: /home/aliomac/garp-test/install/workspace_gz/share/workspace_gz//models/roboboat/meshes/housing.dae
-- Installing: /home/aliomac/garp-test/install/workspace_gz/share/workspace_gz//models/roboboat/meshes/mount.dae
-- Installing: /home/aliomac/garp-test/install/workspace_gz/share/workspace_gz//models/roboboat/meshes/prop.dae
-- Installing: /home/aliomac/garp-test/install/workspace_gz/share/workspace_gz//models/roboboat/meshes/roboboat.dae
-- Installing: /home/aliomac/garp-test/install/workspace_gz/share/workspace_gz//models/roboboat/sensors
-- Installing: /home/aliomac/garp-test/install/workspace_gz/share/workspace_gz//models/roboboat/sensors/lidar
-- Installing: /home/aliomac/garp-test/install/workspace_gz/share/workspace_gz//models/roboboat/sensors/lidar/materials
-- Installing: /home/aliomac/garp-test/install/workspace_gz/share/workspace_gz//models/roboboat/sensors/lidar/materials/textures
-- Installing: /home/aliomac/garp-test/install/workspace_gz/share/workspace_gz//models/roboboat/sensors/lidar/materials/textures/lidar_roughness.png
-- Installing: /home/aliomac/garp-test/install/workspace_gz/share/workspace_gz//models/roboboat/sensors/lidar/materials/textures/lidar.png
-- Installing: /home/aliomac/garp-test/install/workspace_gz/share/workspace_gz//models/roboboat/sensors/lidar/materials/textures/lidar_normal.png
-- Installing: /home/aliomac/garp-test/install/workspace_gz/share/workspace_gz//models/roboboat/sensors/lidar/materials/textures/lidar_metalness.png
-- Installing: /home/aliomac/garp-test/install/workspace_gz/share/workspace_gz//models/roboboat/sensors/lidar/materials/textures/lidar_albedo.png
-- Installing: /home/aliomac/garp-test/install/workspace_gz/share/workspace_gz//models/roboboat/sensors/lidar/meshes
-- Installing: /home/aliomac/garp-test/install/workspace_gz/share/workspace_gz//models/roboboat/sensors/lidar/meshes/lidar_albedo.png
-- Installing: /home/aliomac/garp-test/install/workspace_gz/share/workspace_gz//models/roboboat/sensors/lidar/meshes/lidar.dae
-- Installing: /home/aliomac/garp-test/install/workspace_gz/share/workspace_gz//models/roboboat/sensors/gps
-- Installing: /home/aliomac/garp-test/install/workspace_gz/share/workspace_gz//models/roboboat/sensors/gps/materials
-- Installing: /home/aliomac/garp-test/install/workspace_gz/share/workspace_gz//models/roboboat/sensors/gps/materials/textures
-- Installing: /home/aliomac/garp-test/install/workspace_gz/share/workspace_gz//models/roboboat/sensors/gps/materials/textures/gps_albedo.png
-- Installing: /home/aliomac/garp-test/install/workspace_gz/share/workspace_gz//models/roboboat/sensors/gps/meshes
-- Installing: /home/aliomac/garp-test/install/workspace_gz/share/workspace_gz//models/roboboat/sensors/gps/meshes/gps.dae
-- Installing: /home/aliomac/garp-test/install/workspace_gz/share/workspace_gz//models/roboboat/sensors/gps/meshes/gps_albedo.png
-- Installing: /home/aliomac/garp-test/install/workspace_gz/share/workspace_gz//models/roboboat/sensors/lidar_post
-- Installing: /home/aliomac/garp-test/install/workspace_gz/share/workspace_gz//models/roboboat/sensors/lidar_post/materials
-- Installing: /home/aliomac/garp-test/install/workspace_gz/share/workspace_gz//models/roboboat/sensors/lidar_post/materials/textures
-- Installing: /home/aliomac/garp-test/install/workspace_gz/share/workspace_gz//models/roboboat/sensors/lidar_post/materials/textures/post_albedo.png
-- Installing: /home/aliomac/garp-test/install/workspace_gz/share/workspace_gz//models/roboboat/sensors/lidar_post/meshes
-- Installing: /home/aliomac/garp-test/install/workspace_gz/share/workspace_gz//models/roboboat/sensors/lidar_post/meshes/post_albedo.jpg
-- Installing: /home/aliomac/garp-test/install/workspace_gz/share/workspace_gz//models/roboboat/sensors/lidar_post/meshes/post.dae
-- Installing: /home/aliomac/garp-test/install/workspace_gz/share/workspace_gz//models/roboboat/sensors/camera
-- Installing: /home/aliomac/garp-test/install/workspace_gz/share/workspace_gz//models/roboboat/sensors/camera/materials
-- Installing: /home/aliomac/garp-test/install/workspace_gz/share/workspace_gz//models/roboboat/sensors/camera/materials/textures
-- Installing: /home/aliomac/garp-test/install/workspace_gz/share/workspace_gz//models/roboboat/sensors/camera/materials/textures/camera_metalness.png
-- Installing: /home/aliomac/garp-test/install/workspace_gz/share/workspace_gz//models/roboboat/sensors/camera/materials/textures/camera_albedo.png
-- Installing: /home/aliomac/garp-test/install/workspace_gz/share/workspace_gz//models/roboboat/sensors/camera/materials/textures/camera.png
-- Installing: /home/aliomac/garp-test/install/workspace_gz/share/workspace_gz//models/roboboat/sensors/camera/materials/textures/camera_normal.png
-- Installing: /home/aliomac/garp-test/install/workspace_gz/share/workspace_gz//models/roboboat/sensors/camera/materials/textures/camera_roughness.png
-- Installing: /home/aliomac/garp-test/install/workspace_gz/share/workspace_gz//models/roboboat/sensors/camera/meshes
-- Installing: /home/aliomac/garp-test/install/workspace_gz/share/workspace_gz//models/roboboat/sensors/camera/meshes/camera_albedo.png
-- Installing: /home/aliomac/garp-test/install/workspace_gz/share/workspace_gz//models/roboboat/sensors/camera/meshes/camera.dae
-- Installing: /home/aliomac/garp-test/install/workspace_gz/share/workspace_gz//models/roboboat/sensors/camera_post
-- Installing: /home/aliomac/garp-test/install/workspace_gz/share/workspace_gz//models/roboboat/sensors/camera_post/materials
-- Installing: /home/aliomac/garp-test/install/workspace_gz/share/workspace_gz//models/roboboat/sensors/camera_post/materials/textures
-- Installing: /home/aliomac/garp-test/install/workspace_gz/share/workspace_gz//models/roboboat/sensors/camera_post/materials/textures/post_albedo.png
-- Installing: /home/aliomac/garp-test/install/workspace_gz/share/workspace_gz//models/roboboat/sensors/camera_post/meshes
-- Installing: /home/aliomac/garp-test/install/workspace_gz/share/workspace_gz//models/roboboat/sensors/camera_post/meshes/post_albedo.jpg
-- Installing: /home/aliomac/garp-test/install/workspace_gz/share/workspace_gz//models/roboboat/sensors/camera_post/meshes/post.dae
-- Installing: /home/aliomac/garp-test/install/workspace_gz/share/workspace_gz//models/roboboat/sensors/drybox
-- Installing: /home/aliomac/garp-test/install/workspace_gz/share/workspace_gz//models/roboboat/sensors/drybox/materials
-- Installing: /home/aliomac/garp-test/install/workspace_gz/share/workspace_gz//models/roboboat/sensors/drybox/materials/textures
-- Installing: /home/aliomac/garp-test/install/workspace_gz/share/workspace_gz//models/roboboat/sensors/drybox/materials/textures/drybox_albedo.png
-- Installing: /home/aliomac/garp-test/install/workspace_gz/share/workspace_gz//models/roboboat/sensors/drybox/materials/textures/drybox_roughness.png
-- Installing: /home/aliomac/garp-test/install/workspace_gz/share/workspace_gz//models/roboboat/sensors/drybox/meshes
-- Installing: /home/aliomac/garp-test/install/workspace_gz/share/workspace_gz//models/roboboat/sensors/drybox/meshes/drybox.dae
-- Installing: /home/aliomac/garp-test/install/workspace_gz/share/workspace_gz//models/buoys
-- Installing: /home/aliomac/garp-test/install/workspace_gz/share/workspace_gz//models/buoys/marker_buoy_green
-- Installing: /home/aliomac/garp-test/install/workspace_gz/share/workspace_gz//models/buoys/marker_buoy_green/model.sdf
-- Installing: /home/aliomac/garp-test/install/workspace_gz/share/workspace_gz//models/buoys/marker_buoy_green/materials
-- Installing: /home/aliomac/garp-test/install/workspace_gz/share/workspace_gz//models/buoys/marker_buoy_green/materials/textures
-- Installing: /home/aliomac/garp-test/install/workspace_gz/share/workspace_gz//models/buoys/marker_buoy_green/materials/textures/MarkerBuoy_Base_Color.png
-- Installing: /home/aliomac/garp-test/install/workspace_gz/share/workspace_gz//models/buoys/marker_buoy_green/materials/textures/MarkerBuoy_Roughness.png
-- Installing: /home/aliomac/garp-test/install/workspace_gz/share/workspace_gz//models/buoys/marker_buoy_green/meshes
-- Installing: /home/aliomac/garp-test/install/workspace_gz/share/workspace_gz//models/buoys/marker_buoy_green/meshes/marker_buoy.dae
-- Installing: /home/aliomac/garp-test/install/workspace_gz/share/workspace_gz//models/buoys/marker_buoy_green/model.config
-- Installing: /home/aliomac/garp-test/install/workspace_gz/share/workspace_gz//models/buoys/marker_buoy_black
-- Installing: /home/aliomac/garp-test/install/workspace_gz/share/workspace_gz//models/buoys/marker_buoy_black/model.sdf
-- Installing: /home/aliomac/garp-test/install/workspace_gz/share/workspace_gz//models/buoys/marker_buoy_black/materials
-- Installing: /home/aliomac/garp-test/install/workspace_gz/share/workspace_gz//models/buoys/marker_buoy_black/materials/textures
-- Installing: /home/aliomac/garp-test/install/workspace_gz/share/workspace_gz//models/buoys/marker_buoy_black/materials/textures/MarkerBuoy_Base_Color.png
-- Installing: /home/aliomac/garp-test/install/workspace_gz/share/workspace_gz//models/buoys/marker_buoy_black/materials/textures/MarkerBuoy_Roughness.png
-- Installing: /home/aliomac/garp-test/install/workspace_gz/share/workspace_gz//models/buoys/marker_buoy_black/meshes
-- Installing: /home/aliomac/garp-test/install/workspace_gz/share/workspace_gz//models/buoys/marker_buoy_black/meshes/marker_buoy.dae
-- Installing: /home/aliomac/garp-test/install/workspace_gz/share/workspace_gz//models/buoys/marker_buoy_black/model.config
-- Installing: /home/aliomac/garp-test/install/workspace_gz/share/workspace_gz//models/buoys/round_buoy_orange
-- Installing: /home/aliomac/garp-test/install/workspace_gz/share/workspace_gz//models/buoys/round_buoy_orange/model.sdf
-- Installing: /home/aliomac/garp-test/install/workspace_gz/share/workspace_gz//models/buoys/round_buoy_orange/materials
-- Installing: /home/aliomac/garp-test/install/workspace_gz/share/workspace_gz//models/buoys/round_buoy_orange/materials/textures
-- Installing: /home/aliomac/garp-test/install/workspace_gz/share/workspace_gz//models/buoys/round_buoy_orange/materials/textures/RoundBarrierBuoy_Roughness.png
-- Installing: /home/aliomac/garp-test/install/workspace_gz/share/workspace_gz//models/buoys/round_buoy_orange/materials/textures/RoundBarrierBuoy_Base_Color.png
-- Installing: /home/aliomac/garp-test/install/workspace_gz/share/workspace_gz//models/buoys/round_buoy_orange/meshes
-- Installing: /home/aliomac/garp-test/install/workspace_gz/share/workspace_gz//models/buoys/round_buoy_orange/meshes/round_buoy.dae
-- Installing: /home/aliomac/garp-test/install/workspace_gz/share/workspace_gz//models/buoys/round_buoy_orange/model.config
-- Installing: /home/aliomac/garp-test/install/workspace_gz/share/workspace_gz//models/buoys/marker_buoy_red
-- Installing: /home/aliomac/garp-test/install/workspace_gz/share/workspace_gz//models/buoys/marker_buoy_red/model.sdf
-- Installing: /home/aliomac/garp-test/install/workspace_gz/share/workspace_gz//models/buoys/marker_buoy_red/materials
-- Installing: /home/aliomac/garp-test/install/workspace_gz/share/workspace_gz//models/buoys/marker_buoy_red/materials/textures
-- Installing: /home/aliomac/garp-test/install/workspace_gz/share/workspace_gz//models/buoys/marker_buoy_red/materials/textures/MarkerBuoy_Base_Color.png
-- Installing: /home/aliomac/garp-test/install/workspace_gz/share/workspace_gz//models/buoys/marker_buoy_red/materials/textures/MarkerBuoy_Roughness.png
-- Installing: /home/aliomac/garp-test/install/workspace_gz/share/workspace_gz//models/buoys/marker_buoy_red/meshes
-- Installing: /home/aliomac/garp-test/install/workspace_gz/share/workspace_gz//models/buoys/marker_buoy_red/meshes/marker_buoy.dae
-- Installing: /home/aliomac/garp-test/install/workspace_gz/share/workspace_gz//models/buoys/marker_buoy_red/model.config
-- Installing: /home/aliomac/garp-test/install/workspace_gz/share/workspace_gz//models/buoys/marker_buoy_orange
-- Installing: /home/aliomac/garp-test/install/workspace_gz/share/workspace_gz//models/buoys/marker_buoy_orange/model.sdf
-- Installing: /home/aliomac/garp-test/install/workspace_gz/share/workspace_gz//models/buoys/marker_buoy_orange/materials
-- Installing: /home/aliomac/garp-test/install/workspace_gz/share/workspace_gz//models/buoys/marker_buoy_orange/materials/textures
-- Installing: /home/aliomac/garp-test/install/workspace_gz/share/workspace_gz//models/buoys/marker_buoy_orange/materials/textures/MarkerBuoy_Base_Color.png
-- Installing: /home/aliomac/garp-test/install/workspace_gz/share/workspace_gz//models/buoys/marker_buoy_orange/materials/textures/MarkerBuoy_Roughness.png
-- Installing: /home/aliomac/garp-test/install/workspace_gz/share/workspace_gz//models/buoys/marker_buoy_orange/meshes
-- Installing: /home/aliomac/garp-test/install/workspace_gz/share/workspace_gz//models/buoys/marker_buoy_orange/meshes/marker_buoy.dae
-- Installing: /home/aliomac/garp-test/install/workspace_gz/share/workspace_gz//models/buoys/marker_buoy_orange/model.config
-- Installing: /home/aliomac/garp-test/install/workspace_gz/share/workspace_gz//models/buoys/marker_buoy_yellow
-- Installing: /home/aliomac/garp-test/install/workspace_gz/share/workspace_gz//models/buoys/marker_buoy_yellow/model.sdf
-- Installing: /home/aliomac/garp-test/install/workspace_gz/share/workspace_gz//models/buoys/marker_buoy_yellow/materials
-- Installing: /home/aliomac/garp-test/install/workspace_gz/share/workspace_gz//models/buoys/marker_buoy_yellow/materials/textures
-- Installing: /home/aliomac/garp-test/install/workspace_gz/share/workspace_gz//models/buoys/marker_buoy_yellow/materials/textures/MarkerBuoy_Base_Color.png
-- Installing: /home/aliomac/garp-test/install/workspace_gz/share/workspace_gz//models/buoys/marker_buoy_yellow/materials/textures/MarkerBuoy_Roughness.png
-- Installing: /home/aliomac/garp-test/install/workspace_gz/share/workspace_gz//models/buoys/marker_buoy_yellow/meshes
-- Installing: /home/aliomac/garp-test/install/workspace_gz/share/workspace_gz//models/buoys/marker_buoy_yellow/meshes/marker_buoy.dae
-- Installing: /home/aliomac/garp-test/install/workspace_gz/share/workspace_gz//models/buoys/marker_buoy_yellow/model.config
-- Installing: /home/aliomac/garp-test/install/workspace_gz/share/workspace_gz//worlds
-- Installing: /home/aliomac/garp-test/install/workspace_gz/share/workspace_gz//worlds/world.sdf
-- Installing: /home/aliomac/garp-test/install/workspace_gz/share/workspace_gz/environment/library_path.sh
-- Installing: /home/aliomac/garp-test/install/workspace_gz/share/workspace_gz/environment/library_path.dsv
-- Installing: /home/aliomac/garp-test/install/workspace_gz/share/ament_index/resource_index/package_run_dependencies/workspace_gz
-- Installing: /home/aliomac/garp-test/install/workspace_gz/share/ament_index/resource_index/parent_prefix_path/workspace_gz
-- Installing: /home/aliomac/garp-test/install/workspace_gz/share/workspace_gz/environment/ament_prefix_path.sh
-- Installing: /home/aliomac/garp-test/install/workspace_gz/share/workspace_gz/environment/ament_prefix_path.dsv
-- Installing: /home/aliomac/garp-test/install/workspace_gz/share/workspace_gz/environment/path.sh
-- Installing: /home/aliomac/garp-test/install/workspace_gz/share/workspace_gz/environment/path.dsv
-- Installing: /home/aliomac/garp-test/install/workspace_gz/share/workspace_gz/local_setup.bash
-- Installing: /home/aliomac/garp-test/install/workspace_gz/share/workspace_gz/local_setup.sh
-- Installing: /home/aliomac/garp-test/install/workspace_gz/share/workspace_gz/local_setup.zsh
-- Installing: /home/aliomac/garp-test/install/workspace_gz/share/workspace_gz/local_setup.dsv
-- Installing: /home/aliomac/garp-test/install/workspace_gz/share/workspace_gz/package.dsv
-- Installing: /home/aliomac/garp-test/install/workspace_gz/share/ament_index/resource_index/packages/workspace_gz
-- Installing: /home/aliomac/garp-test/install/workspace_gz/share/workspace_gz/cmake/ament_cmake_export_libraries-extras.cmake
-- Installing: /home/aliomac/garp-test/install/workspace_gz/share/workspace_gz/cmake/ament_cmake_export_dependencies-extras.cmake
-- Installing: /home/aliomac/garp-test/install/workspace_gz/share/workspace_gz/cmake/workspace_gzConfig.cmake
-- Installing: /home/aliomac/garp-test/install/workspace_gz/share/workspace_gz/cmake/workspace_gzConfig-version.cmake
-- Installing: /home/aliomac/garp-test/install/workspace_gz/share/workspace_gz/package.xml
