[0.034s] Invoking command in '/home/aliomacc/sti_usv/build/workspace_gz': CMAKE_PREFIX_PATH=${CMAKE_PREFIX_PATH}:/home/aliomacc/ros2_ws/install/actions_py:/home/aliomacc/ros2_ws/install/lifecycle_py:/opt/ros/humble /usr/bin/cmake --build /home/aliomacc/sti_usv/build/workspace_gz -- -j8 -l8
[0.105s] -- Found ament_cmake: 1.3.12 (/opt/ros/humble/share/ament_cmake/cmake)
[0.536s] -- Override CMake install command with custom implementation using symlinks instead of copying resources
[0.555s] -- Looking for ignition-gazebo6 -- found version 6.17.1
[0.562s] -- Searching for dependencies of ignition-gazebo6
[0.564s] -- Looking for sdformat12 -- found version 12.9.0
[0.565s] -- Searching for dependencies of sdformat12
[0.576s] -- Checking for module 'tinyxml2'
[0.614s] --   Found tinyxml2, version 9.0.0
[0.696s] -- Looking for ignition-math6 -- found version 6.15.1
[0.696s] -- Searching for dependencies of ignition-math6
[0.698s] -- Looking for ignition-utils1 -- found version 1.5.1
[0.700s] -- Searching for dependencies of ignition-utils1
[0.702s] -- Looking for ignition-plugin1 -- found version 1.4.0
[0.704s] -- Searching for dependencies of ignition-plugin1
[0.705s] -- Searching for <ignition-plugin1> component [loader]
[0.708s] -- Looking for ignition-plugin1-loader -- found version 1.4.0
[0.710s] -- Searching for dependencies of ignition-plugin1-loader
[0.712s] -- Searching for <ignition-plugin1> component [register]
[0.715s] -- Looking for ignition-plugin1-register -- found version 1.4.0
[0.716s] -- Searching for dependencies of ignition-plugin1-register
[0.718s] -- Looking for ignition-transport11 -- found version 11.4.2
[0.719s] -- Searching for dependencies of ignition-transport11
[0.801s] -- Config-file not installed for ZeroMQ -- checking for pkg-config
[0.814s] -- Checking for module 'libzmq >= 4'
[0.853s] --   Found libzmq , version 4.3.4
[0.956s] -- Checking for module 'uuid'
[0.996s] --   Found uuid, version 2.37.2
[1.081s] -- Looking for ignition-utils1 -- found version 1.5.1
[1.082s] -- Searching for dependencies of ignition-utils1
[1.082s] -- Searching for <ignition-utils1> component [cli]
[1.083s] -- Looking for ignition-utils1-cli -- found version 1.5.1
[1.084s] -- Searching for dependencies of ignition-utils1-cli
[1.085s] -- Looking for ignition-msgs8 -- found version 8.7.0
[1.086s] -- Searching for dependencies of ignition-msgs8
[1.138s] -- Found Protobuf: /usr/lib/x86_64-linux-gnu/libprotobuf.so (found suitable version "3.12.4", minimum required is "3") 
[1.139s] -- Looking for ignition-math6 -- found version 6.15.1
[1.195s] -- Searching for <ignition-transport11> component [log]
[1.196s] -- Looking for ignition-transport11-log -- found version 11.4.2
[1.197s] -- Searching for dependencies of ignition-transport11-log
[1.198s] -- Searching for <ignition-transport11> component [parameters]
[1.199s] -- Looking for ignition-transport11-parameters -- found version 11.4.2
[1.200s] -- Searching for dependencies of ignition-transport11-parameters
[1.202s] -- Looking for ignition-msgs8 -- found version 8.7.0
[1.202s] -- Looking for ignition-common4 -- found version 4.8.0
[1.203s] -- Searching for dependencies of ignition-common4
[1.203s] -- Looking for dlfcn.h - found
[1.203s] -- Looking for libdl - found
[1.232s] -- Searching for <ignition-common4> component [profiler]
[1.232s] -- Looking for ignition-common4-profiler -- found version 4.8.0
[1.233s] -- Searching for dependencies of ignition-common4-profiler
[1.234s] -- Searching for <ignition-common4> component [events]
[1.235s] -- Looking for ignition-common4-events -- found version 4.8.0
[1.236s] -- Searching for dependencies of ignition-common4-events
[1.237s] -- Looking for ignition-math6 -- found version 6.15.1
[1.239s] -- Searching for <ignition-common4> component [av]
[1.240s] -- Looking for ignition-common4-av -- found version 4.8.0
[1.242s] -- Searching for dependencies of ignition-common4-av
[1.258s] -- Checking for module 'libswscale'
[1.293s] --   Found libswscale, version 5.9.100
[1.407s] -- Checking for module 'libavdevice >= 56.4.100'
[1.452s] --   Found libavdevice , version 58.13.100
[1.567s] -- Checking for module 'libavformat'
[1.614s] --   Found libavformat, version 58.76.100
[1.768s] -- Checking for module 'libavcodec'
[1.803s] --   Found libavcodec, version 58.134.100
[1.919s] -- Checking for module 'libavutil'
[1.963s] --   Found libavutil, version 56.70.100
[2.061s] -- Looking for ignition-fuel_tools7 -- found version 7.3.1
[2.063s] -- Searching for dependencies of ignition-fuel_tools7
[2.178s] -- Checking for module 'jsoncpp'
[2.216s] --   Found jsoncpp, version 1.9.5
[2.344s] -- Checking for module 'libzip'
[2.385s] --   Found libzip, version 1.7.3
[2.504s] -- Looking for ignition-common4 -- found version 4.8.0
[2.505s] -- Looking for ignition-math6 -- found version 6.15.1
[2.507s] -- Looking for ignition-msgs8 -- found version 8.7.0
[2.512s] -- Looking for ignition-gui6 -- found version 6.9.0
[2.513s] -- Searching for dependencies of ignition-gui6
[2.572s] -- Found Protobuf: /usr/lib/x86_64-linux-gnu/libprotobuf.so (found version "3.12.4") 
[2.604s] -- Looking for ignition-math6 -- found version 6.15.1
[2.606s] -- Looking for ignition-common4 -- found version 4.8.0
[2.618s] -- Looking for ignition-plugin1 -- found version 1.4.0
[2.619s] -- Looking for ignition-transport11 -- found version 11.4.2
[2.620s] -- Looking for ignition-rendering6 -- found version 6.6.4
[2.621s] -- Searching for dependencies of ignition-rendering6
[2.626s] -- Looking for ignition-math6 -- found version 6.15.1
[2.627s] -- Searching for dependencies of ignition-math6
[2.627s] -- Searching for <ignition-math6> component [eigen3]
[2.627s] -- Looking for ignition-math6-eigen3 -- found version 6.15.1
[2.627s] -- Searching for dependencies of ignition-math6-eigen3
[2.638s] -- Looking for ignition-common4 -- found version 4.8.0
[2.638s] -- Searching for dependencies of ignition-common4
[2.639s] -- Looking for dlfcn.h - found
[2.639s] -- Looking for libdl - found
[2.675s] -- Searching for <ignition-common4> component [graphics]
[2.676s] -- Looking for ignition-common4-graphics -- found version 4.8.0
[2.677s] -- Searching for dependencies of ignition-common4-graphics
[2.679s] -- Looking for ignition-math6 -- found version 6.15.1
[2.680s] -- Looking for ignition-utils1 -- found version 1.5.1
[2.681s] -- Searching for <ignition-common4> component [events]
[2.687s] -- Looking for ignition-plugin1 -- found version 1.4.0
[2.689s] -- Searching for dependencies of ignition-plugin1
[2.690s] -- Searching for <ignition-plugin1> component [all]
[2.691s] -- Looking for all libraries of ignition-plugin1 -- found version 1.4.0
[2.693s] -- Looking for ignition-plugin1 -- found version 1.4.0
[2.700s] -- Looking for ignition-msgs8 -- found version 8.7.0
[2.781s] -- Looking for ignition-physics5 -- found version 5.4.0
[2.786s] -- Searching for dependencies of ignition-physics5
[2.791s] -- Looking for ignition-math6 -- found version 6.15.1
[2.792s] -- Looking for ignition-plugin1 -- found version 1.4.0
[2.793s] -- Looking for ignition-utils1 -- found version 1.5.1
[2.795s] -- Searching for <ignition-physics5> component [heightmap]
[2.798s] -- Looking for ignition-physics5-heightmap -- found version 5.4.0
[2.802s] -- Searching for dependencies of ignition-physics5-heightmap
[2.802s] -- Looking for ignition-common4 -- found version 4.8.0
[2.807s] -- Searching for <ignition-physics5> component [mesh]
[2.808s] -- Looking for ignition-physics5-mesh -- found version 5.4.0
[2.808s] -- Searching for dependencies of ignition-physics5-mesh
[2.809s] -- Looking for ignition-common4 -- found version 4.8.0
[2.814s] -- Searching for <ignition-physics5> component [sdf]
[2.821s] -- Looking for ignition-physics5-sdf -- found version 5.4.0
[2.821s] -- Searching for dependencies of ignition-physics5-sdf
[2.821s] -- Looking for sdformat12 -- found version 12.9.0
[2.822s] -- Looking for ignition-sensors6 -- found version 6.9.0
[2.837s] -- Searching for dependencies of ignition-sensors6
[2.928s] -- Looking for ignition-math6 -- found version 6.15.1
[2.929s] -- Looking for ignition-common4 -- found version 4.8.0
[2.932s] -- Looking for ignition-transport11 -- found version 11.4.2
[2.940s] -- Looking for ignition-rendering6 -- found version 6.6.4
[2.940s] -- Looking for ignition-msgs8 -- found version 8.7.0
[2.944s] -- Looking for sdformat12 -- found version 12.9.0
[2.949s] -- Searching for <ignition-sensors6> component [air_pressure]
[2.951s] -- Looking for ignition-sensors6-air_pressure -- found version 6.9.0
[2.953s] -- Searching for dependencies of ignition-sensors6-air_pressure
[2.957s] -- Searching for <ignition-sensors6> component [altimeter]
[2.962s] -- Looking for ignition-sensors6-altimeter -- found version 6.9.0
[2.963s] -- Searching for dependencies of ignition-sensors6-altimeter
[2.966s] -- Searching for <ignition-sensors6> component [imu]
[2.968s] -- Looking for ignition-sensors6-imu -- found version 6.9.0
[2.972s] -- Searching for dependencies of ignition-sensors6-imu
[2.974s] -- Searching for <ignition-sensors6> component [force_torque]
[2.974s] -- Looking for ignition-sensors6-force_torque -- found version 6.9.0
[2.977s] -- Searching for dependencies of ignition-sensors6-force_torque
[2.983s] -- Searching for <ignition-sensors6> component [logical_camera]
[2.984s] -- Looking for ignition-sensors6-logical_camera -- found version 6.9.0
[2.987s] -- Searching for dependencies of ignition-sensors6-logical_camera
[2.989s] -- Searching for <ignition-sensors6> component [magnetometer]
[2.991s] -- Looking for ignition-sensors6-magnetometer -- found version 6.9.0
[2.994s] -- Searching for dependencies of ignition-sensors6-magnetometer
[2.998s] -- Searching for <ignition-sensors6> component [navsat]
[2.999s] -- Looking for ignition-sensors6-navsat -- found version 6.9.0
[3.005s] -- Searching for dependencies of ignition-sensors6-navsat
[3.005s] -- Searching for <ignition-sensors6> component [rendering]
[3.008s] -- Looking for ignition-sensors6-rendering -- found version 6.9.0
[3.008s] -- Searching for dependencies of ignition-sensors6-rendering
[3.011s] -- Searching for <ignition-sensors6> component [lidar]
[3.016s] -- Looking for ignition-sensors6-lidar -- found version 6.9.0
[3.019s] -- Searching for dependencies of ignition-sensors6-lidar
[3.020s] -- Looking for ignition-sensors6 -- found version 6.9.0
[3.025s] -- Searching for <ignition-sensors6> component [gpu_lidar]
[3.027s] -- Looking for ignition-sensors6-gpu_lidar -- found version 6.9.0
[3.030s] -- Searching for dependencies of ignition-sensors6-gpu_lidar
[3.031s] -- Looking for ignition-sensors6 -- found version 6.9.0
[3.033s] -- Searching for <ignition-sensors6> component [camera]
[3.037s] -- Looking for ignition-sensors6-camera -- found version 6.9.0
[3.040s] -- Searching for dependencies of ignition-sensors6-camera
[3.044s] -- Looking for ignition-sensors6 -- found version 6.9.0
[3.046s] -- Searching for <ignition-sensors6> component [boundingbox_camera]
[3.047s] -- Looking for ignition-sensors6-boundingbox_camera -- found version 6.9.0
[3.052s] -- Searching for dependencies of ignition-sensors6-boundingbox_camera
[3.053s] -- Searching for <ignition-sensors6> component [segmentation_camera]
[3.056s] -- Looking for ignition-sensors6-segmentation_camera -- found version 6.9.0
[3.061s] -- Searching for dependencies of ignition-sensors6-segmentation_camera
[3.062s] -- Searching for <ignition-sensors6> component [depth_camera]
[3.063s] -- Looking for ignition-sensors6-depth_camera -- found version 6.9.0
[3.064s] -- Searching for dependencies of ignition-sensors6-depth_camera
[3.065s] -- Looking for ignition-sensors6 -- found version 6.9.0
[3.067s] -- Searching for <ignition-sensors6> component [rgbd_camera]
[3.068s] -- Looking for ignition-sensors6-rgbd_camera -- found version 6.9.0
[3.069s] -- Searching for dependencies of ignition-sensors6-rgbd_camera
[3.070s] -- Looking for ignition-sensors6 -- found version 6.9.0
[3.072s] -- Searching for <ignition-sensors6> component [thermal_camera]
[3.073s] -- Looking for ignition-sensors6-thermal_camera -- found version 6.9.0
[3.075s] -- Searching for dependencies of ignition-sensors6-thermal_camera
[3.077s] -- Looking for ignition-sensors6 -- found version 6.9.0
[3.082s] -- Looking for ignition-rendering6 -- found version 6.6.4
[3.082s] -- Looking for ignition-math6 -- found version 6.15.1
[3.084s] -- Looking for ignition-utils1 -- found version 1.5.1
[3.141s] -- Looking for ignition-common4 -- found version 4.8.0
[3.145s] -- Looking for ignition-math6 -- found version 6.15.1
[3.146s] -- Looking for ignition-plugin1 -- found version 1.4.0
[3.148s] -- Looking for ignition-rendering6 -- found version 6.6.4
[3.151s] -- Looking for ignition-sensors6 -- found version 6.9.0
[3.153s] -- Looking for ignition-transport11 -- found version 11.4.2
[3.158s] -- Looking for ignition-utils1 -- found version 1.5.1
[3.158s] -- Looking for sdformat12 -- found version 12.9.0
[3.493s] -- Configuring done
[3.758s] -- Generating done
[3.851s] -- Build files have been written to: /home/aliomacc/sti_usv/build/workspace_gz
[3.935s] [35m[1mConsolidate compiler generated dependencies of target ScoringPlugin[0m
[3.935s] [35m[1mConsolidate compiler generated dependencies of target Waves[0m
[3.991s] [  3%] Built target Waves
[3.992s] [  7%] Built target ScoringPlugin
[4.035s] [35m[1mConsolidate compiler generated dependencies of target SimpleHydrodynamics[0m
[4.043s] [35m[1mConsolidate compiler generated dependencies of target Surface[0m
[4.049s] [35m[1mConsolidate compiler generated dependencies of target WaveVisual[0m
[4.055s] [35m[1mConsolidate compiler generated dependencies of target AcousticPerceptionScoringPlugin[0m
[4.056s] [35m[1mConsolidate compiler generated dependencies of target StationkeepingScoringPlugin[0m
[4.056s] [35m[1mConsolidate compiler generated dependencies of target PolyhedraBuoyancyDrag[0m
[4.080s] [35m[1mConsolidate compiler generated dependencies of target USVWind[0m
[4.086s] [35m[1mConsolidate compiler generated dependencies of target WayfindingScoringPlugin[0m
[4.125s] [ 11%] Built target SimpleHydrodynamics
[4.129s] [ 16%] Built target StationkeepingScoringPlugin
[4.132s] [ 20%] Built target Surface
[4.134s] [ 24%] Built target WaveVisual
[4.143s] [ 30%] Built target AcousticPerceptionScoringPlugin
[4.169s] [ 37%] Built target PolyhedraBuoyancyDrag
[4.179s] [35m[1mConsolidate compiler generated dependencies of target AcousticTrackingScoringPlugin[0m
[4.180s] [ 41%] Built target USVWind
[4.191s] [35m[1mConsolidate compiler generated dependencies of target AcousticPingerPlugin[0m
[4.197s] [ 47%] Built target WayfindingScoringPlugin
[4.209s] [35m[1mConsolidate compiler generated dependencies of target BallShooterPlugin[0m
[4.216s] [35m[1mConsolidate compiler generated dependencies of target NavigationScoringPlugin[0m
[4.216s] [35m[1mConsolidate compiler generated dependencies of target LightBuoyPlugin[0m
[4.238s] [35m[1mConsolidate compiler generated dependencies of target PerceptionScoringPlugin[0m
[4.243s] [35m[1mConsolidate compiler generated dependencies of target GymkhanaScoringPlugin[0m
[4.274s] [35m[1mConsolidate compiler generated dependencies of target PlacardPlugin[0m
[4.277s] [ 50%] Built target AcousticPingerPlugin
[4.293s] [ 54%] Built target BallShooterPlugin
[4.312s] [ 60%] Built target AcousticTrackingScoringPlugin
[4.316s] [ 66%] Built target NavigationScoringPlugin
[4.324s] [ 69%] Built target LightBuoyPlugin
[4.334s] [ 75%] Built target PerceptionScoringPlugin
[4.334s] [35m[1mConsolidate compiler generated dependencies of target PublisherPlugin[0m
[4.343s] [35m[1mConsolidate compiler generated dependencies of target ScanDockScoringPlugin[0m
[4.356s] [ 79%] Built target PlacardPlugin
[4.357s] [ 84%] Built target GymkhanaScoringPlugin
[4.385s] [35m[1mConsolidate compiler generated dependencies of target WildlifeScoringPlugin[0m
[4.404s] [ 88%] Built target PublisherPlugin
[4.430s] [ 94%] Built target ScanDockScoringPlugin
[4.466s] [100%] Built target WildlifeScoringPlugin
[4.520s] Invoked command in '/home/aliomacc/sti_usv/build/workspace_gz' returned '0': CMAKE_PREFIX_PATH=${CMAKE_PREFIX_PATH}:/home/aliomacc/ros2_ws/install/actions_py:/home/aliomacc/ros2_ws/install/lifecycle_py:/opt/ros/humble /usr/bin/cmake --build /home/aliomacc/sti_usv/build/workspace_gz -- -j8 -l8
[4.564s] Invoking command in '/home/aliomacc/sti_usv/build/workspace_gz': CMAKE_PREFIX_PATH=${CMAKE_PREFIX_PATH}:/home/aliomacc/ros2_ws/install/actions_py:/home/aliomacc/ros2_ws/install/lifecycle_py:/opt/ros/humble /usr/bin/cmake --install /home/aliomacc/sti_usv/build/workspace_gz
[4.586s] -- Install configuration: ""
[4.588s] -- Execute custom install script
[4.590s] -- Up-to-date symlink: /home/aliomacc/sti_usv/install/workspace_gz/lib/workspace_gz/libWaves.so
[4.591s] -- Up-to-date symlink: /home/aliomacc/sti_usv/install/workspace_gz/lib/workspace_gz/libScoringPlugin.so
[4.591s] -- Up-to-date symlink: /home/aliomacc/sti_usv/install/workspace_gz/lib/workspace_gz/libSimpleHydrodynamics.so
[4.592s] -- Up-to-date symlink: /home/aliomacc/sti_usv/install/workspace_gz/lib/workspace_gz/libPolyhedraBuoyancyDrag.so
[4.592s] -- Up-to-date symlink: /home/aliomacc/sti_usv/install/workspace_gz/lib/workspace_gz/libSurface.so
[4.592s] -- Up-to-date symlink: /home/aliomacc/sti_usv/install/workspace_gz/lib/workspace_gz/libUSVWind.so
[4.592s] -- Up-to-date symlink: /home/aliomacc/sti_usv/install/workspace_gz/lib/workspace_gz/libWaveVisual.so
[4.593s] -- Up-to-date symlink: /home/aliomacc/sti_usv/install/workspace_gz/lib/workspace_gz/libStationkeepingScoringPlugin.so
[4.593s] -- Up-to-date symlink: /home/aliomacc/sti_usv/install/workspace_gz/lib/workspace_gz/libWayfindingScoringPlugin.so
[4.594s] -- Up-to-date symlink: /home/aliomacc/sti_usv/install/workspace_gz/lib/workspace_gz/libAcousticPerceptionScoringPlugin.so
[4.594s] -- Up-to-date symlink: /home/aliomacc/sti_usv/install/workspace_gz/lib/workspace_gz/libAcousticTrackingScoringPlugin.so
[4.595s] -- Up-to-date symlink: /home/aliomacc/sti_usv/install/workspace_gz/lib/workspace_gz/libAcousticPingerPlugin.so
[4.595s] -- Up-to-date symlink: /home/aliomacc/sti_usv/install/workspace_gz/lib/workspace_gz/libBallShooterPlugin.so
[4.595s] -- Up-to-date symlink: /home/aliomacc/sti_usv/install/workspace_gz/lib/workspace_gz/libLightBuoyPlugin.so
[4.596s] -- Up-to-date symlink: /home/aliomacc/sti_usv/install/workspace_gz/lib/workspace_gz/libNavigationScoringPlugin.so
[4.596s] -- Up-to-date symlink: /home/aliomacc/sti_usv/install/workspace_gz/lib/workspace_gz/libGymkhanaScoringPlugin.so
[4.596s] -- Up-to-date symlink: /home/aliomacc/sti_usv/install/workspace_gz/lib/workspace_gz/libPerceptionScoringPlugin.so
[4.596s] -- Up-to-date symlink: /home/aliomacc/sti_usv/install/workspace_gz/lib/workspace_gz/libPlacardPlugin.so
[4.597s] -- Up-to-date symlink: /home/aliomacc/sti_usv/install/workspace_gz/lib/workspace_gz/libPublisherPlugin.so
[4.597s] -- Up-to-date symlink: /home/aliomacc/sti_usv/install/workspace_gz/lib/workspace_gz/libScanDockScoringPlugin.so
[4.597s] -- Up-to-date symlink: /home/aliomacc/sti_usv/install/workspace_gz/lib/workspace_gz/libWildlifeScoringPlugin.so
[4.598s] -- Up-to-date symlink: /home/aliomacc/sti_usv/install/workspace_gz/share/workspace_gz/launch/simulation.launch.py
[4.602s] -- Up-to-date symlink: /home/aliomacc/sti_usv/install/workspace_gz/share/workspace_gz/models/buoys/marker_buoy_black/materials/textures/MarkerBuoy_Base_Color.png
[4.603s] -- Up-to-date symlink: /home/aliomacc/sti_usv/install/workspace_gz/share/workspace_gz/models/buoys/marker_buoy_black/materials/textures/MarkerBuoy_Roughness.png
[4.604s] -- Up-to-date symlink: /home/aliomacc/sti_usv/install/workspace_gz/share/workspace_gz/models/buoys/marker_buoy_black/meshes/marker_buoy.dae
[4.604s] -- Up-to-date symlink: /home/aliomacc/sti_usv/install/workspace_gz/share/workspace_gz/models/buoys/marker_buoy_black/model.config
[4.605s] -- Up-to-date symlink: /home/aliomacc/sti_usv/install/workspace_gz/share/workspace_gz/models/buoys/marker_buoy_black/model.sdf
[4.606s] -- Up-to-date symlink: /home/aliomacc/sti_usv/install/workspace_gz/share/workspace_gz/models/buoys/marker_buoy_green/materials/textures/MarkerBuoy_Base_Color.png
[4.606s] -- Up-to-date symlink: /home/aliomacc/sti_usv/install/workspace_gz/share/workspace_gz/models/buoys/marker_buoy_green/materials/textures/MarkerBuoy_Roughness.png
[4.607s] -- Up-to-date symlink: /home/aliomacc/sti_usv/install/workspace_gz/share/workspace_gz/models/buoys/marker_buoy_green/meshes/marker_buoy.dae
[4.607s] -- Up-to-date symlink: /home/aliomacc/sti_usv/install/workspace_gz/share/workspace_gz/models/buoys/marker_buoy_green/model.config
[4.607s] -- Up-to-date symlink: /home/aliomacc/sti_usv/install/workspace_gz/share/workspace_gz/models/buoys/marker_buoy_green/model.sdf
[4.607s] -- Up-to-date symlink: /home/aliomacc/sti_usv/install/workspace_gz/share/workspace_gz/models/buoys/marker_buoy_orange/materials/textures/MarkerBuoy_Base_Color.png
[4.608s] -- Up-to-date symlink: /home/aliomacc/sti_usv/install/workspace_gz/share/workspace_gz/models/buoys/marker_buoy_orange/materials/textures/MarkerBuoy_Roughness.png
[4.608s] -- Up-to-date symlink: /home/aliomacc/sti_usv/install/workspace_gz/share/workspace_gz/models/buoys/marker_buoy_orange/meshes/marker_buoy.dae
[4.608s] -- Up-to-date symlink: /home/aliomacc/sti_usv/install/workspace_gz/share/workspace_gz/models/buoys/marker_buoy_orange/model.config
[4.608s] -- Up-to-date symlink: /home/aliomacc/sti_usv/install/workspace_gz/share/workspace_gz/models/buoys/marker_buoy_orange/model.sdf
[4.609s] -- Up-to-date symlink: /home/aliomacc/sti_usv/install/workspace_gz/share/workspace_gz/models/buoys/marker_buoy_red/materials/textures/MarkerBuoy_Base_Color.png
[4.610s] -- Up-to-date symlink: /home/aliomacc/sti_usv/install/workspace_gz/share/workspace_gz/models/buoys/marker_buoy_red/materials/textures/MarkerBuoy_Roughness.png
[4.611s] -- Up-to-date symlink: /home/aliomacc/sti_usv/install/workspace_gz/share/workspace_gz/models/buoys/marker_buoy_red/meshes/marker_buoy.dae
[4.612s] -- Up-to-date symlink: /home/aliomacc/sti_usv/install/workspace_gz/share/workspace_gz/models/buoys/marker_buoy_red/model.config
[4.612s] -- Up-to-date symlink: /home/aliomacc/sti_usv/install/workspace_gz/share/workspace_gz/models/buoys/marker_buoy_red/model.sdf
[4.612s] -- Up-to-date symlink: /home/aliomacc/sti_usv/install/workspace_gz/share/workspace_gz/models/buoys/marker_buoy_yellow/materials/textures/MarkerBuoy_Base_Color.png
[4.613s] -- Up-to-date symlink: /home/aliomacc/sti_usv/install/workspace_gz/share/workspace_gz/models/buoys/marker_buoy_yellow/materials/textures/MarkerBuoy_Roughness.png
[4.613s] -- Up-to-date symlink: /home/aliomacc/sti_usv/install/workspace_gz/share/workspace_gz/models/buoys/marker_buoy_yellow/meshes/marker_buoy.dae
[4.613s] -- Up-to-date symlink: /home/aliomacc/sti_usv/install/workspace_gz/share/workspace_gz/models/buoys/marker_buoy_yellow/model.config
[4.613s] -- Up-to-date symlink: /home/aliomacc/sti_usv/install/workspace_gz/share/workspace_gz/models/buoys/marker_buoy_yellow/model.sdf
[4.614s] -- Up-to-date symlink: /home/aliomacc/sti_usv/install/workspace_gz/share/workspace_gz/models/buoys/round_buoy_orange/materials/textures/RoundBarrierBuoy_Base_Color.png
[4.614s] -- Up-to-date symlink: /home/aliomacc/sti_usv/install/workspace_gz/share/workspace_gz/models/buoys/round_buoy_orange/materials/textures/RoundBarrierBuoy_Roughness.png
[4.614s] -- Up-to-date symlink: /home/aliomacc/sti_usv/install/workspace_gz/share/workspace_gz/models/buoys/round_buoy_orange/meshes/round_buoy.dae
[4.614s] -- Up-to-date symlink: /home/aliomacc/sti_usv/install/workspace_gz/share/workspace_gz/models/buoys/round_buoy_orange/model.config
[4.614s] -- Up-to-date symlink: /home/aliomacc/sti_usv/install/workspace_gz/share/workspace_gz/models/buoys/round_buoy_orange/model.sdf
[4.615s] -- Up-to-date symlink: /home/aliomacc/sti_usv/install/workspace_gz/share/workspace_gz/models/roboboat/materials/textures/roboboat_albedo.png
[4.615s] -- Up-to-date symlink: /home/aliomacc/sti_usv/install/workspace_gz/share/workspace_gz/models/roboboat/materials/textures/roboboat_metalness.png
[4.615s] -- Up-to-date symlink: /home/aliomacc/sti_usv/install/workspace_gz/share/workspace_gz/models/roboboat/materials/textures/roboboat_normal.png
[4.615s] -- Up-to-date symlink: /home/aliomacc/sti_usv/install/workspace_gz/share/workspace_gz/models/roboboat/materials/textures/roboboat_roughness.png
[4.616s] -- Up-to-date symlink: /home/aliomacc/sti_usv/install/workspace_gz/share/workspace_gz/models/roboboat/materials/textures/thruster_albedo.png
[4.616s] -- Up-to-date symlink: /home/aliomacc/sti_usv/install/workspace_gz/share/workspace_gz/models/roboboat/materials/textures/thruster_roughness.png
[4.616s] -- Up-to-date symlink: /home/aliomacc/sti_usv/install/workspace_gz/share/workspace_gz/models/roboboat/meshes/housing.dae
[4.617s] -- Up-to-date symlink: /home/aliomacc/sti_usv/install/workspace_gz/share/workspace_gz/models/roboboat/meshes/mount.dae
[4.618s] -- Up-to-date symlink: /home/aliomacc/sti_usv/install/workspace_gz/share/workspace_gz/models/roboboat/meshes/prop.dae
[4.618s] -- Up-to-date symlink: /home/aliomacc/sti_usv/install/workspace_gz/share/workspace_gz/models/roboboat/meshes/roboboat.dae
[4.619s] -- Up-to-date symlink: /home/aliomacc/sti_usv/install/workspace_gz/share/workspace_gz/models/roboboat/sensors/camera/materials/textures/camera.png
[4.619s] -- Up-to-date symlink: /home/aliomacc/sti_usv/install/workspace_gz/share/workspace_gz/models/roboboat/sensors/camera/materials/textures/camera_albedo.png
[4.619s] -- Up-to-date symlink: /home/aliomacc/sti_usv/install/workspace_gz/share/workspace_gz/models/roboboat/sensors/camera/materials/textures/camera_metalness.png
[4.619s] -- Up-to-date symlink: /home/aliomacc/sti_usv/install/workspace_gz/share/workspace_gz/models/roboboat/sensors/camera/materials/textures/camera_normal.png
[4.620s] -- Up-to-date symlink: /home/aliomacc/sti_usv/install/workspace_gz/share/workspace_gz/models/roboboat/sensors/camera/materials/textures/camera_roughness.png
[4.620s] -- Up-to-date symlink: /home/aliomacc/sti_usv/install/workspace_gz/share/workspace_gz/models/roboboat/sensors/camera/meshes/camera.dae
[4.620s] -- Up-to-date symlink: /home/aliomacc/sti_usv/install/workspace_gz/share/workspace_gz/models/roboboat/sensors/camera/meshes/camera_albedo.png
[4.620s] -- Up-to-date symlink: /home/aliomacc/sti_usv/install/workspace_gz/share/workspace_gz/models/roboboat/sensors/camera_post/materials/textures/post_albedo.png
[4.621s] -- Up-to-date symlink: /home/aliomacc/sti_usv/install/workspace_gz/share/workspace_gz/models/roboboat/sensors/camera_post/meshes/post.dae
[4.621s] -- Up-to-date symlink: /home/aliomacc/sti_usv/install/workspace_gz/share/workspace_gz/models/roboboat/sensors/camera_post/meshes/post_albedo.jpg
[4.621s] -- Up-to-date symlink: /home/aliomacc/sti_usv/install/workspace_gz/share/workspace_gz/models/roboboat/sensors/drybox/materials/textures/drybox_albedo.png
[4.622s] -- Up-to-date symlink: /home/aliomacc/sti_usv/install/workspace_gz/share/workspace_gz/models/roboboat/sensors/drybox/materials/textures/drybox_roughness.png
[4.622s] -- Up-to-date symlink: /home/aliomacc/sti_usv/install/workspace_gz/share/workspace_gz/models/roboboat/sensors/drybox/meshes/drybox.dae
[4.622s] -- Up-to-date symlink: /home/aliomacc/sti_usv/install/workspace_gz/share/workspace_gz/models/roboboat/sensors/gps/materials/textures/gps_albedo.png
[4.622s] -- Up-to-date symlink: /home/aliomacc/sti_usv/install/workspace_gz/share/workspace_gz/models/roboboat/sensors/gps/meshes/gps.dae
[4.623s] -- Up-to-date symlink: /home/aliomacc/sti_usv/install/workspace_gz/share/workspace_gz/models/roboboat/sensors/gps/meshes/gps_albedo.png
[4.623s] -- Up-to-date symlink: /home/aliomacc/sti_usv/install/workspace_gz/share/workspace_gz/models/roboboat/sensors/lidar/materials/textures/lidar.png
[4.623s] -- Up-to-date symlink: /home/aliomacc/sti_usv/install/workspace_gz/share/workspace_gz/models/roboboat/sensors/lidar/materials/textures/lidar_albedo.png
[4.623s] -- Up-to-date symlink: /home/aliomacc/sti_usv/install/workspace_gz/share/workspace_gz/models/roboboat/sensors/lidar/materials/textures/lidar_metalness.png
[4.623s] -- Up-to-date symlink: /home/aliomacc/sti_usv/install/workspace_gz/share/workspace_gz/models/roboboat/sensors/lidar/materials/textures/lidar_normal.png
[4.624s] -- Up-to-date symlink: /home/aliomacc/sti_usv/install/workspace_gz/share/workspace_gz/models/roboboat/sensors/lidar/materials/textures/lidar_roughness.png
[4.624s] -- Up-to-date symlink: /home/aliomacc/sti_usv/install/workspace_gz/share/workspace_gz/models/roboboat/sensors/lidar/meshes/lidar.dae
[4.625s] -- Up-to-date symlink: /home/aliomacc/sti_usv/install/workspace_gz/share/workspace_gz/models/roboboat/sensors/lidar/meshes/lidar_albedo.png
[4.625s] -- Up-to-date symlink: /home/aliomacc/sti_usv/install/workspace_gz/share/workspace_gz/models/roboboat/sensors/lidar_post/materials/textures/post_albedo.png
[4.625s] -- Up-to-date symlink: /home/aliomacc/sti_usv/install/workspace_gz/share/workspace_gz/models/roboboat/sensors/lidar_post/meshes/post.dae
[4.625s] -- Up-to-date symlink: /home/aliomacc/sti_usv/install/workspace_gz/share/workspace_gz/models/roboboat/sensors/lidar_post/meshes/post_albedo.jpg
[4.625s] -- Up-to-date symlink: /home/aliomacc/sti_usv/install/workspace_gz/share/workspace_gz/models/waves/materials/programs/GerstnerWaves_fs_330.glsl
[4.626s] -- Up-to-date symlink: /home/aliomacc/sti_usv/install/workspace_gz/share/workspace_gz/models/waves/materials/programs/GerstnerWaves_vs_330.glsl
[4.626s] -- Up-to-date symlink: /home/aliomacc/sti_usv/install/workspace_gz/share/workspace_gz/models/waves/materials/textures/skybox_lowres.dds
[4.626s] -- Up-to-date symlink: /home/aliomacc/sti_usv/install/workspace_gz/share/workspace_gz/models/waves/materials/textures/wave_normals.dds
[4.626s] -- Up-to-date symlink: /home/aliomacc/sti_usv/install/workspace_gz/share/workspace_gz/models/waves/meshes/waterlow.dae
[4.626s] -- Up-to-date symlink: /home/aliomacc/sti_usv/install/workspace_gz/share/workspace_gz/models/waves/model.config
[4.627s] -- Up-to-date symlink: /home/aliomacc/sti_usv/install/workspace_gz/share/workspace_gz/models/waves/model.sdf
[4.627s] -- Up-to-date symlink: /home/aliomacc/sti_usv/install/workspace_gz/share/workspace_gz/worlds/world.sdf
[4.627s] -- Symlinking: /home/aliomacc/sti_usv/install/workspace_gz/share/workspace_gz/description/roboboat/roboboat.xacro
[4.655s] -- Up-to-date symlink: /home/aliomacc/sti_usv/install/workspace_gz/share/ament_index/resource_index/package_run_dependencies/workspace_gz
[4.655s] -- Up-to-date symlink: /home/aliomacc/sti_usv/install/workspace_gz/share/ament_index/resource_index/parent_prefix_path/workspace_gz
[4.656s] -- Up-to-date symlink: /home/aliomacc/sti_usv/install/workspace_gz/share/workspace_gz/environment/ament_prefix_path.sh
[4.656s] -- Up-to-date symlink: /home/aliomacc/sti_usv/install/workspace_gz/share/workspace_gz/environment/ament_prefix_path.dsv
[4.656s] -- Up-to-date symlink: /home/aliomacc/sti_usv/install/workspace_gz/share/workspace_gz/environment/path.sh
[4.656s] -- Up-to-date symlink: /home/aliomacc/sti_usv/install/workspace_gz/share/workspace_gz/environment/path.dsv
[4.657s] -- Up-to-date symlink: /home/aliomacc/sti_usv/install/workspace_gz/share/workspace_gz/local_setup.bash
[4.657s] -- Up-to-date symlink: /home/aliomacc/sti_usv/install/workspace_gz/share/workspace_gz/local_setup.sh
[4.657s] -- Up-to-date symlink: /home/aliomacc/sti_usv/install/workspace_gz/share/workspace_gz/local_setup.zsh
[4.657s] -- Up-to-date symlink: /home/aliomacc/sti_usv/install/workspace_gz/share/workspace_gz/local_setup.dsv
[4.658s] -- Symlinking: /home/aliomacc/sti_usv/install/workspace_gz/share/workspace_gz/package.dsv
[4.685s] -- Up-to-date symlink: /home/aliomacc/sti_usv/install/workspace_gz/share/ament_index/resource_index/packages/workspace_gz
[4.685s] -- Up-to-date symlink: /home/aliomacc/sti_usv/install/workspace_gz/share/workspace_gz/cmake/workspace_gzConfig.cmake
[4.686s] -- Up-to-date symlink: /home/aliomacc/sti_usv/install/workspace_gz/share/workspace_gz/cmake/workspace_gzConfig-version.cmake
[4.686s] -- Up-to-date symlink: /home/aliomacc/sti_usv/install/workspace_gz/share/workspace_gz/package.xml
[4.697s] Invoked command in '/home/aliomacc/sti_usv/build/workspace_gz' returned '0': CMAKE_PREFIX_PATH=${CMAKE_PREFIX_PATH}:/home/aliomacc/ros2_ws/install/actions_py:/home/aliomacc/ros2_ws/install/lifecycle_py:/opt/ros/humble /usr/bin/cmake --install /home/aliomacc/sti_usv/build/workspace_gz
