[35m[1mConsolidate compiler generated dependencies of target Waves[0m
[35m[1mConsolidate compiler generated dependencies of target ScoringPlugin[0m
[  3%] Built target Waves
[  7%] Built target ScoringPlugin
[35m[1mConsolidate compiler generated dependencies of target SimpleHydrodynamics[0m
[35m[1mConsolidate compiler generated dependencies of target Surface[0m
[35m[1mConsolidate compiler generated dependencies of target PolyhedraBuoyancyDrag[0m
[35m[1mConsolidate compiler generated dependencies of target WaveVisual[0m
[35m[1mConsolidate compiler generated dependencies of target USVWind[0m
[35m[1mConsolidate compiler generated dependencies of target WayfindingScoringPlugin[0m
[35m[1mConsolidate compiler generated dependencies of target StationkeepingScoringPlugin[0m
[35m[1mConsolidate compiler generated dependencies of target AcousticPerceptionScoringPlugin[0m
[ 11%] Built target SimpleHydrodynamics
[ 15%] Built target WaveVisual
[ 18%] Built target Surface
[ 32%] Built target WayfindingScoringPlugin
[ 32%] Built target PolyhedraBuoyancyDrag
[ 37%] Built target StationkeepingScoringPlugin
[ 41%] Built target USVWind
[ 47%] Built target AcousticPerceptionScoringPlugin
[35m[1mConsolidate compiler generated dependencies of target BallShooterPlugin[0m
[35m[1mConsolidate compiler generated dependencies of target NavigationScoringPlugin[0m
[35m[1mConsolidate compiler generated dependencies of target LightBuoyPlugin[0m
[35m[1mConsolidate compiler generated dependencies of target PerceptionScoringPlugin[0m
[35m[1mConsolidate compiler generated dependencies of target GymkhanaScoringPlugin[0m
[35m[1mConsolidate compiler generated dependencies of target PlacardPlugin[0m
[ 49%] [32mBuilding CXX object CMakeFiles/AcousticTrackingScoringPlugin.dir/plugins/AcousticTrackingScoringPlugin.cc.o[0m
[ 50%] [32mBuilding CXX object CMakeFiles/AcousticPingerPlugin.dir/plugins/AcousticPingerPlugin.cc.o[0m
[ 54%] Built target BallShooterPlugin
[ 56%] [32mBuilding CXX object CMakeFiles/PlacardPlugin.dir/plugins/PlacardPlugin.cc.o[0m
[ 62%] Built target NavigationScoringPlugin
[ 64%] [32mBuilding CXX object CMakeFiles/LightBuoyPlugin.dir/plugins/LightBuoyPlugin.cc.o[0m
[ 69%] Built target PerceptionScoringPlugin
[ 75%] Built target GymkhanaScoringPlugin
[ 79%] [32mBuilding CXX object CMakeFiles/PublisherPlugin.dir/plugins/PublisherPlugin.cc.o[0m
[ 79%] [32mBuilding CXX object CMakeFiles/AcousticTrackingScoringPlugin.dir/plugins/WaypointMarkers.cc.o[0m
[ 81%] [32mBuilding CXX object CMakeFiles/WildlifeScoringPlugin.dir/plugins/WildlifeScoringPlugin.cc.o[0m
[ 83%] [32mBuilding CXX object CMakeFiles/ScanDockScoringPlugin.dir/plugins/ScanDockScoringPlugin.cc.o[0m
[ 84%] [32m[1mLinking CXX shared library libLightBuoyPlugin.so[0m
[ 84%] Built target LightBuoyPlugin
[ 86%] [32m[1mLinking CXX shared library libPublisherPlugin.so[0m
[ 88%] [32m[1mLinking CXX shared library libAcousticTrackingScoringPlugin.so[0m
[ 88%] Built target PublisherPlugin
[ 88%] Built target AcousticTrackingScoringPlugin
[ 90%] [32m[1mLinking CXX shared library libPlacardPlugin.so[0m
[ 90%] Built target PlacardPlugin
[ 92%] [32m[1mLinking CXX shared library libAcousticPingerPlugin.so[0m
[ 92%] Built target AcousticPingerPlugin
[ 94%] [32mBuilding CXX object CMakeFiles/ScanDockScoringPlugin.dir/plugins/WaypointMarkers.cc.o[0m
[ 96%] [32m[1mLinking CXX shared library libScanDockScoringPlugin.so[0m
[ 96%] Built target ScanDockScoringPlugin
