[0.010s] Invoking command in '/home/aliomacc/sti_usv/build/workspace_gz': CMAKE_PREFIX_PATH=${CMAKE_PREFIX_PATH}:/home/aliomacc/ros2_ws/install/actions_py:/home/aliomacc/ros2_ws/install/lifecycle_py:/opt/ros/humble /usr/bin/cmake /home/aliomacc/sti_usv/src/usv_sim/workspace_gz -DAMENT_CMAKE_SYMLINK_INSTALL=1 -DCMAKE_INSTALL_PREFIX=/home/aliomacc/sti_usv/install/workspace_gz
[0.060s] -- The C compiler identification is GNU 11.4.0
[0.112s] -- The CXX compiler identification is GNU 11.4.0
[0.120s] -- Detecting C compiler ABI info
[0.183s] -- Detecting C compiler ABI info - done
[0.190s] -- Check for working C compiler: /usr/bin/cc - skipped
[0.191s] -- Detecting C compile features
[0.191s] -- Detecting C compile features - done
[0.194s] -- Detecting CXX compiler ABI info
[0.264s] -- Detecting CXX compiler ABI info - done
[0.272s] -- Check for working CXX compiler: /usr/bin/c++ - skipped
[0.272s] -- Detecting CXX compile features
[0.273s] -- Detecting CXX compile features - done
[0.275s] -- Found ament_cmake: 1.3.12 (/opt/ros/humble/share/ament_cmake/cmake)
[0.421s] -- Found Python3: /usr/bin/python3 (found version "3.10.12") found components: Interpreter 
[0.482s] -- Override CMake install command with custom implementation using symlinks instead of copying resources
[0.526s] -- Looking for ignition-gazebo6 -- found version 6.17.1
[0.533s] -- Searching for dependencies of ignition-gazebo6
[0.535s] -- Looking for sdformat12 -- found version 12.9.0
[0.536s] -- Searching for dependencies of sdformat12
[0.540s] -- Checking for module 'tinyxml2'
[0.549s] --   Found tinyxml2, version 9.0.0
[0.575s] -- Looking for ignition-math6 -- found version 6.15.1
[0.575s] -- Searching for dependencies of ignition-math6
[0.578s] -- Looking for ignition-utils1 -- found version 1.5.1
[0.579s] -- Searching for dependencies of ignition-utils1
[0.582s] -- Looking for ignition-plugin1 -- found version 1.4.0
[0.583s] -- Searching for dependencies of ignition-plugin1
[0.583s] -- Searching for <ignition-plugin1> component [loader]
[0.585s] -- Looking for ignition-plugin1-loader -- found version 1.4.0
[0.586s] -- Searching for dependencies of ignition-plugin1-loader
[0.586s] -- Searching for <ignition-plugin1> component [register]
[0.589s] -- Looking for ignition-plugin1-register -- found version 1.4.0
[0.589s] -- Searching for dependencies of ignition-plugin1-register
[0.592s] -- Looking for ignition-transport11 -- found version 11.4.2
[0.592s] -- Searching for dependencies of ignition-transport11
[0.749s] -- Found Protobuf: /usr/lib/x86_64-linux-gnu/libprotobuf.so (found version "3.12.4") 
[0.761s] -- Config-file not installed for ZeroMQ -- checking for pkg-config
[0.765s] -- Checking for module 'libzmq >= 4'
[0.776s] --   Found libzmq , version 4.3.4
[0.803s] -- Found ZeroMQ: TRUE (Required is at least version "4") 
[0.808s] -- Checking for module 'uuid'
[0.818s] --   Found uuid, version 2.37.2
[0.845s] -- Found UUID: TRUE  
[0.845s] -- Looking for ignition-utils1 -- found version 1.5.1
[0.846s] -- Searching for dependencies of ignition-utils1
[0.846s] -- Searching for <ignition-utils1> component [cli]
[0.849s] -- Looking for ignition-utils1-cli -- found version 1.5.1
[0.849s] -- Searching for dependencies of ignition-utils1-cli
[0.852s] -- Looking for ignition-msgs8 -- found version 8.7.0
[0.853s] -- Searching for dependencies of ignition-msgs8
[0.870s] -- Found Protobuf: /usr/lib/x86_64-linux-gnu/libprotobuf.so (found suitable version "3.12.4", minimum required is "3") 
[0.871s] -- Looking for ignition-math6 -- found version 6.15.1
[0.881s] -- Searching for <ignition-transport11> component [log]
[0.884s] -- Looking for ignition-transport11-log -- found version 11.4.2
[0.884s] -- Searching for dependencies of ignition-transport11-log
[0.885s] -- Searching for <ignition-transport11> component [parameters]
[0.887s] -- Looking for ignition-transport11-parameters -- found version 11.4.2
[0.888s] -- Searching for dependencies of ignition-transport11-parameters
[0.888s] -- Looking for ignition-msgs8 -- found version 8.7.0
[0.891s] -- Looking for ignition-common4 -- found version 4.8.0
[0.891s] -- Searching for dependencies of ignition-common4
[0.892s] -- Looking for dlfcn.h - found
[0.892s] -- Looking for libdl - found
[0.894s] -- Found DL: TRUE  
[0.901s] -- Searching for <ignition-common4> component [profiler]
[0.903s] -- Looking for ignition-common4-profiler -- found version 4.8.0
[0.904s] -- Searching for dependencies of ignition-common4-profiler
[0.904s] -- Searching for <ignition-common4> component [events]
[0.906s] -- Looking for ignition-common4-events -- found version 4.8.0
[0.907s] -- Searching for dependencies of ignition-common4-events
[0.907s] -- Looking for ignition-math6 -- found version 6.15.1
[0.908s] -- Searching for <ignition-common4> component [av]
[0.910s] -- Looking for ignition-common4-av -- found version 4.8.0
[0.911s] -- Searching for dependencies of ignition-common4-av
[0.915s] -- Checking for module 'libswscale'
[0.924s] --   Found libswscale, version 5.9.100
[0.952s] -- Found SWSCALE: TRUE  
[0.956s] -- Checking for module 'libavdevice >= 56.4.100'
[0.967s] --   Found libavdevice , version 58.13.100
[0.996s] -- Found AVDEVICE: TRUE (Required is at least version "56.4.100") 
[1.000s] -- Checking for module 'libavformat'
[1.010s] --   Found libavformat, version 58.76.100
[1.038s] -- Found AVFORMAT: TRUE  
[1.042s] -- Checking for module 'libavcodec'
[1.053s] --   Found libavcodec, version 58.134.100
[1.079s] -- Found AVCODEC: TRUE  
[1.084s] -- Checking for module 'libavutil'
[1.094s] --   Found libavutil, version 56.70.100
[1.119s] -- Found AVUTIL: TRUE  
[1.123s] -- Looking for ignition-fuel_tools7 -- found version 7.3.1
[1.123s] -- Searching for dependencies of ignition-fuel_tools7
[1.187s] -- Found CURL: /usr/lib/x86_64-linux-gnu/libcurl.so (found version "7.81.0")  
[1.195s] -- Checking for module 'jsoncpp'
[1.205s] --   Found jsoncpp, version 1.9.5
[1.230s] -- Found JSONCPP: TRUE  
[1.237s] -- Checking for module 'libzip'
[1.248s] --   Found libzip, version 1.7.3
[1.273s] -- Found ZIP: TRUE  
[1.273s] -- Looking for ignition-common4 -- found version 4.8.0
[1.273s] -- Looking for ignition-math6 -- found version 6.15.1
[1.274s] -- Looking for ignition-msgs8 -- found version 8.7.0
[1.277s] -- Looking for ignition-gui6 -- found version 6.9.0
[1.277s] -- Searching for dependencies of ignition-gui6
[1.295s] -- Found Protobuf: /usr/lib/x86_64-linux-gnu/libprotobuf.so (found version "3.12.4") 
[1.301s] -- Looking for ignition-math6 -- found version 6.15.1
[1.302s] -- Looking for ignition-common4 -- found version 4.8.0
[1.302s] -- Looking for ignition-plugin1 -- found version 1.4.0
[1.303s] -- Looking for ignition-transport11 -- found version 11.4.2
[1.305s] -- Looking for ignition-rendering6 -- found version 6.6.4
[1.306s] -- Searching for dependencies of ignition-rendering6
[1.306s] -- Looking for ignition-math6 -- found version 6.15.1
[1.306s] -- Searching for dependencies of ignition-math6
[1.306s] -- Searching for <ignition-math6> component [eigen3]
[1.309s] -- Looking for ignition-math6-eigen3 -- found version 6.15.1
[1.309s] -- Searching for dependencies of ignition-math6-eigen3
[1.317s] -- Looking for ignition-common4 -- found version 4.8.0
[1.317s] -- Searching for dependencies of ignition-common4
[1.317s] -- Looking for dlfcn.h - found
[1.318s] -- Looking for libdl - found
[1.326s] -- Searching for <ignition-common4> component [graphics]
[1.328s] -- Looking for ignition-common4-graphics -- found version 4.8.0
[1.329s] -- Searching for dependencies of ignition-common4-graphics
[1.329s] -- Looking for ignition-math6 -- found version 6.15.1
[1.330s] -- Looking for ignition-utils1 -- found version 1.5.1
[1.331s] -- Searching for <ignition-common4> component [events]
[1.332s] -- Looking for ignition-plugin1 -- found version 1.4.0
[1.333s] -- Searching for dependencies of ignition-plugin1
[1.333s] -- Searching for <ignition-plugin1> component [all]
[1.336s] -- Looking for all libraries of ignition-plugin1 -- found version 1.4.0
[1.336s] -- Looking for ignition-plugin1 -- found version 1.4.0
[1.338s] -- Looking for ignition-msgs8 -- found version 8.7.0
[1.359s] -- Looking for ignition-physics5 -- found version 5.4.0
[1.359s] -- Searching for dependencies of ignition-physics5
[1.359s] -- Looking for ignition-math6 -- found version 6.15.1
[1.360s] -- Looking for ignition-plugin1 -- found version 1.4.0
[1.360s] -- Looking for ignition-utils1 -- found version 1.5.1
[1.361s] -- Searching for <ignition-physics5> component [heightmap]
[1.364s] -- Looking for ignition-physics5-heightmap -- found version 5.4.0
[1.364s] -- Searching for dependencies of ignition-physics5-heightmap
[1.364s] -- Looking for ignition-common4 -- found version 4.8.0
[1.365s] -- Searching for <ignition-physics5> component [mesh]
[1.367s] -- Looking for ignition-physics5-mesh -- found version 5.4.0
[1.368s] -- Searching for dependencies of ignition-physics5-mesh
[1.368s] -- Looking for ignition-common4 -- found version 4.8.0
[1.368s] -- Searching for <ignition-physics5> component [sdf]
[1.371s] -- Looking for ignition-physics5-sdf -- found version 5.4.0
[1.371s] -- Searching for dependencies of ignition-physics5-sdf
[1.372s] -- Looking for sdformat12 -- found version 12.9.0
[1.375s] -- Looking for ignition-sensors6 -- found version 6.9.0
[1.375s] -- Searching for dependencies of ignition-sensors6
[1.393s] -- Looking for ignition-math6 -- found version 6.15.1
[1.393s] -- Looking for ignition-common4 -- found version 4.8.0
[1.394s] -- Looking for ignition-transport11 -- found version 11.4.2
[1.394s] -- Looking for ignition-rendering6 -- found version 6.6.4
[1.394s] -- Looking for ignition-msgs8 -- found version 8.7.0
[1.395s] -- Looking for sdformat12 -- found version 12.9.0
[1.395s] -- Searching for <ignition-sensors6> component [air_pressure]
[1.398s] -- Looking for ignition-sensors6-air_pressure -- found version 6.9.0
[1.398s] -- Searching for dependencies of ignition-sensors6-air_pressure
[1.399s] -- Searching for <ignition-sensors6> component [altimeter]
[1.401s] -- Looking for ignition-sensors6-altimeter -- found version 6.9.0
[1.402s] -- Searching for dependencies of ignition-sensors6-altimeter
[1.402s] -- Searching for <ignition-sensors6> component [imu]
[1.405s] -- Looking for ignition-sensors6-imu -- found version 6.9.0
[1.405s] -- Searching for dependencies of ignition-sensors6-imu
[1.406s] -- Searching for <ignition-sensors6> component [force_torque]
[1.408s] -- Looking for ignition-sensors6-force_torque -- found version 6.9.0
[1.409s] -- Searching for dependencies of ignition-sensors6-force_torque
[1.409s] -- Searching for <ignition-sensors6> component [logical_camera]
[1.412s] -- Looking for ignition-sensors6-logical_camera -- found version 6.9.0
[1.412s] -- Searching for dependencies of ignition-sensors6-logical_camera
[1.412s] -- Searching for <ignition-sensors6> component [magnetometer]
[1.415s] -- Looking for ignition-sensors6-magnetometer -- found version 6.9.0
[1.415s] -- Searching for dependencies of ignition-sensors6-magnetometer
[1.416s] -- Searching for <ignition-sensors6> component [navsat]
[1.418s] -- Looking for ignition-sensors6-navsat -- found version 6.9.0
[1.419s] -- Searching for dependencies of ignition-sensors6-navsat
[1.419s] -- Searching for <ignition-sensors6> component [rendering]
[1.422s] -- Looking for ignition-sensors6-rendering -- found version 6.9.0
[1.422s] -- Searching for dependencies of ignition-sensors6-rendering
[1.422s] -- Searching for <ignition-sensors6> component [lidar]
[1.425s] -- Looking for ignition-sensors6-lidar -- found version 6.9.0
[1.425s] -- Searching for dependencies of ignition-sensors6-lidar
[1.426s] -- Looking for ignition-sensors6 -- found version 6.9.0
[1.426s] -- Searching for <ignition-sensors6> component [gpu_lidar]
[1.429s] -- Looking for ignition-sensors6-gpu_lidar -- found version 6.9.0
[1.430s] -- Searching for dependencies of ignition-sensors6-gpu_lidar
[1.430s] -- Looking for ignition-sensors6 -- found version 6.9.0
[1.431s] -- Searching for <ignition-sensors6> component [camera]
[1.434s] -- Looking for ignition-sensors6-camera -- found version 6.9.0
[1.434s] -- Searching for dependencies of ignition-sensors6-camera
[1.435s] -- Looking for ignition-sensors6 -- found version 6.9.0
[1.435s] -- Searching for <ignition-sensors6> component [boundingbox_camera]
[1.438s] -- Looking for ignition-sensors6-boundingbox_camera -- found version 6.9.0
[1.438s] -- Searching for dependencies of ignition-sensors6-boundingbox_camera
[1.439s] -- Searching for <ignition-sensors6> component [segmentation_camera]
[1.441s] -- Looking for ignition-sensors6-segmentation_camera -- found version 6.9.0
[1.442s] -- Searching for dependencies of ignition-sensors6-segmentation_camera
[1.442s] -- Searching for <ignition-sensors6> component [depth_camera]
[1.445s] -- Looking for ignition-sensors6-depth_camera -- found version 6.9.0
[1.445s] -- Searching for dependencies of ignition-sensors6-depth_camera
[1.445s] -- Looking for ignition-sensors6 -- found version 6.9.0
[1.446s] -- Searching for <ignition-sensors6> component [rgbd_camera]
[1.449s] -- Looking for ignition-sensors6-rgbd_camera -- found version 6.9.0
[1.449s] -- Searching for dependencies of ignition-sensors6-rgbd_camera
[1.449s] -- Looking for ignition-sensors6 -- found version 6.9.0
[1.450s] -- Searching for <ignition-sensors6> component [thermal_camera]
[1.452s] -- Looking for ignition-sensors6-thermal_camera -- found version 6.9.0
[1.453s] -- Searching for dependencies of ignition-sensors6-thermal_camera
[1.453s] -- Looking for ignition-sensors6 -- found version 6.9.0
[1.454s] -- Looking for ignition-rendering6 -- found version 6.6.4
[1.454s] -- Looking for ignition-math6 -- found version 6.15.1
[1.457s] -- Looking for ignition-utils1 -- found version 1.5.1
[1.476s] -- Looking for ignition-common4 -- found version 4.8.0
[1.476s] -- Looking for ignition-math6 -- found version 6.15.1
[1.477s] -- Looking for ignition-transport11 -- found version 11.4.2
[1.477s] -- Looking for ignition-plugin1 -- found version 1.4.0
[1.477s] -- Looking for ignition-rendering6 -- found version 6.6.4
[1.478s] -- Looking for ignition-sensors6 -- found version 6.9.0
[1.478s] -- Looking for ignition-utils1 -- found version 1.5.1
[1.478s] -- Looking for ignition-msgs8 -- found version 8.7.0
[1.479s] -- Looking for sdformat12 -- found version 12.9.0
[1.547s] -- Configuring done
[1.580s] -- Generating done
[1.589s] -- Build files have been written to: /home/aliomacc/sti_usv/build/workspace_gz
[1.599s] Invoked command in '/home/aliomacc/sti_usv/build/workspace_gz' returned '0': CMAKE_PREFIX_PATH=${CMAKE_PREFIX_PATH}:/home/aliomacc/ros2_ws/install/actions_py:/home/aliomacc/ros2_ws/install/lifecycle_py:/opt/ros/humble /usr/bin/cmake /home/aliomacc/sti_usv/src/usv_sim/workspace_gz -DAMENT_CMAKE_SYMLINK_INSTALL=1 -DCMAKE_INSTALL_PREFIX=/home/aliomacc/sti_usv/install/workspace_gz
[1.601s] Invoking command in '/home/aliomacc/sti_usv/build/workspace_gz': CMAKE_PREFIX_PATH=${CMAKE_PREFIX_PATH}:/home/aliomacc/ros2_ws/install/actions_py:/home/aliomacc/ros2_ws/install/lifecycle_py:/opt/ros/humble /usr/bin/cmake --build /home/aliomacc/sti_usv/build/workspace_gz -- -j8 -l8
[1.645s] [  4%] [32mBuilding CXX object CMakeFiles/Waves.dir/plugins/Wavefield.cc.o[0m
[6.913s] [  9%] [32m[1mLinking CXX shared library libWaves.so[0m
[7.216s] [  9%] Built target Waves
[7.242s] [ 14%] [32mBuilding CXX object CMakeFiles/USVWind.dir/plugins/USVWind.cc.o[0m
[7.242s] [ 19%] [32mBuilding CXX object CMakeFiles/WayfindingScoringPlugin.dir/plugins/WayfindingScoringPlugin.cc.o[0m
[7.242s] [ 33%] [32mBuilding CXX object CMakeFiles/WaveVisual.dir/plugins/WaveVisual.cc.o[0m
[7.243s] [ 33%] [32mBuilding CXX object CMakeFiles/SimpleHydrodynamics.dir/plugins/SimpleHydrodynamics.cc.o[0m
[7.243s] [ 33%] [32mBuilding CXX object CMakeFiles/Surface.dir/plugins/Surface.cc.o[0m
[7.243s] [ 38%] [32mBuilding CXX object CMakeFiles/PolyhedraBuoyancyDrag.dir/plugins/PolyhedraBuoyancyDrag.cc.o[0m
[7.246s] [ 42%] [32mBuilding CXX object CMakeFiles/ScoringPlugin.dir/plugins/ScoringPlugin.cc.o[0m
[7.246s] [ 47%] [32mBuilding CXX object CMakeFiles/StationkeepingScoringPlugin.dir/plugins/StationkeepingScoringPlugin.cc.o[0m
[14.086s] In file included from [01m[K/usr/include/ignition/plugin1/gz/plugin/Register.hh:22[m[K,
[14.086s]                  from [01m[K/home/aliomacc/sti_usv/src/usv_sim/workspace_gz/plugins/SimpleHydrodynamics.cc:22[m[K:
[14.086s] [01m[K/home/aliomacc/sti_usv/src/usv_sim/workspace_gz/plugins/SimpleHydrodynamics.cc:292:1:[m[K [01;31m[Kerror: [m[Kexpected constructor, destructor, or type conversion before ‘[01m[Knamespace[m[K’
[14.086s]   292 | [01;31m[KIGNITION_ADD_PLUGIN[m[K(vrx::SimpleHydrodynamics,
[14.086s]       | [01;31m[K^~~~~~~~~~~~~~~~~~~[m[K
[15.501s] [01m[K/home/aliomacc/sti_usv/src/usv_sim/workspace_gz/plugins/ScoringPlugin.cc:65:46:[m[K [01;31m[Kerror: [m[K‘[01m[Kignition::sim[m[K’ has not been declared
[15.502s]    65 |   public: sim::Entity vehicleModel{ignition::[01;31m[Ksim[m[K::kNullEntity};
[15.502s]       |                                              [01;31m[K^~~[m[K
[15.502s] [01m[K/home/aliomacc/sti_usv/src/usv_sim/workspace_gz/plugins/ScoringPlugin.cc:65:62:[m[K [01;31m[Kerror: [m[Kcannot convert ‘[01m[K<brace-enclosed initializer list>[m[K’ to ‘[01m[Kignition::gazebo::v6::Entity[m[K’ {aka ‘[01m[Klong unsigned int[m[K’} in initialization
[15.502s]    65 |   public: sim::Entity vehicleModel{ignition::sim::kNullEntity[01;31m[K}[m[K;
[15.502s]       |                                                              [01;31m[K^[m[K
[15.534s] [01m[K/home/aliomacc/sti_usv/src/usv_sim/workspace_gz/plugins/ScoringPlugin.cc:554:11:[m[K [01;31m[Kerror: [m[K‘[01m[Ksim[m[K’ in namespace ‘[01m[Kignition[m[K’ does not name a type
[15.534s]   554 | ignition::[01;31m[Ksim[m[K::Entity ScoringPlugin::VehicleEntity() const
[15.534s]       |           [01;31m[K^~~[m[K
[15.542s] In file included from [01m[K/usr/include/ignition/plugin1/gz/plugin/Register.hh:22[m[K,
[15.542s]                  from [01m[K/home/aliomacc/sti_usv/src/usv_sim/workspace_gz/plugins/ScoringPlugin.cc:28[m[K:
[15.543s] [01m[K/home/aliomacc/sti_usv/src/usv_sim/workspace_gz/plugins/ScoringPlugin.cc:664:1:[m[K [01;31m[Kerror: [m[Kexpected constructor, destructor, or type conversion before ‘[01m[Knamespace[m[K’
[15.543s]   664 | [01;31m[KIGNITION_ADD_PLUGIN[m[K(vrx::ScoringPlugin,
[15.543s]       | [01;31m[K^~~~~~~~~~~~~~~~~~~[m[K
[15.938s] In file included from [01m[K/usr/include/ignition/plugin1/gz/plugin/Register.hh:22[m[K,
[15.938s]                  from [01m[K/home/aliomacc/sti_usv/src/usv_sim/workspace_gz/plugins/PolyhedraBuoyancyDrag.cc:31[m[K:
[15.939s] [01m[K/home/aliomacc/sti_usv/src/usv_sim/workspace_gz/plugins/PolyhedraBuoyancyDrag.cc:384:1:[m[K [01;31m[Kerror: [m[Kexpected constructor, destructor, or type conversion before ‘[01m[Knamespace[m[K’
[15.939s]   384 | [01;31m[KIGNITION_ADD_PLUGIN[m[K(vrx::PolyhedraBuoyancyDrag,
[15.939s]       | [01;31m[K^~~~~~~~~~~~~~~~~~~[m[K
[15.958s] gmake[2]: *** [CMakeFiles/SimpleHydrodynamics.dir/build.make:76: CMakeFiles/SimpleHydrodynamics.dir/plugins/SimpleHydrodynamics.cc.o] Error 1
[15.959s] gmake[1]: *** [CMakeFiles/Makefile2:257: CMakeFiles/SimpleHydrodynamics.dir/all] Error 2
[15.959s] gmake[1]: *** Bitmemiş işler için bekliyor....
[15.971s] [ 52%] [32mBuilding CXX object CMakeFiles/ScoringPlugin.dir/plugins/WaypointMarkers.cc.o[0m
[16.007s] In file included from [01m[K/usr/include/ignition/plugin1/gz/plugin/Register.hh:22[m[K,
[16.008s]                  from [01m[K/home/aliomacc/sti_usv/src/usv_sim/workspace_gz/plugins/WayfindingScoringPlugin.cc:28[m[K:
[16.008s] [01m[K/home/aliomacc/sti_usv/src/usv_sim/workspace_gz/plugins/WayfindingScoringPlugin.cc:300:1:[m[K [01;31m[Kerror: [m[Kexpected constructor, destructor, or type conversion before ‘[01m[Knamespace[m[K’
[16.008s]   300 | [01;31m[KIGNITION_ADD_PLUGIN[m[K(vrx::WayfindingScoringPlugin,
[16.008s]       | [01;31m[K^~~~~~~~~~~~~~~~~~~[m[K
[16.152s] In file included from [01m[K/usr/include/ignition/plugin1/gz/plugin/Register.hh:22[m[K,
[16.152s]                  from [01m[K/home/aliomacc/sti_usv/src/usv_sim/workspace_gz/plugins/Surface.cc:23[m[K:
[16.152s] [01m[K/home/aliomacc/sti_usv/src/usv_sim/workspace_gz/plugins/Surface.cc:316:1:[m[K [01;31m[Kerror: [m[Kexpected constructor, destructor, or type conversion before ‘[01m[Knamespace[m[K’
[16.152s]   316 | [01;31m[KIGNITION_ADD_PLUGIN[m[K(vrx::Surface,
[16.152s]       | [01;31m[K^~~~~~~~~~~~~~~~~~~[m[K
[16.236s] [01m[K/home/aliomacc/sti_usv/src/usv_sim/workspace_gz/plugins/StationkeepingScoringPlugin.cc:[m[K In member function ‘[01m[Kvirtual void vrx::StationkeepingScoringPlugin::Configure(const Entity&, const std::shared_ptr<const sdf::v12::Element>&, ignition::gazebo::v6::EntityComponentManager&, ignition::gazebo::v6::EventManager&)[m[K’:
[16.236s] [01m[K/home/aliomacc/sti_usv/src/usv_sim/workspace_gz/plugins/StationkeepingScoringPlugin.cc:171:13:[m[K [01;31m[Kerror: [m[K‘[01m[KGZ_RTOD[m[K’ was not declared in this scope; did you mean ‘[01m[KIGN_RTOD[m[K’?
[16.236s]   171 |     scVec.X([01;31m[KGZ_RTOD[m[K(scVec.X()));
[16.236s]       |             [01;31m[K^~~~~~~[m[K
[16.236s]       |             [32m[KIGN_RTOD[m[K
[16.249s] [01m[K/home/aliomacc/sti_usv/src/usv_sim/workspace_gz/plugins/StationkeepingScoringPlugin.cc:[m[K At global scope:
[16.249s] [01m[K/home/aliomacc/sti_usv/src/usv_sim/workspace_gz/plugins/StationkeepingScoringPlugin.cc:300:66:[m[K [01;31m[Kerror: [m[Kexpected constructor, destructor, or type conversion at end of input
[16.249s]   300 |               vrx::StationkeepingScoringPlugin::ISystemPreUpdate)
[16.249s]       |                                                                  [01;31m[K^[m[K
[16.533s] In file included from [01m[K/usr/include/ignition/rendering6/gz/rendering/Node.hh:22[m[K,
[16.533s]                  from [01m[K/usr/include/ignition/rendering6/gz/rendering/Storage.hh:24[m[K,
[16.533s]                  from [01m[K/usr/include/ignition/rendering6/gz/rendering/Scene.hh:34[m[K,
[16.533s]                  from [01m[K/home/aliomacc/sti_usv/src/usv_sim/workspace_gz/plugins/WaveVisual.cc:29[m[K:
[16.534s] /usr/include/c++/11/variant: In instantiation of ‘[01m[Kconstexpr std::add_pointer_t<_Tp> std::get_if(std::variant<_Types ...>*) [with _Tp = long unsigned int; _Types = {std::monostate, int, float, double, std::__cxx11::basic_string<char, std::char_traits<char>, std::allocator<char> >, bool, unsigned int}; std::add_pointer_t<_Tp> = long unsigned int*][m[K’:
[16.534s] [01m[K/home/aliomacc/sti_usv/src/usv_sim/workspace_gz/plugins/WaveVisual.cc:272:54:[m[K   required from here
[16.534s] [01m[K/usr/include/c++/11/variant:1185:42:[m[K [01;31m[Kerror: [m[Kstatic assertion failed: T must occur exactly once in alternatives
[16.534s]  1185 |       static_assert([01;31m[K__detail::__variant::__exactly_once<_Tp, _Types...>[m[K,
[16.534s]       |                     [01;31m[K~~~~~~~~~~~~~~~~~~~~~^~~~~~~~~~~~~~~~~~~~~~~~~~~~~~[m[K
[16.534s] [01m[K/usr/include/c++/11/variant:1185:42:[m[K [01;36m[Knote: [m[K‘[01m[Kstd::__detail::__variant::__exactly_once<long unsigned int, std::monostate, int, float, double, std::__cxx11::basic_string<char, std::char_traits<char>, std::allocator<char> >, bool, unsigned int>[m[K’ evaluates to false
[16.535s] /usr/include/c++/11/variant: In instantiation of ‘[01m[Kstruct std::variant_alternative<1, std::variant<unsigned int> >[m[K’:
[16.535s] [01m[K/usr/include/c++/11/variant:103:12:[m[K   recursively required from ‘[01m[Kstruct std::variant_alternative<6, std::variant<int, float, double, std::__cxx11::basic_string<char, std::char_traits<char>, std::allocator<char> >, bool, unsigned int> >[m[K’
[16.535s] [01m[K/usr/include/c++/11/variant:103:12:[m[K   required from ‘[01m[Kstruct std::variant_alternative<7, std::variant<std::monostate, int, float, double, std::__cxx11::basic_string<char, std::char_traits<char>, std::allocator<char> >, bool, unsigned int> >[m[K’
[16.535s] [01m[K/usr/include/c++/11/variant:1170:5:[m[K   required by substitution of ‘[01m[Ktemplate<long unsigned int _Np, class ... _Types> constexpr std::add_pointer_t<const typename std::variant_alternative<_Np, std::variant<_Types ...> >::type> std::get_if(const std::variant<_Types ...>*) [with long unsigned int _Np = 7; _Types = {std::monostate, int, float, double, std::__cxx11::basic_string<char, std::char_traits<char>, std::allocator<char> >, bool, unsigned int}][m[K’
[16.535s] [01m[K/usr/include/c++/11/variant:1188:76:[m[K   required from ‘[01m[Kconstexpr std::add_pointer_t<_Tp> std::get_if(std::variant<_Types ...>*) [with _Tp = long unsigned int; _Types = {std::monostate, int, float, double, std::__cxx11::basic_string<char, std::char_traits<char>, std::allocator<char> >, bool, unsigned int}; std::add_pointer_t<_Tp> = long unsigned int*][m[K’
[16.536s] [01m[K/home/aliomacc/sti_usv/src/usv_sim/workspace_gz/plugins/WaveVisual.cc:272:54:[m[K   required from here
[16.536s] [01m[K/usr/include/c++/11/variant:103:12:[m[K [01;31m[Kerror: [m[Kinvalid use of incomplete type ‘[01m[Kstruct std::variant_alternative<0, std::variant<> >[m[K’
[16.536s]   103 |     struct [01;31m[Kvariant_alternative<_Np, variant<_First, _Rest...>>[m[K
[16.536s]       |            [01;31m[K^~~~~~~~~~~~~~~~~~~~~~~~~~~~~~~~~~~~~~~~~~~~~~~~~~~[m[K
[16.536s] [01m[K/usr/include/c++/11/variant:100:12:[m[K [01;36m[Knote: [m[Kdeclaration of ‘[01m[Kstruct std::variant_alternative<0, std::variant<> >[m[K’
[16.536s]   100 |     struct [01;36m[Kvariant_alternative[m[K;
[16.536s]       |            [01;36m[K^~~~~~~~~~~~~~~~~~~[m[K
[16.536s] /usr/include/c++/11/variant: In instantiation of ‘[01m[Kconstexpr std::add_pointer_t<_Tp> std::get_if(std::variant<_Types ...>*) [with _Tp = long unsigned int; _Types = {std::monostate, int, float, double, std::__cxx11::basic_string<char, std::char_traits<char>, std::allocator<char> >, bool, unsigned int}; std::add_pointer_t<_Tp> = long unsigned int*][m[K’:
[16.536s] [01m[K/home/aliomacc/sti_usv/src/usv_sim/workspace_gz/plugins/WaveVisual.cc:272:54:[m[K   required from here
[16.537s] [01m[K/usr/include/c++/11/variant:1188:76:[m[K [01;31m[Kerror: [m[Kno matching function for call to ‘[01m[Kget_if<std::__detail::__variant::__index_of_v<long unsigned int, std::monostate, int, float, double, std::__cxx11::basic_string<char, std::char_traits<char>, std::allocator<char> >, bool, unsigned int> >(std::variant<std::monostate, int, float, double, std::__cxx11::basic_string<char, std::char_traits<char>, std::allocator<char> >, bool, unsigned int>*&)[m[K’
[16.537s]  1188 |       return [01;31m[Kstd::get_if<__detail::__variant::__index_of_v<_Tp, _Types...>>([m[K
[16.537s]       |              [01;31m[K~~~~~~~~~~~~~~~~~~~~~~~~~~~~~~~~~~~~~~~~~~~~~~~~~~~~~~~~~~~~~~^[m[K
[16.537s]  1189 | [01;31m[K          __ptr)[m[K;
[16.537s]       |           [01;31m[K~~~~~~[m[K                                                            
[16.537s] [01m[K/usr/include/c++/11/variant:1156:5:[m[K [01;36m[Knote: [m[Kcandidate: ‘[01m[Ktemplate<long unsigned int _Np, class ... _Types> constexpr std::add_pointer_t<typename std::variant_alternative<_Np, std::variant<_Types ...> >::type> std::get_if(std::variant<_Types ...>*)[m[K’
[16.537s]  1156 |     [01;36m[Kget_if[m[K(variant<_Types...>* __ptr) noexcept
[16.537s]       |     [01;36m[K^~~~~~[m[K
[16.538s] [01m[K/usr/include/c++/11/variant:1156:5:[m[K [01;36m[Knote: [m[K  template argument deduction/substitution failed:
[16.538s] /usr/include/c++/11/variant: In substitution of ‘[01m[Ktemplate<long unsigned int _Np, class ... _Types> constexpr std::add_pointer_t<typename std::variant_alternative<_Np, std::variant<_Types ...> >::type> std::get_if(std::variant<_Types ...>*) [with long unsigned int _Np = 7; _Types = {std::monostate, int, float, double, std::__cxx11::basic_string<char, std::char_traits<char>, std::allocator<char> >, bool, unsigned int}][m[K’:
[16.538s] [01m[K/usr/include/c++/11/variant:1188:76:[m[K   required from ‘[01m[Kconstexpr std::add_pointer_t<_Tp> std::get_if(std::variant<_Types ...>*) [with _Tp = long unsigned int; _Types = {std::monostate, int, float, double, std::__cxx11::basic_string<char, std::char_traits<char>, std::allocator<char> >, bool, unsigned int}; std::add_pointer_t<_Tp> = long unsigned int*][m[K’
[16.538s] [01m[K/home/aliomacc/sti_usv/src/usv_sim/workspace_gz/plugins/WaveVisual.cc:272:54:[m[K   required from here
[16.538s] [01m[K/usr/include/c++/11/variant:1156:5:[m[K [01;31m[Kerror: [m[Kno type named ‘[01m[Ktype[m[K’ in ‘[01m[Kstruct std::variant_alternative<7, std::variant<std::monostate, int, float, double, std::__cxx11::basic_string<char, std::char_traits<char>, std::allocator<char> >, bool, unsigned int> >[m[K’
[16.538s] /usr/include/c++/11/variant: In instantiation of ‘[01m[Kconstexpr std::add_pointer_t<_Tp> std::get_if(std::variant<_Types ...>*) [with _Tp = long unsigned int; _Types = {std::monostate, int, float, double, std::__cxx11::basic_string<char, std::char_traits<char>, std::allocator<char> >, bool, unsigned int}; std::add_pointer_t<_Tp> = long unsigned int*][m[K’:
[16.538s] [01m[K/home/aliomacc/sti_usv/src/usv_sim/workspace_gz/plugins/WaveVisual.cc:272:54:[m[K   required from here
[16.538s] [01m[K/usr/include/c++/11/variant:1170:5:[m[K [01;36m[Knote: [m[Kcandidate: ‘[01m[Ktemplate<long unsigned int _Np, class ... _Types> constexpr std::add_pointer_t<const typename std::variant_alternative<_Np, std::variant<_Types ...> >::type> std::get_if(const std::variant<_Types ...>*)[m[K’
[16.538s]  1170 |     [01;36m[Kget_if[m[K(const variant<_Types...>* __ptr) noexcept
[16.544s]       |     [01;36m[K^~~~~~[m[K
[16.544s] [01m[K/usr/include/c++/11/variant:1170:5:[m[K [01;36m[Knote: [m[K  substitution of deduced template arguments resulted in errors seen above
[16.544s] [01m[K/usr/include/c++/11/variant:1183:5:[m[K [01;36m[Knote: [m[Kcandidate: ‘[01m[Ktemplate<class _Tp, class ... _Types> constexpr std::add_pointer_t<_Tp> std::get_if(std::variant<_Types ...>*)[m[K’
[16.544s]  1183 |     [01;36m[Kget_if[m[K(variant<_Types...>* __ptr) noexcept
[16.544s]       |     [01;36m[K^~~~~~[m[K
[16.544s] [01m[K/usr/include/c++/11/variant:1183:5:[m[K [01;36m[Knote: [m[K  template argument deduction/substitution failed:
[16.545s] [01m[K/usr/include/c++/11/variant:1188:76:[m[K [01;31m[Kerror: [m[Ktype/value mismatch at argument 1 in template parameter list for ‘[01m[Ktemplate<class _Tp, class ... _Types> constexpr std::add_pointer_t<_Tp> std::get_if(std::variant<_Types ...>*)[m[K’
[16.545s]  1188 |       return [01;31m[Kstd::get_if<__detail::__variant::__index_of_v<_Tp, _Types...>>([m[K
[16.545s]       |              [01;31m[K~~~~~~~~~~~~~~~~~~~~~~~~~~~~~~~~~~~~~~~~~~~~~~~~~~~~~~~~~~~~~~^[m[K
[16.545s]  1189 | [01;31m[K          __ptr)[m[K;
[16.545s]       |           [01;31m[K~~~~~~[m[K                                                            
[16.545s] [01m[K/usr/include/c++/11/variant:1188:76:[m[K [01;36m[Knote: [m[K  expected a type, got ‘[01m[Kstd::__detail::__variant::__index_of_v<long unsigned int, std::monostate, int, float, double, std::__cxx11::basic_string<char, std::char_traits<char>, std::allocator<char> >, bool, unsigned int>[m[K’
[16.555s] In file included from [01m[K/usr/include/ignition/plugin1/gz/plugin/Register.hh:22[m[K,
[16.555s]                  from [01m[K/home/aliomacc/sti_usv/src/usv_sim/workspace_gz/plugins/WaveVisual.cc:26[m[K:
[16.555s] [01m[K/home/aliomacc/sti_usv/src/usv_sim/workspace_gz/plugins/WaveVisual.cc:448:1:[m[K [01;31m[Kerror: [m[Kexpected constructor, destructor, or type conversion before ‘[01m[Knamespace[m[K’
[16.555s]   448 | [01;31m[KIGNITION_ADD_PLUGIN[m[K(WaveVisual, "vrx::WaveVisual")
[16.555s]       | [01;31m[K^~~~~~~~~~~~~~~~~~~[m[K
[17.622s] In file included from [01m[K/usr/include/ignition/plugin1/gz/plugin/Register.hh:22[m[K,
[17.622s]                  from [01m[K/home/aliomacc/sti_usv/src/usv_sim/workspace_gz/plugins/USVWind.cc:5[m[K:
[17.622s] [01m[K/home/aliomacc/sti_usv/src/usv_sim/workspace_gz/plugins/USVWind.cc:364:1:[m[K [01;31m[Kerror: [m[Kexpected constructor, destructor, or type conversion before ‘[01m[Knamespace[m[K’
[17.623s]   364 | [01;31m[KIGNITION_ADD_PLUGIN[m[K(vrx::USVWind,
[17.623s]       | [01;31m[K^~~~~~~~~~~~~~~~~~~[m[K
[17.789s] gmake[2]: *** [CMakeFiles/ScoringPlugin.dir/build.make:76: CMakeFiles/ScoringPlugin.dir/plugins/ScoringPlugin.cc.o] Error 1
[17.789s] gmake[2]: *** Bitmemiş işler için bekliyor....
[17.801s] [ 57%] [32mBuilding CXX object CMakeFiles/StationkeepingScoringPlugin.dir/plugins/WaypointMarkers.cc.o[0m
[18.405s] gmake[2]: *** [CMakeFiles/PolyhedraBuoyancyDrag.dir/build.make:76: CMakeFiles/PolyhedraBuoyancyDrag.dir/plugins/PolyhedraBuoyancyDrag.cc.o] Error 1
[18.407s] gmake[1]: *** [CMakeFiles/Makefile2:361: CMakeFiles/PolyhedraBuoyancyDrag.dir/all] Error 2
[18.417s] [ 61%] [32mBuilding CXX object CMakeFiles/WayfindingScoringPlugin.dir/plugins/WaypointMarkers.cc.o[0m
[18.595s] gmake[2]: *** [CMakeFiles/Surface.dir/build.make:76: CMakeFiles/Surface.dir/plugins/Surface.cc.o] Error 1
[18.596s] gmake[1]: *** [CMakeFiles/Makefile2:283: CMakeFiles/Surface.dir/all] Error 2
[18.626s] gmake[2]: *** [CMakeFiles/WayfindingScoringPlugin.dir/build.make:76: CMakeFiles/WayfindingScoringPlugin.dir/plugins/WayfindingScoringPlugin.cc.o] Error 1
[18.627s] gmake[2]: *** Bitmemiş işler için bekliyor....
[18.985s] gmake[2]: *** [CMakeFiles/StationkeepingScoringPlugin.dir/build.make:76: CMakeFiles/StationkeepingScoringPlugin.dir/plugins/StationkeepingScoringPlugin.cc.o] Error 1
[18.985s] gmake[2]: *** Bitmemiş işler için bekliyor....
[19.162s] gmake[2]: *** [CMakeFiles/WaveVisual.dir/build.make:76: CMakeFiles/WaveVisual.dir/plugins/WaveVisual.cc.o] Error 1
[19.163s] gmake[1]: *** [CMakeFiles/Makefile2:335: CMakeFiles/WaveVisual.dir/all] Error 2
[19.752s] gmake[2]: *** [CMakeFiles/USVWind.dir/build.make:76: CMakeFiles/USVWind.dir/plugins/USVWind.cc.o] Error 1
[19.752s] gmake[1]: *** [CMakeFiles/Makefile2:309: CMakeFiles/USVWind.dir/all] Error 2
[24.280s] gmake[1]: *** [CMakeFiles/Makefile2:179: CMakeFiles/ScoringPlugin.dir/all] Error 2
[24.916s] gmake[1]: *** [CMakeFiles/Makefile2:205: CMakeFiles/StationkeepingScoringPlugin.dir/all] Error 2
[25.358s] gmake[1]: *** [CMakeFiles/Makefile2:231: CMakeFiles/WayfindingScoringPlugin.dir/all] Error 2
[25.358s] gmake: *** [Makefile:146: all] Error 2
[25.361s] Invoked command in '/home/aliomacc/sti_usv/build/workspace_gz' returned '2': CMAKE_PREFIX_PATH=${CMAKE_PREFIX_PATH}:/home/aliomacc/ros2_ws/install/actions_py:/home/aliomacc/ros2_ws/install/lifecycle_py:/opt/ros/humble /usr/bin/cmake --build /home/aliomacc/sti_usv/build/workspace_gz -- -j8 -l8
