[0.427s] Invoking command in '/home/tugmirk/Desktop/garp-test/build/workspace_ros': DEBUGINFOD_URLS=https://debuginfod.ubuntu.com PYTHONPATH=/home/tugmirk/Desktop/garp-test/build/workspace_ros/prefix_override:/usr/lib/python3/dist-packages/colcon_core/task/python/colcon_distutils_commands:/home/tugmirk/Desktop/garp-test/install/workspace_ros/lib/python3.12/site-packages:${PYTHONPATH} /usr/bin/python3 -W ignore:setup.py install is deprecated -W ignore:easy_install command is deprecated setup.py develop --editable --build-directory /home/tugmirk/Desktop/garp-test/build/workspace_ros/build --no-deps symlink_data
[0.612s] running develop
[0.712s] running egg_info
[0.721s] writing workspace_ros.egg-info/PKG-INFO
[0.721s] writing dependency_links to workspace_ros.egg-info/dependency_links.txt
[0.721s] writing entry points to workspace_ros.egg-info/entry_points.txt
[0.721s] writing requirements to workspace_ros.egg-info/requires.txt
[0.721s] writing top-level names to workspace_ros.egg-info/top_level.txt
[0.742s] reading manifest file 'workspace_ros.egg-info/SOURCES.txt'
[0.743s] writing manifest file 'workspace_ros.egg-info/SOURCES.txt'
[0.754s] running build_ext
[0.754s] Creating /home/tugmirk/Desktop/garp-test/install/workspace_ros/lib/python3.12/site-packages/workspace-ros.egg-link (link to .)
[0.755s] Installing autonomous_nav script to /home/tugmirk/Desktop/garp-test/install/workspace_ros/lib/workspace_ros
[0.755s] Installing converter script to /home/tugmirk/Desktop/garp-test/install/workspace_ros/lib/workspace_ros
[0.755s] Installing gps_covariance_repub script to /home/tugmirk/Desktop/garp-test/install/workspace_ros/lib/workspace_ros
[0.755s] Installing imu_covariance_repub script to /home/tugmirk/Desktop/garp-test/install/workspace_ros/lib/workspace_ros
[0.756s] Installing kamikaze script to /home/tugmirk/Desktop/garp-test/install/workspace_ros/lib/workspace_ros
[0.756s] Installing lidar_processor script to /home/tugmirk/Desktop/garp-test/install/workspace_ros/lib/workspace_ros
[0.756s] Installing manual_control script to /home/tugmirk/Desktop/garp-test/install/workspace_ros/lib/workspace_ros
[0.756s] Installing obstacle_avoidance script to /home/tugmirk/Desktop/garp-test/install/workspace_ros/lib/workspace_ros
[0.756s] Installing obstacle_detector script to /home/tugmirk/Desktop/garp-test/install/workspace_ros/lib/workspace_ros
[0.756s] Installing static_transform_publisher script to /home/tugmirk/Desktop/garp-test/install/workspace_ros/lib/workspace_ros
[0.756s] Installing target_buoy script to /home/tugmirk/Desktop/garp-test/install/workspace_ros/lib/workspace_ros
[0.756s] Installing wasd_teleop script to /home/tugmirk/Desktop/garp-test/install/workspace_ros/lib/workspace_ros
[0.756s] 
[0.756s] Installed /home/tugmirk/Desktop/garp-test/build/workspace_ros
[0.756s] running symlink_data
[0.774s] Invoked command in '/home/tugmirk/Desktop/garp-test/build/workspace_ros' returned '0': DEBUGINFOD_URLS=https://debuginfod.ubuntu.com PYTHONPATH=/home/tugmirk/Desktop/garp-test/build/workspace_ros/prefix_override:/usr/lib/python3/dist-packages/colcon_core/task/python/colcon_distutils_commands:/home/tugmirk/Desktop/garp-test/install/workspace_ros/lib/python3.12/site-packages:${PYTHONPATH} /usr/bin/python3 -W ignore:setup.py install is deprecated -W ignore:easy_install command is deprecated setup.py develop --editable --build-directory /home/tugmirk/Desktop/garp-test/build/workspace_ros/build --no-deps symlink_data
