[0.198s] DEBUG:colcon:Command line arguments: ['/usr/bin/colcon', 'build', '--symlink-install', '--packages-select', 'workspace_gz']
[0.198s] DEBUG:colcon:Parsed command line arguments: Namespace(log_base=None, log_level=None, verb_name='build', build_base='build', install_base='install', merge_install=False, symlink_install=True, test_result_base=None, continue_on_error=False, executor='parallel', parallel_workers=20, event_handlers=None, ignore_user_meta=False, metas=['./colcon.meta'], base_paths=['.'], packages_ignore=None, packages_ignore_regex=None, paths=None, packages_up_to=None, packages_up_to_regex=None, packages_above=None, packages_above_and_dependencies=None, packages_above_depth=None, packages_select_by_dep=None, packages_skip_by_dep=None, packages_skip_up_to=None, packages_select_build_failed=False, packages_skip_build_finished=False, packages_select_test_failures=False, packages_skip_test_passed=False, packages_select=['workspace_gz'], packages_skip=None, packages_select_regex=None, packages_skip_regex=None, packages_start=None, packages_end=None, allow_overriding=[], cmake_args=None, cmake_target=None, cmake_target_skip_unavailable=False, cmake_clean_cache=False, cmake_clean_first=False, cmake_force_configure=False, ament_cmake_args=None, catkin_cmake_args=None, catkin_skip_building_tests=False, mixin_files=None, mixin=None, verb_parser=<colcon_mixin.mixin.mixin_argument.MixinArgumentDecorator object at 0x7d873f792ea0>, verb_extension=<colcon_core.verb.build.BuildVerb object at 0x7d873f792b70>, main=<bound method BuildVerb.main of <colcon_core.verb.build.BuildVerb object at 0x7d873f792b70>>, mixin_verb=('build',))
[0.303s] Level 1:colcon.colcon_core.package_discovery:discover_packages(colcon_meta) check parameters
[0.303s] Level 1:colcon.colcon_core.package_discovery:discover_packages(recursive) check parameters
[0.303s] Level 1:colcon.colcon_core.package_discovery:discover_packages(ignore) check parameters
[0.303s] Level 1:colcon.colcon_core.package_discovery:discover_packages(path) check parameters
[0.303s] Level 1:colcon.colcon_core.package_discovery:discover_packages(colcon_meta) discover
[0.303s] Level 1:colcon.colcon_core.package_discovery:discover_packages(recursive) discover
[0.303s] INFO:colcon.colcon_core.package_discovery:Crawling recursively for packages in '/home/ngen/yildiz_ws/src/YILDIZ-USV'
[0.303s] Level 1:colcon.colcon_core.package_identification:_identify(.) by extensions ['ignore', 'ignore_ament_install']
[0.304s] Level 1:colcon.colcon_core.package_identification:_identify(.) by extension 'ignore'
[0.304s] Level 1:colcon.colcon_core.package_identification:_identify(.) by extension 'ignore_ament_install'
[0.304s] Level 1:colcon.colcon_core.package_identification:_identify(.) by extensions ['colcon_pkg']
[0.304s] Level 1:colcon.colcon_core.package_identification:_identify(.) by extension 'colcon_pkg'
[0.304s] Level 1:colcon.colcon_core.package_identification:_identify(.) by extensions ['colcon_meta']
[0.304s] Level 1:colcon.colcon_core.package_identification:_identify(.) by extension 'colcon_meta'
[0.304s] Level 1:colcon.colcon_core.package_identification:_identify(.) by extensions ['ros']
[0.304s] Level 1:colcon.colcon_core.package_identification:_identify(.) by extension 'ros'
[0.349s] Level 1:colcon.colcon_core.package_identification:_identify(.) by extensions ['cmake', 'python']
[0.349s] Level 1:colcon.colcon_core.package_identification:_identify(.) by extension 'cmake'
[0.349s] Level 1:colcon.colcon_core.package_identification:_identify(.) by extension 'python'
[0.349s] Level 1:colcon.colcon_core.package_identification:_identify(.) by extensions ['python_setup_py']
[0.349s] Level 1:colcon.colcon_core.package_identification:_identify(.) by extension 'python_setup_py'
[0.350s] Level 1:colcon.colcon_core.package_identification:_identify(build) by extensions ['ignore', 'ignore_ament_install']
[0.350s] Level 1:colcon.colcon_core.package_identification:_identify(build) by extension 'ignore'
[0.350s] Level 1:colcon.colcon_core.package_identification:_identify(build) ignored
[0.350s] Level 1:colcon.colcon_core.package_identification:_identify(images) by extensions ['ignore', 'ignore_ament_install']
[0.350s] Level 1:colcon.colcon_core.package_identification:_identify(images) by extension 'ignore'
[0.350s] Level 1:colcon.colcon_core.package_identification:_identify(images) by extension 'ignore_ament_install'
[0.350s] Level 1:colcon.colcon_core.package_identification:_identify(images) by extensions ['colcon_pkg']
[0.351s] Level 1:colcon.colcon_core.package_identification:_identify(images) by extension 'colcon_pkg'
[0.351s] Level 1:colcon.colcon_core.package_identification:_identify(images) by extensions ['colcon_meta']
[0.351s] Level 1:colcon.colcon_core.package_identification:_identify(images) by extension 'colcon_meta'
[0.351s] Level 1:colcon.colcon_core.package_identification:_identify(images) by extensions ['ros']
[0.351s] Level 1:colcon.colcon_core.package_identification:_identify(images) by extension 'ros'
[0.351s] Level 1:colcon.colcon_core.package_identification:_identify(images) by extensions ['cmake', 'python']
[0.351s] Level 1:colcon.colcon_core.package_identification:_identify(images) by extension 'cmake'
[0.351s] Level 1:colcon.colcon_core.package_identification:_identify(images) by extension 'python'
[0.351s] Level 1:colcon.colcon_core.package_identification:_identify(images) by extensions ['python_setup_py']
[0.351s] Level 1:colcon.colcon_core.package_identification:_identify(images) by extension 'python_setup_py'
[0.352s] Level 1:colcon.colcon_core.package_identification:_identify(install) by extensions ['ignore', 'ignore_ament_install']
[0.352s] Level 1:colcon.colcon_core.package_identification:_identify(install) by extension 'ignore'
[0.352s] Level 1:colcon.colcon_core.package_identification:_identify(install) ignored
[0.352s] Level 1:colcon.colcon_core.package_identification:_identify(log) by extensions ['ignore', 'ignore_ament_install']
[0.352s] Level 1:colcon.colcon_core.package_identification:_identify(log) by extension 'ignore'
[0.352s] Level 1:colcon.colcon_core.package_identification:_identify(log) ignored
[0.352s] Level 1:colcon.colcon_core.package_identification:_identify(workspace_gz) by extensions ['ignore', 'ignore_ament_install']
[0.352s] Level 1:colcon.colcon_core.package_identification:_identify(workspace_gz) by extension 'ignore'
[0.352s] Level 1:colcon.colcon_core.package_identification:_identify(workspace_gz) by extension 'ignore_ament_install'
[0.352s] Level 1:colcon.colcon_core.package_identification:_identify(workspace_gz) by extensions ['colcon_pkg']
[0.352s] Level 1:colcon.colcon_core.package_identification:_identify(workspace_gz) by extension 'colcon_pkg'
[0.352s] Level 1:colcon.colcon_core.package_identification:_identify(workspace_gz) by extensions ['colcon_meta']
[0.352s] Level 1:colcon.colcon_core.package_identification:_identify(workspace_gz) by extension 'colcon_meta'
[0.353s] Level 1:colcon.colcon_core.package_identification:_identify(workspace_gz) by extensions ['ros']
[0.353s] Level 1:colcon.colcon_core.package_identification:_identify(workspace_gz) by extension 'ros'
[0.359s] DEBUG:colcon.colcon_core.package_identification:Package 'workspace_gz' with type 'ros.ament_cmake' and name 'workspace_gz'
[0.359s] Level 1:colcon.colcon_core.package_identification:_identify(workspace_nav) by extensions ['ignore', 'ignore_ament_install']
[0.359s] Level 1:colcon.colcon_core.package_identification:_identify(workspace_nav) by extension 'ignore'
[0.360s] Level 1:colcon.colcon_core.package_identification:_identify(workspace_nav) by extension 'ignore_ament_install'
[0.360s] Level 1:colcon.colcon_core.package_identification:_identify(workspace_nav) by extensions ['colcon_pkg']
[0.360s] Level 1:colcon.colcon_core.package_identification:_identify(workspace_nav) by extension 'colcon_pkg'
[0.360s] Level 1:colcon.colcon_core.package_identification:_identify(workspace_nav) by extensions ['colcon_meta']
[0.360s] Level 1:colcon.colcon_core.package_identification:_identify(workspace_nav) by extension 'colcon_meta'
[0.360s] Level 1:colcon.colcon_core.package_identification:_identify(workspace_nav) by extensions ['ros']
[0.360s] Level 1:colcon.colcon_core.package_identification:_identify(workspace_nav) by extension 'ros'
[0.362s] DEBUG:colcon.colcon_core.package_identification:Package 'workspace_nav' with type 'ros.ament_python' and name 'workspace_nav'
[0.362s] Level 1:colcon.colcon_core.package_identification:_identify(workspace_ros) by extensions ['ignore', 'ignore_ament_install']
[0.362s] Level 1:colcon.colcon_core.package_identification:_identify(workspace_ros) by extension 'ignore'
[0.362s] Level 1:colcon.colcon_core.package_identification:_identify(workspace_ros) by extension 'ignore_ament_install'
[0.362s] Level 1:colcon.colcon_core.package_identification:_identify(workspace_ros) by extensions ['colcon_pkg']
[0.362s] Level 1:colcon.colcon_core.package_identification:_identify(workspace_ros) by extension 'colcon_pkg'
[0.362s] Level 1:colcon.colcon_core.package_identification:_identify(workspace_ros) by extensions ['colcon_meta']
[0.362s] Level 1:colcon.colcon_core.package_identification:_identify(workspace_ros) by extension 'colcon_meta'
[0.362s] Level 1:colcon.colcon_core.package_identification:_identify(workspace_ros) by extensions ['ros']
[0.362s] Level 1:colcon.colcon_core.package_identification:_identify(workspace_ros) by extension 'ros'
[0.365s] DEBUG:colcon.colcon_core.package_identification:Package 'workspace_ros' with type 'ros.ament_python' and name 'workspace_ros'
[0.365s] Level 1:colcon.colcon_core.package_discovery:discover_packages(recursive) using defaults
[0.365s] Level 1:colcon.colcon_core.package_discovery:discover_packages(ignore) discover
[0.365s] Level 1:colcon.colcon_core.package_discovery:discover_packages(ignore) using defaults
[0.365s] Level 1:colcon.colcon_core.package_discovery:discover_packages(path) discover
[0.365s] Level 1:colcon.colcon_core.package_discovery:discover_packages(path) using defaults
[0.399s] INFO:colcon.colcon_core.package_selection:Skipping not selected package 'workspace_nav' in 'workspace_nav'
[0.399s] INFO:colcon.colcon_core.package_selection:Skipping not selected package 'workspace_ros' in 'workspace_ros'
[0.400s] Level 1:colcon.colcon_core.package_discovery:discover_packages(prefix_path) check parameters
[0.400s] Level 1:colcon.colcon_core.package_discovery:discover_packages(prefix_path) discover
[0.405s] DEBUG:colcon.colcon_installed_package_information.package_discovery:Found 427 installed packages in /opt/ros/jazzy
[0.407s] Level 1:colcon.colcon_core.package_discovery:discover_packages(prefix_path) using defaults
[0.470s] Level 5:colcon.colcon_core.verb:set package 'workspace_gz' build argument 'cmake_args' from command line to 'None'
[0.470s] Level 5:colcon.colcon_core.verb:set package 'workspace_gz' build argument 'cmake_target' from command line to 'None'
[0.470s] Level 5:colcon.colcon_core.verb:set package 'workspace_gz' build argument 'cmake_target_skip_unavailable' from command line to 'False'
[0.470s] Level 5:colcon.colcon_core.verb:set package 'workspace_gz' build argument 'cmake_clean_cache' from command line to 'False'
[0.470s] Level 5:colcon.colcon_core.verb:set package 'workspace_gz' build argument 'cmake_clean_first' from command line to 'False'
[0.470s] Level 5:colcon.colcon_core.verb:set package 'workspace_gz' build argument 'cmake_force_configure' from command line to 'False'
[0.470s] Level 5:colcon.colcon_core.verb:set package 'workspace_gz' build argument 'ament_cmake_args' from command line to 'None'
[0.470s] Level 5:colcon.colcon_core.verb:set package 'workspace_gz' build argument 'catkin_cmake_args' from command line to 'None'
[0.470s] Level 5:colcon.colcon_core.verb:set package 'workspace_gz' build argument 'catkin_skip_building_tests' from command line to 'False'
[0.470s] DEBUG:colcon.colcon_core.verb:Building package 'workspace_gz' with the following arguments: {'ament_cmake_args': None, 'build_base': '/home/ngen/yildiz_ws/src/YILDIZ-USV/build/workspace_gz', 'catkin_cmake_args': None, 'catkin_skip_building_tests': False, 'cmake_args': None, 'cmake_clean_cache': False, 'cmake_clean_first': False, 'cmake_force_configure': False, 'cmake_target': None, 'cmake_target_skip_unavailable': False, 'install_base': '/home/ngen/yildiz_ws/src/YILDIZ-USV/install/workspace_gz', 'merge_install': False, 'path': '/home/ngen/yildiz_ws/src/YILDIZ-USV/workspace_gz', 'symlink_install': True, 'test_result_base': None}
[0.470s] INFO:colcon.colcon_core.executor:Executing jobs using 'parallel' executor
[0.472s] DEBUG:colcon.colcon_parallel_executor.executor.parallel:run_until_complete
[0.472s] INFO:colcon.colcon_ros.task.ament_cmake.build:Building ROS package in '/home/ngen/yildiz_ws/src/YILDIZ-USV/workspace_gz' with build type 'ament_cmake'
[0.472s] INFO:colcon.colcon_cmake.task.cmake.build:Building CMake package in '/home/ngen/yildiz_ws/src/YILDIZ-USV/workspace_gz'
[0.478s] INFO:colcon.colcon_core.plugin_system:Skipping extension 'colcon_core.shell.bat': Not used on non-Windows systems
[0.478s] INFO:colcon.colcon_core.shell:Skip shell extension 'powershell' for command environment: Not usable outside of PowerShell
[0.478s] DEBUG:colcon.colcon_core.shell:Skip shell extension 'dsv' for command environment
[0.491s] DEBUG:colcon.colcon_core.event_handler.log_command:Invoking command in '/home/ngen/yildiz_ws/src/YILDIZ-USV/build/workspace_gz': CMAKE_PREFIX_PATH=${CMAKE_PREFIX_PATH}:/opt/ros/jazzy DEBUGINFOD_URLS=https://debuginfod.ubuntu.com /usr/bin/cmake /home/ngen/yildiz_ws/src/YILDIZ-USV/workspace_gz -DAMENT_CMAKE_SYMLINK_INSTALL=1 -DCMAKE_INSTALL_PREFIX=/home/ngen/yildiz_ws/src/YILDIZ-USV/install/workspace_gz
[2.945s] DEBUG:colcon.colcon_core.event_handler.log_command:Invoked command in '/home/ngen/yildiz_ws/src/YILDIZ-USV/build/workspace_gz' returned '0': CMAKE_PREFIX_PATH=${CMAKE_PREFIX_PATH}:/opt/ros/jazzy DEBUGINFOD_URLS=https://debuginfod.ubuntu.com /usr/bin/cmake /home/ngen/yildiz_ws/src/YILDIZ-USV/workspace_gz -DAMENT_CMAKE_SYMLINK_INSTALL=1 -DCMAKE_INSTALL_PREFIX=/home/ngen/yildiz_ws/src/YILDIZ-USV/install/workspace_gz
[2.948s] DEBUG:colcon.colcon_core.event_handler.log_command:Invoking command in '/home/ngen/yildiz_ws/src/YILDIZ-USV/build/workspace_gz': CMAKE_PREFIX_PATH=${CMAKE_PREFIX_PATH}:/opt/ros/jazzy DEBUGINFOD_URLS=https://debuginfod.ubuntu.com /usr/bin/cmake --build /home/ngen/yildiz_ws/src/YILDIZ-USV/build/workspace_gz -- -j20 -l20
[3.124s] DEBUG:colcon.colcon_core.event_handler.log_command:Invoked command in '/home/ngen/yildiz_ws/src/YILDIZ-USV/build/workspace_gz' returned '0': CMAKE_PREFIX_PATH=${CMAKE_PREFIX_PATH}:/opt/ros/jazzy DEBUGINFOD_URLS=https://debuginfod.ubuntu.com /usr/bin/cmake --build /home/ngen/yildiz_ws/src/YILDIZ-USV/build/workspace_gz -- -j20 -l20
[3.138s] DEBUG:colcon.colcon_core.event_handler.log_command:Invoking command in '/home/ngen/yildiz_ws/src/YILDIZ-USV/build/workspace_gz': CMAKE_PREFIX_PATH=${CMAKE_PREFIX_PATH}:/opt/ros/jazzy DEBUGINFOD_URLS=https://debuginfod.ubuntu.com /usr/bin/cmake --install /home/ngen/yildiz_ws/src/YILDIZ-USV/build/workspace_gz
[3.189s] Level 1:colcon.colcon_core.environment:create_environment_scripts_only(workspace_gz)
[3.191s] DEBUG:colcon.colcon_core.event_handler.log_command:Invoked command in '/home/ngen/yildiz_ws/src/YILDIZ-USV/build/workspace_gz' returned '0': CMAKE_PREFIX_PATH=${CMAKE_PREFIX_PATH}:/opt/ros/jazzy DEBUGINFOD_URLS=https://debuginfod.ubuntu.com /usr/bin/cmake --install /home/ngen/yildiz_ws/src/YILDIZ-USV/build/workspace_gz
[3.195s] Level 1:colcon.colcon_core.environment:checking '/home/ngen/yildiz_ws/src/YILDIZ-USV/install/workspace_gz' for CMake module files
[3.196s] Level 1:colcon.colcon_core.environment:checking '/home/ngen/yildiz_ws/src/YILDIZ-USV/install/workspace_gz' for CMake config files
[3.198s] Level 1:colcon.colcon_core.shell:create_environment_hook('workspace_gz', 'cmake_prefix_path')
[3.198s] INFO:colcon.colcon_core.shell:Creating environment hook '/home/ngen/yildiz_ws/src/YILDIZ-USV/install/workspace_gz/share/workspace_gz/hook/cmake_prefix_path.ps1'
[3.199s] INFO:colcon.colcon_core.shell:Creating environment descriptor '/home/ngen/yildiz_ws/src/YILDIZ-USV/install/workspace_gz/share/workspace_gz/hook/cmake_prefix_path.dsv'
[3.200s] INFO:colcon.colcon_core.shell:Creating environment hook '/home/ngen/yildiz_ws/src/YILDIZ-USV/install/workspace_gz/share/workspace_gz/hook/cmake_prefix_path.sh'
[3.201s] Level 1:colcon.colcon_core.environment:checking '/home/ngen/yildiz_ws/src/YILDIZ-USV/install/workspace_gz/lib'
[3.201s] Level 1:colcon.colcon_core.shell:create_environment_hook('workspace_gz', 'ld_library_path_lib')
[3.203s] INFO:colcon.colcon_core.shell:Creating environment hook '/home/ngen/yildiz_ws/src/YILDIZ-USV/install/workspace_gz/share/workspace_gz/hook/ld_library_path_lib.ps1'
[3.204s] INFO:colcon.colcon_core.shell:Creating environment descriptor '/home/ngen/yildiz_ws/src/YILDIZ-USV/install/workspace_gz/share/workspace_gz/hook/ld_library_path_lib.dsv'
[3.205s] INFO:colcon.colcon_core.shell:Creating environment hook '/home/ngen/yildiz_ws/src/YILDIZ-USV/install/workspace_gz/share/workspace_gz/hook/ld_library_path_lib.sh'
[3.205s] Level 1:colcon.colcon_core.environment:checking '/home/ngen/yildiz_ws/src/YILDIZ-USV/install/workspace_gz/bin'
[3.205s] Level 1:colcon.colcon_core.environment:checking '/home/ngen/yildiz_ws/src/YILDIZ-USV/install/workspace_gz/lib/pkgconfig/workspace_gz.pc'
[3.206s] Level 1:colcon.colcon_core.environment:checking '/home/ngen/yildiz_ws/src/YILDIZ-USV/install/workspace_gz/lib/python3.12/site-packages'
[3.206s] Level 1:colcon.colcon_core.environment:checking '/home/ngen/yildiz_ws/src/YILDIZ-USV/install/workspace_gz/bin'
[3.206s] INFO:colcon.colcon_core.shell:Creating package script '/home/ngen/yildiz_ws/src/YILDIZ-USV/install/workspace_gz/share/workspace_gz/package.ps1'
[3.208s] INFO:colcon.colcon_core.shell:Creating package descriptor '/home/ngen/yildiz_ws/src/YILDIZ-USV/install/workspace_gz/share/workspace_gz/package.dsv'
[3.209s] INFO:colcon.colcon_core.shell:Creating package script '/home/ngen/yildiz_ws/src/YILDIZ-USV/install/workspace_gz/share/workspace_gz/package.sh'
[3.210s] INFO:colcon.colcon_core.shell:Creating package script '/home/ngen/yildiz_ws/src/YILDIZ-USV/install/workspace_gz/share/workspace_gz/package.bash'
[3.211s] INFO:colcon.colcon_core.shell:Creating package script '/home/ngen/yildiz_ws/src/YILDIZ-USV/install/workspace_gz/share/workspace_gz/package.zsh'
[3.211s] Level 1:colcon.colcon_core.environment:create_file_with_runtime_dependencies(/home/ngen/yildiz_ws/src/YILDIZ-USV/install/workspace_gz/share/colcon-core/packages/workspace_gz)
[3.213s] Level 1:colcon.colcon_core.environment:create_environment_scripts_only(workspace_gz)
[3.213s] Level 1:colcon.colcon_core.environment:checking '/home/ngen/yildiz_ws/src/YILDIZ-USV/install/workspace_gz' for CMake module files
[3.214s] Level 1:colcon.colcon_core.environment:checking '/home/ngen/yildiz_ws/src/YILDIZ-USV/install/workspace_gz' for CMake config files
[3.216s] Level 1:colcon.colcon_core.shell:create_environment_hook('workspace_gz', 'cmake_prefix_path')
[3.216s] INFO:colcon.colcon_core.shell:Creating environment hook '/home/ngen/yildiz_ws/src/YILDIZ-USV/install/workspace_gz/share/workspace_gz/hook/cmake_prefix_path.ps1'
[3.217s] INFO:colcon.colcon_core.shell:Creating environment descriptor '/home/ngen/yildiz_ws/src/YILDIZ-USV/install/workspace_gz/share/workspace_gz/hook/cmake_prefix_path.dsv'
[3.217s] INFO:colcon.colcon_core.shell:Creating environment hook '/home/ngen/yildiz_ws/src/YILDIZ-USV/install/workspace_gz/share/workspace_gz/hook/cmake_prefix_path.sh'
[3.218s] Level 1:colcon.colcon_core.environment:checking '/home/ngen/yildiz_ws/src/YILDIZ-USV/install/workspace_gz/lib'
[3.218s] Level 1:colcon.colcon_core.shell:create_environment_hook('workspace_gz', 'ld_library_path_lib')
[3.219s] INFO:colcon.colcon_core.shell:Creating environment hook '/home/ngen/yildiz_ws/src/YILDIZ-USV/install/workspace_gz/share/workspace_gz/hook/ld_library_path_lib.ps1'
[3.219s] INFO:colcon.colcon_core.shell:Creating environment descriptor '/home/ngen/yildiz_ws/src/YILDIZ-USV/install/workspace_gz/share/workspace_gz/hook/ld_library_path_lib.dsv'
[3.219s] INFO:colcon.colcon_core.shell:Creating environment hook '/home/ngen/yildiz_ws/src/YILDIZ-USV/install/workspace_gz/share/workspace_gz/hook/ld_library_path_lib.sh'
[3.220s] Level 1:colcon.colcon_core.environment:checking '/home/ngen/yildiz_ws/src/YILDIZ-USV/install/workspace_gz/bin'
[3.220s] Level 1:colcon.colcon_core.environment:checking '/home/ngen/yildiz_ws/src/YILDIZ-USV/install/workspace_gz/lib/pkgconfig/workspace_gz.pc'
[3.220s] Level 1:colcon.colcon_core.environment:checking '/home/ngen/yildiz_ws/src/YILDIZ-USV/install/workspace_gz/lib/python3.12/site-packages'
[3.221s] Level 1:colcon.colcon_core.environment:checking '/home/ngen/yildiz_ws/src/YILDIZ-USV/install/workspace_gz/bin'
[3.221s] INFO:colcon.colcon_core.shell:Creating package script '/home/ngen/yildiz_ws/src/YILDIZ-USV/install/workspace_gz/share/workspace_gz/package.ps1'
[3.222s] INFO:colcon.colcon_core.shell:Creating package descriptor '/home/ngen/yildiz_ws/src/YILDIZ-USV/install/workspace_gz/share/workspace_gz/package.dsv'
[3.222s] INFO:colcon.colcon_core.shell:Creating package script '/home/ngen/yildiz_ws/src/YILDIZ-USV/install/workspace_gz/share/workspace_gz/package.sh'
[3.223s] INFO:colcon.colcon_core.shell:Creating package script '/home/ngen/yildiz_ws/src/YILDIZ-USV/install/workspace_gz/share/workspace_gz/package.bash'
[3.223s] INFO:colcon.colcon_core.shell:Creating package script '/home/ngen/yildiz_ws/src/YILDIZ-USV/install/workspace_gz/share/workspace_gz/package.zsh'
[3.223s] Level 1:colcon.colcon_core.environment:create_file_with_runtime_dependencies(/home/ngen/yildiz_ws/src/YILDIZ-USV/install/workspace_gz/share/colcon-core/packages/workspace_gz)
[3.224s] DEBUG:colcon.colcon_parallel_executor.executor.parallel:closing loop
[3.224s] DEBUG:colcon.colcon_parallel_executor.executor.parallel:loop closed
[3.224s] DEBUG:colcon.colcon_parallel_executor.executor.parallel:run_until_complete finished with '0'
[3.224s] DEBUG:colcon.colcon_core.event_reactor:joining thread
[3.235s] INFO:colcon.colcon_core.plugin_system:Skipping extension 'colcon_notification.desktop_notification.terminal_notifier': Not used on non-Darwin systems
[3.235s] INFO:colcon.colcon_core.plugin_system:Skipping extension 'colcon_notification.desktop_notification.win32': Not used on non-Windows systems
[3.235s] INFO:colcon.colcon_notification.desktop_notification:Sending desktop notification using 'notify2'
[3.256s] DEBUG:colcon.colcon_core.event_reactor:joined thread
[3.256s] INFO:colcon.colcon_core.shell:Creating prefix script '/home/ngen/yildiz_ws/src/YILDIZ-USV/install/local_setup.ps1'
[3.258s] INFO:colcon.colcon_core.shell:Creating prefix util module '/home/ngen/yildiz_ws/src/YILDIZ-USV/install/_local_setup_util_ps1.py'
[3.259s] INFO:colcon.colcon_core.shell:Creating prefix chain script '/home/ngen/yildiz_ws/src/YILDIZ-USV/install/setup.ps1'
[3.261s] INFO:colcon.colcon_core.shell:Creating prefix script '/home/ngen/yildiz_ws/src/YILDIZ-USV/install/local_setup.sh'
[3.262s] INFO:colcon.colcon_core.shell:Creating prefix util module '/home/ngen/yildiz_ws/src/YILDIZ-USV/install/_local_setup_util_sh.py'
[3.263s] INFO:colcon.colcon_core.shell:Creating prefix chain script '/home/ngen/yildiz_ws/src/YILDIZ-USV/install/setup.sh'
[3.265s] INFO:colcon.colcon_core.shell:Creating prefix script '/home/ngen/yildiz_ws/src/YILDIZ-USV/install/local_setup.bash'
[3.266s] INFO:colcon.colcon_core.shell:Creating prefix chain script '/home/ngen/yildiz_ws/src/YILDIZ-USV/install/setup.bash'
[3.267s] INFO:colcon.colcon_core.shell:Creating prefix script '/home/ngen/yildiz_ws/src/YILDIZ-USV/install/local_setup.zsh'
[3.269s] INFO:colcon.colcon_core.shell:Creating prefix chain script '/home/ngen/yildiz_ws/src/YILDIZ-USV/install/setup.zsh'
