running develop
running egg_info
creating workspace_ros.egg-info
writing workspace_ros.egg-info/PKG-INFO
writing dependency_links to workspace_ros.egg-info/dependency_links.txt
writing entry points to workspace_ros.egg-info/entry_points.txt
writing requirements to workspace_ros.egg-info/requires.txt
writing top-level names to workspace_ros.egg-info/top_level.txt
writing manifest file 'workspace_ros.egg-info/SOURCES.txt'
reading manifest file 'workspace_ros.egg-info/SOURCES.txt'
writing manifest file 'workspace_ros.egg-info/SOURCES.txt'
running build_ext
Creating /home/aliomacc/sti_usv/install/workspace_ros/lib/python3.10/site-packages/workspace-ros.egg-link (link to .)
Installing converter script to /home/aliomacc/sti_usv/install/workspace_ros/lib/workspace_ros
Installing gps_covariance_repub script to /home/aliomacc/sti_usv/install/workspace_ros/lib/workspace_ros
Installing imu_covariance_repub script to /home/aliomacc/sti_usv/install/workspace_ros/lib/workspace_ros
Installing lidar_processor script to /home/aliomacc/sti_usv/install/workspace_ros/lib/workspace_ros
Installing static_transform_publisher script to /home/aliomacc/sti_usv/install/workspace_ros/lib/workspace_ros
Installing wasd_teleop script to /home/aliomacc/sti_usv/install/workspace_ros/lib/workspace_ros

Installed /home/aliomacc/sti_usv/build/workspace_ros
running symlink_data
creating /home/aliomacc/sti_usv/install/workspace_ros/share/ament_index
creating /home/aliomacc/sti_usv/install/workspace_ros/share/ament_index/resource_index
creating /home/aliomacc/sti_usv/install/workspace_ros/share/ament_index/resource_index/packages
symbolically linking /home/aliomacc/sti_usv/build/workspace_ros/resource/workspace_ros -> /home/aliomacc/sti_usv/install/workspace_ros/share/ament_index/resource_index/packages
symbolically linking /home/aliomacc/sti_usv/build/workspace_ros/package.xml -> /home/aliomacc/sti_usv/install/workspace_ros/share/workspace_ros
creating /home/aliomacc/sti_usv/install/workspace_ros/share/workspace_ros/config
symbolically linking /home/aliomacc/sti_usv/build/workspace_ros/config/ekf.yaml -> /home/aliomacc/sti_usv/install/workspace_ros/share/workspace_ros/config
symbolically linking /home/aliomacc/sti_usv/build/workspace_ros/config/static_transform.yaml -> /home/aliomacc/sti_usv/install/workspace_ros/share/workspace_ros/config
symbolically linking /home/aliomacc/sti_usv/build/workspace_ros/config/lidar_filter.yaml -> /home/aliomacc/sti_usv/install/workspace_ros/share/workspace_ros/config
symbolically linking /home/aliomacc/sti_usv/build/workspace_ros/config/kiss_icp.yaml -> /home/aliomacc/sti_usv/install/workspace_ros/share/workspace_ros/config
symbolically linking /home/aliomacc/sti_usv/build/workspace_ros/config/lidar_rviz.rviz -> /home/aliomacc/sti_usv/install/workspace_ros/share/workspace_ros/config
symbolically linking /home/aliomacc/sti_usv/build/workspace_ros/config/navsat.yaml -> /home/aliomacc/sti_usv/install/workspace_ros/share/workspace_ros/config
creating /home/aliomacc/sti_usv/install/workspace_ros/share/workspace_ros/launch
symbolically linking /home/aliomacc/sti_usv/build/workspace_ros/launch/mola_slam.launch.py -> /home/aliomacc/sti_usv/install/workspace_ros/share/workspace_ros/launch
symbolically linking /home/aliomacc/sti_usv/build/workspace_ros/launch/localization.launch.py -> /home/aliomacc/sti_usv/install/workspace_ros/share/workspace_ros/launch
symbolically linking /home/aliomacc/sti_usv/build/workspace_ros/launch/lidar_filter.launch.py -> /home/aliomacc/sti_usv/install/workspace_ros/share/workspace_ros/launch
symbolically linking /home/aliomacc/sti_usv/build/workspace_ros/launch/kiss_icp.launch.py -> /home/aliomacc/sti_usv/install/workspace_ros/share/workspace_ros/launch
creating /home/aliomacc/sti_usv/install/workspace_ros/share/workspace_ros/scripts
symbolically linking /home/aliomacc/sti_usv/build/workspace_ros/scripts/imu_covariance_repub.py -> /home/aliomacc/sti_usv/install/workspace_ros/share/workspace_ros/scripts
symbolically linking /home/aliomacc/sti_usv/build/workspace_ros/scripts/converter.py -> /home/aliomacc/sti_usv/install/workspace_ros/share/workspace_ros/scripts
symbolically linking /home/aliomacc/sti_usv/build/workspace_ros/scripts/wasd_teleop.py -> /home/aliomacc/sti_usv/install/workspace_ros/share/workspace_ros/scripts
symbolically linking /home/aliomacc/sti_usv/build/workspace_ros/scripts/gps_covariance_repub.py -> /home/aliomacc/sti_usv/install/workspace_ros/share/workspace_ros/scripts
symbolically linking /home/aliomacc/sti_usv/build/workspace_ros/scripts/__init__.py -> /home/aliomacc/sti_usv/install/workspace_ros/share/workspace_ros/scripts
symbolically linking /home/aliomacc/sti_usv/build/workspace_ros/scripts/lidar_processor.py -> /home/aliomacc/sti_usv/install/workspace_ros/share/workspace_ros/scripts
symbolically linking /home/aliomacc/sti_usv/build/workspace_ros/scripts/static_transform_publisher.py -> /home/aliomacc/sti_usv/install/workspace_ros/share/workspace_ros/scripts
creating /home/aliomacc/sti_usv/install/workspace_ros/share/workspace_ros/YOLOv11
symbolically linking /home/aliomacc/sti_usv/build/workspace_ros/YOLOv11/YOLOv11.pt -> /home/aliomacc/sti_usv/install/workspace_ros/share/workspace_ros/YOLOv11
