[1.362s] Invoking command in '/home/aliomac/garp-test/workspace_nav': DEBUGINFOD_URLS=https://debuginfod.ubuntu.com PYTHONPATH=/home/aliomac/garp-test/build/workspace_nav/prefix_override:/usr/lib/python3/dist-packages/colcon_core/task/python/colcon_distutils_commands:/home/aliomac/garp-test/install/workspace_nav/lib/python3.12/site-packages:${PYTHONPATH} /usr/bin/python3 -W ignore:setup.py install is deprecated -W ignore:easy_install command is deprecated setup.py egg_info --egg-base ../build/workspace_nav build --build-base /home/aliomac/garp-test/build/workspace_nav/build install --record /home/aliomac/garp-test/build/workspace_nav/install.log --single-version-externally-managed install_data
[1.752s] running egg_info
[1.753s] creating ../build/workspace_nav/workspace_nav.egg-info
[1.781s] writing ../build/workspace_nav/workspace_nav.egg-info/PKG-INFO
[1.782s] writing dependency_links to ../build/workspace_nav/workspace_nav.egg-info/dependency_links.txt
[1.782s] writing entry points to ../build/workspace_nav/workspace_nav.egg-info/entry_points.txt
[1.782s] writing requirements to ../build/workspace_nav/workspace_nav.egg-info/requires.txt
[1.782s] writing top-level names to ../build/workspace_nav/workspace_nav.egg-info/top_level.txt
[1.782s] writing manifest file '../build/workspace_nav/workspace_nav.egg-info/SOURCES.txt'
[1.841s] reading manifest file '../build/workspace_nav/workspace_nav.egg-info/SOURCES.txt'
[1.841s] writing manifest file '../build/workspace_nav/workspace_nav.egg-info/SOURCES.txt'
[1.842s] running build
[1.842s] running build_py
[1.842s] creating /home/aliomac/garp-test/build/workspace_nav/build
[1.842s] creating /home/aliomac/garp-test/build/workspace_nav/build/lib
[1.842s] creating /home/aliomac/garp-test/build/workspace_nav/build/lib/scripts
[1.842s] copying scripts/parkour_navigation.py -> /home/aliomac/garp-test/build/workspace_nav/build/lib/scripts
[1.842s] copying scripts/__init__.py -> /home/aliomac/garp-test/build/workspace_nav/build/lib/scripts
[1.842s] running install
[1.850s] running install_lib
[1.879s] creating /home/aliomac/garp-test/install/workspace_nav/lib/python3.12/site-packages/scripts
[1.879s] copying /home/aliomac/garp-test/build/workspace_nav/build/lib/scripts/parkour_navigation.py -> /home/aliomac/garp-test/install/workspace_nav/lib/python3.12/site-packages/scripts
[1.879s] copying /home/aliomac/garp-test/build/workspace_nav/build/lib/scripts/__init__.py -> /home/aliomac/garp-test/install/workspace_nav/lib/python3.12/site-packages/scripts
[1.880s] byte-compiling /home/aliomac/garp-test/install/workspace_nav/lib/python3.12/site-packages/scripts/parkour_navigation.py to parkour_navigation.cpython-312.pyc
[1.882s] byte-compiling /home/aliomac/garp-test/install/workspace_nav/lib/python3.12/site-packages/scripts/__init__.py to __init__.cpython-312.pyc
[1.882s] running install_data
[1.882s] creating /home/aliomac/garp-test/install/workspace_nav/share/ament_index
[1.882s] creating /home/aliomac/garp-test/install/workspace_nav/share/ament_index/resource_index
[1.882s] creating /home/aliomac/garp-test/install/workspace_nav/share/ament_index/resource_index/packages
[1.882s] copying resource/workspace_nav -> /home/aliomac/garp-test/install/workspace_nav/share/ament_index/resource_index/packages
[1.882s] copying package.xml -> /home/aliomac/garp-test/install/workspace_nav/share/workspace_nav
[1.882s] creating /home/aliomac/garp-test/install/workspace_nav/share/workspace_nav/config
[1.883s] copying config/map.yaml -> /home/aliomac/garp-test/install/workspace_nav/share/workspace_nav/config
[1.883s] copying config/parkour_nav.yaml -> /home/aliomac/garp-test/install/workspace_nav/share/workspace_nav/config
[1.883s] copying config/nav2_params.yaml -> /home/aliomac/garp-test/install/workspace_nav/share/workspace_nav/config
[1.883s] creating /home/aliomac/garp-test/install/workspace_nav/share/workspace_nav/launch
[1.883s] copying launch/nav2.launch.py -> /home/aliomac/garp-test/install/workspace_nav/share/workspace_nav/launch
[1.883s] copying launch/parkour_nav.launch.py -> /home/aliomac/garp-test/install/workspace_nav/share/workspace_nav/launch
[1.883s] creating /home/aliomac/garp-test/install/workspace_nav/share/workspace_nav/scripts
[1.883s] copying scripts/parkour_navigation.py -> /home/aliomac/garp-test/install/workspace_nav/share/workspace_nav/scripts
[1.884s] copying scripts/__init__.py -> /home/aliomac/garp-test/install/workspace_nav/share/workspace_nav/scripts
[1.884s] creating /home/aliomac/garp-test/install/workspace_nav/share/workspace_nav/map
[1.884s] copying map/map.pgm -> /home/aliomac/garp-test/install/workspace_nav/share/workspace_nav/map
[1.884s] running install_egg_info
[1.919s] Copying ../build/workspace_nav/workspace_nav.egg-info to /home/aliomac/garp-test/install/workspace_nav/lib/python3.12/site-packages/workspace_nav-0.0.0-py3.12.egg-info
[1.920s] running install_scripts
[2.100s] Installing parkour_navigation script to /home/aliomac/garp-test/install/workspace_nav/lib/workspace_nav
[2.101s] writing list of installed files to '/home/aliomac/garp-test/build/workspace_nav/install.log'
[2.140s] Invoked command in '/home/aliomac/garp-test/workspace_nav' returned '0': DEBUGINFOD_URLS=https://debuginfod.ubuntu.com PYTHONPATH=/home/aliomac/garp-test/build/workspace_nav/prefix_override:/usr/lib/python3/dist-packages/colcon_core/task/python/colcon_distutils_commands:/home/aliomac/garp-test/install/workspace_nav/lib/python3.12/site-packages:${PYTHONPATH} /usr/bin/python3 -W ignore:setup.py install is deprecated -W ignore:easy_install command is deprecated setup.py egg_info --egg-base ../build/workspace_nav build --build-base /home/aliomac/garp-test/build/workspace_nav/build install --record /home/aliomac/garp-test/build/workspace_nav/install.log --single-version-externally-managed install_data
