[0.260s] DEBUG:colcon:Command line arguments: ['/usr/bin/colcon', 'build', '--packages-select', 'workspace_gz']
[0.260s] DEBUG:colcon:Parsed command line arguments: Namespace(log_base=None, log_level=None, verb_name='build', build_base='build', install_base='install', merge_install=False, symlink_install=False, test_result_base=None, continue_on_error=False, executor='parallel', parallel_workers=8, event_handlers=None, ignore_user_meta=False, metas=['./colcon.meta'], base_paths=['.'], packages_ignore=None, packages_ignore_regex=None, paths=None, packages_up_to=None, packages_up_to_regex=None, packages_above=None, packages_above_and_dependencies=None, packages_above_depth=None, packages_select_by_dep=None, packages_skip_by_dep=None, packages_skip_up_to=None, packages_select_build_failed=False, packages_skip_build_finished=False, packages_select_test_failures=False, packages_skip_test_passed=False, packages_select=['workspace_gz'], packages_skip=None, packages_select_regex=None, packages_skip_regex=None, packages_start=None, packages_end=None, allow_overriding=[], cmake_args=None, cmake_target=None, cmake_target_skip_unavailable=False, cmake_clean_cache=False, cmake_clean_first=False, cmake_force_configure=False, ament_cmake_args=None, catkin_cmake_args=None, catkin_skip_building_tests=False, mixin_files=None, mixin=None, verb_parser=<colcon_mixin.mixin.mixin_argument.MixinArgumentDecorator object at 0x7584f1f98a60>, verb_extension=<colcon_core.verb.build.BuildVerb object at 0x7584f1f984f0>, main=<bound method BuildVerb.main of <colcon_core.verb.build.BuildVerb object at 0x7584f1f984f0>>, mixin_verb=('build',))
[0.613s] Level 1:colcon.colcon_core.package_discovery:discover_packages(colcon_meta) check parameters
[0.613s] Level 1:colcon.colcon_core.package_discovery:discover_packages(recursive) check parameters
[0.613s] Level 1:colcon.colcon_core.package_discovery:discover_packages(ignore) check parameters
[0.613s] Level 1:colcon.colcon_core.package_discovery:discover_packages(path) check parameters
[0.613s] Level 1:colcon.colcon_core.package_discovery:discover_packages(colcon_meta) discover
[0.614s] Level 1:colcon.colcon_core.package_discovery:discover_packages(recursive) discover
[0.614s] INFO:colcon.colcon_core.package_discovery:Crawling recursively for packages in '/home/aliomacc/sti_usv'
[0.614s] Level 1:colcon.colcon_core.package_identification:_identify(.) by extensions ['ignore', 'ignore_ament_install']
[0.614s] Level 1:colcon.colcon_core.package_identification:_identify(.) by extension 'ignore'
[0.614s] Level 1:colcon.colcon_core.package_identification:_identify(.) by extension 'ignore_ament_install'
[0.614s] Level 1:colcon.colcon_core.package_identification:_identify(.) by extensions ['colcon_pkg']
[0.614s] Level 1:colcon.colcon_core.package_identification:_identify(.) by extension 'colcon_pkg'
[0.614s] Level 1:colcon.colcon_core.package_identification:_identify(.) by extensions ['colcon_meta']
[0.614s] Level 1:colcon.colcon_core.package_identification:_identify(.) by extension 'colcon_meta'
[0.614s] Level 1:colcon.colcon_core.package_identification:_identify(.) by extensions ['ros']
[0.614s] Level 1:colcon.colcon_core.package_identification:_identify(.) by extension 'ros'
[0.636s] Level 1:colcon.colcon_core.package_identification:_identify(.) by extensions ['cmake', 'python']
[0.636s] Level 1:colcon.colcon_core.package_identification:_identify(.) by extension 'cmake'
[0.636s] Level 1:colcon.colcon_core.package_identification:_identify(.) by extension 'python'
[0.636s] Level 1:colcon.colcon_core.package_identification:_identify(.) by extensions ['python_setup_py']
[0.636s] Level 1:colcon.colcon_core.package_identification:_identify(.) by extension 'python_setup_py'
[0.636s] Level 1:colcon.colcon_core.package_identification:_identify(build) by extensions ['ignore', 'ignore_ament_install']
[0.637s] Level 1:colcon.colcon_core.package_identification:_identify(build) by extension 'ignore'
[0.637s] Level 1:colcon.colcon_core.package_identification:_identify(build) ignored
[0.637s] Level 1:colcon.colcon_core.package_identification:_identify(install) by extensions ['ignore', 'ignore_ament_install']
[0.637s] Level 1:colcon.colcon_core.package_identification:_identify(install) by extension 'ignore'
[0.637s] Level 1:colcon.colcon_core.package_identification:_identify(install) ignored
[0.637s] Level 1:colcon.colcon_core.package_identification:_identify(log) by extensions ['ignore', 'ignore_ament_install']
[0.637s] Level 1:colcon.colcon_core.package_identification:_identify(log) by extension 'ignore'
[0.637s] Level 1:colcon.colcon_core.package_identification:_identify(log) ignored
[0.638s] Level 1:colcon.colcon_core.package_identification:_identify(src) by extensions ['ignore', 'ignore_ament_install']
[0.638s] Level 1:colcon.colcon_core.package_identification:_identify(src) by extension 'ignore'
[0.638s] Level 1:colcon.colcon_core.package_identification:_identify(src) by extension 'ignore_ament_install'
[0.638s] Level 1:colcon.colcon_core.package_identification:_identify(src) by extensions ['colcon_pkg']
[0.638s] Level 1:colcon.colcon_core.package_identification:_identify(src) by extension 'colcon_pkg'
[0.638s] Level 1:colcon.colcon_core.package_identification:_identify(src) by extensions ['colcon_meta']
[0.638s] Level 1:colcon.colcon_core.package_identification:_identify(src) by extension 'colcon_meta'
[0.639s] Level 1:colcon.colcon_core.package_identification:_identify(src) by extensions ['ros']
[0.639s] Level 1:colcon.colcon_core.package_identification:_identify(src) by extension 'ros'
[0.639s] Level 1:colcon.colcon_core.package_identification:_identify(src) by extensions ['cmake', 'python']
[0.639s] Level 1:colcon.colcon_core.package_identification:_identify(src) by extension 'cmake'
[0.639s] Level 1:colcon.colcon_core.package_identification:_identify(src) by extension 'python'
[0.639s] Level 1:colcon.colcon_core.package_identification:_identify(src) by extensions ['python_setup_py']
[0.639s] Level 1:colcon.colcon_core.package_identification:_identify(src) by extension 'python_setup_py'
[0.640s] Level 1:colcon.colcon_core.package_identification:_identify(src/usv_sim) by extensions ['ignore', 'ignore_ament_install']
[0.640s] Level 1:colcon.colcon_core.package_identification:_identify(src/usv_sim) by extension 'ignore'
[0.640s] Level 1:colcon.colcon_core.package_identification:_identify(src/usv_sim) by extension 'ignore_ament_install'
[0.641s] Level 1:colcon.colcon_core.package_identification:_identify(src/usv_sim) by extensions ['colcon_pkg']
[0.641s] Level 1:colcon.colcon_core.package_identification:_identify(src/usv_sim) by extension 'colcon_pkg'
[0.641s] Level 1:colcon.colcon_core.package_identification:_identify(src/usv_sim) by extensions ['colcon_meta']
[0.641s] Level 1:colcon.colcon_core.package_identification:_identify(src/usv_sim) by extension 'colcon_meta'
[0.641s] Level 1:colcon.colcon_core.package_identification:_identify(src/usv_sim) by extensions ['ros']
[0.641s] Level 1:colcon.colcon_core.package_identification:_identify(src/usv_sim) by extension 'ros'
[0.641s] Level 1:colcon.colcon_core.package_identification:_identify(src/usv_sim) by extensions ['cmake', 'python']
[0.641s] Level 1:colcon.colcon_core.package_identification:_identify(src/usv_sim) by extension 'cmake'
[0.642s] Level 1:colcon.colcon_core.package_identification:_identify(src/usv_sim) by extension 'python'
[0.642s] Level 1:colcon.colcon_core.package_identification:_identify(src/usv_sim) by extensions ['python_setup_py']
[0.642s] Level 1:colcon.colcon_core.package_identification:_identify(src/usv_sim) by extension 'python_setup_py'
[0.642s] Level 1:colcon.colcon_core.package_identification:_identify(src/usv_sim/__pycache__) by extensions ['ignore', 'ignore_ament_install']
[0.642s] Level 1:colcon.colcon_core.package_identification:_identify(src/usv_sim/__pycache__) by extension 'ignore'
[0.642s] Level 1:colcon.colcon_core.package_identification:_identify(src/usv_sim/__pycache__) by extension 'ignore_ament_install'
[0.642s] Level 1:colcon.colcon_core.package_identification:_identify(src/usv_sim/__pycache__) by extensions ['colcon_pkg']
[0.642s] Level 1:colcon.colcon_core.package_identification:_identify(src/usv_sim/__pycache__) by extension 'colcon_pkg'
[0.643s] Level 1:colcon.colcon_core.package_identification:_identify(src/usv_sim/__pycache__) by extensions ['colcon_meta']
[0.643s] Level 1:colcon.colcon_core.package_identification:_identify(src/usv_sim/__pycache__) by extension 'colcon_meta'
[0.643s] Level 1:colcon.colcon_core.package_identification:_identify(src/usv_sim/__pycache__) by extensions ['ros']
[0.643s] Level 1:colcon.colcon_core.package_identification:_identify(src/usv_sim/__pycache__) by extension 'ros'
[0.643s] Level 1:colcon.colcon_core.package_identification:_identify(src/usv_sim/__pycache__) by extensions ['cmake', 'python']
[0.643s] Level 1:colcon.colcon_core.package_identification:_identify(src/usv_sim/__pycache__) by extension 'cmake'
[0.643s] Level 1:colcon.colcon_core.package_identification:_identify(src/usv_sim/__pycache__) by extension 'python'
[0.643s] Level 1:colcon.colcon_core.package_identification:_identify(src/usv_sim/__pycache__) by extensions ['python_setup_py']
[0.643s] Level 1:colcon.colcon_core.package_identification:_identify(src/usv_sim/__pycache__) by extension 'python_setup_py'
[0.644s] Level 1:colcon.colcon_core.package_identification:_identify(src/usv_sim/workspace_gz) by extensions ['ignore', 'ignore_ament_install']
[0.644s] Level 1:colcon.colcon_core.package_identification:_identify(src/usv_sim/workspace_gz) by extension 'ignore'
[0.644s] Level 1:colcon.colcon_core.package_identification:_identify(src/usv_sim/workspace_gz) by extension 'ignore_ament_install'
[0.644s] Level 1:colcon.colcon_core.package_identification:_identify(src/usv_sim/workspace_gz) by extensions ['colcon_pkg']
[0.644s] Level 1:colcon.colcon_core.package_identification:_identify(src/usv_sim/workspace_gz) by extension 'colcon_pkg'
[0.644s] Level 1:colcon.colcon_core.package_identification:_identify(src/usv_sim/workspace_gz) by extensions ['colcon_meta']
[0.644s] Level 1:colcon.colcon_core.package_identification:_identify(src/usv_sim/workspace_gz) by extension 'colcon_meta'
[0.644s] Level 1:colcon.colcon_core.package_identification:_identify(src/usv_sim/workspace_gz) by extensions ['ros']
[0.644s] Level 1:colcon.colcon_core.package_identification:_identify(src/usv_sim/workspace_gz) by extension 'ros'
[0.672s] DEBUG:colcon.colcon_core.package_identification:Package 'src/usv_sim/workspace_gz' with type 'ros.ament_cmake' and name 'workspace_gz'
[0.673s] Level 1:colcon.colcon_core.package_identification:_identify(src/usv_sim/workspace_nav) by extensions ['ignore', 'ignore_ament_install']
[0.674s] Level 1:colcon.colcon_core.package_identification:_identify(src/usv_sim/workspace_nav) by extension 'ignore'
[0.674s] Level 1:colcon.colcon_core.package_identification:_identify(src/usv_sim/workspace_nav) by extension 'ignore_ament_install'
[0.674s] Level 1:colcon.colcon_core.package_identification:_identify(src/usv_sim/workspace_nav) by extensions ['colcon_pkg']
[0.674s] Level 1:colcon.colcon_core.package_identification:_identify(src/usv_sim/workspace_nav) by extension 'colcon_pkg'
[0.675s] Level 1:colcon.colcon_core.package_identification:_identify(src/usv_sim/workspace_nav) by extensions ['colcon_meta']
[0.675s] Level 1:colcon.colcon_core.package_identification:_identify(src/usv_sim/workspace_nav) by extension 'colcon_meta'
[0.675s] Level 1:colcon.colcon_core.package_identification:_identify(src/usv_sim/workspace_nav) by extensions ['ros']
[0.675s] Level 1:colcon.colcon_core.package_identification:_identify(src/usv_sim/workspace_nav) by extension 'ros'
[0.678s] DEBUG:colcon.colcon_core.package_identification:Package 'src/usv_sim/workspace_nav' with type 'ros.ament_python' and name 'workspace_nav'
[0.679s] Level 1:colcon.colcon_core.package_identification:_identify(src/usv_sim/workspace_ros) by extensions ['ignore', 'ignore_ament_install']
[0.679s] Level 1:colcon.colcon_core.package_identification:_identify(src/usv_sim/workspace_ros) by extension 'ignore'
[0.679s] Level 1:colcon.colcon_core.package_identification:_identify(src/usv_sim/workspace_ros) by extension 'ignore_ament_install'
[0.679s] Level 1:colcon.colcon_core.package_identification:_identify(src/usv_sim/workspace_ros) by extensions ['colcon_pkg']
[0.679s] Level 1:colcon.colcon_core.package_identification:_identify(src/usv_sim/workspace_ros) by extension 'colcon_pkg'
[0.679s] Level 1:colcon.colcon_core.package_identification:_identify(src/usv_sim/workspace_ros) by extensions ['colcon_meta']
[0.679s] Level 1:colcon.colcon_core.package_identification:_identify(src/usv_sim/workspace_ros) by extension 'colcon_meta'
[0.679s] Level 1:colcon.colcon_core.package_identification:_identify(src/usv_sim/workspace_ros) by extensions ['ros']
[0.679s] Level 1:colcon.colcon_core.package_identification:_identify(src/usv_sim/workspace_ros) by extension 'ros'
[0.682s] DEBUG:colcon.colcon_core.package_identification:Package 'src/usv_sim/workspace_ros' with type 'ros.ament_python' and name 'workspace_ros'
[0.682s] Level 1:colcon.colcon_core.package_discovery:discover_packages(recursive) using defaults
[0.682s] Level 1:colcon.colcon_core.package_discovery:discover_packages(ignore) discover
[0.682s] Level 1:colcon.colcon_core.package_discovery:discover_packages(ignore) using defaults
[0.682s] Level 1:colcon.colcon_core.package_discovery:discover_packages(path) discover
[0.682s] Level 1:colcon.colcon_core.package_discovery:discover_packages(path) using defaults
[0.726s] INFO:colcon.colcon_core.package_selection:Skipping not selected package 'workspace_nav' in 'src/usv_sim/workspace_nav'
[0.726s] INFO:colcon.colcon_core.package_selection:Skipping not selected package 'workspace_ros' in 'src/usv_sim/workspace_ros'
[0.727s] Level 1:colcon.colcon_core.package_discovery:discover_packages(prefix_path) check parameters
[0.727s] Level 1:colcon.colcon_core.package_discovery:discover_packages(prefix_path) discover
[0.730s] DEBUG:colcon.colcon_installed_package_information.package_discovery:Found 4 installed packages in /home/aliomacc/turtlebot3_ws/install
[0.731s] DEBUG:colcon.colcon_installed_package_information.package_discovery:Found 6 installed packages in /home/aliomacc/ros2_ws/install
[0.735s] DEBUG:colcon.colcon_installed_package_information.package_discovery:Found 450 installed packages in /opt/ros/humble
[0.741s] Level 1:colcon.colcon_core.package_discovery:discover_packages(prefix_path) using defaults
[0.833s] Level 5:colcon.colcon_core.verb:set package 'workspace_gz' build argument 'cmake_args' from command line to 'None'
[0.833s] Level 5:colcon.colcon_core.verb:set package 'workspace_gz' build argument 'cmake_target' from command line to 'None'
[0.833s] Level 5:colcon.colcon_core.verb:set package 'workspace_gz' build argument 'cmake_target_skip_unavailable' from command line to 'False'
[0.833s] Level 5:colcon.colcon_core.verb:set package 'workspace_gz' build argument 'cmake_clean_cache' from command line to 'False'
[0.833s] Level 5:colcon.colcon_core.verb:set package 'workspace_gz' build argument 'cmake_clean_first' from command line to 'False'
[0.833s] Level 5:colcon.colcon_core.verb:set package 'workspace_gz' build argument 'cmake_force_configure' from command line to 'False'
[0.833s] Level 5:colcon.colcon_core.verb:set package 'workspace_gz' build argument 'ament_cmake_args' from command line to 'None'
[0.833s] Level 5:colcon.colcon_core.verb:set package 'workspace_gz' build argument 'catkin_cmake_args' from command line to 'None'
[0.833s] Level 5:colcon.colcon_core.verb:set package 'workspace_gz' build argument 'catkin_skip_building_tests' from command line to 'False'
[0.833s] DEBUG:colcon.colcon_core.verb:Building package 'workspace_gz' with the following arguments: {'ament_cmake_args': None, 'build_base': '/home/aliomacc/sti_usv/build/workspace_gz', 'catkin_cmake_args': None, 'catkin_skip_building_tests': False, 'cmake_args': None, 'cmake_clean_cache': False, 'cmake_clean_first': False, 'cmake_force_configure': False, 'cmake_target': None, 'cmake_target_skip_unavailable': False, 'install_base': '/home/aliomacc/sti_usv/install/workspace_gz', 'merge_install': False, 'path': '/home/aliomacc/sti_usv/src/usv_sim/workspace_gz', 'symlink_install': False, 'test_result_base': None}
[0.834s] INFO:colcon.colcon_core.executor:Executing jobs using 'parallel' executor
[0.835s] DEBUG:colcon.colcon_parallel_executor.executor.parallel:run_until_complete
[0.835s] INFO:colcon.colcon_ros.task.ament_cmake.build:Building ROS package in '/home/aliomacc/sti_usv/src/usv_sim/workspace_gz' with build type 'ament_cmake'
[0.836s] INFO:colcon.colcon_cmake.task.cmake.build:Building CMake package in '/home/aliomacc/sti_usv/src/usv_sim/workspace_gz'
[0.838s] INFO:colcon.colcon_core.plugin_system:Skipping extension 'colcon_core.shell.bat': Not used on non-Windows systems
[0.839s] INFO:colcon.colcon_core.shell:Skip shell extension 'powershell' for command environment: Not usable outside of PowerShell
[0.839s] DEBUG:colcon.colcon_core.shell:Skip shell extension 'dsv' for command environment
[0.866s] DEBUG:colcon.colcon_core.event_handler.log_command:Invoking command in '/home/aliomacc/sti_usv/build/workspace_gz': CMAKE_PREFIX_PATH=${CMAKE_PREFIX_PATH}:/home/aliomacc/ros2_ws/install/actions_py:/home/aliomacc/ros2_ws/install/lifecycle_py:/opt/ros/humble /usr/bin/cmake /home/aliomacc/sti_usv/src/usv_sim/workspace_gz -DCMAKE_INSTALL_PREFIX=/home/aliomacc/sti_usv/install/workspace_gz
[3.748s] DEBUG:colcon.colcon_core.event_handler.log_command:Invoked command in '/home/aliomacc/sti_usv/build/workspace_gz' returned '0': CMAKE_PREFIX_PATH=${CMAKE_PREFIX_PATH}:/home/aliomacc/ros2_ws/install/actions_py:/home/aliomacc/ros2_ws/install/lifecycle_py:/opt/ros/humble /usr/bin/cmake /home/aliomacc/sti_usv/src/usv_sim/workspace_gz -DCMAKE_INSTALL_PREFIX=/home/aliomacc/sti_usv/install/workspace_gz
[3.753s] DEBUG:colcon.colcon_core.event_handler.log_command:Invoking command in '/home/aliomacc/sti_usv/build/workspace_gz': CMAKE_PREFIX_PATH=${CMAKE_PREFIX_PATH}:/home/aliomacc/ros2_ws/install/actions_py:/home/aliomacc/ros2_ws/install/lifecycle_py:/opt/ros/humble /usr/bin/cmake --build /home/aliomacc/sti_usv/build/workspace_gz -- -j8 -l8
[20.079s] DEBUG:colcon.colcon_core.event_handler.log_command:Invoked command in '/home/aliomacc/sti_usv/build/workspace_gz' returned '2': CMAKE_PREFIX_PATH=${CMAKE_PREFIX_PATH}:/home/aliomacc/ros2_ws/install/actions_py:/home/aliomacc/ros2_ws/install/lifecycle_py:/opt/ros/humble /usr/bin/cmake --build /home/aliomacc/sti_usv/build/workspace_gz -- -j8 -l8
[20.082s] Level 1:colcon.colcon_core.environment:create_environment_scripts_only(workspace_gz)
[20.086s] Level 1:colcon.colcon_core.environment:checking '/home/aliomacc/sti_usv/install/workspace_gz' for CMake module files
[20.086s] Level 1:colcon.colcon_core.environment:checking '/home/aliomacc/sti_usv/install/workspace_gz' for CMake config files
[20.087s] Level 1:colcon.colcon_core.environment:checking '/home/aliomacc/sti_usv/install/workspace_gz/bin'
[20.087s] Level 1:colcon.colcon_core.environment:checking '/home/aliomacc/sti_usv/install/workspace_gz/lib/pkgconfig/workspace_gz.pc'
[20.087s] Level 1:colcon.colcon_core.environment:checking '/home/aliomacc/sti_usv/install/workspace_gz/lib/python3.10/site-packages'
[20.088s] Level 1:colcon.colcon_core.environment:checking '/home/aliomacc/sti_usv/install/workspace_gz/bin'
[20.088s] INFO:colcon.colcon_core.shell:Creating package script '/home/aliomacc/sti_usv/install/workspace_gz/share/workspace_gz/package.ps1'
[20.090s] INFO:colcon.colcon_core.shell:Creating package descriptor '/home/aliomacc/sti_usv/install/workspace_gz/share/workspace_gz/package.dsv'
[20.094s] INFO:colcon.colcon_core.shell:Creating package script '/home/aliomacc/sti_usv/install/workspace_gz/share/workspace_gz/package.sh'
[20.099s] INFO:colcon.colcon_core.shell:Creating package script '/home/aliomacc/sti_usv/install/workspace_gz/share/workspace_gz/package.bash'
[20.101s] INFO:colcon.colcon_core.shell:Creating package script '/home/aliomacc/sti_usv/install/workspace_gz/share/workspace_gz/package.zsh'
[20.102s] Level 1:colcon.colcon_core.environment:create_file_with_runtime_dependencies(/home/aliomacc/sti_usv/install/workspace_gz/share/colcon-core/packages/workspace_gz)
[20.113s] DEBUG:colcon.colcon_parallel_executor.executor.parallel:closing loop
[20.114s] DEBUG:colcon.colcon_parallel_executor.executor.parallel:loop closed
[20.115s] DEBUG:colcon.colcon_parallel_executor.executor.parallel:run_until_complete finished with '2'
[20.115s] DEBUG:colcon.colcon_core.event_reactor:joining thread
[20.135s] INFO:colcon.colcon_core.plugin_system:Skipping extension 'colcon_notification.desktop_notification.terminal_notifier': Not used on non-Darwin systems
[20.135s] INFO:colcon.colcon_core.plugin_system:Skipping extension 'colcon_notification.desktop_notification.win32': Not used on non-Windows systems
[20.136s] INFO:colcon.colcon_notification.desktop_notification:Sending desktop notification using 'notify2'
[20.172s] DEBUG:colcon.colcon_core.event_reactor:joined thread
[20.173s] INFO:colcon.colcon_core.shell:Creating prefix script '/home/aliomacc/sti_usv/install/local_setup.ps1'
[20.175s] INFO:colcon.colcon_core.shell:Creating prefix util module '/home/aliomacc/sti_usv/install/_local_setup_util_ps1.py'
[20.181s] INFO:colcon.colcon_core.shell:Creating prefix chain script '/home/aliomacc/sti_usv/install/setup.ps1'
[20.187s] INFO:colcon.colcon_core.shell:Creating prefix script '/home/aliomacc/sti_usv/install/local_setup.sh'
[20.187s] INFO:colcon.colcon_core.shell:Creating prefix util module '/home/aliomacc/sti_usv/install/_local_setup_util_sh.py'
[20.188s] INFO:colcon.colcon_core.shell:Creating prefix chain script '/home/aliomacc/sti_usv/install/setup.sh'
[20.191s] INFO:colcon.colcon_core.shell:Creating prefix script '/home/aliomacc/sti_usv/install/local_setup.bash'
[20.193s] INFO:colcon.colcon_core.shell:Creating prefix chain script '/home/aliomacc/sti_usv/install/setup.bash'
[20.197s] INFO:colcon.colcon_core.shell:Creating prefix script '/home/aliomacc/sti_usv/install/local_setup.zsh'
[20.201s] INFO:colcon.colcon_core.shell:Creating prefix chain script '/home/aliomacc/sti_usv/install/setup.zsh'
