[1.503s] Invoking command in '/home/aliomac/garp-test/workspace_nav': DEBUGINFOD_URLS=https://debuginfod.ubuntu.com PYTHONPATH=/home/aliomac/garp-test/build/workspace_nav/prefix_override:/usr/lib/python3/dist-packages/colcon_core/task/python/colcon_distutils_commands:/home/aliomac/garp-test/install/workspace_nav/lib/python3.12/site-packages:${PYTHONPATH} /usr/bin/python3 -W ignore:setup.py install is deprecated -W ignore:easy_install command is deprecated setup.py egg_info --egg-base ../build/workspace_nav build --build-base /home/aliomac/garp-test/build/workspace_nav/build install --record /home/aliomac/garp-test/build/workspace_nav/install.log --single-version-externally-managed install_data
[1.849s] running egg_info
[1.877s] writing ../build/workspace_nav/workspace_nav.egg-info/PKG-INFO
[1.877s] writing dependency_links to ../build/workspace_nav/workspace_nav.egg-info/dependency_links.txt
[1.877s] writing entry points to ../build/workspace_nav/workspace_nav.egg-info/entry_points.txt
[1.877s] writing requirements to ../build/workspace_nav/workspace_nav.egg-info/requires.txt
[1.877s] writing top-level names to ../build/workspace_nav/workspace_nav.egg-info/top_level.txt
[1.934s] reading manifest file '../build/workspace_nav/workspace_nav.egg-info/SOURCES.txt'
[1.935s] writing manifest file '../build/workspace_nav/workspace_nav.egg-info/SOURCES.txt'
[1.935s] running build
[1.935s] running build_py
[1.935s] copying scripts/parkour_navigation.py -> /home/aliomac/garp-test/build/workspace_nav/build/lib/scripts
[1.935s] running install
[1.942s] running install_lib
[1.969s] copying /home/aliomac/garp-test/build/workspace_nav/build/lib/scripts/parkour_navigation.py -> /home/aliomac/garp-test/install/workspace_nav/lib/python3.12/site-packages/scripts
[1.970s] byte-compiling /home/aliomac/garp-test/install/workspace_nav/lib/python3.12/site-packages/scripts/parkour_navigation.py to parkour_navigation.cpython-312.pyc
[1.972s] running install_data
[1.972s] copying scripts/parkour_navigation.py -> /home/aliomac/garp-test/install/workspace_nav/share/workspace_nav/scripts
[1.972s] running install_egg_info
[2.002s] removing '/home/aliomac/garp-test/install/workspace_nav/lib/python3.12/site-packages/workspace_nav-0.0.0-py3.12.egg-info' (and everything under it)
[2.003s] Copying ../build/workspace_nav/workspace_nav.egg-info to /home/aliomac/garp-test/install/workspace_nav/lib/python3.12/site-packages/workspace_nav-0.0.0-py3.12.egg-info
[2.003s] running install_scripts
[2.173s] Installing parkour_navigation script to /home/aliomac/garp-test/install/workspace_nav/lib/workspace_nav
[2.174s] writing list of installed files to '/home/aliomac/garp-test/build/workspace_nav/install.log'
[2.217s] Invoked command in '/home/aliomac/garp-test/workspace_nav' returned '0': DEBUGINFOD_URLS=https://debuginfod.ubuntu.com PYTHONPATH=/home/aliomac/garp-test/build/workspace_nav/prefix_override:/usr/lib/python3/dist-packages/colcon_core/task/python/colcon_distutils_commands:/home/aliomac/garp-test/install/workspace_nav/lib/python3.12/site-packages:${PYTHONPATH} /usr/bin/python3 -W ignore:setup.py install is deprecated -W ignore:easy_install command is deprecated setup.py egg_info --egg-base ../build/workspace_nav build --build-base /home/aliomac/garp-test/build/workspace_nav/build install --record /home/aliomac/garp-test/build/workspace_nav/install.log --single-version-externally-managed install_data
