[0.714s] Invoking command in '/home/aliomacc/sti_usv/build/workspace_nav': PYTHONPATH=/home/aliomacc/sti_usv/build/workspace_nav/prefix_override:/usr/lib/python3/dist-packages/colcon_core/task/python/colcon_distutils_commands:/home/aliomacc/sti_usv/install/workspace_nav/lib/python3.10/site-packages:${PYTHONPATH} /usr/bin/python3 -W ignore:setup.py install is deprecated -W ignore:easy_install command is deprecated setup.py develop --editable --build-directory /home/aliomacc/sti_usv/build/workspace_nav/build --no-deps symlink_data
[1.019s] running develop
[1.249s] running egg_info
[1.249s] writing workspace_nav.egg-info/PKG-INFO
[1.249s] writing dependency_links to workspace_nav.egg-info/dependency_links.txt
[1.249s] writing entry points to workspace_nav.egg-info/entry_points.txt
[1.249s] writing requirements to workspace_nav.egg-info/requires.txt
[1.249s] writing top-level names to workspace_nav.egg-info/top_level.txt
[1.251s] reading manifest file 'workspace_nav.egg-info/SOURCES.txt'
[1.252s] writing manifest file 'workspace_nav.egg-info/SOURCES.txt'
[1.254s] running build_ext
[1.254s] Creating /home/aliomacc/sti_usv/install/workspace_nav/lib/python3.10/site-packages/workspace-nav.egg-link (link to .)
[1.255s] Installing gate_goal_publisher script to /home/aliomacc/sti_usv/install/workspace_nav/lib/workspace_nav
[1.255s] Installing kamikaze_control script to /home/aliomacc/sti_usv/install/workspace_nav/lib/workspace_nav
[1.255s] Installing local_goal_bridge script to /home/aliomacc/sti_usv/install/workspace_nav/lib/workspace_nav
[1.255s] Installing mission_manager script to /home/aliomacc/sti_usv/install/workspace_nav/lib/workspace_nav
[1.255s] Installing parkour_navigation script to /home/aliomacc/sti_usv/install/workspace_nav/lib/workspace_nav
[1.255s] Installing yolo_detector script to /home/aliomacc/sti_usv/install/workspace_nav/lib/workspace_nav
[1.256s] 
[1.256s] Installed /home/aliomacc/sti_usv/build/workspace_nav
[1.256s] running symlink_data
[1.282s] Invoked command in '/home/aliomacc/sti_usv/build/workspace_nav' returned '0': PYTHONPATH=/home/aliomacc/sti_usv/build/workspace_nav/prefix_override:/usr/lib/python3/dist-packages/colcon_core/task/python/colcon_distutils_commands:/home/aliomacc/sti_usv/install/workspace_nav/lib/python3.10/site-packages:${PYTHONPATH} /usr/bin/python3 -W ignore:setup.py install is deprecated -W ignore:easy_install command is deprecated setup.py develop --editable --build-directory /home/aliomacc/sti_usv/build/workspace_nav/build --no-deps symlink_data
