[0.320s] DEBUG:colcon:Command line arguments: ['/usr/bin/colcon', 'build', '--packages-select', 'workspace_gz']
[0.321s] DEBUG:colcon:Parsed command line arguments: Namespace(log_base=None, log_level=None, verb_name='build', build_base='build', install_base='install', merge_install=False, symlink_install=False, test_result_base=None, continue_on_error=False, executor='parallel', parallel_workers=8, event_handlers=None, ignore_user_meta=False, metas=['./colcon.meta'], base_paths=['.'], packages_ignore=None, packages_ignore_regex=None, paths=None, packages_up_to=None, packages_up_to_regex=None, packages_above=None, packages_above_and_dependencies=None, packages_above_depth=None, packages_select_by_dep=None, packages_skip_by_dep=None, packages_skip_up_to=None, packages_select_build_failed=False, packages_skip_build_finished=False, packages_select_test_failures=False, packages_skip_test_passed=False, packages_select=['workspace_gz'], packages_skip=None, packages_select_regex=None, packages_skip_regex=None, packages_start=None, packages_end=None, allow_overriding=[], cmake_args=None, cmake_target=None, cmake_target_skip_unavailable=False, cmake_clean_cache=False, cmake_clean_first=False, cmake_force_configure=False, ament_cmake_args=None, catkin_cmake_args=None, catkin_skip_building_tests=False, mixin_files=None, mixin=None, verb_parser=<colcon_mixin.mixin.mixin_argument.MixinArgumentDecorator object at 0x712602b8ca60>, verb_extension=<colcon_core.verb.build.BuildVerb object at 0x712602b8c4f0>, main=<bound method BuildVerb.main of <colcon_core.verb.build.BuildVerb object at 0x712602b8c4f0>>, mixin_verb=('build',))
[0.712s] Level 1:colcon.colcon_core.package_discovery:discover_packages(colcon_meta) check parameters
[0.712s] Level 1:colcon.colcon_core.package_discovery:discover_packages(recursive) check parameters
[0.713s] Level 1:colcon.colcon_core.package_discovery:discover_packages(ignore) check parameters
[0.713s] Level 1:colcon.colcon_core.package_discovery:discover_packages(path) check parameters
[0.713s] Level 1:colcon.colcon_core.package_discovery:discover_packages(colcon_meta) discover
[0.713s] Level 1:colcon.colcon_core.package_discovery:discover_packages(recursive) discover
[0.713s] INFO:colcon.colcon_core.package_discovery:Crawling recursively for packages in '/home/aliomacc/sti_usv/src/usv_sim/workspace_gz'
[0.713s] Level 1:colcon.colcon_core.package_identification:_identify(.) by extensions ['ignore', 'ignore_ament_install']
[0.713s] Level 1:colcon.colcon_core.package_identification:_identify(.) by extension 'ignore'
[0.713s] Level 1:colcon.colcon_core.package_identification:_identify(.) by extension 'ignore_ament_install'
[0.713s] Level 1:colcon.colcon_core.package_identification:_identify(.) by extensions ['colcon_pkg']
[0.713s] Level 1:colcon.colcon_core.package_identification:_identify(.) by extension 'colcon_pkg'
[0.713s] Level 1:colcon.colcon_core.package_identification:_identify(.) by extensions ['colcon_meta']
[0.713s] Level 1:colcon.colcon_core.package_identification:_identify(.) by extension 'colcon_meta'
[0.713s] Level 1:colcon.colcon_core.package_identification:_identify(.) by extensions ['ros']
[0.713s] Level 1:colcon.colcon_core.package_identification:_identify(.) by extension 'ros'
[0.773s] DEBUG:colcon.colcon_core.package_identification:Package '.' with type 'ros.ament_cmake' and name 'workspace_gz'
[0.774s] Level 1:colcon.colcon_core.package_discovery:discover_packages(recursive) using defaults
[0.774s] Level 1:colcon.colcon_core.package_discovery:discover_packages(ignore) discover
[0.774s] Level 1:colcon.colcon_core.package_discovery:discover_packages(ignore) using defaults
[0.774s] Level 1:colcon.colcon_core.package_discovery:discover_packages(path) discover
[0.774s] Level 1:colcon.colcon_core.package_discovery:discover_packages(path) using defaults
[0.824s] Level 1:colcon.colcon_core.package_discovery:discover_packages(prefix_path) check parameters
[0.824s] Level 1:colcon.colcon_core.package_discovery:discover_packages(prefix_path) discover
[0.828s] DEBUG:colcon.colcon_installed_package_information.package_discovery:Found 4 installed packages in /home/aliomacc/turtlebot3_ws/install
[0.829s] DEBUG:colcon.colcon_installed_package_information.package_discovery:Found 6 installed packages in /home/aliomacc/ros2_ws/install
[0.834s] DEBUG:colcon.colcon_installed_package_information.package_discovery:Found 450 installed packages in /opt/ros/humble
[0.840s] Level 1:colcon.colcon_core.package_discovery:discover_packages(prefix_path) using defaults
[0.948s] Level 5:colcon.colcon_core.verb:set package 'workspace_gz' build argument 'cmake_args' from command line to 'None'
[0.948s] Level 5:colcon.colcon_core.verb:set package 'workspace_gz' build argument 'cmake_target' from command line to 'None'
[0.948s] Level 5:colcon.colcon_core.verb:set package 'workspace_gz' build argument 'cmake_target_skip_unavailable' from command line to 'False'
[0.948s] Level 5:colcon.colcon_core.verb:set package 'workspace_gz' build argument 'cmake_clean_cache' from command line to 'False'
[0.948s] Level 5:colcon.colcon_core.verb:set package 'workspace_gz' build argument 'cmake_clean_first' from command line to 'False'
[0.948s] Level 5:colcon.colcon_core.verb:set package 'workspace_gz' build argument 'cmake_force_configure' from command line to 'False'
[0.949s] Level 5:colcon.colcon_core.verb:set package 'workspace_gz' build argument 'ament_cmake_args' from command line to 'None'
[0.949s] Level 5:colcon.colcon_core.verb:set package 'workspace_gz' build argument 'catkin_cmake_args' from command line to 'None'
[0.949s] Level 5:colcon.colcon_core.verb:set package 'workspace_gz' build argument 'catkin_skip_building_tests' from command line to 'False'
[0.949s] DEBUG:colcon.colcon_core.verb:Building package 'workspace_gz' with the following arguments: {'ament_cmake_args': None, 'build_base': '/home/aliomacc/sti_usv/src/usv_sim/workspace_gz/build/workspace_gz', 'catkin_cmake_args': None, 'catkin_skip_building_tests': False, 'cmake_args': None, 'cmake_clean_cache': False, 'cmake_clean_first': False, 'cmake_force_configure': False, 'cmake_target': None, 'cmake_target_skip_unavailable': False, 'install_base': '/home/aliomacc/sti_usv/src/usv_sim/workspace_gz/install/workspace_gz', 'merge_install': False, 'path': '/home/aliomacc/sti_usv/src/usv_sim/workspace_gz', 'symlink_install': False, 'test_result_base': None}
[0.950s] INFO:colcon.colcon_core.executor:Executing jobs using 'parallel' executor
[0.953s] DEBUG:colcon.colcon_parallel_executor.executor.parallel:run_until_complete
[0.953s] INFO:colcon.colcon_ros.task.ament_cmake.build:Building ROS package in '/home/aliomacc/sti_usv/src/usv_sim/workspace_gz' with build type 'ament_cmake'
[0.954s] INFO:colcon.colcon_cmake.task.cmake.build:Building CMake package in '/home/aliomacc/sti_usv/src/usv_sim/workspace_gz'
[0.957s] INFO:colcon.colcon_core.plugin_system:Skipping extension 'colcon_core.shell.bat': Not used on non-Windows systems
[0.957s] INFO:colcon.colcon_core.shell:Skip shell extension 'powershell' for command environment: Not usable outside of PowerShell
[0.957s] DEBUG:colcon.colcon_core.shell:Skip shell extension 'dsv' for command environment
[0.980s] DEBUG:colcon.colcon_core.event_handler.log_command:Invoking command in '/home/aliomacc/sti_usv/src/usv_sim/workspace_gz/build/workspace_gz': CMAKE_PREFIX_PATH=${CMAKE_PREFIX_PATH}:/home/aliomacc/ros2_ws/install/actions_py:/home/aliomacc/ros2_ws/install/lifecycle_py:/opt/ros/humble /usr/bin/cmake /home/aliomacc/sti_usv/src/usv_sim/workspace_gz -DCMAKE_INSTALL_PREFIX=/home/aliomacc/sti_usv/src/usv_sim/workspace_gz/install/workspace_gz
[5.906s] DEBUG:colcon.colcon_core.event_handler.log_command:Invoked command in '/home/aliomacc/sti_usv/src/usv_sim/workspace_gz/build/workspace_gz' returned '0': CMAKE_PREFIX_PATH=${CMAKE_PREFIX_PATH}:/home/aliomacc/ros2_ws/install/actions_py:/home/aliomacc/ros2_ws/install/lifecycle_py:/opt/ros/humble /usr/bin/cmake /home/aliomacc/sti_usv/src/usv_sim/workspace_gz -DCMAKE_INSTALL_PREFIX=/home/aliomacc/sti_usv/src/usv_sim/workspace_gz/install/workspace_gz
[5.915s] DEBUG:colcon.colcon_core.event_handler.log_command:Invoking command in '/home/aliomacc/sti_usv/src/usv_sim/workspace_gz/build/workspace_gz': CMAKE_PREFIX_PATH=${CMAKE_PREFIX_PATH}:/home/aliomacc/ros2_ws/install/actions_py:/home/aliomacc/ros2_ws/install/lifecycle_py:/opt/ros/humble /usr/bin/cmake --build /home/aliomacc/sti_usv/src/usv_sim/workspace_gz/build/workspace_gz -- -j8 -l8
[103.056s] DEBUG:colcon.colcon_core.event_handler.log_command:Invoked command in '/home/aliomacc/sti_usv/src/usv_sim/workspace_gz/build/workspace_gz' returned '2': CMAKE_PREFIX_PATH=${CMAKE_PREFIX_PATH}:/home/aliomacc/ros2_ws/install/actions_py:/home/aliomacc/ros2_ws/install/lifecycle_py:/opt/ros/humble /usr/bin/cmake --build /home/aliomacc/sti_usv/src/usv_sim/workspace_gz/build/workspace_gz -- -j8 -l8
[103.056s] Level 1:colcon.colcon_core.environment:create_environment_scripts_only(workspace_gz)
[103.074s] Level 1:colcon.colcon_core.environment:checking '/home/aliomacc/sti_usv/src/usv_sim/workspace_gz/install/workspace_gz' for CMake module files
[103.074s] Level 1:colcon.colcon_core.environment:checking '/home/aliomacc/sti_usv/src/usv_sim/workspace_gz/install/workspace_gz' for CMake config files
[103.076s] Level 1:colcon.colcon_core.environment:checking '/home/aliomacc/sti_usv/src/usv_sim/workspace_gz/install/workspace_gz/bin'
[103.076s] Level 1:colcon.colcon_core.environment:checking '/home/aliomacc/sti_usv/src/usv_sim/workspace_gz/install/workspace_gz/lib/pkgconfig/workspace_gz.pc'
[103.077s] Level 1:colcon.colcon_core.environment:checking '/home/aliomacc/sti_usv/src/usv_sim/workspace_gz/install/workspace_gz/lib/python3.10/site-packages'
[103.078s] Level 1:colcon.colcon_core.environment:checking '/home/aliomacc/sti_usv/src/usv_sim/workspace_gz/install/workspace_gz/bin'
[103.079s] INFO:colcon.colcon_core.shell:Creating package script '/home/aliomacc/sti_usv/src/usv_sim/workspace_gz/install/workspace_gz/share/workspace_gz/package.ps1'
[103.082s] INFO:colcon.colcon_core.shell:Creating package descriptor '/home/aliomacc/sti_usv/src/usv_sim/workspace_gz/install/workspace_gz/share/workspace_gz/package.dsv'
[103.085s] INFO:colcon.colcon_core.shell:Creating package script '/home/aliomacc/sti_usv/src/usv_sim/workspace_gz/install/workspace_gz/share/workspace_gz/package.sh'
[103.090s] INFO:colcon.colcon_core.shell:Creating package script '/home/aliomacc/sti_usv/src/usv_sim/workspace_gz/install/workspace_gz/share/workspace_gz/package.bash'
[103.095s] INFO:colcon.colcon_core.shell:Creating package script '/home/aliomacc/sti_usv/src/usv_sim/workspace_gz/install/workspace_gz/share/workspace_gz/package.zsh'
[103.098s] Level 1:colcon.colcon_core.environment:create_file_with_runtime_dependencies(/home/aliomacc/sti_usv/src/usv_sim/workspace_gz/install/workspace_gz/share/colcon-core/packages/workspace_gz)
[103.111s] DEBUG:colcon.colcon_parallel_executor.executor.parallel:closing loop
[103.111s] DEBUG:colcon.colcon_parallel_executor.executor.parallel:loop closed
[103.111s] DEBUG:colcon.colcon_parallel_executor.executor.parallel:run_until_complete finished with '2'
[103.111s] DEBUG:colcon.colcon_core.event_reactor:joining thread
[103.144s] INFO:colcon.colcon_core.plugin_system:Skipping extension 'colcon_notification.desktop_notification.terminal_notifier': Not used on non-Darwin systems
[103.144s] INFO:colcon.colcon_core.plugin_system:Skipping extension 'colcon_notification.desktop_notification.win32': Not used on non-Windows systems
[103.145s] INFO:colcon.colcon_notification.desktop_notification:Sending desktop notification using 'notify2'
[103.193s] DEBUG:colcon.colcon_core.event_reactor:joined thread
[103.194s] INFO:colcon.colcon_core.shell:Creating prefix script '/home/aliomacc/sti_usv/src/usv_sim/workspace_gz/install/local_setup.ps1'
[103.201s] INFO:colcon.colcon_core.shell:Creating prefix util module '/home/aliomacc/sti_usv/src/usv_sim/workspace_gz/install/_local_setup_util_ps1.py'
[103.208s] INFO:colcon.colcon_core.shell:Creating prefix chain script '/home/aliomacc/sti_usv/src/usv_sim/workspace_gz/install/setup.ps1'
[103.214s] INFO:colcon.colcon_core.shell:Creating prefix script '/home/aliomacc/sti_usv/src/usv_sim/workspace_gz/install/local_setup.sh'
[103.215s] INFO:colcon.colcon_core.shell:Creating prefix util module '/home/aliomacc/sti_usv/src/usv_sim/workspace_gz/install/_local_setup_util_sh.py'
[103.217s] INFO:colcon.colcon_core.shell:Creating prefix chain script '/home/aliomacc/sti_usv/src/usv_sim/workspace_gz/install/setup.sh'
[103.221s] INFO:colcon.colcon_core.shell:Creating prefix script '/home/aliomacc/sti_usv/src/usv_sim/workspace_gz/install/local_setup.bash'
[103.224s] INFO:colcon.colcon_core.shell:Creating prefix chain script '/home/aliomacc/sti_usv/src/usv_sim/workspace_gz/install/setup.bash'
[103.234s] INFO:colcon.colcon_core.shell:Creating prefix script '/home/aliomacc/sti_usv/src/usv_sim/workspace_gz/install/local_setup.zsh'
[103.236s] INFO:colcon.colcon_core.shell:Creating prefix chain script '/home/aliomacc/sti_usv/src/usv_sim/workspace_gz/install/setup.zsh'
