[0.051s] DEBUG:colcon:Command line arguments: ['/usr/bin/colcon', 'build', '--symlink-install']
[0.051s] DEBUG:colcon:Parsed command line arguments: Namespace(log_base=None, log_level=None, verb_name='build', build_base='build', install_base='install', merge_install=False, symlink_install=True, test_result_base=None, continue_on_error=False, executor='parallel', parallel_workers=32, event_handlers=None, ignore_user_meta=False, metas=['./colcon.meta'], base_paths=['.'], packages_ignore=None, packages_ignore_regex=None, paths=None, packages_up_to=None, packages_up_to_regex=None, packages_above=None, packages_above_and_dependencies=None, packages_above_depth=None, packages_select_by_dep=None, packages_skip_by_dep=None, packages_skip_up_to=None, packages_select_build_failed=False, packages_skip_build_finished=False, packages_select_test_failures=False, packages_skip_test_passed=False, packages_select=None, packages_skip=None, packages_select_regex=None, packages_skip_regex=None, packages_start=None, packages_end=None, allow_overriding=[], cmake_args=None, cmake_target=None, cmake_target_skip_unavailable=False, cmake_clean_cache=False, cmake_clean_first=False, cmake_force_configure=False, ament_cmake_args=None, catkin_cmake_args=None, catkin_skip_building_tests=False, verb_parser=<colcon_defaults.argument_parser.defaults.DefaultArgumentsDecorator object at 0x7bc669d23080>, verb_extension=<colcon_core.verb.build.BuildVerb object at 0x7bc669e9b200>, main=<bound method BuildVerb.main of <colcon_core.verb.build.BuildVerb object at 0x7bc669e9b200>>)
[0.071s] Level 1:colcon.colcon_core.package_discovery:discover_packages(colcon_meta) check parameters
[0.071s] Level 1:colcon.colcon_core.package_discovery:discover_packages(recursive) check parameters
[0.071s] Level 1:colcon.colcon_core.package_discovery:discover_packages(ignore) check parameters
[0.071s] Level 1:colcon.colcon_core.package_discovery:discover_packages(path) check parameters
[0.071s] Level 1:colcon.colcon_core.package_discovery:discover_packages(colcon_meta) discover
[0.071s] Level 1:colcon.colcon_core.package_discovery:discover_packages(recursive) discover
[0.071s] INFO:colcon.colcon_core.package_discovery:Crawling recursively for packages in '/home/tugmirk/Desktop/garp-test'
[0.071s] Level 1:colcon.colcon_core.package_identification:_identify(.) by extensions ['ignore', 'ignore_ament_install']
[0.071s] Level 1:colcon.colcon_core.package_identification:_identify(.) by extension 'ignore'
[0.071s] Level 1:colcon.colcon_core.package_identification:_identify(.) by extension 'ignore_ament_install'
[0.071s] Level 1:colcon.colcon_core.package_identification:_identify(.) by extensions ['colcon_pkg']
[0.071s] Level 1:colcon.colcon_core.package_identification:_identify(.) by extension 'colcon_pkg'
[0.071s] Level 1:colcon.colcon_core.package_identification:_identify(.) by extensions ['colcon_meta']
[0.071s] Level 1:colcon.colcon_core.package_identification:_identify(.) by extension 'colcon_meta'
[0.071s] Level 1:colcon.colcon_core.package_identification:_identify(.) by extensions ['ros']
[0.071s] Level 1:colcon.colcon_core.package_identification:_identify(.) by extension 'ros'
[0.085s] Level 1:colcon.colcon_core.package_identification:_identify(.) by extensions ['cmake', 'python']
[0.085s] Level 1:colcon.colcon_core.package_identification:_identify(.) by extension 'cmake'
[0.085s] Level 1:colcon.colcon_core.package_identification:_identify(.) by extension 'python'
[0.085s] Level 1:colcon.colcon_core.package_identification:_identify(.) by extensions ['python_setup_py']
[0.085s] Level 1:colcon.colcon_core.package_identification:_identify(.) by extension 'python_setup_py'
[0.085s] Level 1:colcon.colcon_core.package_identification:_identify(build) by extensions ['ignore', 'ignore_ament_install']
[0.085s] Level 1:colcon.colcon_core.package_identification:_identify(build) by extension 'ignore'
[0.085s] Level 1:colcon.colcon_core.package_identification:_identify(build) ignored
[0.085s] Level 1:colcon.colcon_core.package_identification:_identify(images) by extensions ['ignore', 'ignore_ament_install']
[0.085s] Level 1:colcon.colcon_core.package_identification:_identify(images) by extension 'ignore'
[0.085s] Level 1:colcon.colcon_core.package_identification:_identify(images) by extension 'ignore_ament_install'
[0.085s] Level 1:colcon.colcon_core.package_identification:_identify(images) by extensions ['colcon_pkg']
[0.085s] Level 1:colcon.colcon_core.package_identification:_identify(images) by extension 'colcon_pkg'
[0.085s] Level 1:colcon.colcon_core.package_identification:_identify(images) by extensions ['colcon_meta']
[0.085s] Level 1:colcon.colcon_core.package_identification:_identify(images) by extension 'colcon_meta'
[0.085s] Level 1:colcon.colcon_core.package_identification:_identify(images) by extensions ['ros']
[0.085s] Level 1:colcon.colcon_core.package_identification:_identify(images) by extension 'ros'
[0.085s] Level 1:colcon.colcon_core.package_identification:_identify(images) by extensions ['cmake', 'python']
[0.085s] Level 1:colcon.colcon_core.package_identification:_identify(images) by extension 'cmake'
[0.085s] Level 1:colcon.colcon_core.package_identification:_identify(images) by extension 'python'
[0.085s] Level 1:colcon.colcon_core.package_identification:_identify(images) by extensions ['python_setup_py']
[0.085s] Level 1:colcon.colcon_core.package_identification:_identify(images) by extension 'python_setup_py'
[0.085s] Level 1:colcon.colcon_core.package_identification:_identify(install) by extensions ['ignore', 'ignore_ament_install']
[0.086s] Level 1:colcon.colcon_core.package_identification:_identify(install) by extension 'ignore'
[0.086s] Level 1:colcon.colcon_core.package_identification:_identify(install) ignored
[0.086s] Level 1:colcon.colcon_core.package_identification:_identify(log) by extensions ['ignore', 'ignore_ament_install']
[0.086s] Level 1:colcon.colcon_core.package_identification:_identify(log) by extension 'ignore'
[0.086s] Level 1:colcon.colcon_core.package_identification:_identify(log) ignored
[0.086s] Level 1:colcon.colcon_core.package_identification:_identify(workspace_gz) by extensions ['ignore', 'ignore_ament_install']
[0.086s] Level 1:colcon.colcon_core.package_identification:_identify(workspace_gz) by extension 'ignore'
[0.086s] Level 1:colcon.colcon_core.package_identification:_identify(workspace_gz) by extension 'ignore_ament_install'
[0.086s] Level 1:colcon.colcon_core.package_identification:_identify(workspace_gz) by extensions ['colcon_pkg']
[0.086s] Level 1:colcon.colcon_core.package_identification:_identify(workspace_gz) by extension 'colcon_pkg'
[0.086s] Level 1:colcon.colcon_core.package_identification:_identify(workspace_gz) by extensions ['colcon_meta']
[0.086s] Level 1:colcon.colcon_core.package_identification:_identify(workspace_gz) by extension 'colcon_meta'
[0.086s] Level 1:colcon.colcon_core.package_identification:_identify(workspace_gz) by extensions ['ros']
[0.086s] Level 1:colcon.colcon_core.package_identification:_identify(workspace_gz) by extension 'ros'
[0.087s] DEBUG:colcon.colcon_core.package_identification:Package 'workspace_gz' with type 'ros.ament_cmake' and name 'workspace_gz'
[0.087s] Level 1:colcon.colcon_core.package_identification:_identify(workspace_nav) by extensions ['ignore', 'ignore_ament_install']
[0.087s] Level 1:colcon.colcon_core.package_identification:_identify(workspace_nav) by extension 'ignore'
[0.087s] Level 1:colcon.colcon_core.package_identification:_identify(workspace_nav) by extension 'ignore_ament_install'
[0.087s] Level 1:colcon.colcon_core.package_identification:_identify(workspace_nav) by extensions ['colcon_pkg']
[0.087s] Level 1:colcon.colcon_core.package_identification:_identify(workspace_nav) by extension 'colcon_pkg'
[0.087s] Level 1:colcon.colcon_core.package_identification:_identify(workspace_nav) by extensions ['colcon_meta']
[0.087s] Level 1:colcon.colcon_core.package_identification:_identify(workspace_nav) by extension 'colcon_meta'
[0.088s] Level 1:colcon.colcon_core.package_identification:_identify(workspace_nav) by extensions ['ros']
[0.088s] Level 1:colcon.colcon_core.package_identification:_identify(workspace_nav) by extension 'ros'
[0.088s] DEBUG:colcon.colcon_core.package_identification:Package 'workspace_nav' with type 'ros.ament_python' and name 'workspace_nav'
[0.088s] Level 1:colcon.colcon_core.package_identification:_identify(workspace_ros) by extensions ['ignore', 'ignore_ament_install']
[0.088s] Level 1:colcon.colcon_core.package_identification:_identify(workspace_ros) by extension 'ignore'
[0.088s] Level 1:colcon.colcon_core.package_identification:_identify(workspace_ros) by extension 'ignore_ament_install'
[0.088s] Level 1:colcon.colcon_core.package_identification:_identify(workspace_ros) by extensions ['colcon_pkg']
[0.088s] Level 1:colcon.colcon_core.package_identification:_identify(workspace_ros) by extension 'colcon_pkg'
[0.088s] Level 1:colcon.colcon_core.package_identification:_identify(workspace_ros) by extensions ['colcon_meta']
[0.088s] Level 1:colcon.colcon_core.package_identification:_identify(workspace_ros) by extension 'colcon_meta'
[0.088s] Level 1:colcon.colcon_core.package_identification:_identify(workspace_ros) by extensions ['ros']
[0.088s] Level 1:colcon.colcon_core.package_identification:_identify(workspace_ros) by extension 'ros'
[0.089s] DEBUG:colcon.colcon_core.package_identification:Package 'workspace_ros' with type 'ros.ament_python' and name 'workspace_ros'
[0.089s] Level 1:colcon.colcon_core.package_discovery:discover_packages(recursive) using defaults
[0.089s] Level 1:colcon.colcon_core.package_discovery:discover_packages(ignore) discover
[0.089s] Level 1:colcon.colcon_core.package_discovery:discover_packages(ignore) using defaults
[0.089s] Level 1:colcon.colcon_core.package_discovery:discover_packages(path) discover
[0.089s] Level 1:colcon.colcon_core.package_discovery:discover_packages(path) using defaults
[0.099s] Level 1:colcon.colcon_core.package_discovery:discover_packages(prefix_path) check parameters
[0.099s] Level 1:colcon.colcon_core.package_discovery:discover_packages(prefix_path) discover
[0.100s] DEBUG:colcon.colcon_installed_package_information.package_discovery:Found 3 installed packages in /home/tugmirk/Desktop/ros2_eg/ros2_ws/install
[0.101s] DEBUG:colcon.colcon_installed_package_information.package_discovery:Found 408 installed packages in /opt/ros/jazzy
[0.101s] Level 1:colcon.colcon_core.package_discovery:discover_packages(prefix_path) using defaults
[0.125s] Level 5:colcon.colcon_core.verb:set package 'workspace_gz' build argument 'cmake_args' from command line to 'None'
[0.125s] Level 5:colcon.colcon_core.verb:set package 'workspace_gz' build argument 'cmake_target' from command line to 'None'
[0.125s] Level 5:colcon.colcon_core.verb:set package 'workspace_gz' build argument 'cmake_target_skip_unavailable' from command line to 'False'
[0.125s] Level 5:colcon.colcon_core.verb:set package 'workspace_gz' build argument 'cmake_clean_cache' from command line to 'False'
[0.125s] Level 5:colcon.colcon_core.verb:set package 'workspace_gz' build argument 'cmake_clean_first' from command line to 'False'
[0.125s] Level 5:colcon.colcon_core.verb:set package 'workspace_gz' build argument 'cmake_force_configure' from command line to 'False'
[0.125s] Level 5:colcon.colcon_core.verb:set package 'workspace_gz' build argument 'ament_cmake_args' from command line to 'None'
[0.125s] Level 5:colcon.colcon_core.verb:set package 'workspace_gz' build argument 'catkin_cmake_args' from command line to 'None'
[0.125s] Level 5:colcon.colcon_core.verb:set package 'workspace_gz' build argument 'catkin_skip_building_tests' from command line to 'False'
[0.125s] DEBUG:colcon.colcon_core.verb:Building package 'workspace_gz' with the following arguments: {'ament_cmake_args': None, 'build_base': '/home/tugmirk/Desktop/garp-test/build/workspace_gz', 'catkin_cmake_args': None, 'catkin_skip_building_tests': False, 'cmake_args': None, 'cmake_clean_cache': False, 'cmake_clean_first': False, 'cmake_force_configure': False, 'cmake_target': None, 'cmake_target_skip_unavailable': False, 'install_base': '/home/tugmirk/Desktop/garp-test/install/workspace_gz', 'merge_install': False, 'path': '/home/tugmirk/Desktop/garp-test/workspace_gz', 'symlink_install': True, 'test_result_base': None}
[0.125s] Level 5:colcon.colcon_core.verb:set package 'workspace_nav' build argument 'cmake_args' from command line to 'None'
[0.125s] Level 5:colcon.colcon_core.verb:set package 'workspace_nav' build argument 'cmake_target' from command line to 'None'
[0.125s] Level 5:colcon.colcon_core.verb:set package 'workspace_nav' build argument 'cmake_target_skip_unavailable' from command line to 'False'
[0.125s] Level 5:colcon.colcon_core.verb:set package 'workspace_nav' build argument 'cmake_clean_cache' from command line to 'False'
[0.125s] Level 5:colcon.colcon_core.verb:set package 'workspace_nav' build argument 'cmake_clean_first' from command line to 'False'
[0.125s] Level 5:colcon.colcon_core.verb:set package 'workspace_nav' build argument 'cmake_force_configure' from command line to 'False'
[0.125s] Level 5:colcon.colcon_core.verb:set package 'workspace_nav' build argument 'ament_cmake_args' from command line to 'None'
[0.125s] Level 5:colcon.colcon_core.verb:set package 'workspace_nav' build argument 'catkin_cmake_args' from command line to 'None'
[0.125s] Level 5:colcon.colcon_core.verb:set package 'workspace_nav' build argument 'catkin_skip_building_tests' from command line to 'False'
[0.125s] DEBUG:colcon.colcon_core.verb:Building package 'workspace_nav' with the following arguments: {'ament_cmake_args': None, 'build_base': '/home/tugmirk/Desktop/garp-test/build/workspace_nav', 'catkin_cmake_args': None, 'catkin_skip_building_tests': False, 'cmake_args': None, 'cmake_clean_cache': False, 'cmake_clean_first': False, 'cmake_force_configure': False, 'cmake_target': None, 'cmake_target_skip_unavailable': False, 'install_base': '/home/tugmirk/Desktop/garp-test/install/workspace_nav', 'merge_install': False, 'path': '/home/tugmirk/Desktop/garp-test/workspace_nav', 'symlink_install': True, 'test_result_base': None}
[0.125s] Level 5:colcon.colcon_core.verb:set package 'workspace_ros' build argument 'cmake_args' from command line to 'None'
[0.126s] Level 5:colcon.colcon_core.verb:set package 'workspace_ros' build argument 'cmake_target' from command line to 'None'
[0.126s] Level 5:colcon.colcon_core.verb:set package 'workspace_ros' build argument 'cmake_target_skip_unavailable' from command line to 'False'
[0.126s] Level 5:colcon.colcon_core.verb:set package 'workspace_ros' build argument 'cmake_clean_cache' from command line to 'False'
[0.126s] Level 5:colcon.colcon_core.verb:set package 'workspace_ros' build argument 'cmake_clean_first' from command line to 'False'
[0.126s] Level 5:colcon.colcon_core.verb:set package 'workspace_ros' build argument 'cmake_force_configure' from command line to 'False'
[0.126s] Level 5:colcon.colcon_core.verb:set package 'workspace_ros' build argument 'ament_cmake_args' from command line to 'None'
[0.126s] Level 5:colcon.colcon_core.verb:set package 'workspace_ros' build argument 'catkin_cmake_args' from command line to 'None'
[0.126s] Level 5:colcon.colcon_core.verb:set package 'workspace_ros' build argument 'catkin_skip_building_tests' from command line to 'False'
[0.126s] DEBUG:colcon.colcon_core.verb:Building package 'workspace_ros' with the following arguments: {'ament_cmake_args': None, 'build_base': '/home/tugmirk/Desktop/garp-test/build/workspace_ros', 'catkin_cmake_args': None, 'catkin_skip_building_tests': False, 'cmake_args': None, 'cmake_clean_cache': False, 'cmake_clean_first': False, 'cmake_force_configure': False, 'cmake_target': None, 'cmake_target_skip_unavailable': False, 'install_base': '/home/tugmirk/Desktop/garp-test/install/workspace_ros', 'merge_install': False, 'path': '/home/tugmirk/Desktop/garp-test/workspace_ros', 'symlink_install': True, 'test_result_base': None}
[0.126s] INFO:colcon.colcon_core.executor:Executing jobs using 'parallel' executor
[0.126s] DEBUG:colcon.colcon_parallel_executor.executor.parallel:run_until_complete
[0.127s] INFO:colcon.colcon_ros.task.ament_cmake.build:Building ROS package in '/home/tugmirk/Desktop/garp-test/workspace_gz' with build type 'ament_cmake'
[0.127s] INFO:colcon.colcon_cmake.task.cmake.build:Building CMake package in '/home/tugmirk/Desktop/garp-test/workspace_gz'
[0.127s] INFO:colcon.colcon_core.plugin_system:Skipping extension 'colcon_core.shell.bat': Not used on non-Windows systems
[0.128s] INFO:colcon.colcon_core.shell:Skip shell extension 'powershell' for command environment: Not usable outside of PowerShell
[0.128s] DEBUG:colcon.colcon_core.shell:Skip shell extension 'dsv' for command environment
[0.130s] INFO:colcon.colcon_ros.task.ament_python.build:Building ROS package in '/home/tugmirk/Desktop/garp-test/workspace_nav' with build type 'ament_python'
[0.130s] Level 1:colcon.colcon_core.shell:create_environment_hook('workspace_nav', 'ament_prefix_path')
[0.130s] INFO:colcon.colcon_core.shell:Creating environment hook '/home/tugmirk/Desktop/garp-test/install/workspace_nav/share/workspace_nav/hook/ament_prefix_path.ps1'
[0.130s] INFO:colcon.colcon_core.shell:Creating environment descriptor '/home/tugmirk/Desktop/garp-test/install/workspace_nav/share/workspace_nav/hook/ament_prefix_path.dsv'
[0.130s] INFO:colcon.colcon_core.shell:Creating environment hook '/home/tugmirk/Desktop/garp-test/install/workspace_nav/share/workspace_nav/hook/ament_prefix_path.sh'
[0.131s] INFO:colcon.colcon_core.shell:Skip shell extension 'powershell' for command environment: Not usable outside of PowerShell
[0.131s] DEBUG:colcon.colcon_core.shell:Skip shell extension 'dsv' for command environment
[0.133s] INFO:colcon.colcon_ros.task.ament_python.build:Building ROS package in '/home/tugmirk/Desktop/garp-test/workspace_ros' with build type 'ament_python'
[0.133s] Level 1:colcon.colcon_core.shell:create_environment_hook('workspace_ros', 'ament_prefix_path')
[0.133s] INFO:colcon.colcon_core.shell:Creating environment hook '/home/tugmirk/Desktop/garp-test/install/workspace_ros/share/workspace_ros/hook/ament_prefix_path.ps1'
[0.133s] INFO:colcon.colcon_core.shell:Creating environment descriptor '/home/tugmirk/Desktop/garp-test/install/workspace_ros/share/workspace_ros/hook/ament_prefix_path.dsv'
[0.133s] INFO:colcon.colcon_core.shell:Creating environment hook '/home/tugmirk/Desktop/garp-test/install/workspace_ros/share/workspace_ros/hook/ament_prefix_path.sh'
[0.133s] INFO:colcon.colcon_core.shell:Skip shell extension 'powershell' for command environment: Not usable outside of PowerShell
[0.133s] DEBUG:colcon.colcon_core.shell:Skip shell extension 'dsv' for command environment
[0.137s] DEBUG:colcon.colcon_core.event_handler.log_command:Invoking command in '/home/tugmirk/Desktop/garp-test/build/workspace_gz': CMAKE_PREFIX_PATH=${CMAKE_PREFIX_PATH}:/opt/ros/jazzy DEBUGINFOD_URLS=https://debuginfod.ubuntu.com /usr/bin/cmake --build /home/tugmirk/Desktop/garp-test/build/workspace_gz -- -j32 -l32
[0.259s] INFO:colcon.colcon_core.task.python.build:Building Python package in '/home/tugmirk/Desktop/garp-test/workspace_nav'
[0.260s] INFO:colcon.colcon_core.shell:Skip shell extension 'powershell' for command environment: Not usable outside of PowerShell
[0.260s] DEBUG:colcon.colcon_core.shell:Skip shell extension 'dsv' for command environment
[0.365s] INFO:colcon.colcon_core.task.python.build:Building Python package in '/home/tugmirk/Desktop/garp-test/workspace_ros'
[0.366s] INFO:colcon.colcon_core.shell:Skip shell extension 'powershell' for command environment: Not usable outside of PowerShell
[0.366s] DEBUG:colcon.colcon_core.shell:Skip shell extension 'dsv' for command environment
[0.368s] DEBUG:colcon.colcon_core.event_handler.log_command:Invoked command in '/home/tugmirk/Desktop/garp-test/build/workspace_gz' returned '0': CMAKE_PREFIX_PATH=${CMAKE_PREFIX_PATH}:/opt/ros/jazzy DEBUGINFOD_URLS=https://debuginfod.ubuntu.com /usr/bin/cmake --build /home/tugmirk/Desktop/garp-test/build/workspace_gz -- -j32 -l32
[0.376s] DEBUG:colcon.colcon_core.event_handler.log_command:Invoking command in '/home/tugmirk/Desktop/garp-test/build/workspace_gz': CMAKE_PREFIX_PATH=${CMAKE_PREFIX_PATH}:/opt/ros/jazzy DEBUGINFOD_URLS=https://debuginfod.ubuntu.com /usr/bin/cmake --install /home/tugmirk/Desktop/garp-test/build/workspace_gz
[0.399s] Level 1:colcon.colcon_core.environment:create_environment_scripts_only(workspace_gz)
[0.399s] DEBUG:colcon.colcon_core.event_handler.log_command:Invoked command in '/home/tugmirk/Desktop/garp-test/build/workspace_gz' returned '0': CMAKE_PREFIX_PATH=${CMAKE_PREFIX_PATH}:/opt/ros/jazzy DEBUGINFOD_URLS=https://debuginfod.ubuntu.com /usr/bin/cmake --install /home/tugmirk/Desktop/garp-test/build/workspace_gz
[0.400s] Level 1:colcon.colcon_core.environment:checking '/home/tugmirk/Desktop/garp-test/install/workspace_gz' for CMake module files
[0.400s] Level 1:colcon.colcon_core.environment:checking '/home/tugmirk/Desktop/garp-test/install/workspace_gz' for CMake config files
[0.401s] Level 1:colcon.colcon_core.shell:create_environment_hook('workspace_gz', 'cmake_prefix_path')
[0.401s] INFO:colcon.colcon_core.shell:Creating environment hook '/home/tugmirk/Desktop/garp-test/install/workspace_gz/share/workspace_gz/hook/cmake_prefix_path.ps1'
[0.401s] INFO:colcon.colcon_core.shell:Creating environment descriptor '/home/tugmirk/Desktop/garp-test/install/workspace_gz/share/workspace_gz/hook/cmake_prefix_path.dsv'
[0.402s] INFO:colcon.colcon_core.shell:Creating environment hook '/home/tugmirk/Desktop/garp-test/install/workspace_gz/share/workspace_gz/hook/cmake_prefix_path.sh'
[0.402s] Level 1:colcon.colcon_core.environment:checking '/home/tugmirk/Desktop/garp-test/install/workspace_gz/lib'
[0.402s] Level 1:colcon.colcon_core.shell:create_environment_hook('workspace_gz', 'ld_library_path_lib')
[0.402s] INFO:colcon.colcon_core.shell:Creating environment hook '/home/tugmirk/Desktop/garp-test/install/workspace_gz/share/workspace_gz/hook/ld_library_path_lib.ps1'
[0.402s] INFO:colcon.colcon_core.shell:Creating environment descriptor '/home/tugmirk/Desktop/garp-test/install/workspace_gz/share/workspace_gz/hook/ld_library_path_lib.dsv'
[0.402s] INFO:colcon.colcon_core.shell:Creating environment hook '/home/tugmirk/Desktop/garp-test/install/workspace_gz/share/workspace_gz/hook/ld_library_path_lib.sh'
[0.403s] Level 1:colcon.colcon_core.environment:checking '/home/tugmirk/Desktop/garp-test/install/workspace_gz/bin'
[0.403s] Level 1:colcon.colcon_core.environment:checking '/home/tugmirk/Desktop/garp-test/install/workspace_gz/lib/pkgconfig/workspace_gz.pc'
[0.403s] Level 1:colcon.colcon_core.environment:checking '/home/tugmirk/Desktop/garp-test/install/workspace_gz/lib/python3.12/site-packages'
[0.403s] Level 1:colcon.colcon_core.environment:checking '/home/tugmirk/Desktop/garp-test/install/workspace_gz/bin'
[0.403s] INFO:colcon.colcon_core.shell:Creating package script '/home/tugmirk/Desktop/garp-test/install/workspace_gz/share/workspace_gz/package.ps1'
[0.403s] INFO:colcon.colcon_core.shell:Creating package descriptor '/home/tugmirk/Desktop/garp-test/install/workspace_gz/share/workspace_gz/package.dsv'
[0.404s] INFO:colcon.colcon_core.shell:Creating package script '/home/tugmirk/Desktop/garp-test/install/workspace_gz/share/workspace_gz/package.sh'
[0.404s] INFO:colcon.colcon_core.shell:Creating package script '/home/tugmirk/Desktop/garp-test/install/workspace_gz/share/workspace_gz/package.bash'
[0.404s] INFO:colcon.colcon_core.shell:Creating package script '/home/tugmirk/Desktop/garp-test/install/workspace_gz/share/workspace_gz/package.zsh'
[0.404s] Level 1:colcon.colcon_core.environment:create_file_with_runtime_dependencies(/home/tugmirk/Desktop/garp-test/install/workspace_gz/share/colcon-core/packages/workspace_gz)
[0.405s] Level 1:colcon.colcon_core.environment:create_environment_scripts_only(workspace_gz)
[0.405s] Level 1:colcon.colcon_core.environment:checking '/home/tugmirk/Desktop/garp-test/install/workspace_gz' for CMake module files
[0.405s] Level 1:colcon.colcon_core.environment:checking '/home/tugmirk/Desktop/garp-test/install/workspace_gz' for CMake config files
[0.406s] Level 1:colcon.colcon_core.shell:create_environment_hook('workspace_gz', 'cmake_prefix_path')
[0.406s] INFO:colcon.colcon_core.shell:Creating environment hook '/home/tugmirk/Desktop/garp-test/install/workspace_gz/share/workspace_gz/hook/cmake_prefix_path.ps1'
[0.406s] INFO:colcon.colcon_core.shell:Creating environment descriptor '/home/tugmirk/Desktop/garp-test/install/workspace_gz/share/workspace_gz/hook/cmake_prefix_path.dsv'
[0.406s] INFO:colcon.colcon_core.shell:Creating environment hook '/home/tugmirk/Desktop/garp-test/install/workspace_gz/share/workspace_gz/hook/cmake_prefix_path.sh'
[0.406s] Level 1:colcon.colcon_core.environment:checking '/home/tugmirk/Desktop/garp-test/install/workspace_gz/lib'
[0.406s] Level 1:colcon.colcon_core.shell:create_environment_hook('workspace_gz', 'ld_library_path_lib')
[0.406s] INFO:colcon.colcon_core.shell:Creating environment hook '/home/tugmirk/Desktop/garp-test/install/workspace_gz/share/workspace_gz/hook/ld_library_path_lib.ps1'
[0.407s] INFO:colcon.colcon_core.shell:Creating environment descriptor '/home/tugmirk/Desktop/garp-test/install/workspace_gz/share/workspace_gz/hook/ld_library_path_lib.dsv'
[0.407s] INFO:colcon.colcon_core.shell:Creating environment hook '/home/tugmirk/Desktop/garp-test/install/workspace_gz/share/workspace_gz/hook/ld_library_path_lib.sh'
[0.407s] Level 1:colcon.colcon_core.environment:checking '/home/tugmirk/Desktop/garp-test/install/workspace_gz/bin'
[0.407s] Level 1:colcon.colcon_core.environment:checking '/home/tugmirk/Desktop/garp-test/install/workspace_gz/lib/pkgconfig/workspace_gz.pc'
[0.407s] Level 1:colcon.colcon_core.environment:checking '/home/tugmirk/Desktop/garp-test/install/workspace_gz/lib/python3.12/site-packages'
[0.407s] Level 1:colcon.colcon_core.environment:checking '/home/tugmirk/Desktop/garp-test/install/workspace_gz/bin'
[0.407s] INFO:colcon.colcon_core.shell:Creating package script '/home/tugmirk/Desktop/garp-test/install/workspace_gz/share/workspace_gz/package.ps1'
[0.408s] INFO:colcon.colcon_core.shell:Creating package descriptor '/home/tugmirk/Desktop/garp-test/install/workspace_gz/share/workspace_gz/package.dsv'
[0.408s] INFO:colcon.colcon_core.shell:Creating package script '/home/tugmirk/Desktop/garp-test/install/workspace_gz/share/workspace_gz/package.sh'
[0.408s] INFO:colcon.colcon_core.shell:Creating package script '/home/tugmirk/Desktop/garp-test/install/workspace_gz/share/workspace_gz/package.bash'
[0.408s] INFO:colcon.colcon_core.shell:Creating package script '/home/tugmirk/Desktop/garp-test/install/workspace_gz/share/workspace_gz/package.zsh'
[0.408s] Level 1:colcon.colcon_core.environment:create_file_with_runtime_dependencies(/home/tugmirk/Desktop/garp-test/install/workspace_gz/share/colcon-core/packages/workspace_gz)
[0.656s] DEBUG:colcon.colcon_core.event_handler.log_command:Invoking command in '/home/tugmirk/Desktop/garp-test/build/workspace_nav': DEBUGINFOD_URLS=https://debuginfod.ubuntu.com PYTHONPATH=/home/tugmirk/Desktop/garp-test/build/workspace_nav/prefix_override:/usr/lib/python3/dist-packages/colcon_core/task/python/colcon_distutils_commands:/home/tugmirk/Desktop/garp-test/install/workspace_nav/lib/python3.12/site-packages:${PYTHONPATH} /usr/bin/python3 -W ignore:setup.py install is deprecated -W ignore:easy_install command is deprecated setup.py develop --editable --build-directory /home/tugmirk/Desktop/garp-test/build/workspace_nav/build --no-deps symlink_data
[0.657s] DEBUG:colcon.colcon_core.event_handler.log_command:Invoking command in '/home/tugmirk/Desktop/garp-test/build/workspace_ros': DEBUGINFOD_URLS=https://debuginfod.ubuntu.com PYTHONPATH=/home/tugmirk/Desktop/garp-test/build/workspace_ros/prefix_override:/usr/lib/python3/dist-packages/colcon_core/task/python/colcon_distutils_commands:/home/tugmirk/Desktop/garp-test/install/workspace_ros/lib/python3.12/site-packages:${PYTHONPATH} /usr/bin/python3 -W ignore:setup.py install is deprecated -W ignore:easy_install command is deprecated setup.py develop --editable --build-directory /home/tugmirk/Desktop/garp-test/build/workspace_ros/build --no-deps symlink_data
[0.937s] Level 1:colcon.colcon_core.shell:create_environment_hook('workspace_nav', 'pythonpath_develop')
[0.937s] INFO:colcon.colcon_core.shell:Creating environment hook '/home/tugmirk/Desktop/garp-test/build/workspace_nav/share/workspace_nav/hook/pythonpath_develop.ps1'
[0.937s] INFO:colcon.colcon_core.shell:Creating environment descriptor '/home/tugmirk/Desktop/garp-test/build/workspace_nav/share/workspace_nav/hook/pythonpath_develop.dsv'
[0.937s] DEBUG:colcon.colcon_core.event_handler.log_command:Invoked command in '/home/tugmirk/Desktop/garp-test/build/workspace_nav' returned '0': DEBUGINFOD_URLS=https://debuginfod.ubuntu.com PYTHONPATH=/home/tugmirk/Desktop/garp-test/build/workspace_nav/prefix_override:/usr/lib/python3/dist-packages/colcon_core/task/python/colcon_distutils_commands:/home/tugmirk/Desktop/garp-test/install/workspace_nav/lib/python3.12/site-packages:${PYTHONPATH} /usr/bin/python3 -W ignore:setup.py install is deprecated -W ignore:easy_install command is deprecated setup.py develop --editable --build-directory /home/tugmirk/Desktop/garp-test/build/workspace_nav/build --no-deps symlink_data
[0.938s] INFO:colcon.colcon_core.shell:Creating environment hook '/home/tugmirk/Desktop/garp-test/build/workspace_nav/share/workspace_nav/hook/pythonpath_develop.sh'
[0.938s] Level 1:colcon.colcon_core.environment:checking '/home/tugmirk/Desktop/garp-test/install/workspace_nav' for CMake module files
[0.938s] Level 1:colcon.colcon_core.environment:checking '/home/tugmirk/Desktop/garp-test/install/workspace_nav' for CMake config files
[0.938s] Level 1:colcon.colcon_core.environment:checking '/home/tugmirk/Desktop/garp-test/install/workspace_nav/lib'
[0.938s] Level 1:colcon.colcon_core.environment:checking '/home/tugmirk/Desktop/garp-test/install/workspace_nav/bin'
[0.938s] Level 1:colcon.colcon_core.environment:checking '/home/tugmirk/Desktop/garp-test/install/workspace_nav/lib/pkgconfig/workspace_nav.pc'
[0.938s] Level 1:colcon.colcon_core.environment:checking '/home/tugmirk/Desktop/garp-test/install/workspace_nav/lib/python3.12/site-packages'
[0.939s] Level 1:colcon.colcon_core.shell:create_environment_hook('workspace_nav', 'pythonpath')
[0.939s] INFO:colcon.colcon_core.shell:Creating environment hook '/home/tugmirk/Desktop/garp-test/install/workspace_nav/share/workspace_nav/hook/pythonpath.ps1'
[0.939s] INFO:colcon.colcon_core.shell:Creating environment descriptor '/home/tugmirk/Desktop/garp-test/install/workspace_nav/share/workspace_nav/hook/pythonpath.dsv'
[0.939s] INFO:colcon.colcon_core.shell:Creating environment hook '/home/tugmirk/Desktop/garp-test/install/workspace_nav/share/workspace_nav/hook/pythonpath.sh'
[0.939s] Level 1:colcon.colcon_core.environment:checking '/home/tugmirk/Desktop/garp-test/install/workspace_nav/bin'
[0.939s] Level 1:colcon.colcon_core.environment:create_environment_scripts_only(workspace_nav)
[0.939s] INFO:colcon.colcon_core.shell:Creating package script '/home/tugmirk/Desktop/garp-test/install/workspace_nav/share/workspace_nav/package.ps1'
[0.940s] INFO:colcon.colcon_core.shell:Creating package descriptor '/home/tugmirk/Desktop/garp-test/install/workspace_nav/share/workspace_nav/package.dsv'
[0.940s] INFO:colcon.colcon_core.shell:Creating package script '/home/tugmirk/Desktop/garp-test/install/workspace_nav/share/workspace_nav/package.sh'
[0.940s] INFO:colcon.colcon_core.shell:Creating package script '/home/tugmirk/Desktop/garp-test/install/workspace_nav/share/workspace_nav/package.bash'
[0.940s] INFO:colcon.colcon_core.shell:Creating package script '/home/tugmirk/Desktop/garp-test/install/workspace_nav/share/workspace_nav/package.zsh'
[0.940s] Level 1:colcon.colcon_core.environment:create_file_with_runtime_dependencies(/home/tugmirk/Desktop/garp-test/install/workspace_nav/share/colcon-core/packages/workspace_nav)
[0.943s] Level 1:colcon.colcon_core.shell:create_environment_hook('workspace_ros', 'pythonpath_develop')
[0.943s] INFO:colcon.colcon_core.shell:Creating environment hook '/home/tugmirk/Desktop/garp-test/build/workspace_ros/share/workspace_ros/hook/pythonpath_develop.ps1'
[0.943s] DEBUG:colcon.colcon_core.event_handler.log_command:Invoked command in '/home/tugmirk/Desktop/garp-test/build/workspace_ros' returned '0': DEBUGINFOD_URLS=https://debuginfod.ubuntu.com PYTHONPATH=/home/tugmirk/Desktop/garp-test/build/workspace_ros/prefix_override:/usr/lib/python3/dist-packages/colcon_core/task/python/colcon_distutils_commands:/home/tugmirk/Desktop/garp-test/install/workspace_ros/lib/python3.12/site-packages:${PYTHONPATH} /usr/bin/python3 -W ignore:setup.py install is deprecated -W ignore:easy_install command is deprecated setup.py develop --editable --build-directory /home/tugmirk/Desktop/garp-test/build/workspace_ros/build --no-deps symlink_data
[0.943s] INFO:colcon.colcon_core.shell:Creating environment descriptor '/home/tugmirk/Desktop/garp-test/build/workspace_ros/share/workspace_ros/hook/pythonpath_develop.dsv'
[0.943s] INFO:colcon.colcon_core.shell:Creating environment hook '/home/tugmirk/Desktop/garp-test/build/workspace_ros/share/workspace_ros/hook/pythonpath_develop.sh'
[0.943s] Level 1:colcon.colcon_core.environment:checking '/home/tugmirk/Desktop/garp-test/install/workspace_ros' for CMake module files
[0.944s] Level 1:colcon.colcon_core.environment:checking '/home/tugmirk/Desktop/garp-test/install/workspace_ros' for CMake config files
[0.944s] Level 1:colcon.colcon_core.environment:checking '/home/tugmirk/Desktop/garp-test/install/workspace_ros/lib'
[0.944s] Level 1:colcon.colcon_core.environment:checking '/home/tugmirk/Desktop/garp-test/install/workspace_ros/bin'
[0.944s] Level 1:colcon.colcon_core.environment:checking '/home/tugmirk/Desktop/garp-test/install/workspace_ros/lib/pkgconfig/workspace_ros.pc'
[0.944s] Level 1:colcon.colcon_core.environment:checking '/home/tugmirk/Desktop/garp-test/install/workspace_ros/lib/python3.12/site-packages'
[0.944s] Level 1:colcon.colcon_core.shell:create_environment_hook('workspace_ros', 'pythonpath')
[0.944s] INFO:colcon.colcon_core.shell:Creating environment hook '/home/tugmirk/Desktop/garp-test/install/workspace_ros/share/workspace_ros/hook/pythonpath.ps1'
[0.944s] INFO:colcon.colcon_core.shell:Creating environment descriptor '/home/tugmirk/Desktop/garp-test/install/workspace_ros/share/workspace_ros/hook/pythonpath.dsv'
[0.944s] INFO:colcon.colcon_core.shell:Creating environment hook '/home/tugmirk/Desktop/garp-test/install/workspace_ros/share/workspace_ros/hook/pythonpath.sh'
[0.945s] Level 1:colcon.colcon_core.environment:checking '/home/tugmirk/Desktop/garp-test/install/workspace_ros/bin'
[0.945s] Level 1:colcon.colcon_core.environment:create_environment_scripts_only(workspace_ros)
[0.945s] INFO:colcon.colcon_core.shell:Creating package script '/home/tugmirk/Desktop/garp-test/install/workspace_ros/share/workspace_ros/package.ps1'
[0.945s] INFO:colcon.colcon_core.shell:Creating package descriptor '/home/tugmirk/Desktop/garp-test/install/workspace_ros/share/workspace_ros/package.dsv'
[0.945s] INFO:colcon.colcon_core.shell:Creating package script '/home/tugmirk/Desktop/garp-test/install/workspace_ros/share/workspace_ros/package.sh'
[0.945s] INFO:colcon.colcon_core.shell:Creating package script '/home/tugmirk/Desktop/garp-test/install/workspace_ros/share/workspace_ros/package.bash'
[0.946s] INFO:colcon.colcon_core.shell:Creating package script '/home/tugmirk/Desktop/garp-test/install/workspace_ros/share/workspace_ros/package.zsh'
[0.946s] Level 1:colcon.colcon_core.environment:create_file_with_runtime_dependencies(/home/tugmirk/Desktop/garp-test/install/workspace_ros/share/colcon-core/packages/workspace_ros)
[0.946s] DEBUG:colcon.colcon_parallel_executor.executor.parallel:closing loop
[0.946s] DEBUG:colcon.colcon_parallel_executor.executor.parallel:loop closed
[0.946s] DEBUG:colcon.colcon_parallel_executor.executor.parallel:run_until_complete finished with '0'
[0.946s] DEBUG:colcon.colcon_core.event_reactor:joining thread
[0.949s] INFO:colcon.colcon_core.plugin_system:Skipping extension 'colcon_notification.desktop_notification.terminal_notifier': Not used on non-Darwin systems
[0.949s] INFO:colcon.colcon_core.plugin_system:Skipping extension 'colcon_notification.desktop_notification.win32': Not used on non-Windows systems
[0.949s] INFO:colcon.colcon_notification.desktop_notification:Sending desktop notification using 'notify2'
[0.956s] DEBUG:colcon.colcon_core.event_reactor:joined thread
[0.957s] INFO:colcon.colcon_core.shell:Creating prefix script '/home/tugmirk/Desktop/garp-test/install/local_setup.ps1'
[0.957s] INFO:colcon.colcon_core.shell:Creating prefix util module '/home/tugmirk/Desktop/garp-test/install/_local_setup_util_ps1.py'
[0.957s] INFO:colcon.colcon_core.shell:Creating prefix chain script '/home/tugmirk/Desktop/garp-test/install/setup.ps1'
[0.958s] INFO:colcon.colcon_core.shell:Creating prefix script '/home/tugmirk/Desktop/garp-test/install/local_setup.sh'
[0.958s] INFO:colcon.colcon_core.shell:Creating prefix util module '/home/tugmirk/Desktop/garp-test/install/_local_setup_util_sh.py'
[0.958s] INFO:colcon.colcon_core.shell:Creating prefix chain script '/home/tugmirk/Desktop/garp-test/install/setup.sh'
[0.959s] INFO:colcon.colcon_core.shell:Creating prefix script '/home/tugmirk/Desktop/garp-test/install/local_setup.bash'
[0.959s] INFO:colcon.colcon_core.shell:Creating prefix chain script '/home/tugmirk/Desktop/garp-test/install/setup.bash'
[0.959s] INFO:colcon.colcon_core.shell:Creating prefix script '/home/tugmirk/Desktop/garp-test/install/local_setup.zsh'
[0.959s] INFO:colcon.colcon_core.shell:Creating prefix chain script '/home/tugmirk/Desktop/garp-test/install/setup.zsh'
