[0.791s] Invoking command in '/home/ngen/yildiz_ws/src/YILDIZ-USV/workspace_ros': DEBUGINFOD_URLS=https://debuginfod.ubuntu.com PYTHONPATH=/home/ngen/yildiz_ws/src/YILDIZ-USV/build/workspace_ros/prefix_override:/usr/lib/python3/dist-packages/colcon_core/task/python/colcon_distutils_commands:/home/ngen/yildiz_ws/src/YILDIZ-USV/install/workspace_ros/lib/python3.12/site-packages:${PYTHONPATH} /usr/bin/python3 -W ignore:setup.py install is deprecated -W ignore:easy_install command is deprecated setup.py egg_info --egg-base ../build/workspace_ros build --build-base /home/ngen/yildiz_ws/src/YILDIZ-USV/build/workspace_ros/build install --record /home/ngen/yildiz_ws/src/YILDIZ-USV/build/workspace_ros/install.log --single-version-externally-managed install_data
[0.990s] running egg_info
[0.990s] creating ../build/workspace_ros/workspace_ros.egg-info
[1.007s] writing ../build/workspace_ros/workspace_ros.egg-info/PKG-INFO
[1.008s] writing dependency_links to ../build/workspace_ros/workspace_ros.egg-info/dependency_links.txt
[1.008s] writing entry points to ../build/workspace_ros/workspace_ros.egg-info/entry_points.txt
[1.008s] writing requirements to ../build/workspace_ros/workspace_ros.egg-info/requires.txt
[1.008s] writing top-level names to ../build/workspace_ros/workspace_ros.egg-info/top_level.txt
[1.008s] writing manifest file '../build/workspace_ros/workspace_ros.egg-info/SOURCES.txt'
[1.043s] reading manifest file '../build/workspace_ros/workspace_ros.egg-info/SOURCES.txt'
[1.043s] writing manifest file '../build/workspace_ros/workspace_ros.egg-info/SOURCES.txt'
[1.043s] running build
[1.043s] running build_py
[1.043s] creating /home/ngen/yildiz_ws/src/YILDIZ-USV/build/workspace_ros/build
[1.044s] creating /home/ngen/yildiz_ws/src/YILDIZ-USV/build/workspace_ros/build/lib
[1.044s] creating /home/ngen/yildiz_ws/src/YILDIZ-USV/build/workspace_ros/build/lib/scripts
[1.044s] copying scripts/static_transform_publisher.py -> /home/ngen/yildiz_ws/src/YILDIZ-USV/build/workspace_ros/build/lib/scripts
[1.044s] copying scripts/converter.py -> /home/ngen/yildiz_ws/src/YILDIZ-USV/build/workspace_ros/build/lib/scripts
[1.044s] copying scripts/__init__.py -> /home/ngen/yildiz_ws/src/YILDIZ-USV/build/workspace_ros/build/lib/scripts
[1.044s] copying scripts/lidar_processor.py -> /home/ngen/yildiz_ws/src/YILDIZ-USV/build/workspace_ros/build/lib/scripts
[1.044s] copying scripts/imu_covariance_repub.py -> /home/ngen/yildiz_ws/src/YILDIZ-USV/build/workspace_ros/build/lib/scripts
[1.044s] copying scripts/kamikaze.py -> /home/ngen/yildiz_ws/src/YILDIZ-USV/build/workspace_ros/build/lib/scripts
[1.044s] copying scripts/gps_covariance_repub.py -> /home/ngen/yildiz_ws/src/YILDIZ-USV/build/workspace_ros/build/lib/scripts
[1.044s] copying scripts/target_buoy.py -> /home/ngen/yildiz_ws/src/YILDIZ-USV/build/workspace_ros/build/lib/scripts
[1.044s] copying scripts/manual_control.py -> /home/ngen/yildiz_ws/src/YILDIZ-USV/build/workspace_ros/build/lib/scripts
[1.044s] running install
[1.050s] running install_lib
[1.067s] creating /home/ngen/yildiz_ws/src/YILDIZ-USV/install/workspace_ros/lib/python3.12/site-packages/scripts
[1.067s] copying /home/ngen/yildiz_ws/src/YILDIZ-USV/build/workspace_ros/build/lib/scripts/static_transform_publisher.py -> /home/ngen/yildiz_ws/src/YILDIZ-USV/install/workspace_ros/lib/python3.12/site-packages/scripts
[1.067s] copying /home/ngen/yildiz_ws/src/YILDIZ-USV/build/workspace_ros/build/lib/scripts/converter.py -> /home/ngen/yildiz_ws/src/YILDIZ-USV/install/workspace_ros/lib/python3.12/site-packages/scripts
[1.067s] copying /home/ngen/yildiz_ws/src/YILDIZ-USV/build/workspace_ros/build/lib/scripts/__init__.py -> /home/ngen/yildiz_ws/src/YILDIZ-USV/install/workspace_ros/lib/python3.12/site-packages/scripts
[1.067s] copying /home/ngen/yildiz_ws/src/YILDIZ-USV/build/workspace_ros/build/lib/scripts/lidar_processor.py -> /home/ngen/yildiz_ws/src/YILDIZ-USV/install/workspace_ros/lib/python3.12/site-packages/scripts
[1.067s] copying /home/ngen/yildiz_ws/src/YILDIZ-USV/build/workspace_ros/build/lib/scripts/imu_covariance_repub.py -> /home/ngen/yildiz_ws/src/YILDIZ-USV/install/workspace_ros/lib/python3.12/site-packages/scripts
[1.067s] copying /home/ngen/yildiz_ws/src/YILDIZ-USV/build/workspace_ros/build/lib/scripts/kamikaze.py -> /home/ngen/yildiz_ws/src/YILDIZ-USV/install/workspace_ros/lib/python3.12/site-packages/scripts
[1.067s] copying /home/ngen/yildiz_ws/src/YILDIZ-USV/build/workspace_ros/build/lib/scripts/gps_covariance_repub.py -> /home/ngen/yildiz_ws/src/YILDIZ-USV/install/workspace_ros/lib/python3.12/site-packages/scripts
[1.067s] copying /home/ngen/yildiz_ws/src/YILDIZ-USV/build/workspace_ros/build/lib/scripts/target_buoy.py -> /home/ngen/yildiz_ws/src/YILDIZ-USV/install/workspace_ros/lib/python3.12/site-packages/scripts
[1.068s] copying /home/ngen/yildiz_ws/src/YILDIZ-USV/build/workspace_ros/build/lib/scripts/manual_control.py -> /home/ngen/yildiz_ws/src/YILDIZ-USV/install/workspace_ros/lib/python3.12/site-packages/scripts
[1.068s] byte-compiling /home/ngen/yildiz_ws/src/YILDIZ-USV/install/workspace_ros/lib/python3.12/site-packages/scripts/static_transform_publisher.py to static_transform_publisher.cpython-312.pyc
[1.069s] byte-compiling /home/ngen/yildiz_ws/src/YILDIZ-USV/install/workspace_ros/lib/python3.12/site-packages/scripts/converter.py to converter.cpython-312.pyc
[1.070s] byte-compiling /home/ngen/yildiz_ws/src/YILDIZ-USV/install/workspace_ros/lib/python3.12/site-packages/scripts/__init__.py to __init__.cpython-312.pyc
[1.070s] byte-compiling /home/ngen/yildiz_ws/src/YILDIZ-USV/install/workspace_ros/lib/python3.12/site-packages/scripts/lidar_processor.py to lidar_processor.cpython-312.pyc
[1.072s] byte-compiling /home/ngen/yildiz_ws/src/YILDIZ-USV/install/workspace_ros/lib/python3.12/site-packages/scripts/imu_covariance_repub.py to imu_covariance_repub.cpython-312.pyc
[1.072s] byte-compiling /home/ngen/yildiz_ws/src/YILDIZ-USV/install/workspace_ros/lib/python3.12/site-packages/scripts/kamikaze.py to kamikaze.cpython-312.pyc
[1.076s] byte-compiling /home/ngen/yildiz_ws/src/YILDIZ-USV/install/workspace_ros/lib/python3.12/site-packages/scripts/gps_covariance_repub.py to gps_covariance_repub.cpython-312.pyc
[1.077s] byte-compiling /home/ngen/yildiz_ws/src/YILDIZ-USV/install/workspace_ros/lib/python3.12/site-packages/scripts/target_buoy.py to target_buoy.cpython-312.pyc
[1.078s] byte-compiling /home/ngen/yildiz_ws/src/YILDIZ-USV/install/workspace_ros/lib/python3.12/site-packages/scripts/manual_control.py to manual_control.cpython-312.pyc
[1.079s] running install_data
[1.079s] creating /home/ngen/yildiz_ws/src/YILDIZ-USV/install/workspace_ros/share/ament_index
[1.079s] creating /home/ngen/yildiz_ws/src/YILDIZ-USV/install/workspace_ros/share/ament_index/resource_index
[1.079s] creating /home/ngen/yildiz_ws/src/YILDIZ-USV/install/workspace_ros/share/ament_index/resource_index/packages
[1.079s] copying resource/workspace_ros -> /home/ngen/yildiz_ws/src/YILDIZ-USV/install/workspace_ros/share/ament_index/resource_index/packages
[1.079s] copying package.xml -> /home/ngen/yildiz_ws/src/YILDIZ-USV/install/workspace_ros/share/workspace_ros
[1.080s] creating /home/ngen/yildiz_ws/src/YILDIZ-USV/install/workspace_ros/share/workspace_ros/config
[1.080s] copying config/static_transform.yaml -> /home/ngen/yildiz_ws/src/YILDIZ-USV/install/workspace_ros/share/workspace_ros/config
[1.080s] copying config/ekf.yaml -> /home/ngen/yildiz_ws/src/YILDIZ-USV/install/workspace_ros/share/workspace_ros/config
[1.080s] copying config/lidar_rviz.rviz -> /home/ngen/yildiz_ws/src/YILDIZ-USV/install/workspace_ros/share/workspace_ros/config
[1.080s] copying config/navsat.yaml -> /home/ngen/yildiz_ws/src/YILDIZ-USV/install/workspace_ros/share/workspace_ros/config
[1.080s] copying config/lidar_filter.yaml -> /home/ngen/yildiz_ws/src/YILDIZ-USV/install/workspace_ros/share/workspace_ros/config
[1.080s] creating /home/ngen/yildiz_ws/src/YILDIZ-USV/install/workspace_ros/share/workspace_ros/launch
[1.080s] copying launch/localization.launch.py -> /home/ngen/yildiz_ws/src/YILDIZ-USV/install/workspace_ros/share/workspace_ros/launch
[1.081s] copying launch/mola_slam.launch.py -> /home/ngen/yildiz_ws/src/YILDIZ-USV/install/workspace_ros/share/workspace_ros/launch
[1.081s] copying launch/lidar_filter.launch.py -> /home/ngen/yildiz_ws/src/YILDIZ-USV/install/workspace_ros/share/workspace_ros/launch
[1.081s] creating /home/ngen/yildiz_ws/src/YILDIZ-USV/install/workspace_ros/share/workspace_ros/scripts
[1.081s] copying scripts/static_transform_publisher.py -> /home/ngen/yildiz_ws/src/YILDIZ-USV/install/workspace_ros/share/workspace_ros/scripts
[1.081s] copying scripts/converter.py -> /home/ngen/yildiz_ws/src/YILDIZ-USV/install/workspace_ros/share/workspace_ros/scripts
[1.081s] copying scripts/__init__.py -> /home/ngen/yildiz_ws/src/YILDIZ-USV/install/workspace_ros/share/workspace_ros/scripts
[1.081s] copying scripts/lidar_processor.py -> /home/ngen/yildiz_ws/src/YILDIZ-USV/install/workspace_ros/share/workspace_ros/scripts
[1.081s] copying scripts/imu_covariance_repub.py -> /home/ngen/yildiz_ws/src/YILDIZ-USV/install/workspace_ros/share/workspace_ros/scripts
[1.081s] copying scripts/kamikaze.py -> /home/ngen/yildiz_ws/src/YILDIZ-USV/install/workspace_ros/share/workspace_ros/scripts
[1.081s] copying scripts/gps_covariance_repub.py -> /home/ngen/yildiz_ws/src/YILDIZ-USV/install/workspace_ros/share/workspace_ros/scripts
[1.082s] copying scripts/target_buoy.py -> /home/ngen/yildiz_ws/src/YILDIZ-USV/install/workspace_ros/share/workspace_ros/scripts
[1.082s] copying scripts/manual_control.py -> /home/ngen/yildiz_ws/src/YILDIZ-USV/install/workspace_ros/share/workspace_ros/scripts
[1.082s] creating /home/ngen/yildiz_ws/src/YILDIZ-USV/install/workspace_ros/share/workspace_ros/YOLOv11
[1.082s] copying YOLOv11/YOLOv11.pt -> /home/ngen/yildiz_ws/src/YILDIZ-USV/install/workspace_ros/share/workspace_ros/YOLOv11
[1.090s] running install_egg_info
[1.106s] Copying ../build/workspace_ros/workspace_ros.egg-info to /home/ngen/yildiz_ws/src/YILDIZ-USV/install/workspace_ros/lib/python3.12/site-packages/workspace_ros-0.0.0-py3.12.egg-info
[1.106s] running install_scripts
[1.212s] Installing converter script to /home/ngen/yildiz_ws/src/YILDIZ-USV/install/workspace_ros/lib/workspace_ros
[1.212s] Installing gps_covariance_repub script to /home/ngen/yildiz_ws/src/YILDIZ-USV/install/workspace_ros/lib/workspace_ros
[1.212s] Installing imu_covariance_repub script to /home/ngen/yildiz_ws/src/YILDIZ-USV/install/workspace_ros/lib/workspace_ros
[1.212s] Installing kamikaze script to /home/ngen/yildiz_ws/src/YILDIZ-USV/install/workspace_ros/lib/workspace_ros
[1.212s] Installing lidar_processor script to /home/ngen/yildiz_ws/src/YILDIZ-USV/install/workspace_ros/lib/workspace_ros
[1.212s] Installing manual_control script to /home/ngen/yildiz_ws/src/YILDIZ-USV/install/workspace_ros/lib/workspace_ros
[1.213s] Installing static_transform_publisher script to /home/ngen/yildiz_ws/src/YILDIZ-USV/install/workspace_ros/lib/workspace_ros
[1.213s] Installing target_buoy script to /home/ngen/yildiz_ws/src/YILDIZ-USV/install/workspace_ros/lib/workspace_ros
[1.213s] writing list of installed files to '/home/ngen/yildiz_ws/src/YILDIZ-USV/build/workspace_ros/install.log'
[1.233s] Invoked command in '/home/ngen/yildiz_ws/src/YILDIZ-USV/workspace_ros' returned '0': DEBUGINFOD_URLS=https://debuginfod.ubuntu.com PYTHONPATH=/home/ngen/yildiz_ws/src/YILDIZ-USV/build/workspace_ros/prefix_override:/usr/lib/python3/dist-packages/colcon_core/task/python/colcon_distutils_commands:/home/ngen/yildiz_ws/src/YILDIZ-USV/install/workspace_ros/lib/python3.12/site-packages:${PYTHONPATH} /usr/bin/python3 -W ignore:setup.py install is deprecated -W ignore:easy_install command is deprecated setup.py egg_info --egg-base ../build/workspace_ros build --build-base /home/ngen/yildiz_ws/src/YILDIZ-USV/build/workspace_ros/build install --record /home/ngen/yildiz_ws/src/YILDIZ-USV/build/workspace_ros/install.log --single-version-externally-managed install_data
