running develop
Removing /home/ngen/yildiz_ws/src/YILDIZ-USV/install/workspace_ros/lib/python3.12/site-packages/workspace-ros.egg-link (link to .)
running egg_info
writing ../build/workspace_ros/workspace_ros.egg-info/PKG-INFO
writing dependency_links to ../build/workspace_ros/workspace_ros.egg-info/dependency_links.txt
writing entry points to ../build/workspace_ros/workspace_ros.egg-info/entry_points.txt
writing requirements to ../build/workspace_ros/workspace_ros.egg-info/requires.txt
writing top-level names to ../build/workspace_ros/workspace_ros.egg-info/top_level.txt
reading manifest file '../build/workspace_ros/workspace_ros.egg-info/SOURCES.txt'
writing manifest file '../build/workspace_ros/workspace_ros.egg-info/SOURCES.txt'
running build
running build_py
copying scripts/lidar_processor.py -> /home/ngen/yildiz_ws/src/YILDIZ-USV/build/workspace_ros/build/lib/scripts
running install
running install_lib
creating /home/ngen/yildiz_ws/src/YILDIZ-USV/install/workspace_ros/lib/python3.12/site-packages/scripts
copying /home/ngen/yildiz_ws/src/YILDIZ-USV/build/workspace_ros/build/lib/scripts/static_transform_publisher.py -> /home/ngen/yildiz_ws/src/YILDIZ-USV/install/workspace_ros/lib/python3.12/site-packages/scripts
copying /home/ngen/yildiz_ws/src/YILDIZ-USV/build/workspace_ros/build/lib/scripts/converter.py -> /home/ngen/yildiz_ws/src/YILDIZ-USV/install/workspace_ros/lib/python3.12/site-packages/scripts
copying /home/ngen/yildiz_ws/src/YILDIZ-USV/build/workspace_ros/build/lib/scripts/__init__.py -> /home/ngen/yildiz_ws/src/YILDIZ-USV/install/workspace_ros/lib/python3.12/site-packages/scripts
copying /home/ngen/yildiz_ws/src/YILDIZ-USV/build/workspace_ros/build/lib/scripts/lidar_processor.py -> /home/ngen/yildiz_ws/src/YILDIZ-USV/install/workspace_ros/lib/python3.12/site-packages/scripts
copying /home/ngen/yildiz_ws/src/YILDIZ-USV/build/workspace_ros/build/lib/scripts/imu_covariance_repub.py -> /home/ngen/yildiz_ws/src/YILDIZ-USV/install/workspace_ros/lib/python3.12/site-packages/scripts
copying /home/ngen/yildiz_ws/src/YILDIZ-USV/build/workspace_ros/build/lib/scripts/kamikaze.py -> /home/ngen/yildiz_ws/src/YILDIZ-USV/install/workspace_ros/lib/python3.12/site-packages/scripts
copying /home/ngen/yildiz_ws/src/YILDIZ-USV/build/workspace_ros/build/lib/scripts/gps_covariance_repub.py -> /home/ngen/yildiz_ws/src/YILDIZ-USV/install/workspace_ros/lib/python3.12/site-packages/scripts
copying /home/ngen/yildiz_ws/src/YILDIZ-USV/build/workspace_ros/build/lib/scripts/target_buoy.py -> /home/ngen/yildiz_ws/src/YILDIZ-USV/install/workspace_ros/lib/python3.12/site-packages/scripts
copying /home/ngen/yildiz_ws/src/YILDIZ-USV/build/workspace_ros/build/lib/scripts/manual_control.py -> /home/ngen/yildiz_ws/src/YILDIZ-USV/install/workspace_ros/lib/python3.12/site-packages/scripts
byte-compiling /home/ngen/yildiz_ws/src/YILDIZ-USV/install/workspace_ros/lib/python3.12/site-packages/scripts/static_transform_publisher.py to static_transform_publisher.cpython-312.pyc
byte-compiling /home/ngen/yildiz_ws/src/YILDIZ-USV/install/workspace_ros/lib/python3.12/site-packages/scripts/converter.py to converter.cpython-312.pyc
byte-compiling /home/ngen/yildiz_ws/src/YILDIZ-USV/install/workspace_ros/lib/python3.12/site-packages/scripts/__init__.py to __init__.cpython-312.pyc
byte-compiling /home/ngen/yildiz_ws/src/YILDIZ-USV/install/workspace_ros/lib/python3.12/site-packages/scripts/lidar_processor.py to lidar_processor.cpython-312.pyc
byte-compiling /home/ngen/yildiz_ws/src/YILDIZ-USV/install/workspace_ros/lib/python3.12/site-packages/scripts/imu_covariance_repub.py to imu_covariance_repub.cpython-312.pyc
byte-compiling /home/ngen/yildiz_ws/src/YILDIZ-USV/install/workspace_ros/lib/python3.12/site-packages/scripts/kamikaze.py to kamikaze.cpython-312.pyc
byte-compiling /home/ngen/yildiz_ws/src/YILDIZ-USV/install/workspace_ros/lib/python3.12/site-packages/scripts/gps_covariance_repub.py to gps_covariance_repub.cpython-312.pyc
byte-compiling /home/ngen/yildiz_ws/src/YILDIZ-USV/install/workspace_ros/lib/python3.12/site-packages/scripts/target_buoy.py to target_buoy.cpython-312.pyc
byte-compiling /home/ngen/yildiz_ws/src/YILDIZ-USV/install/workspace_ros/lib/python3.12/site-packages/scripts/manual_control.py to manual_control.cpython-312.pyc
running install_data
copying resource/workspace_ros -> /home/ngen/yildiz_ws/src/YILDIZ-USV/install/workspace_ros/share/ament_index/resource_index/packages
copying package.xml -> /home/ngen/yildiz_ws/src/YILDIZ-USV/install/workspace_ros/share/workspace_ros
copying config/static_transform.yaml -> /home/ngen/yildiz_ws/src/YILDIZ-USV/install/workspace_ros/share/workspace_ros/config
copying config/ekf.yaml -> /home/ngen/yildiz_ws/src/YILDIZ-USV/install/workspace_ros/share/workspace_ros/config
copying config/lidar_rviz.rviz -> /home/ngen/yildiz_ws/src/YILDIZ-USV/install/workspace_ros/share/workspace_ros/config
copying config/navsat.yaml -> /home/ngen/yildiz_ws/src/YILDIZ-USV/install/workspace_ros/share/workspace_ros/config
copying config/lidar_filter.yaml -> /home/ngen/yildiz_ws/src/YILDIZ-USV/install/workspace_ros/share/workspace_ros/config
copying launch/localization.launch.py -> /home/ngen/yildiz_ws/src/YILDIZ-USV/install/workspace_ros/share/workspace_ros/launch
copying launch/mola_slam.launch.py -> /home/ngen/yildiz_ws/src/YILDIZ-USV/install/workspace_ros/share/workspace_ros/launch
copying launch/lidar_filter.launch.py -> /home/ngen/yildiz_ws/src/YILDIZ-USV/install/workspace_ros/share/workspace_ros/launch
copying scripts/static_transform_publisher.py -> /home/ngen/yildiz_ws/src/YILDIZ-USV/install/workspace_ros/share/workspace_ros/scripts
copying scripts/converter.py -> /home/ngen/yildiz_ws/src/YILDIZ-USV/install/workspace_ros/share/workspace_ros/scripts
copying scripts/__init__.py -> /home/ngen/yildiz_ws/src/YILDIZ-USV/install/workspace_ros/share/workspace_ros/scripts
copying scripts/lidar_processor.py -> /home/ngen/yildiz_ws/src/YILDIZ-USV/install/workspace_ros/share/workspace_ros/scripts
copying scripts/imu_covariance_repub.py -> /home/ngen/yildiz_ws/src/YILDIZ-USV/install/workspace_ros/share/workspace_ros/scripts
copying scripts/kamikaze.py -> /home/ngen/yildiz_ws/src/YILDIZ-USV/install/workspace_ros/share/workspace_ros/scripts
copying scripts/gps_covariance_repub.py -> /home/ngen/yildiz_ws/src/YILDIZ-USV/install/workspace_ros/share/workspace_ros/scripts
copying scripts/target_buoy.py -> /home/ngen/yildiz_ws/src/YILDIZ-USV/install/workspace_ros/share/workspace_ros/scripts
copying scripts/manual_control.py -> /home/ngen/yildiz_ws/src/YILDIZ-USV/install/workspace_ros/share/workspace_ros/scripts
copying YOLOv11/YOLOv11.pt -> /home/ngen/yildiz_ws/src/YILDIZ-USV/install/workspace_ros/share/workspace_ros/YOLOv11
running install_egg_info
Copying ../build/workspace_ros/workspace_ros.egg-info to /home/ngen/yildiz_ws/src/YILDIZ-USV/install/workspace_ros/lib/python3.12/site-packages/workspace_ros-0.0.0-py3.12.egg-info
running install_scripts
Installing converter script to /home/ngen/yildiz_ws/src/YILDIZ-USV/install/workspace_ros/lib/workspace_ros
Installing gps_covariance_repub script to /home/ngen/yildiz_ws/src/YILDIZ-USV/install/workspace_ros/lib/workspace_ros
Installing imu_covariance_repub script to /home/ngen/yildiz_ws/src/YILDIZ-USV/install/workspace_ros/lib/workspace_ros
Installing kamikaze script to /home/ngen/yildiz_ws/src/YILDIZ-USV/install/workspace_ros/lib/workspace_ros
Installing lidar_processor script to /home/ngen/yildiz_ws/src/YILDIZ-USV/install/workspace_ros/lib/workspace_ros
Installing manual_control script to /home/ngen/yildiz_ws/src/YILDIZ-USV/install/workspace_ros/lib/workspace_ros
Installing static_transform_publisher script to /home/ngen/yildiz_ws/src/YILDIZ-USV/install/workspace_ros/lib/workspace_ros
Installing target_buoy script to /home/ngen/yildiz_ws/src/YILDIZ-USV/install/workspace_ros/lib/workspace_ros
writing list of installed files to '/home/ngen/yildiz_ws/src/YILDIZ-USV/build/workspace_ros/install.log'
