[0.010s] Invoking command in '/home/aliomacc/sti_usv/build/workspace_gz': CMAKE_PREFIX_PATH=${CMAKE_PREFIX_PATH}:/home/aliomacc/ros2_ws/install/actions_py:/home/aliomacc/ros2_ws/install/lifecycle_py:/opt/ros/humble /usr/bin/cmake /home/aliomacc/sti_usv/src/usv_sim/workspace_gz -DAMENT_CMAKE_SYMLINK_INSTALL=1 -DCMAKE_INSTALL_PREFIX=/home/aliomacc/sti_usv/install/workspace_gz
[0.055s] -- The C compiler identification is GNU 11.4.0
[0.103s] -- The CXX compiler identification is GNU 11.4.0
[0.109s] -- Detecting C compiler ABI info
[0.175s] -- Detecting C compiler ABI info - done
[0.182s] -- Check for working C compiler: /usr/bin/cc - skipped
[0.182s] -- Detecting C compile features
[0.183s] -- Detecting C compile features - done
[0.185s] -- Detecting CXX compiler ABI info
[0.253s] -- Detecting CXX compiler ABI info - done
[0.260s] -- Check for working CXX compiler: /usr/bin/c++ - skipped
[0.260s] -- Detecting CXX compile features
[0.261s] -- Detecting CXX compile features - done
[0.263s] -- Found ament_cmake: 1.3.12 (/opt/ros/humble/share/ament_cmake/cmake)
[0.409s] -- Found Python3: /usr/bin/python3 (found version "3.10.12") found components: Interpreter 
[0.470s] -- Override CMake install command with custom implementation using symlinks instead of copying resources
[0.504s] -- Looking for ignition-gazebo6 -- found version 6.17.1
[0.510s] -- Searching for dependencies of ignition-gazebo6
[0.513s] -- Looking for sdformat12 -- found version 12.9.0
[0.513s] -- Searching for dependencies of sdformat12
[0.517s] -- Checking for module 'tinyxml2'
[0.526s] --   Found tinyxml2, version 9.0.0
[0.556s] -- Looking for ignition-math6 -- found version 6.15.1
[0.557s] -- Searching for dependencies of ignition-math6
[0.560s] -- Looking for ignition-utils1 -- found version 1.5.1
[0.560s] -- Searching for dependencies of ignition-utils1
[0.564s] -- Looking for ignition-plugin1 -- found version 1.4.0
[0.564s] -- Searching for dependencies of ignition-plugin1
[0.565s] -- Searching for <ignition-plugin1> component [loader]
[0.567s] -- Looking for ignition-plugin1-loader -- found version 1.4.0
[0.567s] -- Searching for dependencies of ignition-plugin1-loader
[0.568s] -- Searching for <ignition-plugin1> component [register]
[0.570s] -- Looking for ignition-plugin1-register -- found version 1.4.0
[0.571s] -- Searching for dependencies of ignition-plugin1-register
[0.574s] -- Looking for ignition-transport11 -- found version 11.4.2
[0.574s] -- Searching for dependencies of ignition-transport11
[0.725s] -- Found Protobuf: /usr/lib/x86_64-linux-gnu/libprotobuf.so (found version "3.12.4") 
[0.738s] -- Config-file not installed for ZeroMQ -- checking for pkg-config
[0.742s] -- Checking for module 'libzmq >= 4'
[0.752s] --   Found libzmq , version 4.3.4
[0.777s] -- Found ZeroMQ: TRUE (Required is at least version "4") 
[0.781s] -- Checking for module 'uuid'
[0.790s] --   Found uuid, version 2.37.2
[0.812s] -- Found UUID: TRUE  
[0.812s] -- Looking for ignition-utils1 -- found version 1.5.1
[0.813s] -- Searching for dependencies of ignition-utils1
[0.813s] -- Searching for <ignition-utils1> component [cli]
[0.815s] -- Looking for ignition-utils1-cli -- found version 1.5.1
[0.816s] -- Searching for dependencies of ignition-utils1-cli
[0.819s] -- Looking for ignition-msgs8 -- found version 8.7.0
[0.819s] -- Searching for dependencies of ignition-msgs8
[0.837s] -- Found Protobuf: /usr/lib/x86_64-linux-gnu/libprotobuf.so (found suitable version "3.12.4", minimum required is "3") 
[0.838s] -- Looking for ignition-math6 -- found version 6.15.1
[0.848s] -- Searching for <ignition-transport11> component [log]
[0.851s] -- Looking for ignition-transport11-log -- found version 11.4.2
[0.851s] -- Searching for dependencies of ignition-transport11-log
[0.852s] -- Searching for <ignition-transport11> component [parameters]
[0.854s] -- Looking for ignition-transport11-parameters -- found version 11.4.2
[0.855s] -- Searching for dependencies of ignition-transport11-parameters
[0.856s] -- Looking for ignition-msgs8 -- found version 8.7.0
[0.858s] -- Looking for ignition-common4 -- found version 4.8.0
[0.859s] -- Searching for dependencies of ignition-common4
[0.859s] -- Looking for dlfcn.h - found
[0.860s] -- Looking for libdl - found
[0.861s] -- Found DL: TRUE  
[0.868s] -- Searching for <ignition-common4> component [profiler]
[0.871s] -- Looking for ignition-common4-profiler -- found version 4.8.0
[0.871s] -- Searching for dependencies of ignition-common4-profiler
[0.872s] -- Searching for <ignition-common4> component [events]
[0.874s] -- Looking for ignition-common4-events -- found version 4.8.0
[0.875s] -- Searching for dependencies of ignition-common4-events
[0.875s] -- Looking for ignition-math6 -- found version 6.15.1
[0.876s] -- Searching for <ignition-common4> component [av]
[0.878s] -- Looking for ignition-common4-av -- found version 4.8.0
[0.879s] -- Searching for dependencies of ignition-common4-av
[0.883s] -- Checking for module 'libswscale'
[0.892s] --   Found libswscale, version 5.9.100
[0.915s] -- Found SWSCALE: TRUE  
[0.919s] -- Checking for module 'libavdevice >= 56.4.100'
[0.929s] --   Found libavdevice , version 58.13.100
[0.962s] -- Found AVDEVICE: TRUE (Required is at least version "56.4.100") 
[0.966s] -- Checking for module 'libavformat'
[0.977s] --   Found libavformat, version 58.76.100
[1.003s] -- Found AVFORMAT: TRUE  
[1.007s] -- Checking for module 'libavcodec'
[1.018s] --   Found libavcodec, version 58.134.100
[1.048s] -- Found AVCODEC: TRUE  
[1.052s] -- Checking for module 'libavutil'
[1.063s] --   Found libavutil, version 56.70.100
[1.087s] -- Found AVUTIL: TRUE  
[1.091s] -- Looking for ignition-fuel_tools7 -- found version 7.3.1
[1.091s] -- Searching for dependencies of ignition-fuel_tools7
[1.157s] -- Found CURL: /usr/lib/x86_64-linux-gnu/libcurl.so (found version "7.81.0")  
[1.164s] -- Checking for module 'jsoncpp'
[1.174s] --   Found jsoncpp, version 1.9.5
[1.198s] -- Found JSONCPP: TRUE  
[1.203s] -- Checking for module 'libzip'
[1.213s] --   Found libzip, version 1.7.3
[1.240s] -- Found ZIP: TRUE  
[1.241s] -- Looking for ignition-common4 -- found version 4.8.0
[1.241s] -- Looking for ignition-math6 -- found version 6.15.1
[1.241s] -- Looking for ignition-msgs8 -- found version 8.7.0
[1.245s] -- Looking for ignition-gui6 -- found version 6.9.0
[1.245s] -- Searching for dependencies of ignition-gui6
[1.263s] -- Found Protobuf: /usr/lib/x86_64-linux-gnu/libprotobuf.so (found version "3.12.4") 
[1.270s] -- Looking for ignition-math6 -- found version 6.15.1
[1.270s] -- Looking for ignition-common4 -- found version 4.8.0
[1.271s] -- Looking for ignition-plugin1 -- found version 1.4.0
[1.280s] -- Looking for ignition-transport11 -- found version 11.4.2
[1.280s] -- Looking for ignition-rendering6 -- found version 6.6.4
[1.280s] -- Searching for dependencies of ignition-rendering6
[1.280s] -- Looking for ignition-math6 -- found version 6.15.1
[1.280s] -- Searching for dependencies of ignition-math6
[1.280s] -- Searching for <ignition-math6> component [eigen3]
[1.280s] -- Looking for ignition-math6-eigen3 -- found version 6.15.1
[1.280s] -- Searching for dependencies of ignition-math6-eigen3
[1.286s] -- Looking for ignition-common4 -- found version 4.8.0
[1.286s] -- Searching for dependencies of ignition-common4
[1.286s] -- Looking for dlfcn.h - found
[1.286s] -- Looking for libdl - found
[1.296s] -- Searching for <ignition-common4> component [graphics]
[1.299s] -- Looking for ignition-common4-graphics -- found version 4.8.0
[1.299s] -- Searching for dependencies of ignition-common4-graphics
[1.299s] -- Looking for ignition-math6 -- found version 6.15.1
[1.300s] -- Looking for ignition-utils1 -- found version 1.5.1
[1.300s] -- Searching for <ignition-common4> component [events]
[1.301s] -- Looking for ignition-plugin1 -- found version 1.4.0
[1.302s] -- Searching for dependencies of ignition-plugin1
[1.302s] -- Searching for <ignition-plugin1> component [all]
[1.304s] -- Looking for all libraries of ignition-plugin1 -- found version 1.4.0
[1.305s] -- Looking for ignition-plugin1 -- found version 1.4.0
[1.307s] -- Looking for ignition-msgs8 -- found version 8.7.0
[1.328s] -- Looking for ignition-physics5 -- found version 5.4.0
[1.328s] -- Searching for dependencies of ignition-physics5
[1.328s] -- Looking for ignition-math6 -- found version 6.15.1
[1.329s] -- Looking for ignition-plugin1 -- found version 1.4.0
[1.329s] -- Looking for ignition-utils1 -- found version 1.5.1
[1.330s] -- Searching for <ignition-physics5> component [heightmap]
[1.333s] -- Looking for ignition-physics5-heightmap -- found version 5.4.0
[1.333s] -- Searching for dependencies of ignition-physics5-heightmap
[1.334s] -- Looking for ignition-common4 -- found version 4.8.0
[1.334s] -- Searching for <ignition-physics5> component [mesh]
[1.337s] -- Looking for ignition-physics5-mesh -- found version 5.4.0
[1.338s] -- Searching for dependencies of ignition-physics5-mesh
[1.338s] -- Looking for ignition-common4 -- found version 4.8.0
[1.339s] -- Searching for <ignition-physics5> component [sdf]
[1.342s] -- Looking for ignition-physics5-sdf -- found version 5.4.0
[1.342s] -- Searching for dependencies of ignition-physics5-sdf
[1.342s] -- Looking for sdformat12 -- found version 12.9.0
[1.346s] -- Looking for ignition-sensors6 -- found version 6.9.0
[1.346s] -- Searching for dependencies of ignition-sensors6
[1.365s] -- Looking for ignition-math6 -- found version 6.15.1
[1.365s] -- Looking for ignition-common4 -- found version 4.8.0
[1.366s] -- Looking for ignition-transport11 -- found version 11.4.2
[1.366s] -- Looking for ignition-rendering6 -- found version 6.6.4
[1.366s] -- Looking for ignition-msgs8 -- found version 8.7.0
[1.367s] -- Looking for sdformat12 -- found version 12.9.0
[1.367s] -- Searching for <ignition-sensors6> component [air_pressure]
[1.370s] -- Looking for ignition-sensors6-air_pressure -- found version 6.9.0
[1.371s] -- Searching for dependencies of ignition-sensors6-air_pressure
[1.371s] -- Searching for <ignition-sensors6> component [altimeter]
[1.374s] -- Looking for ignition-sensors6-altimeter -- found version 6.9.0
[1.375s] -- Searching for dependencies of ignition-sensors6-altimeter
[1.375s] -- Searching for <ignition-sensors6> component [imu]
[1.378s] -- Looking for ignition-sensors6-imu -- found version 6.9.0
[1.378s] -- Searching for dependencies of ignition-sensors6-imu
[1.379s] -- Searching for <ignition-sensors6> component [force_torque]
[1.382s] -- Looking for ignition-sensors6-force_torque -- found version 6.9.0
[1.382s] -- Searching for dependencies of ignition-sensors6-force_torque
[1.383s] -- Searching for <ignition-sensors6> component [logical_camera]
[1.385s] -- Looking for ignition-sensors6-logical_camera -- found version 6.9.0
[1.386s] -- Searching for dependencies of ignition-sensors6-logical_camera
[1.386s] -- Searching for <ignition-sensors6> component [magnetometer]
[1.389s] -- Looking for ignition-sensors6-magnetometer -- found version 6.9.0
[1.390s] -- Searching for dependencies of ignition-sensors6-magnetometer
[1.390s] -- Searching for <ignition-sensors6> component [navsat]
[1.393s] -- Looking for ignition-sensors6-navsat -- found version 6.9.0
[1.393s] -- Searching for dependencies of ignition-sensors6-navsat
[1.394s] -- Searching for <ignition-sensors6> component [rendering]
[1.397s] -- Looking for ignition-sensors6-rendering -- found version 6.9.0
[1.397s] -- Searching for dependencies of ignition-sensors6-rendering
[1.398s] -- Searching for <ignition-sensors6> component [lidar]
[1.401s] -- Looking for ignition-sensors6-lidar -- found version 6.9.0
[1.401s] -- Searching for dependencies of ignition-sensors6-lidar
[1.401s] -- Looking for ignition-sensors6 -- found version 6.9.0
[1.402s] -- Searching for <ignition-sensors6> component [gpu_lidar]
[1.405s] -- Looking for ignition-sensors6-gpu_lidar -- found version 6.9.0
[1.405s] -- Searching for dependencies of ignition-sensors6-gpu_lidar
[1.406s] -- Looking for ignition-sensors6 -- found version 6.9.0
[1.406s] -- Searching for <ignition-sensors6> component [camera]
[1.409s] -- Looking for ignition-sensors6-camera -- found version 6.9.0
[1.410s] -- Searching for dependencies of ignition-sensors6-camera
[1.410s] -- Looking for ignition-sensors6 -- found version 6.9.0
[1.411s] -- Searching for <ignition-sensors6> component [boundingbox_camera]
[1.414s] -- Looking for ignition-sensors6-boundingbox_camera -- found version 6.9.0
[1.414s] -- Searching for dependencies of ignition-sensors6-boundingbox_camera
[1.415s] -- Searching for <ignition-sensors6> component [segmentation_camera]
[1.417s] -- Looking for ignition-sensors6-segmentation_camera -- found version 6.9.0
[1.418s] -- Searching for dependencies of ignition-sensors6-segmentation_camera
[1.418s] -- Searching for <ignition-sensors6> component [depth_camera]
[1.421s] -- Looking for ignition-sensors6-depth_camera -- found version 6.9.0
[1.422s] -- Searching for dependencies of ignition-sensors6-depth_camera
[1.422s] -- Looking for ignition-sensors6 -- found version 6.9.0
[1.423s] -- Searching for <ignition-sensors6> component [rgbd_camera]
[1.426s] -- Looking for ignition-sensors6-rgbd_camera -- found version 6.9.0
[1.427s] -- Searching for dependencies of ignition-sensors6-rgbd_camera
[1.427s] -- Looking for ignition-sensors6 -- found version 6.9.0
[1.428s] -- Searching for <ignition-sensors6> component [thermal_camera]
[1.432s] -- Looking for ignition-sensors6-thermal_camera -- found version 6.9.0
[1.432s] -- Searching for dependencies of ignition-sensors6-thermal_camera
[1.433s] -- Looking for ignition-sensors6 -- found version 6.9.0
[1.434s] -- Looking for ignition-rendering6 -- found version 6.6.4
[1.435s] -- Looking for ignition-math6 -- found version 6.15.1
[1.438s] -- Looking for ignition-utils1 -- found version 1.5.1
[1.459s] -- Looking for ignition-common4 -- found version 4.8.0
[1.459s] -- Looking for ignition-math6 -- found version 6.15.1
[1.460s] -- Looking for ignition-transport11 -- found version 11.4.2
[1.460s] -- Looking for ignition-plugin1 -- found version 1.4.0
[1.461s] -- Looking for ignition-rendering6 -- found version 6.6.4
[1.461s] -- Looking for ignition-sensors6 -- found version 6.9.0
[1.462s] -- Looking for ignition-utils1 -- found version 1.5.1
[1.462s] -- Looking for ignition-msgs8 -- found version 8.7.0
[1.463s] -- Looking for sdformat12 -- found version 12.9.0
[1.537s] -- Configuring done
[1.572s] -- Generating done
[1.582s] -- Build files have been written to: /home/aliomacc/sti_usv/build/workspace_gz
[1.591s] Invoked command in '/home/aliomacc/sti_usv/build/workspace_gz' returned '0': CMAKE_PREFIX_PATH=${CMAKE_PREFIX_PATH}:/home/aliomacc/ros2_ws/install/actions_py:/home/aliomacc/ros2_ws/install/lifecycle_py:/opt/ros/humble /usr/bin/cmake /home/aliomacc/sti_usv/src/usv_sim/workspace_gz -DAMENT_CMAKE_SYMLINK_INSTALL=1 -DCMAKE_INSTALL_PREFIX=/home/aliomacc/sti_usv/install/workspace_gz
[1.593s] Invoking command in '/home/aliomacc/sti_usv/build/workspace_gz': CMAKE_PREFIX_PATH=${CMAKE_PREFIX_PATH}:/home/aliomacc/ros2_ws/install/actions_py:/home/aliomacc/ros2_ws/install/lifecycle_py:/opt/ros/humble /usr/bin/cmake --build /home/aliomacc/sti_usv/build/workspace_gz -- -j8 -l8
[1.638s] [  4%] [32mBuilding CXX object CMakeFiles/Waves.dir/plugins/Wavefield.cc.o[0m
[7.686s] [  9%] [32m[1mLinking CXX shared library libWaves.so[0m
[7.989s] [  9%] Built target Waves
[8.020s] [ 14%] [32mBuilding CXX object CMakeFiles/StationkeepingScoringPlugin.dir/plugins/StationkeepingScoringPlugin.cc.o[0m
[8.022s] [ 23%] [32mBuilding CXX object CMakeFiles/SimpleHydrodynamics.dir/plugins/SimpleHydrodynamics.cc.o[0m
[8.022s] [ 23%] [32mBuilding CXX object CMakeFiles/Surface.dir/plugins/Surface.cc.o[0m
[8.023s] [ 28%] [32mBuilding CXX object CMakeFiles/WayfindingScoringPlugin.dir/plugins/WayfindingScoringPlugin.cc.o[0m
[8.023s] [ 33%] [32mBuilding CXX object CMakeFiles/ScoringPlugin.dir/plugins/ScoringPlugin.cc.o[0m
[8.024s] [ 38%] [32mBuilding CXX object CMakeFiles/USVWind.dir/plugins/USVWind.cc.o[0m
[8.032s] [ 47%] [32mBuilding CXX object CMakeFiles/WaveVisual.dir/plugins/WaveVisual.cc.o[0m
[8.034s] [ 47%] [32mBuilding CXX object CMakeFiles/PolyhedraBuoyancyDrag.dir/plugins/PolyhedraBuoyancyDrag.cc.o[0m
[16.013s] In file included from [01m[K/usr/include/ignition/plugin1/gz/plugin/Register.hh:22[m[K,
[16.013s]                  from [01m[K/home/aliomacc/sti_usv/src/usv_sim/workspace_gz/plugins/SimpleHydrodynamics.cc:22[m[K:
[16.013s] [01m[K/home/aliomacc/sti_usv/src/usv_sim/workspace_gz/plugins/SimpleHydrodynamics.cc:292:1:[m[K [01;31m[Kerror: [m[Kexpected constructor, destructor, or type conversion before ‘[01m[Knamespace[m[K’
[16.014s]   292 | [01;31m[KIGNITION_ADD_PLUGIN[m[K(vrx::SimpleHydrodynamics,
[16.014s]       | [01;31m[K^~~~~~~~~~~~~~~~~~~[m[K
[17.511s] In file included from [01m[K/usr/include/ignition/plugin1/gz/plugin/Register.hh:22[m[K,
[17.511s]                  from [01m[K/home/aliomacc/sti_usv/src/usv_sim/workspace_gz/plugins/ScoringPlugin.cc:28[m[K:
[17.512s] [01m[K/home/aliomacc/sti_usv/src/usv_sim/workspace_gz/plugins/ScoringPlugin.cc:664:1:[m[K [01;31m[Kerror: [m[Kexpected constructor, destructor, or type conversion before ‘[01m[Knamespace[m[K’
[17.512s]   664 | [01;31m[KIGNITION_ADD_PLUGIN[m[K(vrx::ScoringPlugin,
[17.512s]       | [01;31m[K^~~~~~~~~~~~~~~~~~~[m[K
[17.768s] In file included from [01m[K/usr/include/ignition/rendering6/gz/rendering/Node.hh:22[m[K,
[17.768s]                  from [01m[K/usr/include/ignition/rendering6/gz/rendering/Storage.hh:24[m[K,
[17.768s]                  from [01m[K/usr/include/ignition/rendering6/gz/rendering/Scene.hh:34[m[K,
[17.768s]                  from [01m[K/home/aliomacc/sti_usv/src/usv_sim/workspace_gz/plugins/WaveVisual.cc:29[m[K:
[17.768s] /usr/include/c++/11/variant: In instantiation of ‘[01m[Kconstexpr std::add_pointer_t<_Tp> std::get_if(std::variant<_Types ...>*) [with _Tp = long unsigned int; _Types = {std::monostate, int, float, double, std::__cxx11::basic_string<char, std::char_traits<char>, std::allocator<char> >, bool, unsigned int}; std::add_pointer_t<_Tp> = long unsigned int*][m[K’:
[17.768s] [01m[K/home/aliomacc/sti_usv/src/usv_sim/workspace_gz/plugins/WaveVisual.cc:272:54:[m[K   required from here
[17.768s] [01m[K/usr/include/c++/11/variant:1185:42:[m[K [01;31m[Kerror: [m[Kstatic assertion failed: T must occur exactly once in alternatives
[17.768s]  1185 |       static_assert([01;31m[K__detail::__variant::__exactly_once<_Tp, _Types...>[m[K,
[17.769s]       |                     [01;31m[K~~~~~~~~~~~~~~~~~~~~~^~~~~~~~~~~~~~~~~~~~~~~~~~~~~~[m[K
[17.769s] [01m[K/usr/include/c++/11/variant:1185:42:[m[K [01;36m[Knote: [m[K‘[01m[Kstd::__detail::__variant::__exactly_once<long unsigned int, std::monostate, int, float, double, std::__cxx11::basic_string<char, std::char_traits<char>, std::allocator<char> >, bool, unsigned int>[m[K’ evaluates to false
[17.769s] /usr/include/c++/11/variant: In instantiation of ‘[01m[Kstruct std::variant_alternative<1, std::variant<unsigned int> >[m[K’:
[17.769s] [01m[K/usr/include/c++/11/variant:103:12:[m[K   recursively required from ‘[01m[Kstruct std::variant_alternative<6, std::variant<int, float, double, std::__cxx11::basic_string<char, std::char_traits<char>, std::allocator<char> >, bool, unsigned int> >[m[K’
[17.769s] [01m[K/usr/include/c++/11/variant:103:12:[m[K   required from ‘[01m[Kstruct std::variant_alternative<7, std::variant<std::monostate, int, float, double, std::__cxx11::basic_string<char, std::char_traits<char>, std::allocator<char> >, bool, unsigned int> >[m[K’
[17.770s] [01m[K/usr/include/c++/11/variant:1170:5:[m[K   required by substitution of ‘[01m[Ktemplate<long unsigned int _Np, class ... _Types> constexpr std::add_pointer_t<const typename std::variant_alternative<_Np, std::variant<_Types ...> >::type> std::get_if(const std::variant<_Types ...>*) [with long unsigned int _Np = 7; _Types = {std::monostate, int, float, double, std::__cxx11::basic_string<char, std::char_traits<char>, std::allocator<char> >, bool, unsigned int}][m[K’
[17.770s] [01m[K/usr/include/c++/11/variant:1188:76:[m[K   required from ‘[01m[Kconstexpr std::add_pointer_t<_Tp> std::get_if(std::variant<_Types ...>*) [with _Tp = long unsigned int; _Types = {std::monostate, int, float, double, std::__cxx11::basic_string<char, std::char_traits<char>, std::allocator<char> >, bool, unsigned int}; std::add_pointer_t<_Tp> = long unsigned int*][m[K’
[17.770s] [01m[K/home/aliomacc/sti_usv/src/usv_sim/workspace_gz/plugins/WaveVisual.cc:272:54:[m[K   required from here
[17.770s] [01m[K/usr/include/c++/11/variant:103:12:[m[K [01;31m[Kerror: [m[Kinvalid use of incomplete type ‘[01m[Kstruct std::variant_alternative<0, std::variant<> >[m[K’
[17.770s]   103 |     struct [01;31m[Kvariant_alternative<_Np, variant<_First, _Rest...>>[m[K
[17.770s]       |            [01;31m[K^~~~~~~~~~~~~~~~~~~~~~~~~~~~~~~~~~~~~~~~~~~~~~~~~~~[m[K
[17.770s] [01m[K/usr/include/c++/11/variant:100:12:[m[K [01;36m[Knote: [m[Kdeclaration of ‘[01m[Kstruct std::variant_alternative<0, std::variant<> >[m[K’
[17.771s]   100 |     struct [01;36m[Kvariant_alternative[m[K;
[17.771s]       |            [01;36m[K^~~~~~~~~~~~~~~~~~~[m[K
[17.771s] /usr/include/c++/11/variant: In instantiation of ‘[01m[Kconstexpr std::add_pointer_t<_Tp> std::get_if(std::variant<_Types ...>*) [with _Tp = long unsigned int; _Types = {std::monostate, int, float, double, std::__cxx11::basic_string<char, std::char_traits<char>, std::allocator<char> >, bool, unsigned int}; std::add_pointer_t<_Tp> = long unsigned int*][m[K’:
[17.771s] [01m[K/home/aliomacc/sti_usv/src/usv_sim/workspace_gz/plugins/WaveVisual.cc:272:54:[m[K   required from here
[17.771s] [01m[K/usr/include/c++/11/variant:1188:76:[m[K [01;31m[Kerror: [m[Kno matching function for call to ‘[01m[Kget_if<std::__detail::__variant::__index_of_v<long unsigned int, std::monostate, int, float, double, std::__cxx11::basic_string<char, std::char_traits<char>, std::allocator<char> >, bool, unsigned int> >(std::variant<std::monostate, int, float, double, std::__cxx11::basic_string<char, std::char_traits<char>, std::allocator<char> >, bool, unsigned int>*&)[m[K’
[17.771s]  1188 |       return [01;31m[Kstd::get_if<__detail::__variant::__index_of_v<_Tp, _Types...>>([m[K
[17.771s]       |              [01;31m[K~~~~~~~~~~~~~~~~~~~~~~~~~~~~~~~~~~~~~~~~~~~~~~~~~~~~~~~~~~~~~~^[m[K
[17.771s]  1189 | [01;31m[K          __ptr)[m[K;
[17.771s]       |           [01;31m[K~~~~~~[m[K                                                            
[17.772s] [01m[K/usr/include/c++/11/variant:1156:5:[m[K [01;36m[Knote: [m[Kcandidate: ‘[01m[Ktemplate<long unsigned int _Np, class ... _Types> constexpr std::add_pointer_t<typename std::variant_alternative<_Np, std::variant<_Types ...> >::type> std::get_if(std::variant<_Types ...>*)[m[K’
[17.772s]  1156 |     [01;36m[Kget_if[m[K(variant<_Types...>* __ptr) noexcept
[17.772s]       |     [01;36m[K^~~~~~[m[K
[17.772s] [01m[K/usr/include/c++/11/variant:1156:5:[m[K [01;36m[Knote: [m[K  template argument deduction/substitution failed:
[17.772s] /usr/include/c++/11/variant: In substitution of ‘[01m[Ktemplate<long unsigned int _Np, class ... _Types> constexpr std::add_pointer_t<typename std::variant_alternative<_Np, std::variant<_Types ...> >::type> std::get_if(std::variant<_Types ...>*) [with long unsigned int _Np = 7; _Types = {std::monostate, int, float, double, std::__cxx11::basic_string<char, std::char_traits<char>, std::allocator<char> >, bool, unsigned int}][m[K’:
[17.772s] [01m[K/usr/include/c++/11/variant:1188:76:[m[K   required from ‘[01m[Kconstexpr std::add_pointer_t<_Tp> std::get_if(std::variant<_Types ...>*) [with _Tp = long unsigned int; _Types = {std::monostate, int, float, double, std::__cxx11::basic_string<char, std::char_traits<char>, std::allocator<char> >, bool, unsigned int}; std::add_pointer_t<_Tp> = long unsigned int*][m[K’
[17.772s] [01m[K/home/aliomacc/sti_usv/src/usv_sim/workspace_gz/plugins/WaveVisual.cc:272:54:[m[K   required from here
[17.772s] [01m[K/usr/include/c++/11/variant:1156:5:[m[K [01;31m[Kerror: [m[Kno type named ‘[01m[Ktype[m[K’ in ‘[01m[Kstruct std::variant_alternative<7, std::variant<std::monostate, int, float, double, std::__cxx11::basic_string<char, std::char_traits<char>, std::allocator<char> >, bool, unsigned int> >[m[K’
[17.772s] /usr/include/c++/11/variant: In instantiation of ‘[01m[Kconstexpr std::add_pointer_t<_Tp> std::get_if(std::variant<_Types ...>*) [with _Tp = long unsigned int; _Types = {std::monostate, int, float, double, std::__cxx11::basic_string<char, std::char_traits<char>, std::allocator<char> >, bool, unsigned int}; std::add_pointer_t<_Tp> = long unsigned int*][m[K’:
[17.773s] [01m[K/home/aliomacc/sti_usv/src/usv_sim/workspace_gz/plugins/WaveVisual.cc:272:54:[m[K   required from here
[17.773s] [01m[K/usr/include/c++/11/variant:1170:5:[m[K [01;36m[Knote: [m[Kcandidate: ‘[01m[Ktemplate<long unsigned int _Np, class ... _Types> constexpr std::add_pointer_t<const typename std::variant_alternative<_Np, std::variant<_Types ...> >::type> std::get_if(const std::variant<_Types ...>*)[m[K’
[17.776s]  1170 |     [01;36m[Kget_if[m[K(const variant<_Types...>* __ptr) noexcept
[17.776s]       |     [01;36m[K^~~~~~[m[K
[17.776s] [01m[K/usr/include/c++/11/variant:1170:5:[m[K [01;36m[Knote: [m[K  substitution of deduced template arguments resulted in errors seen above
[17.776s] [01m[K/usr/include/c++/11/variant:1183:5:[m[K [01;36m[Knote: [m[Kcandidate: ‘[01m[Ktemplate<class _Tp, class ... _Types> constexpr std::add_pointer_t<_Tp> std::get_if(std::variant<_Types ...>*)[m[K’
[17.777s]  1183 |     [01;36m[Kget_if[m[K(variant<_Types...>* __ptr) noexcept
[17.777s]       |     [01;36m[K^~~~~~[m[K
[17.777s] [01m[K/usr/include/c++/11/variant:1183:5:[m[K [01;36m[Knote: [m[K  template argument deduction/substitution failed:
[17.777s] [01m[K/usr/include/c++/11/variant:1188:76:[m[K [01;31m[Kerror: [m[Ktype/value mismatch at argument 1 in template parameter list for ‘[01m[Ktemplate<class _Tp, class ... _Types> constexpr std::add_pointer_t<_Tp> std::get_if(std::variant<_Types ...>*)[m[K’
[17.777s]  1188 |       return [01;31m[Kstd::get_if<__detail::__variant::__index_of_v<_Tp, _Types...>>([m[K
[17.777s]       |              [01;31m[K~~~~~~~~~~~~~~~~~~~~~~~~~~~~~~~~~~~~~~~~~~~~~~~~~~~~~~~~~~~~~~^[m[K
[17.777s]  1189 | [01;31m[K          __ptr)[m[K;
[17.777s]       |           [01;31m[K~~~~~~[m[K                                                            
[17.777s] [01m[K/usr/include/c++/11/variant:1188:76:[m[K [01;36m[Knote: [m[K  expected a type, got ‘[01m[Kstd::__detail::__variant::__index_of_v<long unsigned int, std::monostate, int, float, double, std::__cxx11::basic_string<char, std::char_traits<char>, std::allocator<char> >, bool, unsigned int>[m[K’
[17.788s] In file included from [01m[K/usr/include/ignition/plugin1/gz/plugin/Register.hh:22[m[K,
[17.788s]                  from [01m[K/home/aliomacc/sti_usv/src/usv_sim/workspace_gz/plugins/WayfindingScoringPlugin.cc:28[m[K:
[17.788s] [01m[K/home/aliomacc/sti_usv/src/usv_sim/workspace_gz/plugins/WayfindingScoringPlugin.cc:300:1:[m[K [01;31m[Kerror: [m[Kexpected constructor, destructor, or type conversion before ‘[01m[Knamespace[m[K’
[17.788s]   300 | [01;31m[KIGNITION_ADD_PLUGIN[m[K(vrx::WayfindingScoringPlugin,
[17.789s]       | [01;31m[K^~~~~~~~~~~~~~~~~~~[m[K
[17.789s] In file included from [01m[K/usr/include/ignition/plugin1/gz/plugin/Register.hh:22[m[K,
[17.789s]                  from [01m[K/home/aliomacc/sti_usv/src/usv_sim/workspace_gz/plugins/WaveVisual.cc:26[m[K:
[17.789s] [01m[K/home/aliomacc/sti_usv/src/usv_sim/workspace_gz/plugins/WaveVisual.cc:448:1:[m[K [01;31m[Kerror: [m[Kexpected constructor, destructor, or type conversion before ‘[01m[Knamespace[m[K’
[17.789s]   448 | [01;31m[KIGNITION_ADD_PLUGIN[m[K(WaveVisual, "vrx::WaveVisual")
[17.789s]       | [01;31m[K^~~~~~~~~~~~~~~~~~~[m[K
[18.364s] In file included from [01m[K/usr/include/ignition/plugin1/gz/plugin/Register.hh:22[m[K,
[18.364s]                  from [01m[K/home/aliomacc/sti_usv/src/usv_sim/workspace_gz/plugins/PolyhedraBuoyancyDrag.cc:31[m[K:
[18.364s] [01m[K/home/aliomacc/sti_usv/src/usv_sim/workspace_gz/plugins/PolyhedraBuoyancyDrag.cc:384:1:[m[K [01;31m[Kerror: [m[Kexpected constructor, destructor, or type conversion before ‘[01m[Knamespace[m[K’
[18.364s]   384 | [01;31m[KIGNITION_ADD_PLUGIN[m[K(vrx::PolyhedraBuoyancyDrag,
[18.364s]       | [01;31m[K^~~~~~~~~~~~~~~~~~~[m[K
[18.493s] gmake[2]: *** [CMakeFiles/SimpleHydrodynamics.dir/build.make:76: CMakeFiles/SimpleHydrodynamics.dir/plugins/SimpleHydrodynamics.cc.o] Error 1
[18.494s] gmake[1]: *** [CMakeFiles/Makefile2:257: CMakeFiles/SimpleHydrodynamics.dir/all] Error 2
[18.494s] gmake[1]: *** Bitmemiş işler için bekliyor....
[18.506s] [ 52%] [32mBuilding CXX object CMakeFiles/StationkeepingScoringPlugin.dir/plugins/WaypointMarkers.cc.o[0m
[18.692s] [01m[K/home/aliomacc/sti_usv/src/usv_sim/workspace_gz/plugins/StationkeepingScoringPlugin.cc:300:66:[m[K [01;31m[Kerror: [m[Kexpected constructor, destructor, or type conversion at end of input
[18.692s]   300 |               vrx::StationkeepingScoringPlugin::ISystemPreUpdate)
[18.692s]       |                                                                  [01;31m[K^[m[K
[18.825s] In file included from [01m[K/usr/include/ignition/plugin1/gz/plugin/Register.hh:22[m[K,
[18.825s]                  from [01m[K/home/aliomacc/sti_usv/src/usv_sim/workspace_gz/plugins/Surface.cc:23[m[K:
[18.826s] [01m[K/home/aliomacc/sti_usv/src/usv_sim/workspace_gz/plugins/Surface.cc:316:1:[m[K [01;31m[Kerror: [m[Kexpected constructor, destructor, or type conversion before ‘[01m[Knamespace[m[K’
[18.826s]   316 | [01;31m[KIGNITION_ADD_PLUGIN[m[K(vrx::Surface,
[18.826s]       | [01;31m[K^~~~~~~~~~~~~~~~~~~[m[K
[20.154s] In file included from [01m[K/usr/include/ignition/plugin1/gz/plugin/Register.hh:22[m[K,
[20.154s]                  from [01m[K/home/aliomacc/sti_usv/src/usv_sim/workspace_gz/plugins/USVWind.cc:5[m[K:
[20.155s] [01m[K/home/aliomacc/sti_usv/src/usv_sim/workspace_gz/plugins/USVWind.cc:364:1:[m[K [01;31m[Kerror: [m[Kexpected constructor, destructor, or type conversion before ‘[01m[Knamespace[m[K’
[20.155s]   364 | [01;31m[KIGNITION_ADD_PLUGIN[m[K(vrx::USVWind,
[20.155s]       | [01;31m[K^~~~~~~~~~~~~~~~~~~[m[K
[20.398s] gmake[2]: *** [CMakeFiles/ScoringPlugin.dir/build.make:76: CMakeFiles/ScoringPlugin.dir/plugins/ScoringPlugin.cc.o] Error 1
[20.398s] gmake[1]: *** [CMakeFiles/Makefile2:179: CMakeFiles/ScoringPlugin.dir/all] Error 2
[20.410s] [ 57%] [32mBuilding CXX object CMakeFiles/WayfindingScoringPlugin.dir/plugins/WaypointMarkers.cc.o[0m
[20.835s] gmake[2]: *** [CMakeFiles/WaveVisual.dir/build.make:76: CMakeFiles/WaveVisual.dir/plugins/WaveVisual.cc.o] Error 1
[20.835s] gmake[1]: *** [CMakeFiles/Makefile2:335: CMakeFiles/WaveVisual.dir/all] Error 2
[21.126s] gmake[2]: *** [CMakeFiles/WayfindingScoringPlugin.dir/build.make:76: CMakeFiles/WayfindingScoringPlugin.dir/plugins/WayfindingScoringPlugin.cc.o] Error 1
[21.127s] gmake[2]: *** Bitmemiş işler için bekliyor....
[21.214s] gmake[2]: *** [CMakeFiles/PolyhedraBuoyancyDrag.dir/build.make:76: CMakeFiles/PolyhedraBuoyancyDrag.dir/plugins/PolyhedraBuoyancyDrag.cc.o] Error 1
[21.214s] gmake[1]: *** [CMakeFiles/Makefile2:361: CMakeFiles/PolyhedraBuoyancyDrag.dir/all] Error 2
[21.663s] gmake[2]: *** [CMakeFiles/Surface.dir/build.make:76: CMakeFiles/Surface.dir/plugins/Surface.cc.o] Error 1
[21.664s] gmake[1]: *** [CMakeFiles/Makefile2:283: CMakeFiles/Surface.dir/all] Error 2
[21.970s] gmake[2]: *** [CMakeFiles/StationkeepingScoringPlugin.dir/build.make:76: CMakeFiles/StationkeepingScoringPlugin.dir/plugins/StationkeepingScoringPlugin.cc.o] Error 1
[21.970s] gmake[2]: *** Bitmemiş işler için bekliyor....
[22.698s] gmake[2]: *** [CMakeFiles/USVWind.dir/build.make:76: CMakeFiles/USVWind.dir/plugins/USVWind.cc.o] Error 1
[22.698s] gmake[1]: *** [CMakeFiles/Makefile2:309: CMakeFiles/USVWind.dir/all] Error 2
[27.072s] gmake[1]: *** [CMakeFiles/Makefile2:205: CMakeFiles/StationkeepingScoringPlugin.dir/all] Error 2
[27.620s] gmake[1]: *** [CMakeFiles/Makefile2:231: CMakeFiles/WayfindingScoringPlugin.dir/all] Error 2
[27.620s] gmake: *** [Makefile:146: all] Error 2
[27.622s] Invoked command in '/home/aliomacc/sti_usv/build/workspace_gz' returned '2': CMAKE_PREFIX_PATH=${CMAKE_PREFIX_PATH}:/home/aliomacc/ros2_ws/install/actions_py:/home/aliomacc/ros2_ws/install/lifecycle_py:/opt/ros/humble /usr/bin/cmake --build /home/aliomacc/sti_usv/build/workspace_gz -- -j8 -l8
