[0.205s] DEBUG:colcon:Command line arguments: ['/usr/bin/colcon', 'build']
[0.205s] DEBUG:colcon:Parsed command line arguments: Namespace(log_base=None, log_level=None, verb_name='build', build_base='build', install_base='install', merge_install=False, symlink_install=False, test_result_base=None, continue_on_error=False, executor='parallel', parallel_workers=8, event_handlers=None, ignore_user_meta=False, metas=['./colcon.meta'], base_paths=['.'], packages_ignore=None, packages_ignore_regex=None, paths=None, packages_up_to=None, packages_up_to_regex=None, packages_above=None, packages_above_and_dependencies=None, packages_above_depth=None, packages_select_by_dep=None, packages_skip_by_dep=None, packages_skip_up_to=None, packages_select_build_failed=False, packages_skip_build_finished=False, packages_select_test_failures=False, packages_skip_test_passed=False, packages_select=None, packages_skip=None, packages_select_regex=None, packages_skip_regex=None, packages_start=None, packages_end=None, allow_overriding=[], cmake_args=None, cmake_target=None, cmake_target_skip_unavailable=False, cmake_clean_cache=False, cmake_clean_first=False, cmake_force_configure=False, ament_cmake_args=None, catkin_cmake_args=None, catkin_skip_building_tests=False, mixin_files=None, mixin=None, verb_parser=<colcon_mixin.mixin.mixin_argument.MixinArgumentDecorator object at 0x769100cbae70>, verb_extension=<colcon_core.verb.build.BuildVerb object at 0x769100dd72f0>, main=<bound method BuildVerb.main of <colcon_core.verb.build.BuildVerb object at 0x769100dd72f0>>, mixin_verb=('build',))
[0.263s] Level 1:colcon.colcon_core.package_discovery:discover_packages(colcon_meta) check parameters
[0.263s] Level 1:colcon.colcon_core.package_discovery:discover_packages(recursive) check parameters
[0.263s] Level 1:colcon.colcon_core.package_discovery:discover_packages(ignore) check parameters
[0.263s] Level 1:colcon.colcon_core.package_discovery:discover_packages(path) check parameters
[0.263s] Level 1:colcon.colcon_core.package_discovery:discover_packages(colcon_meta) discover
[0.263s] Level 1:colcon.colcon_core.package_discovery:discover_packages(recursive) discover
[0.263s] INFO:colcon.colcon_core.package_discovery:Crawling recursively for packages in '/home/aliomac/garp-test'
[0.263s] Level 1:colcon.colcon_core.package_identification:_identify(.) by extensions ['ignore', 'ignore_ament_install']
[0.263s] Level 1:colcon.colcon_core.package_identification:_identify(.) by extension 'ignore'
[0.263s] Level 1:colcon.colcon_core.package_identification:_identify(.) by extension 'ignore_ament_install'
[0.263s] Level 1:colcon.colcon_core.package_identification:_identify(.) by extensions ['colcon_pkg']
[0.264s] Level 1:colcon.colcon_core.package_identification:_identify(.) by extension 'colcon_pkg'
[0.264s] Level 1:colcon.colcon_core.package_identification:_identify(.) by extensions ['colcon_meta']
[0.264s] Level 1:colcon.colcon_core.package_identification:_identify(.) by extension 'colcon_meta'
[0.264s] Level 1:colcon.colcon_core.package_identification:_identify(.) by extensions ['ros']
[0.264s] Level 1:colcon.colcon_core.package_identification:_identify(.) by extension 'ros'
[0.295s] Level 1:colcon.colcon_core.package_identification:_identify(.) by extensions ['cmake', 'python']
[0.295s] Level 1:colcon.colcon_core.package_identification:_identify(.) by extension 'cmake'
[0.295s] Level 1:colcon.colcon_core.package_identification:_identify(.) by extension 'python'
[0.295s] Level 1:colcon.colcon_core.package_identification:_identify(.) by extensions ['python_setup_py']
[0.295s] Level 1:colcon.colcon_core.package_identification:_identify(.) by extension 'python_setup_py'
[0.295s] Level 1:colcon.colcon_core.package_identification:_identify(build) by extensions ['ignore', 'ignore_ament_install']
[0.296s] Level 1:colcon.colcon_core.package_identification:_identify(build) by extension 'ignore'
[0.296s] Level 1:colcon.colcon_core.package_identification:_identify(build) ignored
[0.296s] Level 1:colcon.colcon_core.package_identification:_identify(install) by extensions ['ignore', 'ignore_ament_install']
[0.296s] Level 1:colcon.colcon_core.package_identification:_identify(install) by extension 'ignore'
[0.296s] Level 1:colcon.colcon_core.package_identification:_identify(install) ignored
[0.296s] Level 1:colcon.colcon_core.package_identification:_identify(log) by extensions ['ignore', 'ignore_ament_install']
[0.296s] Level 1:colcon.colcon_core.package_identification:_identify(log) by extension 'ignore'
[0.296s] Level 1:colcon.colcon_core.package_identification:_identify(log) ignored
[0.296s] Level 1:colcon.colcon_core.package_identification:_identify(workspace_gz) by extensions ['ignore', 'ignore_ament_install']
[0.296s] Level 1:colcon.colcon_core.package_identification:_identify(workspace_gz) by extension 'ignore'
[0.296s] Level 1:colcon.colcon_core.package_identification:_identify(workspace_gz) by extension 'ignore_ament_install'
[0.296s] Level 1:colcon.colcon_core.package_identification:_identify(workspace_gz) by extensions ['colcon_pkg']
[0.297s] Level 1:colcon.colcon_core.package_identification:_identify(workspace_gz) by extension 'colcon_pkg'
[0.297s] Level 1:colcon.colcon_core.package_identification:_identify(workspace_gz) by extensions ['colcon_meta']
[0.297s] Level 1:colcon.colcon_core.package_identification:_identify(workspace_gz) by extension 'colcon_meta'
[0.297s] Level 1:colcon.colcon_core.package_identification:_identify(workspace_gz) by extensions ['ros']
[0.297s] Level 1:colcon.colcon_core.package_identification:_identify(workspace_gz) by extension 'ros'
[0.300s] DEBUG:colcon.colcon_core.package_identification:Package 'workspace_gz' with type 'ros.ament_cmake' and name 'workspace_gz'
[0.300s] Level 1:colcon.colcon_core.package_identification:_identify(workspace_nav) by extensions ['ignore', 'ignore_ament_install']
[0.300s] Level 1:colcon.colcon_core.package_identification:_identify(workspace_nav) by extension 'ignore'
[0.300s] Level 1:colcon.colcon_core.package_identification:_identify(workspace_nav) by extension 'ignore_ament_install'
[0.300s] Level 1:colcon.colcon_core.package_identification:_identify(workspace_nav) by extensions ['colcon_pkg']
[0.300s] Level 1:colcon.colcon_core.package_identification:_identify(workspace_nav) by extension 'colcon_pkg'
[0.301s] Level 1:colcon.colcon_core.package_identification:_identify(workspace_nav) by extensions ['colcon_meta']
[0.301s] Level 1:colcon.colcon_core.package_identification:_identify(workspace_nav) by extension 'colcon_meta'
[0.301s] Level 1:colcon.colcon_core.package_identification:_identify(workspace_nav) by extensions ['ros']
[0.301s] Level 1:colcon.colcon_core.package_identification:_identify(workspace_nav) by extension 'ros'
[0.302s] DEBUG:colcon.colcon_core.package_identification:Package 'workspace_nav' with type 'ros.ament_python' and name 'workspace_nav'
[0.302s] Level 1:colcon.colcon_core.package_identification:_identify(workspace_ros) by extensions ['ignore', 'ignore_ament_install']
[0.302s] Level 1:colcon.colcon_core.package_identification:_identify(workspace_ros) by extension 'ignore'
[0.302s] Level 1:colcon.colcon_core.package_identification:_identify(workspace_ros) by extension 'ignore_ament_install'
[0.302s] Level 1:colcon.colcon_core.package_identification:_identify(workspace_ros) by extensions ['colcon_pkg']
[0.302s] Level 1:colcon.colcon_core.package_identification:_identify(workspace_ros) by extension 'colcon_pkg'
[0.302s] Level 1:colcon.colcon_core.package_identification:_identify(workspace_ros) by extensions ['colcon_meta']
[0.302s] Level 1:colcon.colcon_core.package_identification:_identify(workspace_ros) by extension 'colcon_meta'
[0.302s] Level 1:colcon.colcon_core.package_identification:_identify(workspace_ros) by extensions ['ros']
[0.302s] Level 1:colcon.colcon_core.package_identification:_identify(workspace_ros) by extension 'ros'
[0.304s] DEBUG:colcon.colcon_core.package_identification:Package 'workspace_ros' with type 'ros.ament_python' and name 'workspace_ros'
[0.304s] Level 1:colcon.colcon_core.package_discovery:discover_packages(recursive) using defaults
[0.304s] Level 1:colcon.colcon_core.package_discovery:discover_packages(ignore) discover
[0.304s] Level 1:colcon.colcon_core.package_discovery:discover_packages(ignore) using defaults
[0.304s] Level 1:colcon.colcon_core.package_discovery:discover_packages(path) discover
[0.304s] Level 1:colcon.colcon_core.package_discovery:discover_packages(path) using defaults
[0.336s] Level 1:colcon.colcon_core.package_discovery:discover_packages(prefix_path) check parameters
[0.336s] Level 1:colcon.colcon_core.package_discovery:discover_packages(prefix_path) discover
[0.339s] DEBUG:colcon.colcon_installed_package_information.package_discovery:Found 3 installed packages in /home/aliomac/garp-test/install
[0.340s] DEBUG:colcon.colcon_installed_package_information.package_discovery:Found 8 installed packages in /home/aliomac/vrx_ws/install
[0.342s] DEBUG:colcon.colcon_installed_package_information.package_discovery:Found 6 installed packages in /home/aliomac/thesis_USV_gazebo/install
[0.344s] DEBUG:colcon.colcon_installed_package_information.package_discovery:Found 418 installed packages in /opt/ros/jazzy
[0.346s] Level 1:colcon.colcon_core.package_discovery:discover_packages(prefix_path) using defaults
[0.410s] Level 5:colcon.colcon_core.verb:set package 'workspace_gz' build argument 'cmake_args' from command line to 'None'
[0.410s] Level 5:colcon.colcon_core.verb:set package 'workspace_gz' build argument 'cmake_target' from command line to 'None'
[0.410s] Level 5:colcon.colcon_core.verb:set package 'workspace_gz' build argument 'cmake_target_skip_unavailable' from command line to 'False'
[0.410s] Level 5:colcon.colcon_core.verb:set package 'workspace_gz' build argument 'cmake_clean_cache' from command line to 'False'
[0.410s] Level 5:colcon.colcon_core.verb:set package 'workspace_gz' build argument 'cmake_clean_first' from command line to 'False'
[0.410s] Level 5:colcon.colcon_core.verb:set package 'workspace_gz' build argument 'cmake_force_configure' from command line to 'False'
[0.410s] Level 5:colcon.colcon_core.verb:set package 'workspace_gz' build argument 'ament_cmake_args' from command line to 'None'
[0.410s] Level 5:colcon.colcon_core.verb:set package 'workspace_gz' build argument 'catkin_cmake_args' from command line to 'None'
[0.410s] Level 5:colcon.colcon_core.verb:set package 'workspace_gz' build argument 'catkin_skip_building_tests' from command line to 'False'
[0.410s] DEBUG:colcon.colcon_core.verb:Building package 'workspace_gz' with the following arguments: {'ament_cmake_args': None, 'build_base': '/home/aliomac/garp-test/build/workspace_gz', 'catkin_cmake_args': None, 'catkin_skip_building_tests': False, 'cmake_args': None, 'cmake_clean_cache': False, 'cmake_clean_first': False, 'cmake_force_configure': False, 'cmake_target': None, 'cmake_target_skip_unavailable': False, 'install_base': '/home/aliomac/garp-test/install/workspace_gz', 'merge_install': False, 'path': '/home/aliomac/garp-test/workspace_gz', 'symlink_install': False, 'test_result_base': None}
[0.410s] Level 5:colcon.colcon_core.verb:set package 'workspace_nav' build argument 'cmake_args' from command line to 'None'
[0.410s] Level 5:colcon.colcon_core.verb:set package 'workspace_nav' build argument 'cmake_target' from command line to 'None'
[0.410s] Level 5:colcon.colcon_core.verb:set package 'workspace_nav' build argument 'cmake_target_skip_unavailable' from command line to 'False'
[0.410s] Level 5:colcon.colcon_core.verb:set package 'workspace_nav' build argument 'cmake_clean_cache' from command line to 'False'
[0.410s] Level 5:colcon.colcon_core.verb:set package 'workspace_nav' build argument 'cmake_clean_first' from command line to 'False'
[0.410s] Level 5:colcon.colcon_core.verb:set package 'workspace_nav' build argument 'cmake_force_configure' from command line to 'False'
[0.410s] Level 5:colcon.colcon_core.verb:set package 'workspace_nav' build argument 'ament_cmake_args' from command line to 'None'
[0.410s] Level 5:colcon.colcon_core.verb:set package 'workspace_nav' build argument 'catkin_cmake_args' from command line to 'None'
[0.410s] Level 5:colcon.colcon_core.verb:set package 'workspace_nav' build argument 'catkin_skip_building_tests' from command line to 'False'
[0.411s] DEBUG:colcon.colcon_core.verb:Building package 'workspace_nav' with the following arguments: {'ament_cmake_args': None, 'build_base': '/home/aliomac/garp-test/build/workspace_nav', 'catkin_cmake_args': None, 'catkin_skip_building_tests': False, 'cmake_args': None, 'cmake_clean_cache': False, 'cmake_clean_first': False, 'cmake_force_configure': False, 'cmake_target': None, 'cmake_target_skip_unavailable': False, 'install_base': '/home/aliomac/garp-test/install/workspace_nav', 'merge_install': False, 'path': '/home/aliomac/garp-test/workspace_nav', 'symlink_install': False, 'test_result_base': None}
[0.411s] Level 5:colcon.colcon_core.verb:set package 'workspace_ros' build argument 'cmake_args' from command line to 'None'
[0.411s] Level 5:colcon.colcon_core.verb:set package 'workspace_ros' build argument 'cmake_target' from command line to 'None'
[0.411s] Level 5:colcon.colcon_core.verb:set package 'workspace_ros' build argument 'cmake_target_skip_unavailable' from command line to 'False'
[0.411s] Level 5:colcon.colcon_core.verb:set package 'workspace_ros' build argument 'cmake_clean_cache' from command line to 'False'
[0.411s] Level 5:colcon.colcon_core.verb:set package 'workspace_ros' build argument 'cmake_clean_first' from command line to 'False'
[0.411s] Level 5:colcon.colcon_core.verb:set package 'workspace_ros' build argument 'cmake_force_configure' from command line to 'False'
[0.411s] Level 5:colcon.colcon_core.verb:set package 'workspace_ros' build argument 'ament_cmake_args' from command line to 'None'
[0.411s] Level 5:colcon.colcon_core.verb:set package 'workspace_ros' build argument 'catkin_cmake_args' from command line to 'None'
[0.411s] Level 5:colcon.colcon_core.verb:set package 'workspace_ros' build argument 'catkin_skip_building_tests' from command line to 'False'
[0.411s] DEBUG:colcon.colcon_core.verb:Building package 'workspace_ros' with the following arguments: {'ament_cmake_args': None, 'build_base': '/home/aliomac/garp-test/build/workspace_ros', 'catkin_cmake_args': None, 'catkin_skip_building_tests': False, 'cmake_args': None, 'cmake_clean_cache': False, 'cmake_clean_first': False, 'cmake_force_configure': False, 'cmake_target': None, 'cmake_target_skip_unavailable': False, 'install_base': '/home/aliomac/garp-test/install/workspace_ros', 'merge_install': False, 'path': '/home/aliomac/garp-test/workspace_ros', 'symlink_install': False, 'test_result_base': None}
[0.411s] INFO:colcon.colcon_core.executor:Executing jobs using 'parallel' executor
[0.412s] DEBUG:colcon.colcon_parallel_executor.executor.parallel:run_until_complete
[0.412s] INFO:colcon.colcon_ros.task.ament_cmake.build:Building ROS package in '/home/aliomac/garp-test/workspace_gz' with build type 'ament_cmake'
[0.412s] INFO:colcon.colcon_cmake.task.cmake.build:Building CMake package in '/home/aliomac/garp-test/workspace_gz'
[0.416s] INFO:colcon.colcon_core.plugin_system:Skipping extension 'colcon_core.shell.bat': Not used on non-Windows systems
[0.416s] INFO:colcon.colcon_core.shell:Skip shell extension 'powershell' for command environment: Not usable outside of PowerShell
[0.416s] DEBUG:colcon.colcon_core.shell:Skip shell extension 'dsv' for command environment
[0.421s] INFO:colcon.colcon_ros.task.ament_python.build:Building ROS package in '/home/aliomac/garp-test/workspace_nav' with build type 'ament_python'
[0.421s] Level 1:colcon.colcon_core.shell:create_environment_hook('workspace_nav', 'ament_prefix_path')
[0.421s] INFO:colcon.colcon_core.shell:Creating environment hook '/home/aliomac/garp-test/install/workspace_nav/share/workspace_nav/hook/ament_prefix_path.ps1'
[0.422s] INFO:colcon.colcon_core.shell:Creating environment descriptor '/home/aliomac/garp-test/install/workspace_nav/share/workspace_nav/hook/ament_prefix_path.dsv'
[0.422s] INFO:colcon.colcon_core.shell:Creating environment hook '/home/aliomac/garp-test/install/workspace_nav/share/workspace_nav/hook/ament_prefix_path.sh'
[0.423s] INFO:colcon.colcon_core.shell:Skip shell extension 'powershell' for command environment: Not usable outside of PowerShell
[0.423s] DEBUG:colcon.colcon_core.shell:Skip shell extension 'dsv' for command environment
[0.428s] INFO:colcon.colcon_ros.task.ament_python.build:Building ROS package in '/home/aliomac/garp-test/workspace_ros' with build type 'ament_python'
[0.428s] Level 1:colcon.colcon_core.shell:create_environment_hook('workspace_ros', 'ament_prefix_path')
[0.428s] INFO:colcon.colcon_core.shell:Creating environment hook '/home/aliomac/garp-test/install/workspace_ros/share/workspace_ros/hook/ament_prefix_path.ps1'
[0.428s] INFO:colcon.colcon_core.shell:Creating environment descriptor '/home/aliomac/garp-test/install/workspace_ros/share/workspace_ros/hook/ament_prefix_path.dsv'
[0.429s] INFO:colcon.colcon_core.shell:Creating environment hook '/home/aliomac/garp-test/install/workspace_ros/share/workspace_ros/hook/ament_prefix_path.sh'
[0.429s] INFO:colcon.colcon_core.shell:Skip shell extension 'powershell' for command environment: Not usable outside of PowerShell
[0.429s] DEBUG:colcon.colcon_core.shell:Skip shell extension 'dsv' for command environment
[0.439s] DEBUG:colcon.colcon_core.event_handler.log_command:Invoking command in '/home/aliomac/garp-test/build/workspace_gz': CMAKE_PREFIX_PATH=${CMAKE_PREFIX_PATH}:/home/aliomac/garp-test/install/workspace_ros:/home/aliomac/garp-test/install/workspace_nav:/opt/ros/jazzy DEBUGINFOD_URLS=https://debuginfod.ubuntu.com /usr/bin/cmake --build /home/aliomac/garp-test/build/workspace_gz -- -j8 -l8
[0.749s] INFO:colcon.colcon_core.task.python.build:Building Python package in '/home/aliomac/garp-test/workspace_nav'
[0.749s] INFO:colcon.colcon_core.shell:Skip shell extension 'powershell' for command environment: Not usable outside of PowerShell
[0.749s] DEBUG:colcon.colcon_core.shell:Skip shell extension 'dsv' for command environment
[0.759s] DEBUG:colcon.colcon_core.event_handler.log_command:Invoked command in '/home/aliomac/garp-test/build/workspace_gz' returned '0': CMAKE_PREFIX_PATH=${CMAKE_PREFIX_PATH}:/home/aliomac/garp-test/install/workspace_ros:/home/aliomac/garp-test/install/workspace_nav:/opt/ros/jazzy DEBUGINFOD_URLS=https://debuginfod.ubuntu.com /usr/bin/cmake --build /home/aliomac/garp-test/build/workspace_gz -- -j8 -l8
[0.768s] DEBUG:colcon.colcon_core.event_handler.log_command:Invoking command in '/home/aliomac/garp-test/build/workspace_gz': CMAKE_PREFIX_PATH=${CMAKE_PREFIX_PATH}:/home/aliomac/garp-test/install/workspace_ros:/home/aliomac/garp-test/install/workspace_nav:/opt/ros/jazzy DEBUGINFOD_URLS=https://debuginfod.ubuntu.com /usr/bin/cmake --install /home/aliomac/garp-test/build/workspace_gz
[1.057s] INFO:colcon.colcon_core.task.python.build:Building Python package in '/home/aliomac/garp-test/workspace_ros'
[1.057s] INFO:colcon.colcon_core.shell:Skip shell extension 'powershell' for command environment: Not usable outside of PowerShell
[1.058s] DEBUG:colcon.colcon_core.shell:Skip shell extension 'dsv' for command environment
[1.066s] Level 1:colcon.colcon_core.environment:create_environment_scripts_only(workspace_gz)
[1.073s] Level 1:colcon.colcon_core.environment:checking '/home/aliomac/garp-test/install/workspace_gz' for CMake module files
[1.076s] Level 1:colcon.colcon_core.environment:checking '/home/aliomac/garp-test/install/workspace_gz' for CMake config files
[1.085s] DEBUG:colcon.colcon_core.event_handler.log_command:Invoked command in '/home/aliomac/garp-test/build/workspace_gz' returned '0': CMAKE_PREFIX_PATH=${CMAKE_PREFIX_PATH}:/home/aliomac/garp-test/install/workspace_ros:/home/aliomac/garp-test/install/workspace_nav:/opt/ros/jazzy DEBUGINFOD_URLS=https://debuginfod.ubuntu.com /usr/bin/cmake --install /home/aliomac/garp-test/build/workspace_gz
[1.087s] Level 1:colcon.colcon_core.shell:create_environment_hook('workspace_gz', 'cmake_prefix_path')
[1.087s] INFO:colcon.colcon_core.shell:Creating environment hook '/home/aliomac/garp-test/install/workspace_gz/share/workspace_gz/hook/cmake_prefix_path.ps1'
[1.088s] INFO:colcon.colcon_core.shell:Creating environment descriptor '/home/aliomac/garp-test/install/workspace_gz/share/workspace_gz/hook/cmake_prefix_path.dsv'
[1.088s] INFO:colcon.colcon_core.shell:Creating environment hook '/home/aliomac/garp-test/install/workspace_gz/share/workspace_gz/hook/cmake_prefix_path.sh'
[1.089s] Level 1:colcon.colcon_core.environment:checking '/home/aliomac/garp-test/install/workspace_gz/lib'
[1.089s] Level 1:colcon.colcon_core.shell:create_environment_hook('workspace_gz', 'ld_library_path_lib')
[1.089s] INFO:colcon.colcon_core.shell:Creating environment hook '/home/aliomac/garp-test/install/workspace_gz/share/workspace_gz/hook/ld_library_path_lib.ps1'
[1.090s] INFO:colcon.colcon_core.shell:Creating environment descriptor '/home/aliomac/garp-test/install/workspace_gz/share/workspace_gz/hook/ld_library_path_lib.dsv'
[1.090s] INFO:colcon.colcon_core.shell:Creating environment hook '/home/aliomac/garp-test/install/workspace_gz/share/workspace_gz/hook/ld_library_path_lib.sh'
[1.091s] Level 1:colcon.colcon_core.environment:checking '/home/aliomac/garp-test/install/workspace_gz/bin'
[1.091s] Level 1:colcon.colcon_core.environment:checking '/home/aliomac/garp-test/install/workspace_gz/lib/pkgconfig/workspace_gz.pc'
[1.092s] Level 1:colcon.colcon_core.environment:checking '/home/aliomac/garp-test/install/workspace_gz/lib/python3.12/site-packages'
[1.092s] Level 1:colcon.colcon_core.environment:checking '/home/aliomac/garp-test/install/workspace_gz/bin'
[1.093s] INFO:colcon.colcon_core.shell:Creating package script '/home/aliomac/garp-test/install/workspace_gz/share/workspace_gz/package.ps1'
[1.094s] INFO:colcon.colcon_core.shell:Creating package descriptor '/home/aliomac/garp-test/install/workspace_gz/share/workspace_gz/package.dsv'
[1.095s] INFO:colcon.colcon_core.shell:Creating package script '/home/aliomac/garp-test/install/workspace_gz/share/workspace_gz/package.sh'
[1.096s] INFO:colcon.colcon_core.shell:Creating package script '/home/aliomac/garp-test/install/workspace_gz/share/workspace_gz/package.bash'
[1.097s] INFO:colcon.colcon_core.shell:Creating package script '/home/aliomac/garp-test/install/workspace_gz/share/workspace_gz/package.zsh'
[1.098s] Level 1:colcon.colcon_core.environment:create_file_with_runtime_dependencies(/home/aliomac/garp-test/install/workspace_gz/share/colcon-core/packages/workspace_gz)
[1.098s] Level 1:colcon.colcon_core.environment:create_environment_scripts_only(workspace_gz)
[1.098s] Level 1:colcon.colcon_core.environment:checking '/home/aliomac/garp-test/install/workspace_gz' for CMake module files
[1.099s] Level 1:colcon.colcon_core.environment:checking '/home/aliomac/garp-test/install/workspace_gz' for CMake config files
[1.101s] Level 1:colcon.colcon_core.shell:create_environment_hook('workspace_gz', 'cmake_prefix_path')
[1.101s] INFO:colcon.colcon_core.shell:Creating environment hook '/home/aliomac/garp-test/install/workspace_gz/share/workspace_gz/hook/cmake_prefix_path.ps1'
[1.101s] INFO:colcon.colcon_core.shell:Creating environment descriptor '/home/aliomac/garp-test/install/workspace_gz/share/workspace_gz/hook/cmake_prefix_path.dsv'
[1.102s] INFO:colcon.colcon_core.shell:Creating environment hook '/home/aliomac/garp-test/install/workspace_gz/share/workspace_gz/hook/cmake_prefix_path.sh'
[1.102s] Level 1:colcon.colcon_core.environment:checking '/home/aliomac/garp-test/install/workspace_gz/lib'
[1.102s] Level 1:colcon.colcon_core.shell:create_environment_hook('workspace_gz', 'ld_library_path_lib')
[1.102s] INFO:colcon.colcon_core.shell:Creating environment hook '/home/aliomac/garp-test/install/workspace_gz/share/workspace_gz/hook/ld_library_path_lib.ps1'
[1.103s] INFO:colcon.colcon_core.shell:Creating environment descriptor '/home/aliomac/garp-test/install/workspace_gz/share/workspace_gz/hook/ld_library_path_lib.dsv'
[1.103s] INFO:colcon.colcon_core.shell:Creating environment hook '/home/aliomac/garp-test/install/workspace_gz/share/workspace_gz/hook/ld_library_path_lib.sh'
[1.103s] Level 1:colcon.colcon_core.environment:checking '/home/aliomac/garp-test/install/workspace_gz/bin'
[1.103s] Level 1:colcon.colcon_core.environment:checking '/home/aliomac/garp-test/install/workspace_gz/lib/pkgconfig/workspace_gz.pc'
[1.104s] Level 1:colcon.colcon_core.environment:checking '/home/aliomac/garp-test/install/workspace_gz/lib/python3.12/site-packages'
[1.104s] Level 1:colcon.colcon_core.environment:checking '/home/aliomac/garp-test/install/workspace_gz/bin'
[1.104s] INFO:colcon.colcon_core.shell:Creating package script '/home/aliomac/garp-test/install/workspace_gz/share/workspace_gz/package.ps1'
[1.105s] INFO:colcon.colcon_core.shell:Creating package descriptor '/home/aliomac/garp-test/install/workspace_gz/share/workspace_gz/package.dsv'
[1.105s] INFO:colcon.colcon_core.shell:Creating package script '/home/aliomac/garp-test/install/workspace_gz/share/workspace_gz/package.sh'
[1.106s] INFO:colcon.colcon_core.shell:Creating package script '/home/aliomac/garp-test/install/workspace_gz/share/workspace_gz/package.bash'
[1.106s] INFO:colcon.colcon_core.shell:Creating package script '/home/aliomac/garp-test/install/workspace_gz/share/workspace_gz/package.zsh'
[1.106s] Level 1:colcon.colcon_core.environment:create_file_with_runtime_dependencies(/home/aliomac/garp-test/install/workspace_gz/share/colcon-core/packages/workspace_gz)
[1.925s] DEBUG:colcon.colcon_core.event_handler.log_command:Invoking command in '/home/aliomac/garp-test/workspace_nav': DEBUGINFOD_URLS=https://debuginfod.ubuntu.com PYTHONPATH=/home/aliomac/garp-test/build/workspace_nav/prefix_override:/usr/lib/python3/dist-packages/colcon_core/task/python/colcon_distutils_commands:/home/aliomac/garp-test/install/workspace_nav/lib/python3.12/site-packages:${PYTHONPATH} /usr/bin/python3 -W ignore:setup.py install is deprecated -W ignore:easy_install command is deprecated setup.py egg_info --egg-base ../build/workspace_nav build --build-base /home/aliomac/garp-test/build/workspace_nav/build install --record /home/aliomac/garp-test/build/workspace_nav/install.log --single-version-externally-managed install_data
[1.928s] DEBUG:colcon.colcon_core.event_handler.log_command:Invoking command in '/home/aliomac/garp-test/workspace_ros': DEBUGINFOD_URLS=https://debuginfod.ubuntu.com PYTHONPATH=/home/aliomac/garp-test/build/workspace_ros/prefix_override:/usr/lib/python3/dist-packages/colcon_core/task/python/colcon_distutils_commands:/home/aliomac/garp-test/install/workspace_ros/lib/python3.12/site-packages:${PYTHONPATH} /usr/bin/python3 -W ignore:setup.py install is deprecated -W ignore:easy_install command is deprecated setup.py egg_info --egg-base ../build/workspace_ros build --build-base /home/aliomac/garp-test/build/workspace_ros/build install --record /home/aliomac/garp-test/build/workspace_ros/install.log --single-version-externally-managed install_data
[2.618s] Level 1:colcon.colcon_core.environment:checking '/home/aliomac/garp-test/install/workspace_ros' for CMake module files
[2.619s] DEBUG:colcon.colcon_core.event_handler.log_command:Invoked command in '/home/aliomac/garp-test/workspace_ros' returned '0': DEBUGINFOD_URLS=https://debuginfod.ubuntu.com PYTHONPATH=/home/aliomac/garp-test/build/workspace_ros/prefix_override:/usr/lib/python3/dist-packages/colcon_core/task/python/colcon_distutils_commands:/home/aliomac/garp-test/install/workspace_ros/lib/python3.12/site-packages:${PYTHONPATH} /usr/bin/python3 -W ignore:setup.py install is deprecated -W ignore:easy_install command is deprecated setup.py egg_info --egg-base ../build/workspace_ros build --build-base /home/aliomac/garp-test/build/workspace_ros/build install --record /home/aliomac/garp-test/build/workspace_ros/install.log --single-version-externally-managed install_data
[2.620s] Level 1:colcon.colcon_core.environment:checking '/home/aliomac/garp-test/install/workspace_ros' for CMake config files
[2.620s] Level 1:colcon.colcon_core.environment:checking '/home/aliomac/garp-test/install/workspace_ros/lib'
[2.621s] Level 1:colcon.colcon_core.environment:checking '/home/aliomac/garp-test/install/workspace_ros/bin'
[2.621s] Level 1:colcon.colcon_core.environment:checking '/home/aliomac/garp-test/install/workspace_ros/lib/pkgconfig/workspace_ros.pc'
[2.621s] Level 1:colcon.colcon_core.environment:checking '/home/aliomac/garp-test/install/workspace_ros/lib/python3.12/site-packages'
[2.621s] Level 1:colcon.colcon_core.shell:create_environment_hook('workspace_ros', 'pythonpath')
[2.622s] INFO:colcon.colcon_core.shell:Creating environment hook '/home/aliomac/garp-test/install/workspace_ros/share/workspace_ros/hook/pythonpath.ps1'
[2.622s] INFO:colcon.colcon_core.shell:Creating environment descriptor '/home/aliomac/garp-test/install/workspace_ros/share/workspace_ros/hook/pythonpath.dsv'
[2.623s] INFO:colcon.colcon_core.shell:Creating environment hook '/home/aliomac/garp-test/install/workspace_ros/share/workspace_ros/hook/pythonpath.sh'
[2.624s] Level 1:colcon.colcon_core.environment:checking '/home/aliomac/garp-test/install/workspace_ros/bin'
[2.624s] Level 1:colcon.colcon_core.environment:create_environment_scripts_only(workspace_ros)
[2.624s] INFO:colcon.colcon_core.shell:Creating package script '/home/aliomac/garp-test/install/workspace_ros/share/workspace_ros/package.ps1'
[2.625s] INFO:colcon.colcon_core.shell:Creating package descriptor '/home/aliomac/garp-test/install/workspace_ros/share/workspace_ros/package.dsv'
[2.626s] INFO:colcon.colcon_core.shell:Creating package script '/home/aliomac/garp-test/install/workspace_ros/share/workspace_ros/package.sh'
[2.626s] INFO:colcon.colcon_core.shell:Creating package script '/home/aliomac/garp-test/install/workspace_ros/share/workspace_ros/package.bash'
[2.627s] INFO:colcon.colcon_core.shell:Creating package script '/home/aliomac/garp-test/install/workspace_ros/share/workspace_ros/package.zsh'
[2.627s] Level 1:colcon.colcon_core.environment:create_file_with_runtime_dependencies(/home/aliomac/garp-test/install/workspace_ros/share/colcon-core/packages/workspace_ros)
[2.638s] Level 1:colcon.colcon_core.environment:checking '/home/aliomac/garp-test/install/workspace_nav' for CMake module files
[2.638s] DEBUG:colcon.colcon_core.event_handler.log_command:Invoked command in '/home/aliomac/garp-test/workspace_nav' returned '0': DEBUGINFOD_URLS=https://debuginfod.ubuntu.com PYTHONPATH=/home/aliomac/garp-test/build/workspace_nav/prefix_override:/usr/lib/python3/dist-packages/colcon_core/task/python/colcon_distutils_commands:/home/aliomac/garp-test/install/workspace_nav/lib/python3.12/site-packages:${PYTHONPATH} /usr/bin/python3 -W ignore:setup.py install is deprecated -W ignore:easy_install command is deprecated setup.py egg_info --egg-base ../build/workspace_nav build --build-base /home/aliomac/garp-test/build/workspace_nav/build install --record /home/aliomac/garp-test/build/workspace_nav/install.log --single-version-externally-managed install_data
[2.639s] Level 1:colcon.colcon_core.environment:checking '/home/aliomac/garp-test/install/workspace_nav' for CMake config files
[2.640s] Level 1:colcon.colcon_core.environment:checking '/home/aliomac/garp-test/install/workspace_nav/lib'
[2.640s] Level 1:colcon.colcon_core.environment:checking '/home/aliomac/garp-test/install/workspace_nav/bin'
[2.640s] Level 1:colcon.colcon_core.environment:checking '/home/aliomac/garp-test/install/workspace_nav/lib/pkgconfig/workspace_nav.pc'
[2.640s] Level 1:colcon.colcon_core.environment:checking '/home/aliomac/garp-test/install/workspace_nav/lib/python3.12/site-packages'
[2.640s] Level 1:colcon.colcon_core.shell:create_environment_hook('workspace_nav', 'pythonpath')
[2.641s] INFO:colcon.colcon_core.shell:Creating environment hook '/home/aliomac/garp-test/install/workspace_nav/share/workspace_nav/hook/pythonpath.ps1'
[2.641s] INFO:colcon.colcon_core.shell:Creating environment descriptor '/home/aliomac/garp-test/install/workspace_nav/share/workspace_nav/hook/pythonpath.dsv'
[2.641s] INFO:colcon.colcon_core.shell:Creating environment hook '/home/aliomac/garp-test/install/workspace_nav/share/workspace_nav/hook/pythonpath.sh'
[2.642s] Level 1:colcon.colcon_core.environment:checking '/home/aliomac/garp-test/install/workspace_nav/bin'
[2.642s] Level 1:colcon.colcon_core.environment:create_environment_scripts_only(workspace_nav)
[2.643s] INFO:colcon.colcon_core.shell:Creating package script '/home/aliomac/garp-test/install/workspace_nav/share/workspace_nav/package.ps1'
[2.643s] INFO:colcon.colcon_core.shell:Creating package descriptor '/home/aliomac/garp-test/install/workspace_nav/share/workspace_nav/package.dsv'
[2.644s] INFO:colcon.colcon_core.shell:Creating package script '/home/aliomac/garp-test/install/workspace_nav/share/workspace_nav/package.sh'
[2.644s] INFO:colcon.colcon_core.shell:Creating package script '/home/aliomac/garp-test/install/workspace_nav/share/workspace_nav/package.bash'
[2.645s] INFO:colcon.colcon_core.shell:Creating package script '/home/aliomac/garp-test/install/workspace_nav/share/workspace_nav/package.zsh'
[2.645s] Level 1:colcon.colcon_core.environment:create_file_with_runtime_dependencies(/home/aliomac/garp-test/install/workspace_nav/share/colcon-core/packages/workspace_nav)
[2.645s] DEBUG:colcon.colcon_parallel_executor.executor.parallel:closing loop
[2.646s] DEBUG:colcon.colcon_parallel_executor.executor.parallel:loop closed
[2.646s] DEBUG:colcon.colcon_parallel_executor.executor.parallel:run_until_complete finished with '0'
[2.646s] DEBUG:colcon.colcon_core.event_reactor:joining thread
[2.656s] INFO:colcon.colcon_core.plugin_system:Skipping extension 'colcon_notification.desktop_notification.terminal_notifier': Not used on non-Darwin systems
[2.656s] INFO:colcon.colcon_core.plugin_system:Skipping extension 'colcon_notification.desktop_notification.win32': Not used on non-Windows systems
[2.656s] INFO:colcon.colcon_notification.desktop_notification:Sending desktop notification using 'notify2'
[2.681s] DEBUG:colcon.colcon_core.event_reactor:joined thread
[2.681s] INFO:colcon.colcon_core.shell:Creating prefix script '/home/aliomac/garp-test/install/local_setup.ps1'
[2.682s] INFO:colcon.colcon_core.shell:Creating prefix util module '/home/aliomac/garp-test/install/_local_setup_util_ps1.py'
[2.684s] INFO:colcon.colcon_core.shell:Creating prefix chain script '/home/aliomac/garp-test/install/setup.ps1'
[2.685s] INFO:colcon.colcon_core.shell:Creating prefix script '/home/aliomac/garp-test/install/local_setup.sh'
[2.686s] INFO:colcon.colcon_core.shell:Creating prefix util module '/home/aliomac/garp-test/install/_local_setup_util_sh.py'
[2.686s] INFO:colcon.colcon_core.shell:Creating prefix chain script '/home/aliomac/garp-test/install/setup.sh'
[2.688s] INFO:colcon.colcon_core.shell:Creating prefix script '/home/aliomac/garp-test/install/local_setup.bash'
[2.688s] INFO:colcon.colcon_core.shell:Creating prefix chain script '/home/aliomac/garp-test/install/setup.bash'
[2.708s] INFO:colcon.colcon_core.shell:Creating prefix script '/home/aliomac/garp-test/install/local_setup.zsh'
[2.709s] INFO:colcon.colcon_core.shell:Creating prefix chain script '/home/aliomac/garp-test/install/setup.zsh'
