[0.485s] Invoking command in '/home/tugmirk/Desktop/garp-test/build/workspace_nav': DEBUGINFOD_URLS=https://debuginfod.ubuntu.com PYTHONPATH=/home/tugmirk/Desktop/garp-test/build/workspace_nav/prefix_override:/usr/lib/python3/dist-packages/colcon_core/task/python/colcon_distutils_commands:/home/tugmirk/Desktop/garp-test/install/workspace_nav/lib/python3.12/site-packages:${PYTHONPATH} /usr/bin/python3 -W ignore:setup.py install is deprecated -W ignore:easy_install command is deprecated setup.py develop --editable --build-directory /home/tugmirk/Desktop/garp-test/build/workspace_nav/build --no-deps symlink_data
[0.638s] running develop
[0.728s] running egg_info
[0.728s] creating workspace_nav.egg-info
[0.737s] writing workspace_nav.egg-info/PKG-INFO
[0.737s] writing dependency_links to workspace_nav.egg-info/dependency_links.txt
[0.737s] writing requirements to workspace_nav.egg-info/requires.txt
[0.737s] writing top-level names to workspace_nav.egg-info/top_level.txt
[0.737s] writing manifest file 'workspace_nav.egg-info/SOURCES.txt'
[0.755s] reading manifest file 'workspace_nav.egg-info/SOURCES.txt'
[0.755s] writing manifest file 'workspace_nav.egg-info/SOURCES.txt'
[0.765s] running build_ext
[0.765s] Creating /home/tugmirk/Desktop/garp-test/install/workspace_nav/lib/python3.12/site-packages/workspace-nav.egg-link (link to .)
[0.765s] 
[0.765s] Installed /home/tugmirk/Desktop/garp-test/build/workspace_nav
[0.765s] running symlink_data
[0.765s] creating /home/tugmirk/Desktop/garp-test/install/workspace_nav/share/ament_index
[0.765s] creating /home/tugmirk/Desktop/garp-test/install/workspace_nav/share/ament_index/resource_index
[0.765s] creating /home/tugmirk/Desktop/garp-test/install/workspace_nav/share/ament_index/resource_index/packages
[0.765s] symbolically linking /home/tugmirk/Desktop/garp-test/build/workspace_nav/resource/workspace_nav -> /home/tugmirk/Desktop/garp-test/install/workspace_nav/share/ament_index/resource_index/packages
[0.766s] symbolically linking /home/tugmirk/Desktop/garp-test/build/workspace_nav/package.xml -> /home/tugmirk/Desktop/garp-test/install/workspace_nav/share/workspace_nav
[0.766s] creating /home/tugmirk/Desktop/garp-test/install/workspace_nav/share/workspace_nav/config
[0.766s] symbolically linking /home/tugmirk/Desktop/garp-test/build/workspace_nav/config/nav2_params.yaml -> /home/tugmirk/Desktop/garp-test/install/workspace_nav/share/workspace_nav/config
[0.766s] symbolically linking /home/tugmirk/Desktop/garp-test/build/workspace_nav/config/map.yaml -> /home/tugmirk/Desktop/garp-test/install/workspace_nav/share/workspace_nav/config
[0.766s] creating /home/tugmirk/Desktop/garp-test/install/workspace_nav/share/workspace_nav/launch
[0.766s] symbolically linking /home/tugmirk/Desktop/garp-test/build/workspace_nav/launch/nav2.launch.py -> /home/tugmirk/Desktop/garp-test/install/workspace_nav/share/workspace_nav/launch
[0.766s] creating /home/tugmirk/Desktop/garp-test/install/workspace_nav/share/workspace_nav/scripts
[0.766s] symbolically linking /home/tugmirk/Desktop/garp-test/build/workspace_nav/scripts/__init__.py -> /home/tugmirk/Desktop/garp-test/install/workspace_nav/share/workspace_nav/scripts
[0.766s] symbolically linking /home/tugmirk/Desktop/garp-test/build/workspace_nav/scripts/reactive_obstacle_avoidance.py -> /home/tugmirk/Desktop/garp-test/install/workspace_nav/share/workspace_nav/scripts
[0.766s] creating /home/tugmirk/Desktop/garp-test/install/workspace_nav/share/workspace_nav/map
[0.766s] symbolically linking /home/tugmirk/Desktop/garp-test/build/workspace_nav/map/map.pgm -> /home/tugmirk/Desktop/garp-test/install/workspace_nav/share/workspace_nav/map
[0.781s] Invoked command in '/home/tugmirk/Desktop/garp-test/build/workspace_nav' returned '0': DEBUGINFOD_URLS=https://debuginfod.ubuntu.com PYTHONPATH=/home/tugmirk/Desktop/garp-test/build/workspace_nav/prefix_override:/usr/lib/python3/dist-packages/colcon_core/task/python/colcon_distutils_commands:/home/tugmirk/Desktop/garp-test/install/workspace_nav/lib/python3.12/site-packages:${PYTHONPATH} /usr/bin/python3 -W ignore:setup.py install is deprecated -W ignore:easy_install command is deprecated setup.py develop --editable --build-directory /home/tugmirk/Desktop/garp-test/build/workspace_nav/build --no-deps symlink_data
