[0.012s] Invoking command in '/home/ngen/yildiz_ws/src/YILDIZ-USV/build/workspace_gz': CMAKE_PREFIX_PATH=${CMAKE_PREFIX_PATH}:/opt/ros/jazzy DEBUGINFOD_URLS=https://debuginfod.ubuntu.com /usr/bin/cmake /home/ngen/yildiz_ws/src/YILDIZ-USV/workspace_gz -DCMAKE_INSTALL_PREFIX=/home/ngen/yildiz_ws/src/YILDIZ-USV/install/workspace_gz
[0.188s] -- Found ament_cmake: 2.5.4 (/opt/ros/jazzy/share/ament_cmake/cmake)
[0.211s] -- Override CMake install command with custom implementation using symlinks instead of copying resources
[0.216s] -- Looking for gz-sim8 -- found version 8.10.0
[0.220s] -- Searching for dependencies of gz-sim8
[0.220s] -- Looking for sdformat14 -- found version 14.8.0
[0.221s] -- Searching for dependencies of sdformat14
[0.225s] -- Checking for module 'tinyxml2'
[0.238s] --   Found tinyxml2, version 10.0.0
[0.269s] -- Looking for gz-math7 -- found version 7.5.2
[0.270s] -- Searching for dependencies of gz-math7
[0.270s] -- Looking for gz-utils2 -- found version 2.2.1
[0.270s] -- Searching for dependencies of gz-utils2
[0.271s] -- Looking for gz-utils2 -- found version 2.2.1
[0.271s] -- Searching for dependencies of gz-utils2
[0.271s] -- Searching for <gz-utils2> component [cli]
[0.272s] -- Looking for gz-utils2-cli -- found version 2.2.1
[0.272s] -- Searching for dependencies of gz-utils2-cli
[0.273s] -- Looking for gz-plugin2 -- found version 2.0.4
[0.273s] -- Searching for dependencies of gz-plugin2
[0.273s] -- Looking for gz-utils2 -- found version 2.2.1
[0.273s] -- Searching for <gz-plugin2> component [loader]
[0.274s] -- Looking for gz-plugin2-loader -- found version 2.0.4
[0.274s] -- Searching for dependencies of gz-plugin2-loader
[0.274s] -- Searching for <gz-plugin2> component [register]
[0.275s] -- Looking for gz-plugin2-register -- found version 2.0.4
[0.275s] -- Searching for dependencies of gz-plugin2-register
[0.276s] -- Looking for gz-transport13 -- found version 13.5.0
[0.276s] -- Searching for dependencies of gz-transport13
[0.305s] -- Config-file not installed for ZeroMQ -- checking for pkg-config
[0.309s] -- Checking for module 'libzmq >= 4'
[0.325s] --   Found libzmq, version 4.3.5
[0.371s] -- Checking for module 'uuid'
[0.384s] --   Found uuid, version 2.39.3
[0.420s] -- Looking for gz-utils2 -- found version 2.2.1
[0.420s] -- Looking for gz-msgs10 -- found version 10.3.2
[0.420s] -- Searching for dependencies of gz-msgs10
[0.447s] -- Looking for gz-utils2 -- found version 2.2.1
[0.447s] -- Looking for gz-math7 -- found version 7.5.2
[0.455s] -- Searching for <gz-transport13> component [log]
[0.456s] -- Looking for gz-transport13-log -- found version 13.5.0
[0.456s] -- Searching for dependencies of gz-transport13-log
[0.456s] -- Searching for <gz-transport13> component [parameters]
[0.456s] -- Looking for gz-transport13-parameters -- found version 13.5.0
[0.456s] -- Searching for dependencies of gz-transport13-parameters
[0.457s] -- Looking for gz-msgs10 -- found version 10.3.2
[0.458s] -- Looking for gz-common5 -- found version 5.7.1
[0.458s] -- Searching for dependencies of gz-common5
[0.458s] -- Looking for gz-utils2 -- found version 2.2.1
[0.458s] -- Looking for dlfcn.h - found
[0.458s] -- Looking for libdl - found
[0.466s] -- Searching for <gz-common5> component [av]
[0.466s] -- Looking for gz-common5-av -- found version 5.7.1
[0.466s] -- Searching for dependencies of gz-common5-av
[0.472s] -- Checking for module 'libswscale'
[0.488s] --   Found libswscale, version 7.5.100
[0.528s] -- Checking for module 'libavdevice >= 56.4.100'
[0.542s] --   Found libavdevice, version 60.3.100
[0.596s] -- Checking for module 'libavformat'
[0.611s] --   Found libavformat, version 60.16.100
[0.657s] -- Checking for module 'libavcodec'
[0.672s] --   Found libavcodec, version 60.31.102
[0.720s] -- Checking for module 'libavutil'
[0.739s] --   Found libavutil, version 58.29.100
[0.775s] -- Searching for <gz-common5> component [events]
[0.775s] -- Looking for gz-common5-events -- found version 5.7.1
[0.775s] -- Searching for dependencies of gz-common5-events
[0.776s] -- Looking for gz-math7 -- found version 7.5.2
[0.776s] -- Searching for <gz-common5> component [graphics]
[0.777s] -- Looking for gz-common5-graphics -- found version 5.7.1
[0.777s] -- Searching for dependencies of gz-common5-graphics
[0.777s] -- Looking for gz-math7 -- found version 7.5.2
[0.779s] -- Searching for <gz-common5> component [io]
[0.780s] -- Looking for gz-common5-io -- found version 5.7.1
[0.780s] -- Searching for dependencies of gz-common5-io
[0.780s] -- Searching for <gz-common5> component [profiler]
[0.781s] -- Looking for gz-common5-profiler -- found version 5.7.1
[0.781s] -- Searching for dependencies of gz-common5-profiler
[0.782s] -- Looking for gz-fuel_tools9 -- found version 9.1.1
[0.782s] -- Searching for dependencies of gz-fuel_tools9
[0.839s] -- Checking for module 'jsoncpp'
[0.855s] --   Found jsoncpp, version 1.9.5
[0.914s] -- Checking for module 'yaml-0.1'
[0.928s] --   Found yaml-0.1, version 0.2.5
[0.968s] -- Checking for module 'libzip'
[0.984s] --   Found libzip, version 1.7.3
[1.019s] -- Looking for gz-utils2 -- found version 2.2.1
[1.020s] -- Looking for gz-common5 -- found version 5.7.1
[1.020s] -- Searching for dependencies of gz-common5
[1.020s] -- Looking for gz-utils2 -- found version 2.2.1
[1.020s] -- Looking for dlfcn.h - found
[1.020s] -- Looking for libdl - found
[1.029s] -- Searching for <gz-common5> component [testing]
[1.030s] -- Looking for gz-common5-testing -- found version 5.7.1
[1.030s] -- Searching for dependencies of gz-common5-testing
[1.031s] -- Looking for gz-math7 -- found version 7.5.2
[1.031s] -- Looking for gz-msgs10 -- found version 10.3.2
[1.033s] -- Looking for gz-gui8 -- found version 8.4.0
[1.033s] -- Searching for dependencies of gz-gui8
[1.068s] -- Looking for gz-utils2 -- found version 2.2.1
[1.068s] -- Looking for gz-math7 -- found version 7.5.2
[1.068s] -- Looking for gz-common5 -- found version 5.7.1
[1.069s] -- Looking for gz-plugin2 -- found version 2.0.4
[1.069s] -- Looking for gz-transport13 -- found version 13.5.0
[1.070s] -- Looking for gz-rendering8 -- found version 8.2.2
[1.070s] -- Searching for dependencies of gz-rendering8
[1.070s] -- Looking for gz-math7 -- found version 7.5.2
[1.070s] -- Searching for dependencies of gz-math7
[1.070s] -- Looking for gz-utils2 -- found version 2.2.1
[1.071s] -- Searching for <gz-math7> component [eigen3]
[1.071s] -- Looking for gz-math7-eigen3 -- found version 7.5.2
[1.071s] -- Searching for dependencies of gz-math7-eigen3
[1.073s] -- Looking for gz-common5 -- found version 5.7.1
[1.073s] -- Searching for dependencies of gz-common5
[1.073s] -- Looking for gz-utils2 -- found version 2.2.1
[1.073s] -- Looking for dlfcn.h - found
[1.073s] -- Looking for libdl - found
[1.082s] -- Searching for <gz-common5> component [graphics]
[1.082s] -- Searching for <gz-common5> component [events]
[1.082s] -- Searching for <gz-common5> component [geospatial]
[1.083s] -- Looking for gz-common5-geospatial -- found version 5.7.1
[1.083s] -- Searching for dependencies of gz-common5-geospatial
[1.083s] -- Looking for gz-math7 -- found version 7.5.2
[1.084s] -- Looking for gz-common5 -- found version 5.7.1
[1.085s] -- Looking for gz-plugin2 -- found version 2.0.4
[1.085s] -- Searching for dependencies of gz-plugin2
[1.086s] -- Looking for gz-utils2 -- found version 2.2.1
[1.086s] -- Searching for <gz-plugin2> component [all]
[1.086s] -- Looking for all libraries of gz-plugin2 -- found version 2.0.4
[1.087s] -- Looking for gz-plugin2 -- found version 2.0.4
[1.087s] -- Looking for gz-utils2 -- found version 2.2.1
[1.091s] -- Looking for gz-msgs10 -- found version 10.3.2
[1.105s] -- Looking for gz-physics7 -- found version 7.6.0
[1.105s] -- Searching for dependencies of gz-physics7
[1.106s] -- Looking for gz-common5 -- found version 5.7.1
[1.106s] -- Looking for gz-math7 -- found version 7.5.2
[1.106s] -- Looking for gz-plugin2 -- found version 2.0.4
[1.107s] -- Looking for gz-utils2 -- found version 2.2.1
[1.108s] -- Searching for <gz-physics7> component [heightmap]
[1.108s] -- Looking for gz-physics7-heightmap -- found version 7.6.0
[1.108s] -- Searching for dependencies of gz-physics7-heightmap
[1.108s] -- Looking for gz-common5 -- found version 5.7.1
[1.109s] -- Searching for <gz-physics7> component [mesh]
[1.109s] -- Looking for gz-physics7-mesh -- found version 7.6.0
[1.109s] -- Searching for dependencies of gz-physics7-mesh
[1.110s] -- Looking for gz-common5 -- found version 5.7.1
[1.110s] -- Searching for <gz-physics7> component [sdf]
[1.110s] -- Looking for gz-physics7-sdf -- found version 7.6.0
[1.110s] -- Searching for dependencies of gz-physics7-sdf
[1.111s] -- Looking for sdformat14 -- found version 14.8.0
[1.112s] -- Looking for gz-sensors8 -- found version 8.2.2
[1.112s] -- Searching for dependencies of gz-sensors8
[1.132s] -- Looking for gz-math7 -- found version 7.5.2
[1.132s] -- Looking for gz-common5 -- found version 5.7.1
[1.133s] -- Looking for gz-transport13 -- found version 13.5.0
[1.133s] -- Looking for gz-rendering8 -- found version 8.2.2
[1.134s] -- Looking for gz-msgs10 -- found version 10.3.2
[1.134s] -- Looking for sdformat14 -- found version 14.8.0
[1.134s] -- Searching for <gz-sensors8> component [air_pressure]
[1.135s] -- Looking for gz-sensors8-air_pressure -- found version 8.2.2
[1.135s] -- Searching for dependencies of gz-sensors8-air_pressure
[1.135s] -- Searching for <gz-sensors8> component [air_speed]
[1.136s] -- Looking for gz-sensors8-air_speed -- found version 8.2.2
[1.136s] -- Searching for dependencies of gz-sensors8-air_speed
[1.136s] -- Searching for <gz-sensors8> component [altimeter]
[1.136s] -- Looking for gz-sensors8-altimeter -- found version 8.2.2
[1.137s] -- Searching for dependencies of gz-sensors8-altimeter
[1.137s] -- Searching for <gz-sensors8> component [imu]
[1.137s] -- Looking for gz-sensors8-imu -- found version 8.2.2
[1.137s] -- Searching for dependencies of gz-sensors8-imu
[1.138s] -- Searching for <gz-sensors8> component [force_torque]
[1.138s] -- Looking for gz-sensors8-force_torque -- found version 8.2.2
[1.138s] -- Searching for dependencies of gz-sensors8-force_torque
[1.139s] -- Searching for <gz-sensors8> component [logical_camera]
[1.139s] -- Looking for gz-sensors8-logical_camera -- found version 8.2.2
[1.139s] -- Searching for dependencies of gz-sensors8-logical_camera
[1.140s] -- Searching for <gz-sensors8> component [magnetometer]
[1.140s] -- Looking for gz-sensors8-magnetometer -- found version 8.2.2
[1.140s] -- Searching for dependencies of gz-sensors8-magnetometer
[1.140s] -- Searching for <gz-sensors8> component [navsat]
[1.141s] -- Looking for gz-sensors8-navsat -- found version 8.2.2
[1.141s] -- Searching for dependencies of gz-sensors8-navsat
[1.141s] -- Searching for <gz-sensors8> component [dvl]
[1.142s] -- Looking for gz-sensors8-dvl -- found version 8.2.2
[1.142s] -- Searching for dependencies of gz-sensors8-dvl
[1.142s] -- Looking for gz-sensors8 -- found version 8.2.2
[1.142s] -- Searching for dependencies of gz-sensors8
[1.164s] -- Looking for gz-math7 -- found version 7.5.2
[1.164s] -- Looking for gz-common5 -- found version 5.7.1
[1.165s] -- Looking for gz-transport13 -- found version 13.5.0
[1.165s] -- Looking for gz-rendering8 -- found version 8.2.2
[1.166s] -- Looking for gz-msgs10 -- found version 10.3.2
[1.166s] -- Looking for sdformat14 -- found version 14.8.0
[1.167s] -- Searching for <gz-sensors8> component [rendering]
[1.167s] -- Looking for gz-sensors8-rendering -- found version 8.2.2
[1.167s] -- Searching for dependencies of gz-sensors8-rendering
[1.169s] -- Searching for <gz-sensors8> component [rendering]
[1.169s] -- Searching for <gz-sensors8> component [lidar]
[1.169s] -- Looking for gz-sensors8-lidar -- found version 8.2.2
[1.169s] -- Searching for dependencies of gz-sensors8-lidar
[1.169s] -- Looking for gz-sensors8 -- found version 8.2.2
[1.170s] -- Searching for <gz-sensors8> component [gpu_lidar]
[1.170s] -- Looking for gz-sensors8-gpu_lidar -- found version 8.2.2
[1.171s] -- Searching for dependencies of gz-sensors8-gpu_lidar
[1.171s] -- Looking for gz-sensors8 -- found version 8.2.2
[1.171s] -- Searching for <gz-sensors8> component [camera]
[1.172s] -- Looking for gz-sensors8-camera -- found version 8.2.2
[1.172s] -- Searching for dependencies of gz-sensors8-camera
[1.172s] -- Looking for gz-sensors8 -- found version 8.2.2
[1.173s] -- Searching for <gz-sensors8> component [boundingbox_camera]
[1.173s] -- Looking for gz-sensors8-boundingbox_camera -- found version 8.2.2
[1.173s] -- Searching for dependencies of gz-sensors8-boundingbox_camera
[1.174s] -- Searching for <gz-sensors8> component [segmentation_camera]
[1.174s] -- Looking for gz-sensors8-segmentation_camera -- found version 8.2.2
[1.174s] -- Searching for dependencies of gz-sensors8-segmentation_camera
[1.174s] -- Searching for <gz-sensors8> component [depth_camera]
[1.175s] -- Looking for gz-sensors8-depth_camera -- found version 8.2.2
[1.175s] -- Searching for dependencies of gz-sensors8-depth_camera
[1.175s] -- Looking for gz-sensors8 -- found version 8.2.2
[1.176s] -- Searching for <gz-sensors8> component [rgbd_camera]
[1.176s] -- Looking for gz-sensors8-rgbd_camera -- found version 8.2.2
[1.176s] -- Searching for dependencies of gz-sensors8-rgbd_camera
[1.177s] -- Looking for gz-sensors8 -- found version 8.2.2
[1.177s] -- Searching for <gz-sensors8> component [thermal_camera]
[1.178s] -- Looking for gz-sensors8-thermal_camera -- found version 8.2.2
[1.178s] -- Searching for dependencies of gz-sensors8-thermal_camera
[1.178s] -- Looking for gz-sensors8 -- found version 8.2.2
[1.179s] -- Searching for <gz-sensors8> component [wide_angle_camera]
[1.179s] -- Looking for gz-sensors8-wide_angle_camera -- found version 8.2.2
[1.179s] -- Searching for dependencies of gz-sensors8-wide_angle_camera
[1.180s] -- Looking for gz-rendering8 -- found version 8.2.2
[1.180s] -- Looking for gz-math7 -- found version 7.5.2
[1.180s] -- Looking for gz-utils2 -- found version 2.2.1
[1.205s] -- Looking for gz-common5 -- found version 5.7.1
[1.206s] -- Looking for gz-math7 -- found version 7.5.2
[1.207s] -- Looking for gz-transport13 -- found version 13.5.0
[1.207s] -- Looking for gz-plugin2 -- found version 2.0.4
[1.208s] -- Looking for gz-rendering8 -- found version 8.2.2
[1.209s] -- Looking for gz-sensors8 -- found version 8.2.2
[1.209s] -- Looking for gz-utils2 -- found version 2.2.1
[1.210s] -- Looking for sdformat14 -- found version 14.8.0
[1.211s] -- Found std_msgs: 5.3.6 (/opt/ros/jazzy/share/std_msgs/cmake)
[1.232s] -- Found rosidl_generator_c: 4.6.6 (/opt/ros/jazzy/share/rosidl_generator_c/cmake)
[1.242s] -- Found rosidl_generator_cpp: 4.6.6 (/opt/ros/jazzy/share/rosidl_generator_cpp/cmake)
[1.254s] -- Using all available rosidl_typesupport_c: rosidl_typesupport_fastrtps_c;rosidl_typesupport_introspection_c
[1.268s] -- Using all available rosidl_typesupport_cpp: rosidl_typesupport_fastrtps_cpp;rosidl_typesupport_introspection_cpp
[1.296s] -- Looking for gz-msgs10 -- found version 10.3.2
[1.297s] -- Looking for gz-fuel_tools9 -- found version 9.1.1
[1.405s] -- Configuring done (1.4s)
[1.502s] -- Generating done (0.1s)
[1.524s] -- Build files have been written to: /home/ngen/yildiz_ws/src/YILDIZ-USV/build/workspace_gz
[1.535s] Invoked command in '/home/ngen/yildiz_ws/src/YILDIZ-USV/build/workspace_gz' returned '0': CMAKE_PREFIX_PATH=${CMAKE_PREFIX_PATH}:/opt/ros/jazzy DEBUGINFOD_URLS=https://debuginfod.ubuntu.com /usr/bin/cmake /home/ngen/yildiz_ws/src/YILDIZ-USV/workspace_gz -DCMAKE_INSTALL_PREFIX=/home/ngen/yildiz_ws/src/YILDIZ-USV/install/workspace_gz
[1.537s] Invoking command in '/home/ngen/yildiz_ws/src/YILDIZ-USV/build/workspace_gz': CMAKE_PREFIX_PATH=${CMAKE_PREFIX_PATH}:/opt/ros/jazzy DEBUGINFOD_URLS=https://debuginfod.ubuntu.com /usr/bin/cmake --build /home/ngen/yildiz_ws/src/YILDIZ-USV/build/workspace_gz -- -j20 -l20
[1.602s] [  4%] Built target Waves
[1.603s] [  8%] Built target ScoringPlugin
[1.655s] [ 12%] Built target GymkhanaScoringPlugin
[1.656s] [ 16%] Built target NavigationScoringPlugin
[1.656s] [ 20%] Built target PublisherPlugin
[1.656s] [ 25%] Built target LightBuoyPlugin
[1.656s] [ 29%] Built target AcousticPingerPlugin
[1.656s] [ 33%] Built target ScanDockScoringPlugin
[1.657s] [ 39%] Built target AcousticPerceptionScoringPlugin
[1.657s] [ 43%] Built target BallShooterPlugin
[1.658s] [ 50%] Built target WayfindingScoringPlugin
[1.658s] [ 54%] Built target PlacardPlugin
[1.659s] [ 58%] Built target SimpleHydrodynamics
[1.660s] [ 64%] Built target AcousticTrackingScoringPlugin
[1.660s] [ 68%] Built target Surface
[1.661s] [ 77%] Built target PolyhedraBuoyancyDrag
[1.661s] [ 83%] Built target StationkeepingScoringPlugin
[1.662s] [ 87%] Built target PerceptionScoringPlugin
[1.664s] [ 91%] Built target WildlifeScoringPlugin
[1.666s] [ 95%] Built target USVWind
[1.666s] [100%] Built target WaveVisual
[1.684s] Invoked command in '/home/ngen/yildiz_ws/src/YILDIZ-USV/build/workspace_gz' returned '0': CMAKE_PREFIX_PATH=${CMAKE_PREFIX_PATH}:/opt/ros/jazzy DEBUGINFOD_URLS=https://debuginfod.ubuntu.com /usr/bin/cmake --build /home/ngen/yildiz_ws/src/YILDIZ-USV/build/workspace_gz -- -j20 -l20
[1.695s] Invoking command in '/home/ngen/yildiz_ws/src/YILDIZ-USV/build/workspace_gz': CMAKE_PREFIX_PATH=${CMAKE_PREFIX_PATH}:/opt/ros/jazzy DEBUGINFOD_URLS=https://debuginfod.ubuntu.com /usr/bin/cmake --install /home/ngen/yildiz_ws/src/YILDIZ-USV/build/workspace_gz
[1.705s] -- Install configuration: ""
[1.705s] -- Execute custom install script
[1.706s] -- Up-to-date symlink: /home/ngen/yildiz_ws/src/YILDIZ-USV/install/workspace_gz/lib/libWaves.so
[1.706s] -- Up-to-date symlink: /home/ngen/yildiz_ws/src/YILDIZ-USV/install/workspace_gz/lib/libPolyhedraBuoyancyDrag.so
[1.706s] -- Up-to-date symlink: /home/ngen/yildiz_ws/src/YILDIZ-USV/install/workspace_gz/lib/libScoringPlugin.so
[1.706s] -- Up-to-date symlink: /home/ngen/yildiz_ws/src/YILDIZ-USV/install/workspace_gz/lib/libStationkeepingScoringPlugin.so
[1.706s] -- Up-to-date symlink: /home/ngen/yildiz_ws/src/YILDIZ-USV/install/workspace_gz/lib/libWayfindingScoringPlugin.so
[1.706s] -- Up-to-date symlink: /home/ngen/yildiz_ws/src/YILDIZ-USV/install/workspace_gz/lib/libAcousticPerceptionScoringPlugin.so
[1.706s] -- Up-to-date symlink: /home/ngen/yildiz_ws/src/YILDIZ-USV/install/workspace_gz/lib/libAcousticTrackingScoringPlugin.so
[1.706s] -- Up-to-date symlink: /home/ngen/yildiz_ws/src/YILDIZ-USV/install/workspace_gz/lib/libAcousticPingerPlugin.so
[1.706s] -- Up-to-date symlink: /home/ngen/yildiz_ws/src/YILDIZ-USV/install/workspace_gz/lib/libBallShooterPlugin.so
[1.706s] -- Up-to-date symlink: /home/ngen/yildiz_ws/src/YILDIZ-USV/install/workspace_gz/lib/libLightBuoyPlugin.so
[1.706s] -- Up-to-date symlink: /home/ngen/yildiz_ws/src/YILDIZ-USV/install/workspace_gz/lib/libNavigationScoringPlugin.so
[1.707s] -- Up-to-date symlink: /home/ngen/yildiz_ws/src/YILDIZ-USV/install/workspace_gz/lib/libGymkhanaScoringPlugin.so
[1.707s] -- Up-to-date symlink: /home/ngen/yildiz_ws/src/YILDIZ-USV/install/workspace_gz/lib/libPerceptionScoringPlugin.so
[1.707s] -- Up-to-date symlink: /home/ngen/yildiz_ws/src/YILDIZ-USV/install/workspace_gz/lib/libPlacardPlugin.so
[1.707s] -- Up-to-date symlink: /home/ngen/yildiz_ws/src/YILDIZ-USV/install/workspace_gz/lib/libPublisherPlugin.so
[1.707s] -- Up-to-date symlink: /home/ngen/yildiz_ws/src/YILDIZ-USV/install/workspace_gz/lib/libScanDockScoringPlugin.so
[1.707s] -- Up-to-date symlink: /home/ngen/yildiz_ws/src/YILDIZ-USV/install/workspace_gz/lib/libSimpleHydrodynamics.so
[1.708s] -- Up-to-date symlink: /home/ngen/yildiz_ws/src/YILDIZ-USV/install/workspace_gz/lib/libSurface.so
[1.708s] -- Up-to-date symlink: /home/ngen/yildiz_ws/src/YILDIZ-USV/install/workspace_gz/lib/libUSVWind.so
[1.708s] -- Up-to-date symlink: /home/ngen/yildiz_ws/src/YILDIZ-USV/install/workspace_gz/lib/libWaveVisual.so
[1.708s] -- Up-to-date symlink: /home/ngen/yildiz_ws/src/YILDIZ-USV/install/workspace_gz/lib/libWildlifeScoringPlugin.so
[1.708s] -- Up-to-date symlink: /home/ngen/yildiz_ws/src/YILDIZ-USV/install/workspace_gz/share/workspace_gz//description/roboboat/roboboat.xacro
[1.708s] -- Up-to-date symlink: /home/ngen/yildiz_ws/src/YILDIZ-USV/install/workspace_gz/share/workspace_gz//launch/simulation.launch.py
[1.709s] -- Up-to-date symlink: /home/ngen/yildiz_ws/src/YILDIZ-USV/install/workspace_gz/share/workspace_gz//models/buoys/marker_buoy_black/materials/textures/MarkerBuoy_Base_Color.png
[1.710s] -- Up-to-date symlink: /home/ngen/yildiz_ws/src/YILDIZ-USV/install/workspace_gz/share/workspace_gz//models/buoys/marker_buoy_black/materials/textures/MarkerBuoy_Roughness.png
[1.710s] -- Up-to-date symlink: /home/ngen/yildiz_ws/src/YILDIZ-USV/install/workspace_gz/share/workspace_gz//models/buoys/marker_buoy_black/meshes/marker_buoy.dae
[1.710s] -- Up-to-date symlink: /home/ngen/yildiz_ws/src/YILDIZ-USV/install/workspace_gz/share/workspace_gz//models/buoys/marker_buoy_black/model.config
[1.710s] -- Up-to-date symlink: /home/ngen/yildiz_ws/src/YILDIZ-USV/install/workspace_gz/share/workspace_gz//models/buoys/marker_buoy_black/model.sdf
[1.710s] -- Up-to-date symlink: /home/ngen/yildiz_ws/src/YILDIZ-USV/install/workspace_gz/share/workspace_gz//models/buoys/marker_buoy_green/materials/textures/MarkerBuoy_Base_Color.png
[1.710s] -- Up-to-date symlink: /home/ngen/yildiz_ws/src/YILDIZ-USV/install/workspace_gz/share/workspace_gz//models/buoys/marker_buoy_green/materials/textures/MarkerBuoy_Roughness.png
[1.710s] -- Up-to-date symlink: /home/ngen/yildiz_ws/src/YILDIZ-USV/install/workspace_gz/share/workspace_gz//models/buoys/marker_buoy_green/meshes/marker_buoy.dae
[1.711s] -- Up-to-date symlink: /home/ngen/yildiz_ws/src/YILDIZ-USV/install/workspace_gz/share/workspace_gz//models/buoys/marker_buoy_green/model.config
[1.711s] -- Up-to-date symlink: /home/ngen/yildiz_ws/src/YILDIZ-USV/install/workspace_gz/share/workspace_gz//models/buoys/marker_buoy_green/model.sdf
[1.711s] -- Up-to-date symlink: /home/ngen/yildiz_ws/src/YILDIZ-USV/install/workspace_gz/share/workspace_gz//models/buoys/marker_buoy_orange/materials/textures/MarkerBuoy_Base_Color.png
[1.711s] -- Up-to-date symlink: /home/ngen/yildiz_ws/src/YILDIZ-USV/install/workspace_gz/share/workspace_gz//models/buoys/marker_buoy_orange/materials/textures/MarkerBuoy_Roughness.png
[1.711s] -- Up-to-date symlink: /home/ngen/yildiz_ws/src/YILDIZ-USV/install/workspace_gz/share/workspace_gz//models/buoys/marker_buoy_orange/meshes/marker_buoy.dae
[1.711s] -- Up-to-date symlink: /home/ngen/yildiz_ws/src/YILDIZ-USV/install/workspace_gz/share/workspace_gz//models/buoys/marker_buoy_orange/model.config
[1.711s] -- Up-to-date symlink: /home/ngen/yildiz_ws/src/YILDIZ-USV/install/workspace_gz/share/workspace_gz//models/buoys/marker_buoy_orange/model.sdf
[1.712s] -- Up-to-date symlink: /home/ngen/yildiz_ws/src/YILDIZ-USV/install/workspace_gz/share/workspace_gz//models/buoys/marker_buoy_red/materials/textures/MarkerBuoy_Base_Color.png
[1.712s] -- Up-to-date symlink: /home/ngen/yildiz_ws/src/YILDIZ-USV/install/workspace_gz/share/workspace_gz//models/buoys/marker_buoy_red/materials/textures/MarkerBuoy_Roughness.png
[1.712s] -- Up-to-date symlink: /home/ngen/yildiz_ws/src/YILDIZ-USV/install/workspace_gz/share/workspace_gz//models/buoys/marker_buoy_red/meshes/marker_buoy.dae
[1.712s] -- Up-to-date symlink: /home/ngen/yildiz_ws/src/YILDIZ-USV/install/workspace_gz/share/workspace_gz//models/buoys/marker_buoy_red/model.config
[1.712s] -- Up-to-date symlink: /home/ngen/yildiz_ws/src/YILDIZ-USV/install/workspace_gz/share/workspace_gz//models/buoys/marker_buoy_red/model.sdf
[1.712s] -- Up-to-date symlink: /home/ngen/yildiz_ws/src/YILDIZ-USV/install/workspace_gz/share/workspace_gz//models/buoys/marker_buoy_yellow/materials/textures/MarkerBuoy_Base_Color.png
[1.712s] -- Up-to-date symlink: /home/ngen/yildiz_ws/src/YILDIZ-USV/install/workspace_gz/share/workspace_gz//models/buoys/marker_buoy_yellow/materials/textures/MarkerBuoy_Roughness.png
[1.712s] -- Up-to-date symlink: /home/ngen/yildiz_ws/src/YILDIZ-USV/install/workspace_gz/share/workspace_gz//models/buoys/marker_buoy_yellow/meshes/marker_buoy.dae
[1.713s] -- Up-to-date symlink: /home/ngen/yildiz_ws/src/YILDIZ-USV/install/workspace_gz/share/workspace_gz//models/buoys/marker_buoy_yellow/model.config
[1.713s] -- Up-to-date symlink: /home/ngen/yildiz_ws/src/YILDIZ-USV/install/workspace_gz/share/workspace_gz//models/buoys/marker_buoy_yellow/model.sdf
[1.713s] -- Up-to-date symlink: /home/ngen/yildiz_ws/src/YILDIZ-USV/install/workspace_gz/share/workspace_gz//models/buoys/round_buoy_orange/materials/textures/RoundBarrierBuoy_Base_Color.png
[1.713s] -- Up-to-date symlink: /home/ngen/yildiz_ws/src/YILDIZ-USV/install/workspace_gz/share/workspace_gz//models/buoys/round_buoy_orange/materials/textures/RoundBarrierBuoy_Roughness.png
[1.713s] -- Up-to-date symlink: /home/ngen/yildiz_ws/src/YILDIZ-USV/install/workspace_gz/share/workspace_gz//models/buoys/round_buoy_orange/meshes/round_buoy.dae
[1.713s] -- Up-to-date symlink: /home/ngen/yildiz_ws/src/YILDIZ-USV/install/workspace_gz/share/workspace_gz//models/buoys/round_buoy_orange/model.config
[1.713s] -- Up-to-date symlink: /home/ngen/yildiz_ws/src/YILDIZ-USV/install/workspace_gz/share/workspace_gz//models/buoys/round_buoy_orange/model.sdf
[1.713s] -- Up-to-date symlink: /home/ngen/yildiz_ws/src/YILDIZ-USV/install/workspace_gz/share/workspace_gz//models/roboboat/materials/textures/roboboat_albedo.png
[1.713s] -- Up-to-date symlink: /home/ngen/yildiz_ws/src/YILDIZ-USV/install/workspace_gz/share/workspace_gz//models/roboboat/materials/textures/roboboat_metalness.png
[1.713s] -- Up-to-date symlink: /home/ngen/yildiz_ws/src/YILDIZ-USV/install/workspace_gz/share/workspace_gz//models/roboboat/materials/textures/roboboat_normal.png
[1.713s] -- Up-to-date symlink: /home/ngen/yildiz_ws/src/YILDIZ-USV/install/workspace_gz/share/workspace_gz//models/roboboat/materials/textures/roboboat_roughness.png
[1.713s] -- Up-to-date symlink: /home/ngen/yildiz_ws/src/YILDIZ-USV/install/workspace_gz/share/workspace_gz//models/roboboat/materials/textures/thruster_albedo.png
[1.713s] -- Up-to-date symlink: /home/ngen/yildiz_ws/src/YILDIZ-USV/install/workspace_gz/share/workspace_gz//models/roboboat/materials/textures/thruster_roughness.png
[1.713s] -- Up-to-date symlink: /home/ngen/yildiz_ws/src/YILDIZ-USV/install/workspace_gz/share/workspace_gz//models/roboboat/meshes/housing.dae
[1.714s] -- Up-to-date symlink: /home/ngen/yildiz_ws/src/YILDIZ-USV/install/workspace_gz/share/workspace_gz//models/roboboat/meshes/mount.dae
[1.714s] -- Up-to-date symlink: /home/ngen/yildiz_ws/src/YILDIZ-USV/install/workspace_gz/share/workspace_gz//models/roboboat/meshes/prop.dae
[1.714s] -- Up-to-date symlink: /home/ngen/yildiz_ws/src/YILDIZ-USV/install/workspace_gz/share/workspace_gz//models/roboboat/meshes/roboboat.dae
[1.714s] -- Up-to-date symlink: /home/ngen/yildiz_ws/src/YILDIZ-USV/install/workspace_gz/share/workspace_gz//models/roboboat/sensors/camera/materials/textures/camera.png
[1.714s] -- Up-to-date symlink: /home/ngen/yildiz_ws/src/YILDIZ-USV/install/workspace_gz/share/workspace_gz//models/roboboat/sensors/camera/materials/textures/camera_albedo.png
[1.714s] -- Up-to-date symlink: /home/ngen/yildiz_ws/src/YILDIZ-USV/install/workspace_gz/share/workspace_gz//models/roboboat/sensors/camera/materials/textures/camera_metalness.png
[1.715s] -- Up-to-date symlink: /home/ngen/yildiz_ws/src/YILDIZ-USV/install/workspace_gz/share/workspace_gz//models/roboboat/sensors/camera/materials/textures/camera_normal.png
[1.715s] -- Up-to-date symlink: /home/ngen/yildiz_ws/src/YILDIZ-USV/install/workspace_gz/share/workspace_gz//models/roboboat/sensors/camera/materials/textures/camera_roughness.png
[1.715s] -- Up-to-date symlink: /home/ngen/yildiz_ws/src/YILDIZ-USV/install/workspace_gz/share/workspace_gz//models/roboboat/sensors/camera/meshes/camera.dae
[1.715s] -- Up-to-date symlink: /home/ngen/yildiz_ws/src/YILDIZ-USV/install/workspace_gz/share/workspace_gz//models/roboboat/sensors/camera/meshes/camera_albedo.png
[1.715s] -- Up-to-date symlink: /home/ngen/yildiz_ws/src/YILDIZ-USV/install/workspace_gz/share/workspace_gz//models/roboboat/sensors/camera_post/materials/textures/post_albedo.png
[1.715s] -- Up-to-date symlink: /home/ngen/yildiz_ws/src/YILDIZ-USV/install/workspace_gz/share/workspace_gz//models/roboboat/sensors/camera_post/meshes/post.dae
[1.715s] -- Up-to-date symlink: /home/ngen/yildiz_ws/src/YILDIZ-USV/install/workspace_gz/share/workspace_gz//models/roboboat/sensors/camera_post/meshes/post_albedo.jpg
[1.716s] -- Up-to-date symlink: /home/ngen/yildiz_ws/src/YILDIZ-USV/install/workspace_gz/share/workspace_gz//models/roboboat/sensors/drybox/materials/textures/drybox_albedo.png
[1.716s] -- Up-to-date symlink: /home/ngen/yildiz_ws/src/YILDIZ-USV/install/workspace_gz/share/workspace_gz//models/roboboat/sensors/drybox/materials/textures/drybox_roughness.png
[1.716s] -- Up-to-date symlink: /home/ngen/yildiz_ws/src/YILDIZ-USV/install/workspace_gz/share/workspace_gz//models/roboboat/sensors/drybox/meshes/drybox.dae
[1.716s] -- Up-to-date symlink: /home/ngen/yildiz_ws/src/YILDIZ-USV/install/workspace_gz/share/workspace_gz//models/roboboat/sensors/gps/materials/textures/gps_albedo.png
[1.716s] -- Up-to-date symlink: /home/ngen/yildiz_ws/src/YILDIZ-USV/install/workspace_gz/share/workspace_gz//models/roboboat/sensors/gps/meshes/gps.dae
[1.716s] -- Up-to-date symlink: /home/ngen/yildiz_ws/src/YILDIZ-USV/install/workspace_gz/share/workspace_gz//models/roboboat/sensors/gps/meshes/gps_albedo.png
[1.716s] -- Up-to-date symlink: /home/ngen/yildiz_ws/src/YILDIZ-USV/install/workspace_gz/share/workspace_gz//models/roboboat/sensors/lidar/materials/textures/lidar.png
[1.716s] -- Up-to-date symlink: /home/ngen/yildiz_ws/src/YILDIZ-USV/install/workspace_gz/share/workspace_gz//models/roboboat/sensors/lidar/materials/textures/lidar_albedo.png
[1.717s] -- Up-to-date symlink: /home/ngen/yildiz_ws/src/YILDIZ-USV/install/workspace_gz/share/workspace_gz//models/roboboat/sensors/lidar/materials/textures/lidar_metalness.png
[1.717s] -- Up-to-date symlink: /home/ngen/yildiz_ws/src/YILDIZ-USV/install/workspace_gz/share/workspace_gz//models/roboboat/sensors/lidar/materials/textures/lidar_normal.png
[1.717s] -- Up-to-date symlink: /home/ngen/yildiz_ws/src/YILDIZ-USV/install/workspace_gz/share/workspace_gz//models/roboboat/sensors/lidar/materials/textures/lidar_roughness.png
[1.717s] -- Up-to-date symlink: /home/ngen/yildiz_ws/src/YILDIZ-USV/install/workspace_gz/share/workspace_gz//models/roboboat/sensors/lidar/meshes/lidar.dae
[1.717s] -- Up-to-date symlink: /home/ngen/yildiz_ws/src/YILDIZ-USV/install/workspace_gz/share/workspace_gz//models/roboboat/sensors/lidar/meshes/lidar_albedo.png
[1.717s] -- Up-to-date symlink: /home/ngen/yildiz_ws/src/YILDIZ-USV/install/workspace_gz/share/workspace_gz//models/roboboat/sensors/lidar_post/materials/textures/post_albedo.png
[1.717s] -- Up-to-date symlink: /home/ngen/yildiz_ws/src/YILDIZ-USV/install/workspace_gz/share/workspace_gz//models/roboboat/sensors/lidar_post/meshes/post.dae
[1.717s] -- Up-to-date symlink: /home/ngen/yildiz_ws/src/YILDIZ-USV/install/workspace_gz/share/workspace_gz//models/roboboat/sensors/lidar_post/meshes/post_albedo.jpg
[1.718s] -- Up-to-date symlink: /home/ngen/yildiz_ws/src/YILDIZ-USV/install/workspace_gz/share/workspace_gz//models/waves/materials/programs/GerstnerWaves_fs_330.glsl
[1.718s] -- Up-to-date symlink: /home/ngen/yildiz_ws/src/YILDIZ-USV/install/workspace_gz/share/workspace_gz//models/waves/materials/programs/GerstnerWaves_vs_330.glsl
[1.718s] -- Up-to-date symlink: /home/ngen/yildiz_ws/src/YILDIZ-USV/install/workspace_gz/share/workspace_gz//models/waves/materials/textures/skybox_lowres.dds
[1.718s] -- Up-to-date symlink: /home/ngen/yildiz_ws/src/YILDIZ-USV/install/workspace_gz/share/workspace_gz//models/waves/materials/textures/wave_normals.dds
[1.718s] -- Up-to-date symlink: /home/ngen/yildiz_ws/src/YILDIZ-USV/install/workspace_gz/share/workspace_gz//models/waves/meshes/waterlow.dae
[1.718s] -- Up-to-date symlink: /home/ngen/yildiz_ws/src/YILDIZ-USV/install/workspace_gz/share/workspace_gz//models/waves/model.config
[1.718s] -- Up-to-date symlink: /home/ngen/yildiz_ws/src/YILDIZ-USV/install/workspace_gz/share/workspace_gz//models/waves/model.sdf
[1.719s] -- Up-to-date symlink: /home/ngen/yildiz_ws/src/YILDIZ-USV/install/workspace_gz/share/workspace_gz//worlds/world.sdf
[1.719s] -- Up-to-date symlink: /home/ngen/yildiz_ws/src/YILDIZ-USV/install/workspace_gz/share/workspace_gz/environment/library_path.sh
[1.719s] -- Up-to-date symlink: /home/ngen/yildiz_ws/src/YILDIZ-USV/install/workspace_gz/share/workspace_gz/environment/library_path.dsv
[1.719s] -- Up-to-date symlink: /home/ngen/yildiz_ws/src/YILDIZ-USV/install/workspace_gz/share/ament_index/resource_index/package_run_dependencies/workspace_gz
[1.719s] -- Up-to-date symlink: /home/ngen/yildiz_ws/src/YILDIZ-USV/install/workspace_gz/share/ament_index/resource_index/parent_prefix_path/workspace_gz
[1.720s] -- Up-to-date symlink: /home/ngen/yildiz_ws/src/YILDIZ-USV/install/workspace_gz/share/workspace_gz/environment/ament_prefix_path.sh
[1.720s] -- Up-to-date symlink: /home/ngen/yildiz_ws/src/YILDIZ-USV/install/workspace_gz/share/workspace_gz/environment/ament_prefix_path.dsv
[1.720s] -- Up-to-date symlink: /home/ngen/yildiz_ws/src/YILDIZ-USV/install/workspace_gz/share/workspace_gz/environment/path.sh
[1.720s] -- Up-to-date symlink: /home/ngen/yildiz_ws/src/YILDIZ-USV/install/workspace_gz/share/workspace_gz/environment/path.dsv
[1.720s] -- Up-to-date symlink: /home/ngen/yildiz_ws/src/YILDIZ-USV/install/workspace_gz/share/workspace_gz/local_setup.bash
[1.720s] -- Up-to-date symlink: /home/ngen/yildiz_ws/src/YILDIZ-USV/install/workspace_gz/share/workspace_gz/local_setup.sh
[1.721s] -- Up-to-date symlink: /home/ngen/yildiz_ws/src/YILDIZ-USV/install/workspace_gz/share/workspace_gz/local_setup.zsh
[1.721s] -- Up-to-date symlink: /home/ngen/yildiz_ws/src/YILDIZ-USV/install/workspace_gz/share/workspace_gz/local_setup.dsv
[1.721s] -- Symlinking: /home/ngen/yildiz_ws/src/YILDIZ-USV/install/workspace_gz/share/workspace_gz/package.dsv
[1.733s] -- Up-to-date symlink: /home/ngen/yildiz_ws/src/YILDIZ-USV/install/workspace_gz/share/ament_index/resource_index/packages/workspace_gz
[1.734s] -- Up-to-date symlink: /home/ngen/yildiz_ws/src/YILDIZ-USV/install/workspace_gz/share/workspace_gz/cmake/ament_cmake_export_libraries-extras.cmake
[1.734s] -- Up-to-date symlink: /home/ngen/yildiz_ws/src/YILDIZ-USV/install/workspace_gz/share/workspace_gz/cmake/ament_cmake_export_dependencies-extras.cmake
[1.734s] -- Up-to-date symlink: /home/ngen/yildiz_ws/src/YILDIZ-USV/install/workspace_gz/share/workspace_gz/cmake/workspace_gzConfig.cmake
[1.734s] -- Up-to-date symlink: /home/ngen/yildiz_ws/src/YILDIZ-USV/install/workspace_gz/share/workspace_gz/cmake/workspace_gzConfig-version.cmake
[1.734s] -- Up-to-date symlink: /home/ngen/yildiz_ws/src/YILDIZ-USV/install/workspace_gz/share/workspace_gz/package.xml
[1.737s] Invoked command in '/home/ngen/yildiz_ws/src/YILDIZ-USV/build/workspace_gz' returned '0': CMAKE_PREFIX_PATH=${CMAKE_PREFIX_PATH}:/opt/ros/jazzy DEBUGINFOD_URLS=https://debuginfod.ubuntu.com /usr/bin/cmake --install /home/ngen/yildiz_ws/src/YILDIZ-USV/build/workspace_gz
