[0.784s] Invoking command in '/home/ngen/yildiz_ws/src/YILDIZ-USV/build/workspace_ros': DEBUGINFOD_URLS=https://debuginfod.ubuntu.com PYTHONPATH=/home/ngen/yildiz_ws/src/YILDIZ-USV/build/workspace_ros/prefix_override:/usr/lib/python3/dist-packages/colcon_core/task/python/colcon_distutils_commands:/home/ngen/yildiz_ws/src/YILDIZ-USV/install/workspace_ros/lib/python3.12/site-packages:${PYTHONPATH} /usr/bin/python3 -W ignore:setup.py install is deprecated -W ignore:easy_install command is deprecated setup.py develop --editable --build-directory /home/ngen/yildiz_ws/src/YILDIZ-USV/build/workspace_ros/build --no-deps symlink_data --force
[1.049s] running develop
[1.207s] running egg_info
[1.225s] writing workspace_ros.egg-info/PKG-INFO
[1.225s] writing dependency_links to workspace_ros.egg-info/dependency_links.txt
[1.225s] writing entry points to workspace_ros.egg-info/entry_points.txt
[1.225s] writing requirements to workspace_ros.egg-info/requires.txt
[1.225s] writing top-level names to workspace_ros.egg-info/top_level.txt
[1.265s] reading manifest file 'workspace_ros.egg-info/SOURCES.txt'
[1.266s] writing manifest file 'workspace_ros.egg-info/SOURCES.txt'
[1.288s] running build_ext
[1.288s] Creating /home/ngen/yildiz_ws/src/YILDIZ-USV/install/workspace_ros/lib/python3.12/site-packages/workspace-ros.egg-link (link to .)
[1.288s] Installing converter script to /home/ngen/yildiz_ws/src/YILDIZ-USV/install/workspace_ros/lib/workspace_ros
[1.289s] Installing gps_covariance_repub script to /home/ngen/yildiz_ws/src/YILDIZ-USV/install/workspace_ros/lib/workspace_ros
[1.289s] Installing imu_covariance_repub script to /home/ngen/yildiz_ws/src/YILDIZ-USV/install/workspace_ros/lib/workspace_ros
[1.289s] Installing kamikaze script to /home/ngen/yildiz_ws/src/YILDIZ-USV/install/workspace_ros/lib/workspace_ros
[1.289s] Installing lidar_processor script to /home/ngen/yildiz_ws/src/YILDIZ-USV/install/workspace_ros/lib/workspace_ros
[1.289s] Installing manual_control script to /home/ngen/yildiz_ws/src/YILDIZ-USV/install/workspace_ros/lib/workspace_ros
[1.290s] Installing static_transform_publisher script to /home/ngen/yildiz_ws/src/YILDIZ-USV/install/workspace_ros/lib/workspace_ros
[1.290s] Installing target_buoy script to /home/ngen/yildiz_ws/src/YILDIZ-USV/install/workspace_ros/lib/workspace_ros
[1.290s] 
[1.290s] Installed /home/ngen/yildiz_ws/src/YILDIZ-USV/build/workspace_ros
[1.290s] running symlink_data
[1.291s] symbolically linking /home/ngen/yildiz_ws/src/YILDIZ-USV/build/workspace_ros/resource/workspace_ros -> /home/ngen/yildiz_ws/src/YILDIZ-USV/install/workspace_ros/share/ament_index/resource_index/packages
[1.291s] symbolically linking /home/ngen/yildiz_ws/src/YILDIZ-USV/build/workspace_ros/package.xml -> /home/ngen/yildiz_ws/src/YILDIZ-USV/install/workspace_ros/share/workspace_ros
[1.291s] symbolically linking /home/ngen/yildiz_ws/src/YILDIZ-USV/build/workspace_ros/config/static_transform.yaml -> /home/ngen/yildiz_ws/src/YILDIZ-USV/install/workspace_ros/share/workspace_ros/config
[1.291s] symbolically linking /home/ngen/yildiz_ws/src/YILDIZ-USV/build/workspace_ros/config/ekf.yaml -> /home/ngen/yildiz_ws/src/YILDIZ-USV/install/workspace_ros/share/workspace_ros/config
[1.291s] symbolically linking /home/ngen/yildiz_ws/src/YILDIZ-USV/build/workspace_ros/config/lidar_rviz.rviz -> /home/ngen/yildiz_ws/src/YILDIZ-USV/install/workspace_ros/share/workspace_ros/config
[1.292s] symbolically linking /home/ngen/yildiz_ws/src/YILDIZ-USV/build/workspace_ros/config/kiss_icp.yaml -> /home/ngen/yildiz_ws/src/YILDIZ-USV/install/workspace_ros/share/workspace_ros/config
[1.292s] symbolically linking /home/ngen/yildiz_ws/src/YILDIZ-USV/build/workspace_ros/config/navsat.yaml -> /home/ngen/yildiz_ws/src/YILDIZ-USV/install/workspace_ros/share/workspace_ros/config
[1.292s] symbolically linking /home/ngen/yildiz_ws/src/YILDIZ-USV/build/workspace_ros/config/lidar_filter.yaml -> /home/ngen/yildiz_ws/src/YILDIZ-USV/install/workspace_ros/share/workspace_ros/config
[1.292s] symbolically linking /home/ngen/yildiz_ws/src/YILDIZ-USV/build/workspace_ros/launch/localization.launch.py -> /home/ngen/yildiz_ws/src/YILDIZ-USV/install/workspace_ros/share/workspace_ros/launch
[1.292s] symbolically linking /home/ngen/yildiz_ws/src/YILDIZ-USV/build/workspace_ros/launch/mola_slam.launch.py -> /home/ngen/yildiz_ws/src/YILDIZ-USV/install/workspace_ros/share/workspace_ros/launch
[1.292s] error: can't copy '/home/ngen/yildiz_ws/src/YILDIZ-USV/build/workspace_ros/launch/water_filter.launch.py': doesn't exist or not a regular file
[1.335s] Invoked command in '/home/ngen/yildiz_ws/src/YILDIZ-USV/build/workspace_ros' returned '1': DEBUGINFOD_URLS=https://debuginfod.ubuntu.com PYTHONPATH=/home/ngen/yildiz_ws/src/YILDIZ-USV/build/workspace_ros/prefix_override:/usr/lib/python3/dist-packages/colcon_core/task/python/colcon_distutils_commands:/home/ngen/yildiz_ws/src/YILDIZ-USV/install/workspace_ros/lib/python3.12/site-packages:${PYTHONPATH} /usr/bin/python3 -W ignore:setup.py install is deprecated -W ignore:easy_install command is deprecated setup.py develop --editable --build-directory /home/ngen/yildiz_ws/src/YILDIZ-USV/build/workspace_ros/build --no-deps symlink_data --force
