[0.463s] DEBUG:colcon:Command line arguments: ['/usr/bin/colcon', 'build', '--packages-select', 'workspace_gz']
[0.464s] DEBUG:colcon:Parsed command line arguments: Namespace(log_base=None, log_level=None, verb_name='build', build_base='build', install_base='install', merge_install=False, symlink_install=False, test_result_base=None, continue_on_error=False, executor='parallel', parallel_workers=8, event_handlers=None, ignore_user_meta=False, metas=['./colcon.meta'], base_paths=['.'], packages_ignore=None, packages_ignore_regex=None, paths=None, packages_up_to=None, packages_up_to_regex=None, packages_above=None, packages_above_and_dependencies=None, packages_above_depth=None, packages_select_by_dep=None, packages_skip_by_dep=None, packages_skip_up_to=None, packages_select_build_failed=False, packages_skip_build_finished=False, packages_select_test_failures=False, packages_skip_test_passed=False, packages_select=['workspace_gz'], packages_skip=None, packages_select_regex=None, packages_skip_regex=None, packages_start=None, packages_end=None, allow_overriding=[], cmake_args=None, cmake_target=None, cmake_target_skip_unavailable=False, cmake_clean_cache=False, cmake_clean_first=False, cmake_force_configure=False, ament_cmake_args=None, catkin_cmake_args=None, catkin_skip_building_tests=False, mixin_files=None, mixin=None, verb_parser=<colcon_mixin.mixin.mixin_argument.MixinArgumentDecorator object at 0x7b0ce3499930>, verb_extension=<colcon_core.verb.build.BuildVerb object at 0x7b0ce34993c0>, main=<bound method BuildVerb.main of <colcon_core.verb.build.BuildVerb object at 0x7b0ce34993c0>>, mixin_verb=('build',))
[1.052s] Level 1:colcon.colcon_core.package_discovery:discover_packages(colcon_meta) check parameters
[1.052s] Level 1:colcon.colcon_core.package_discovery:discover_packages(recursive) check parameters
[1.052s] Level 1:colcon.colcon_core.package_discovery:discover_packages(ignore) check parameters
[1.052s] Level 1:colcon.colcon_core.package_discovery:discover_packages(path) check parameters
[1.052s] Level 1:colcon.colcon_core.package_discovery:discover_packages(colcon_meta) discover
[1.052s] Level 1:colcon.colcon_core.package_discovery:discover_packages(recursive) discover
[1.052s] INFO:colcon.colcon_core.package_discovery:Crawling recursively for packages in '/home/aliomacc/sti_usv'
[1.052s] Level 1:colcon.colcon_core.package_identification:_identify(.) by extensions ['ignore', 'ignore_ament_install']
[1.052s] Level 1:colcon.colcon_core.package_identification:_identify(.) by extension 'ignore'
[1.052s] Level 1:colcon.colcon_core.package_identification:_identify(.) by extension 'ignore_ament_install'
[1.053s] Level 1:colcon.colcon_core.package_identification:_identify(.) by extensions ['colcon_pkg']
[1.053s] Level 1:colcon.colcon_core.package_identification:_identify(.) by extension 'colcon_pkg'
[1.053s] Level 1:colcon.colcon_core.package_identification:_identify(.) by extensions ['colcon_meta']
[1.053s] Level 1:colcon.colcon_core.package_identification:_identify(.) by extension 'colcon_meta'
[1.053s] Level 1:colcon.colcon_core.package_identification:_identify(.) by extensions ['ros']
[1.053s] Level 1:colcon.colcon_core.package_identification:_identify(.) by extension 'ros'
[1.119s] Level 1:colcon.colcon_core.package_identification:_identify(.) by extensions ['cmake', 'python']
[1.120s] Level 1:colcon.colcon_core.package_identification:_identify(.) by extension 'cmake'
[1.120s] Level 1:colcon.colcon_core.package_identification:_identify(.) by extension 'python'
[1.120s] Level 1:colcon.colcon_core.package_identification:_identify(.) by extensions ['python_setup_py']
[1.121s] Level 1:colcon.colcon_core.package_identification:_identify(.) by extension 'python_setup_py'
[1.121s] Level 1:colcon.colcon_core.package_identification:_identify(build) by extensions ['ignore', 'ignore_ament_install']
[1.121s] Level 1:colcon.colcon_core.package_identification:_identify(build) by extension 'ignore'
[1.122s] Level 1:colcon.colcon_core.package_identification:_identify(build) ignored
[1.122s] Level 1:colcon.colcon_core.package_identification:_identify(install) by extensions ['ignore', 'ignore_ament_install']
[1.122s] Level 1:colcon.colcon_core.package_identification:_identify(install) by extension 'ignore'
[1.122s] Level 1:colcon.colcon_core.package_identification:_identify(install) ignored
[1.122s] Level 1:colcon.colcon_core.package_identification:_identify(log) by extensions ['ignore', 'ignore_ament_install']
[1.122s] Level 1:colcon.colcon_core.package_identification:_identify(log) by extension 'ignore'
[1.123s] Level 1:colcon.colcon_core.package_identification:_identify(log) ignored
[1.123s] Level 1:colcon.colcon_core.package_identification:_identify(src) by extensions ['ignore', 'ignore_ament_install']
[1.123s] Level 1:colcon.colcon_core.package_identification:_identify(src) by extension 'ignore'
[1.123s] Level 1:colcon.colcon_core.package_identification:_identify(src) by extension 'ignore_ament_install'
[1.123s] Level 1:colcon.colcon_core.package_identification:_identify(src) by extensions ['colcon_pkg']
[1.123s] Level 1:colcon.colcon_core.package_identification:_identify(src) by extension 'colcon_pkg'
[1.123s] Level 1:colcon.colcon_core.package_identification:_identify(src) by extensions ['colcon_meta']
[1.123s] Level 1:colcon.colcon_core.package_identification:_identify(src) by extension 'colcon_meta'
[1.123s] Level 1:colcon.colcon_core.package_identification:_identify(src) by extensions ['ros']
[1.123s] Level 1:colcon.colcon_core.package_identification:_identify(src) by extension 'ros'
[1.124s] Level 1:colcon.colcon_core.package_identification:_identify(src) by extensions ['cmake', 'python']
[1.124s] Level 1:colcon.colcon_core.package_identification:_identify(src) by extension 'cmake'
[1.124s] Level 1:colcon.colcon_core.package_identification:_identify(src) by extension 'python'
[1.124s] Level 1:colcon.colcon_core.package_identification:_identify(src) by extensions ['python_setup_py']
[1.124s] Level 1:colcon.colcon_core.package_identification:_identify(src) by extension 'python_setup_py'
[1.124s] Level 1:colcon.colcon_core.package_identification:_identify(src/kiss_icp) by extensions ['ignore', 'ignore_ament_install']
[1.124s] Level 1:colcon.colcon_core.package_identification:_identify(src/kiss_icp) by extension 'ignore'
[1.124s] Level 1:colcon.colcon_core.package_identification:_identify(src/kiss_icp) by extension 'ignore_ament_install'
[1.124s] Level 1:colcon.colcon_core.package_identification:_identify(src/kiss_icp) by extensions ['colcon_pkg']
[1.124s] Level 1:colcon.colcon_core.package_identification:_identify(src/kiss_icp) by extension 'colcon_pkg'
[1.125s] Level 1:colcon.colcon_core.package_identification:_identify(src/kiss_icp) by extensions ['colcon_meta']
[1.125s] Level 1:colcon.colcon_core.package_identification:_identify(src/kiss_icp) by extension 'colcon_meta'
[1.125s] Level 1:colcon.colcon_core.package_identification:_identify(src/kiss_icp) by extensions ['ros']
[1.125s] Level 1:colcon.colcon_core.package_identification:_identify(src/kiss_icp) by extension 'ros'
[1.125s] Level 1:colcon.colcon_core.package_identification:_identify(src/kiss_icp) by extensions ['cmake', 'python']
[1.125s] Level 1:colcon.colcon_core.package_identification:_identify(src/kiss_icp) by extension 'cmake'
[1.125s] Level 1:colcon.colcon_core.package_identification:_identify(src/kiss_icp) by extension 'python'
[1.125s] Level 1:colcon.colcon_core.package_identification:_identify(src/kiss_icp) by extensions ['python_setup_py']
[1.125s] Level 1:colcon.colcon_core.package_identification:_identify(src/kiss_icp) by extension 'python_setup_py'
[1.125s] Level 1:colcon.colcon_core.package_identification:_identify(src/kiss_icp/config) by extensions ['ignore', 'ignore_ament_install']
[1.125s] Level 1:colcon.colcon_core.package_identification:_identify(src/kiss_icp/config) by extension 'ignore'
[1.125s] Level 1:colcon.colcon_core.package_identification:_identify(src/kiss_icp/config) by extension 'ignore_ament_install'
[1.125s] Level 1:colcon.colcon_core.package_identification:_identify(src/kiss_icp/config) by extensions ['colcon_pkg']
[1.125s] Level 1:colcon.colcon_core.package_identification:_identify(src/kiss_icp/config) by extension 'colcon_pkg'
[1.125s] Level 1:colcon.colcon_core.package_identification:_identify(src/kiss_icp/config) by extensions ['colcon_meta']
[1.125s] Level 1:colcon.colcon_core.package_identification:_identify(src/kiss_icp/config) by extension 'colcon_meta'
[1.126s] Level 1:colcon.colcon_core.package_identification:_identify(src/kiss_icp/config) by extensions ['ros']
[1.126s] Level 1:colcon.colcon_core.package_identification:_identify(src/kiss_icp/config) by extension 'ros'
[1.126s] Level 1:colcon.colcon_core.package_identification:_identify(src/kiss_icp/config) by extensions ['cmake', 'python']
[1.126s] Level 1:colcon.colcon_core.package_identification:_identify(src/kiss_icp/config) by extension 'cmake'
[1.126s] Level 1:colcon.colcon_core.package_identification:_identify(src/kiss_icp/config) by extension 'python'
[1.126s] Level 1:colcon.colcon_core.package_identification:_identify(src/kiss_icp/config) by extensions ['python_setup_py']
[1.126s] Level 1:colcon.colcon_core.package_identification:_identify(src/kiss_icp/config) by extension 'python_setup_py'
[1.126s] Level 1:colcon.colcon_core.package_identification:_identify(src/kiss_icp/cpp) by extensions ['ignore', 'ignore_ament_install']
[1.127s] Level 1:colcon.colcon_core.package_identification:_identify(src/kiss_icp/cpp) by extension 'ignore'
[1.128s] Level 1:colcon.colcon_core.package_identification:_identify(src/kiss_icp/cpp) ignored
[1.129s] Level 1:colcon.colcon_core.package_identification:_identify(src/kiss_icp/eval) by extensions ['ignore', 'ignore_ament_install']
[1.129s] Level 1:colcon.colcon_core.package_identification:_identify(src/kiss_icp/eval) by extension 'ignore'
[1.130s] Level 1:colcon.colcon_core.package_identification:_identify(src/kiss_icp/eval) by extension 'ignore_ament_install'
[1.131s] Level 1:colcon.colcon_core.package_identification:_identify(src/kiss_icp/eval) by extensions ['colcon_pkg']
[1.132s] Level 1:colcon.colcon_core.package_identification:_identify(src/kiss_icp/eval) by extension 'colcon_pkg'
[1.132s] Level 1:colcon.colcon_core.package_identification:_identify(src/kiss_icp/eval) by extensions ['colcon_meta']
[1.132s] Level 1:colcon.colcon_core.package_identification:_identify(src/kiss_icp/eval) by extension 'colcon_meta'
[1.133s] Level 1:colcon.colcon_core.package_identification:_identify(src/kiss_icp/eval) by extensions ['ros']
[1.133s] Level 1:colcon.colcon_core.package_identification:_identify(src/kiss_icp/eval) by extension 'ros'
[1.133s] Level 1:colcon.colcon_core.package_identification:_identify(src/kiss_icp/eval) by extensions ['cmake', 'python']
[1.133s] Level 1:colcon.colcon_core.package_identification:_identify(src/kiss_icp/eval) by extension 'cmake'
[1.133s] Level 1:colcon.colcon_core.package_identification:_identify(src/kiss_icp/eval) by extension 'python'
[1.134s] Level 1:colcon.colcon_core.package_identification:_identify(src/kiss_icp/eval) by extensions ['python_setup_py']
[1.135s] Level 1:colcon.colcon_core.package_identification:_identify(src/kiss_icp/eval) by extension 'python_setup_py'
[1.135s] Level 1:colcon.colcon_core.package_identification:_identify(src/kiss_icp/python) by extensions ['ignore', 'ignore_ament_install']
[1.135s] Level 1:colcon.colcon_core.package_identification:_identify(src/kiss_icp/python) by extension 'ignore'
[1.135s] Level 1:colcon.colcon_core.package_identification:_identify(src/kiss_icp/python) ignored
[1.135s] Level 1:colcon.colcon_core.package_identification:_identify(src/kiss_icp/ros) by extensions ['ignore', 'ignore_ament_install']
[1.135s] Level 1:colcon.colcon_core.package_identification:_identify(src/kiss_icp/ros) by extension 'ignore'
[1.136s] Level 1:colcon.colcon_core.package_identification:_identify(src/kiss_icp/ros) by extension 'ignore_ament_install'
[1.136s] Level 1:colcon.colcon_core.package_identification:_identify(src/kiss_icp/ros) by extensions ['colcon_pkg']
[1.136s] Level 1:colcon.colcon_core.package_identification:_identify(src/kiss_icp/ros) by extension 'colcon_pkg'
[1.136s] Level 1:colcon.colcon_core.package_identification:_identify(src/kiss_icp/ros) by extensions ['colcon_meta']
[1.136s] Level 1:colcon.colcon_core.package_identification:_identify(src/kiss_icp/ros) by extension 'colcon_meta'
[1.136s] Level 1:colcon.colcon_core.package_identification:_identify(src/kiss_icp/ros) by extensions ['ros']
[1.136s] Level 1:colcon.colcon_core.package_identification:_identify(src/kiss_icp/ros) by extension 'ros'
[1.143s] DEBUG:colcon.colcon_core.package_identification:Package 'src/kiss_icp/ros' with type 'ros.ament_cmake' and name 'kiss_icp'
[1.144s] Level 1:colcon.colcon_core.package_identification:_identify(src/usv_sim) by extensions ['ignore', 'ignore_ament_install']
[1.144s] Level 1:colcon.colcon_core.package_identification:_identify(src/usv_sim) by extension 'ignore'
[1.145s] Level 1:colcon.colcon_core.package_identification:_identify(src/usv_sim) by extension 'ignore_ament_install'
[1.147s] Level 1:colcon.colcon_core.package_identification:_identify(src/usv_sim) by extensions ['colcon_pkg']
[1.147s] Level 1:colcon.colcon_core.package_identification:_identify(src/usv_sim) by extension 'colcon_pkg'
[1.147s] Level 1:colcon.colcon_core.package_identification:_identify(src/usv_sim) by extensions ['colcon_meta']
[1.147s] Level 1:colcon.colcon_core.package_identification:_identify(src/usv_sim) by extension 'colcon_meta'
[1.148s] Level 1:colcon.colcon_core.package_identification:_identify(src/usv_sim) by extensions ['ros']
[1.148s] Level 1:colcon.colcon_core.package_identification:_identify(src/usv_sim) by extension 'ros'
[1.148s] Level 1:colcon.colcon_core.package_identification:_identify(src/usv_sim) by extensions ['cmake', 'python']
[1.148s] Level 1:colcon.colcon_core.package_identification:_identify(src/usv_sim) by extension 'cmake'
[1.148s] Level 1:colcon.colcon_core.package_identification:_identify(src/usv_sim) by extension 'python'
[1.148s] Level 1:colcon.colcon_core.package_identification:_identify(src/usv_sim) by extensions ['python_setup_py']
[1.148s] Level 1:colcon.colcon_core.package_identification:_identify(src/usv_sim) by extension 'python_setup_py'
[1.148s] Level 1:colcon.colcon_core.package_identification:_identify(src/usv_sim/__pycache__) by extensions ['ignore', 'ignore_ament_install']
[1.149s] Level 1:colcon.colcon_core.package_identification:_identify(src/usv_sim/__pycache__) by extension 'ignore'
[1.149s] Level 1:colcon.colcon_core.package_identification:_identify(src/usv_sim/__pycache__) by extension 'ignore_ament_install'
[1.150s] Level 1:colcon.colcon_core.package_identification:_identify(src/usv_sim/__pycache__) by extensions ['colcon_pkg']
[1.150s] Level 1:colcon.colcon_core.package_identification:_identify(src/usv_sim/__pycache__) by extension 'colcon_pkg'
[1.150s] Level 1:colcon.colcon_core.package_identification:_identify(src/usv_sim/__pycache__) by extensions ['colcon_meta']
[1.150s] Level 1:colcon.colcon_core.package_identification:_identify(src/usv_sim/__pycache__) by extension 'colcon_meta'
[1.150s] Level 1:colcon.colcon_core.package_identification:_identify(src/usv_sim/__pycache__) by extensions ['ros']
[1.150s] Level 1:colcon.colcon_core.package_identification:_identify(src/usv_sim/__pycache__) by extension 'ros'
[1.151s] Level 1:colcon.colcon_core.package_identification:_identify(src/usv_sim/__pycache__) by extensions ['cmake', 'python']
[1.151s] Level 1:colcon.colcon_core.package_identification:_identify(src/usv_sim/__pycache__) by extension 'cmake'
[1.151s] Level 1:colcon.colcon_core.package_identification:_identify(src/usv_sim/__pycache__) by extension 'python'
[1.151s] Level 1:colcon.colcon_core.package_identification:_identify(src/usv_sim/__pycache__) by extensions ['python_setup_py']
[1.151s] Level 1:colcon.colcon_core.package_identification:_identify(src/usv_sim/__pycache__) by extension 'python_setup_py'
[1.151s] Level 1:colcon.colcon_core.package_identification:_identify(src/usv_sim/workspace_gz) by extensions ['ignore', 'ignore_ament_install']
[1.151s] Level 1:colcon.colcon_core.package_identification:_identify(src/usv_sim/workspace_gz) by extension 'ignore'
[1.152s] Level 1:colcon.colcon_core.package_identification:_identify(src/usv_sim/workspace_gz) by extension 'ignore_ament_install'
[1.152s] Level 1:colcon.colcon_core.package_identification:_identify(src/usv_sim/workspace_gz) by extensions ['colcon_pkg']
[1.152s] Level 1:colcon.colcon_core.package_identification:_identify(src/usv_sim/workspace_gz) by extension 'colcon_pkg'
[1.152s] Level 1:colcon.colcon_core.package_identification:_identify(src/usv_sim/workspace_gz) by extensions ['colcon_meta']
[1.152s] Level 1:colcon.colcon_core.package_identification:_identify(src/usv_sim/workspace_gz) by extension 'colcon_meta'
[1.152s] Level 1:colcon.colcon_core.package_identification:_identify(src/usv_sim/workspace_gz) by extensions ['ros']
[1.152s] Level 1:colcon.colcon_core.package_identification:_identify(src/usv_sim/workspace_gz) by extension 'ros'
[1.155s] DEBUG:colcon.colcon_core.package_identification:Package 'src/usv_sim/workspace_gz' with type 'ros.ament_cmake' and name 'workspace_gz'
[1.157s] Level 1:colcon.colcon_core.package_identification:_identify(src/usv_sim/workspace_nav) by extensions ['ignore', 'ignore_ament_install']
[1.157s] Level 1:colcon.colcon_core.package_identification:_identify(src/usv_sim/workspace_nav) by extension 'ignore'
[1.158s] Level 1:colcon.colcon_core.package_identification:_identify(src/usv_sim/workspace_nav) by extension 'ignore_ament_install'
[1.159s] Level 1:colcon.colcon_core.package_identification:_identify(src/usv_sim/workspace_nav) by extensions ['colcon_pkg']
[1.159s] Level 1:colcon.colcon_core.package_identification:_identify(src/usv_sim/workspace_nav) by extension 'colcon_pkg'
[1.159s] Level 1:colcon.colcon_core.package_identification:_identify(src/usv_sim/workspace_nav) by extensions ['colcon_meta']
[1.160s] Level 1:colcon.colcon_core.package_identification:_identify(src/usv_sim/workspace_nav) by extension 'colcon_meta'
[1.160s] Level 1:colcon.colcon_core.package_identification:_identify(src/usv_sim/workspace_nav) by extensions ['ros']
[1.160s] Level 1:colcon.colcon_core.package_identification:_identify(src/usv_sim/workspace_nav) by extension 'ros'
[1.165s] DEBUG:colcon.colcon_core.package_identification:Package 'src/usv_sim/workspace_nav' with type 'ros.ament_python' and name 'workspace_nav'
[1.166s] Level 1:colcon.colcon_core.package_identification:_identify(src/usv_sim/workspace_ros) by extensions ['ignore', 'ignore_ament_install']
[1.167s] Level 1:colcon.colcon_core.package_identification:_identify(src/usv_sim/workspace_ros) by extension 'ignore'
[1.168s] Level 1:colcon.colcon_core.package_identification:_identify(src/usv_sim/workspace_ros) by extension 'ignore_ament_install'
[1.169s] Level 1:colcon.colcon_core.package_identification:_identify(src/usv_sim/workspace_ros) by extensions ['colcon_pkg']
[1.169s] Level 1:colcon.colcon_core.package_identification:_identify(src/usv_sim/workspace_ros) by extension 'colcon_pkg'
[1.169s] Level 1:colcon.colcon_core.package_identification:_identify(src/usv_sim/workspace_ros) by extensions ['colcon_meta']
[1.169s] Level 1:colcon.colcon_core.package_identification:_identify(src/usv_sim/workspace_ros) by extension 'colcon_meta'
[1.170s] Level 1:colcon.colcon_core.package_identification:_identify(src/usv_sim/workspace_ros) by extensions ['ros']
[1.170s] Level 1:colcon.colcon_core.package_identification:_identify(src/usv_sim/workspace_ros) by extension 'ros'
[1.173s] DEBUG:colcon.colcon_core.package_identification:Package 'src/usv_sim/workspace_ros' with type 'ros.ament_python' and name 'workspace_ros'
[1.174s] Level 1:colcon.colcon_core.package_discovery:discover_packages(recursive) using defaults
[1.174s] Level 1:colcon.colcon_core.package_discovery:discover_packages(ignore) discover
[1.174s] Level 1:colcon.colcon_core.package_discovery:discover_packages(ignore) using defaults
[1.174s] Level 1:colcon.colcon_core.package_discovery:discover_packages(path) discover
[1.174s] Level 1:colcon.colcon_core.package_discovery:discover_packages(path) using defaults
[1.232s] INFO:colcon.colcon_core.package_selection:Skipping not selected package 'kiss_icp' in 'src/kiss_icp/ros'
[1.232s] INFO:colcon.colcon_core.package_selection:Skipping not selected package 'workspace_nav' in 'src/usv_sim/workspace_nav'
[1.232s] INFO:colcon.colcon_core.package_selection:Skipping not selected package 'workspace_ros' in 'src/usv_sim/workspace_ros'
[1.233s] Level 1:colcon.colcon_core.package_discovery:discover_packages(prefix_path) check parameters
[1.233s] Level 1:colcon.colcon_core.package_discovery:discover_packages(prefix_path) discover
[1.237s] DEBUG:colcon.colcon_installed_package_information.package_discovery:Found 5 installed packages in /home/aliomacc/sti_usv/install
[1.239s] DEBUG:colcon.colcon_installed_package_information.package_discovery:Found 4 installed packages in /home/aliomacc/turtlebot3_ws/install
[1.242s] DEBUG:colcon.colcon_installed_package_information.package_discovery:Found 6 installed packages in /home/aliomacc/ros2_ws/install
[1.249s] DEBUG:colcon.colcon_installed_package_information.package_discovery:Found 461 installed packages in /opt/ros/humble
[1.266s] Level 1:colcon.colcon_core.package_discovery:discover_packages(prefix_path) using defaults
[1.444s] Level 5:colcon.colcon_core.verb:set package 'workspace_gz' build argument 'cmake_args' from command line to 'None'
[1.444s] Level 5:colcon.colcon_core.verb:set package 'workspace_gz' build argument 'cmake_target' from command line to 'None'
[1.444s] Level 5:colcon.colcon_core.verb:set package 'workspace_gz' build argument 'cmake_target_skip_unavailable' from command line to 'False'
[1.444s] Level 5:colcon.colcon_core.verb:set package 'workspace_gz' build argument 'cmake_clean_cache' from command line to 'False'
[1.444s] Level 5:colcon.colcon_core.verb:set package 'workspace_gz' build argument 'cmake_clean_first' from command line to 'False'
[1.444s] Level 5:colcon.colcon_core.verb:set package 'workspace_gz' build argument 'cmake_force_configure' from command line to 'False'
[1.444s] Level 5:colcon.colcon_core.verb:set package 'workspace_gz' build argument 'ament_cmake_args' from command line to 'None'
[1.444s] Level 5:colcon.colcon_core.verb:set package 'workspace_gz' build argument 'catkin_cmake_args' from command line to 'None'
[1.444s] Level 5:colcon.colcon_core.verb:set package 'workspace_gz' build argument 'catkin_skip_building_tests' from command line to 'False'
[1.444s] DEBUG:colcon.colcon_core.verb:Building package 'workspace_gz' with the following arguments: {'ament_cmake_args': None, 'build_base': '/home/aliomacc/sti_usv/build/workspace_gz', 'catkin_cmake_args': None, 'catkin_skip_building_tests': False, 'cmake_args': None, 'cmake_clean_cache': False, 'cmake_clean_first': False, 'cmake_force_configure': False, 'cmake_target': None, 'cmake_target_skip_unavailable': False, 'install_base': '/home/aliomacc/sti_usv/install/workspace_gz', 'merge_install': False, 'path': '/home/aliomacc/sti_usv/src/usv_sim/workspace_gz', 'symlink_install': False, 'test_result_base': None}
[1.444s] INFO:colcon.colcon_core.executor:Executing jobs using 'parallel' executor
[1.447s] DEBUG:colcon.colcon_parallel_executor.executor.parallel:run_until_complete
[1.447s] INFO:colcon.colcon_ros.task.ament_cmake.build:Building ROS package in '/home/aliomacc/sti_usv/src/usv_sim/workspace_gz' with build type 'ament_cmake'
[1.448s] INFO:colcon.colcon_cmake.task.cmake.build:Building CMake package in '/home/aliomacc/sti_usv/src/usv_sim/workspace_gz'
[1.453s] INFO:colcon.colcon_core.plugin_system:Skipping extension 'colcon_core.shell.bat': Not used on non-Windows systems
[1.454s] INFO:colcon.colcon_core.shell:Skip shell extension 'powershell' for command environment: Not usable outside of PowerShell
[1.454s] DEBUG:colcon.colcon_core.shell:Skip shell extension 'dsv' for command environment
[1.486s] DEBUG:colcon.colcon_core.event_handler.log_command:Invoking command in '/home/aliomacc/sti_usv/build/workspace_gz': CMAKE_PREFIX_PATH=${CMAKE_PREFIX_PATH}:/home/aliomacc/sti_usv/install/workspace_ros:/home/aliomacc/sti_usv/install/workspace_nav:/home/aliomacc/ros2_ws/install/actions_py:/home/aliomacc/ros2_ws/install/lifecycle_py:/opt/ros/humble /usr/bin/cmake --build /home/aliomacc/sti_usv/build/workspace_gz -- -j8 -l8
[2.100s] DEBUG:colcon.colcon_core.event_handler.log_command:Invoked command in '/home/aliomacc/sti_usv/build/workspace_gz' returned '0': CMAKE_PREFIX_PATH=${CMAKE_PREFIX_PATH}:/home/aliomacc/sti_usv/install/workspace_ros:/home/aliomacc/sti_usv/install/workspace_nav:/home/aliomacc/ros2_ws/install/actions_py:/home/aliomacc/ros2_ws/install/lifecycle_py:/opt/ros/humble /usr/bin/cmake --build /home/aliomacc/sti_usv/build/workspace_gz -- -j8 -l8
[2.144s] DEBUG:colcon.colcon_core.event_handler.log_command:Invoking command in '/home/aliomacc/sti_usv/build/workspace_gz': CMAKE_PREFIX_PATH=${CMAKE_PREFIX_PATH}:/home/aliomacc/sti_usv/install/workspace_ros:/home/aliomacc/sti_usv/install/workspace_nav:/home/aliomacc/ros2_ws/install/actions_py:/home/aliomacc/ros2_ws/install/lifecycle_py:/opt/ros/humble /usr/bin/cmake --install /home/aliomacc/sti_usv/build/workspace_gz
[2.255s] Level 1:colcon.colcon_core.environment:create_environment_scripts_only(workspace_gz)
[2.260s] Level 1:colcon.colcon_core.environment:checking '/home/aliomacc/sti_usv/install/workspace_gz' for CMake module files
[2.262s] DEBUG:colcon.colcon_core.event_handler.log_command:Invoked command in '/home/aliomacc/sti_usv/build/workspace_gz' returned '0': CMAKE_PREFIX_PATH=${CMAKE_PREFIX_PATH}:/home/aliomacc/sti_usv/install/workspace_ros:/home/aliomacc/sti_usv/install/workspace_nav:/home/aliomacc/ros2_ws/install/actions_py:/home/aliomacc/ros2_ws/install/lifecycle_py:/opt/ros/humble /usr/bin/cmake --install /home/aliomacc/sti_usv/build/workspace_gz
[2.264s] Level 1:colcon.colcon_core.environment:checking '/home/aliomacc/sti_usv/install/workspace_gz' for CMake config files
[2.265s] Level 1:colcon.colcon_core.shell:create_environment_hook('workspace_gz', 'cmake_prefix_path')
[2.266s] INFO:colcon.colcon_core.shell:Creating environment hook '/home/aliomacc/sti_usv/install/workspace_gz/share/workspace_gz/hook/cmake_prefix_path.ps1'
[2.275s] INFO:colcon.colcon_core.shell:Creating environment descriptor '/home/aliomacc/sti_usv/install/workspace_gz/share/workspace_gz/hook/cmake_prefix_path.dsv'
[2.282s] INFO:colcon.colcon_core.shell:Creating environment hook '/home/aliomacc/sti_usv/install/workspace_gz/share/workspace_gz/hook/cmake_prefix_path.sh'
[2.284s] Level 1:colcon.colcon_core.environment:checking '/home/aliomacc/sti_usv/install/workspace_gz/lib'
[2.285s] Level 1:colcon.colcon_core.environment:checking '/home/aliomacc/sti_usv/install/workspace_gz/bin'
[2.285s] Level 1:colcon.colcon_core.environment:checking '/home/aliomacc/sti_usv/install/workspace_gz/lib/pkgconfig/workspace_gz.pc'
[2.286s] Level 1:colcon.colcon_core.environment:checking '/home/aliomacc/sti_usv/install/workspace_gz/lib/python3.10/site-packages'
[2.290s] Level 1:colcon.colcon_core.environment:checking '/home/aliomacc/sti_usv/install/workspace_gz/bin'
[2.290s] INFO:colcon.colcon_core.shell:Creating package script '/home/aliomacc/sti_usv/install/workspace_gz/share/workspace_gz/package.ps1'
[2.305s] INFO:colcon.colcon_core.shell:Creating package descriptor '/home/aliomacc/sti_usv/install/workspace_gz/share/workspace_gz/package.dsv'
[2.307s] INFO:colcon.colcon_core.shell:Creating package script '/home/aliomacc/sti_usv/install/workspace_gz/share/workspace_gz/package.sh'
[2.312s] INFO:colcon.colcon_core.shell:Creating package script '/home/aliomacc/sti_usv/install/workspace_gz/share/workspace_gz/package.bash'
[2.315s] INFO:colcon.colcon_core.shell:Creating package script '/home/aliomacc/sti_usv/install/workspace_gz/share/workspace_gz/package.zsh'
[2.321s] Level 1:colcon.colcon_core.environment:create_file_with_runtime_dependencies(/home/aliomacc/sti_usv/install/workspace_gz/share/colcon-core/packages/workspace_gz)
[2.322s] Level 1:colcon.colcon_core.environment:create_environment_scripts_only(workspace_gz)
[2.322s] Level 1:colcon.colcon_core.environment:checking '/home/aliomacc/sti_usv/install/workspace_gz' for CMake module files
[2.323s] Level 1:colcon.colcon_core.environment:checking '/home/aliomacc/sti_usv/install/workspace_gz' for CMake config files
[2.324s] Level 1:colcon.colcon_core.shell:create_environment_hook('workspace_gz', 'cmake_prefix_path')
[2.329s] INFO:colcon.colcon_core.shell:Creating environment hook '/home/aliomacc/sti_usv/install/workspace_gz/share/workspace_gz/hook/cmake_prefix_path.ps1'
[2.331s] INFO:colcon.colcon_core.shell:Creating environment descriptor '/home/aliomacc/sti_usv/install/workspace_gz/share/workspace_gz/hook/cmake_prefix_path.dsv'
[2.334s] INFO:colcon.colcon_core.shell:Creating environment hook '/home/aliomacc/sti_usv/install/workspace_gz/share/workspace_gz/hook/cmake_prefix_path.sh'
[2.340s] Level 1:colcon.colcon_core.environment:checking '/home/aliomacc/sti_usv/install/workspace_gz/lib'
[2.341s] Level 1:colcon.colcon_core.environment:checking '/home/aliomacc/sti_usv/install/workspace_gz/bin'
[2.342s] Level 1:colcon.colcon_core.environment:checking '/home/aliomacc/sti_usv/install/workspace_gz/lib/pkgconfig/workspace_gz.pc'
[2.343s] Level 1:colcon.colcon_core.environment:checking '/home/aliomacc/sti_usv/install/workspace_gz/lib/python3.10/site-packages'
[2.350s] Level 1:colcon.colcon_core.environment:checking '/home/aliomacc/sti_usv/install/workspace_gz/bin'
[2.356s] INFO:colcon.colcon_core.shell:Creating package script '/home/aliomacc/sti_usv/install/workspace_gz/share/workspace_gz/package.ps1'
[2.360s] INFO:colcon.colcon_core.shell:Creating package descriptor '/home/aliomacc/sti_usv/install/workspace_gz/share/workspace_gz/package.dsv'
[2.368s] INFO:colcon.colcon_core.shell:Creating package script '/home/aliomacc/sti_usv/install/workspace_gz/share/workspace_gz/package.sh'
[2.369s] INFO:colcon.colcon_core.shell:Creating package script '/home/aliomacc/sti_usv/install/workspace_gz/share/workspace_gz/package.bash'
[2.371s] INFO:colcon.colcon_core.shell:Creating package script '/home/aliomacc/sti_usv/install/workspace_gz/share/workspace_gz/package.zsh'
[2.372s] Level 1:colcon.colcon_core.environment:create_file_with_runtime_dependencies(/home/aliomacc/sti_usv/install/workspace_gz/share/colcon-core/packages/workspace_gz)
[2.377s] DEBUG:colcon.colcon_parallel_executor.executor.parallel:closing loop
[2.378s] DEBUG:colcon.colcon_parallel_executor.executor.parallel:loop closed
[2.378s] DEBUG:colcon.colcon_parallel_executor.executor.parallel:run_until_complete finished with '0'
[2.379s] DEBUG:colcon.colcon_core.event_reactor:joining thread
[2.403s] INFO:colcon.colcon_core.plugin_system:Skipping extension 'colcon_notification.desktop_notification.terminal_notifier': Not used on non-Darwin systems
[2.405s] INFO:colcon.colcon_core.plugin_system:Skipping extension 'colcon_notification.desktop_notification.win32': Not used on non-Windows systems
[2.405s] INFO:colcon.colcon_notification.desktop_notification:Sending desktop notification using 'notify2'
[2.480s] DEBUG:colcon.colcon_core.event_reactor:joined thread
[2.482s] INFO:colcon.colcon_core.shell:Creating prefix script '/home/aliomacc/sti_usv/install/local_setup.ps1'
[2.504s] INFO:colcon.colcon_core.shell:Creating prefix util module '/home/aliomacc/sti_usv/install/_local_setup_util_ps1.py'
[2.512s] INFO:colcon.colcon_core.shell:Creating prefix chain script '/home/aliomacc/sti_usv/install/setup.ps1'
[2.525s] INFO:colcon.colcon_core.shell:Creating prefix script '/home/aliomacc/sti_usv/install/local_setup.sh'
[2.529s] INFO:colcon.colcon_core.shell:Creating prefix util module '/home/aliomacc/sti_usv/install/_local_setup_util_sh.py'
[2.534s] INFO:colcon.colcon_core.shell:Creating prefix chain script '/home/aliomacc/sti_usv/install/setup.sh'
[2.543s] INFO:colcon.colcon_core.shell:Creating prefix script '/home/aliomacc/sti_usv/install/local_setup.bash'
[2.557s] INFO:colcon.colcon_core.shell:Creating prefix chain script '/home/aliomacc/sti_usv/install/setup.bash'
[2.564s] INFO:colcon.colcon_core.shell:Creating prefix script '/home/aliomacc/sti_usv/install/local_setup.zsh'
[2.572s] INFO:colcon.colcon_core.shell:Creating prefix chain script '/home/aliomacc/sti_usv/install/setup.zsh'
