/home/tugmirk/Desktop/garp-test/install/workspace_nav/lib/python3.12/site-packages/scripts/waypoint_transform.py
/home/tugmirk/Desktop/garp-test/install/workspace_nav/lib/python3.12/site-packages/scripts/__init__.py
/home/tugmirk/Desktop/garp-test/install/workspace_nav/lib/python3.12/site-packages/scripts/waypoint_with_state.py
/home/tugmirk/Desktop/garp-test/install/workspace_nav/lib/python3.12/site-packages/scripts/__pycache__/waypoint_transform.cpython-312.pyc
/home/tugmirk/Desktop/garp-test/install/workspace_nav/lib/python3.12/site-packages/scripts/__pycache__/__init__.cpython-312.pyc
/home/tugmirk/Desktop/garp-test/install/workspace_nav/lib/python3.12/site-packages/scripts/__pycache__/waypoint_with_state.cpython-312.pyc
/home/tugmirk/Desktop/garp-test/install/workspace_nav/share/ament_index/resource_index/packages/workspace_nav
/home/tugmirk/Desktop/garp-test/install/workspace_nav/share/workspace_nav/package.xml
/home/tugmirk/Desktop/garp-test/install/workspace_nav/share/workspace_nav/config/nav2_params.yaml
/home/tugmirk/Desktop/garp-test/install/workspace_nav/share/workspace_nav/config/map.yaml
/home/tugmirk/Desktop/garp-test/install/workspace_nav/share/workspace_nav/launch/nav2.launch.py
/home/tugmirk/Desktop/garp-test/install/workspace_nav/share/workspace_nav/scripts/waypoint_transform.py
/home/tugmirk/Desktop/garp-test/install/workspace_nav/share/workspace_nav/scripts/__init__.py
/home/tugmirk/Desktop/garp-test/install/workspace_nav/share/workspace_nav/scripts/waypoint_with_state.py
/home/tugmirk/Desktop/garp-test/install/workspace_nav/share/workspace_nav/map/map.pgm
/home/tugmirk/Desktop/garp-test/install/workspace_nav/lib/python3.12/site-packages/workspace_nav-0.0.0-py3.12.egg-info/top_level.txt
/home/tugmirk/Desktop/garp-test/install/workspace_nav/lib/python3.12/site-packages/workspace_nav-0.0.0-py3.12.egg-info/SOURCES.txt
/home/tugmirk/Desktop/garp-test/install/workspace_nav/lib/python3.12/site-packages/workspace_nav-0.0.0-py3.12.egg-info/zip-safe
/home/tugmirk/Desktop/garp-test/install/workspace_nav/lib/python3.12/site-packages/workspace_nav-0.0.0-py3.12.egg-info/PKG-INFO
/home/tugmirk/Desktop/garp-test/install/workspace_nav/lib/python3.12/site-packages/workspace_nav-0.0.0-py3.12.egg-info/dependency_links.txt
/home/tugmirk/Desktop/garp-test/install/workspace_nav/lib/python3.12/site-packages/workspace_nav-0.0.0-py3.12.egg-info/entry_points.txt
/home/tugmirk/Desktop/garp-test/install/workspace_nav/lib/python3.12/site-packages/workspace_nav-0.0.0-py3.12.egg-info/requires.txt
/home/tugmirk/Desktop/garp-test/install/workspace_nav/lib/workspace_nav/waypoint_transform
/home/tugmirk/Desktop/garp-test/install/workspace_nav/lib/workspace_nav/waypoint_with_state
