[1.033s] Invoking command in '/home/aliomacc/sti_usv/build/workspace_ros': PYTHONPATH=/home/aliomacc/sti_usv/build/workspace_ros/prefix_override:/usr/lib/python3/dist-packages/colcon_core/task/python/colcon_distutils_commands:/home/aliomacc/sti_usv/install/workspace_ros/lib/python3.10/site-packages:${PYTHONPATH} /usr/bin/python3 -W ignore:setup.py install is deprecated -W ignore:easy_install command is deprecated setup.py develop --editable --build-directory /home/aliomacc/sti_usv/build/workspace_ros/build --no-deps symlink_data
[1.332s] running develop
[1.553s] running egg_info
[1.554s] writing workspace_ros.egg-info/PKG-INFO
[1.554s] writing dependency_links to workspace_ros.egg-info/dependency_links.txt
[1.554s] writing entry points to workspace_ros.egg-info/entry_points.txt
[1.554s] writing requirements to workspace_ros.egg-info/requires.txt
[1.554s] writing top-level names to workspace_ros.egg-info/top_level.txt
[1.556s] reading manifest file 'workspace_ros.egg-info/SOURCES.txt'
[1.557s] writing manifest file 'workspace_ros.egg-info/SOURCES.txt'
[1.558s] running build_ext
[1.558s] Creating /home/aliomacc/sti_usv/install/workspace_ros/lib/python3.10/site-packages/workspace-ros.egg-link (link to .)
[1.559s] Installing converter script to /home/aliomacc/sti_usv/install/workspace_ros/lib/workspace_ros
[1.559s] Installing gps_covariance_repub script to /home/aliomacc/sti_usv/install/workspace_ros/lib/workspace_ros
[1.559s] Installing imu_covariance_repub script to /home/aliomacc/sti_usv/install/workspace_ros/lib/workspace_ros
[1.559s] Installing kamikaze_control script to /home/aliomacc/sti_usv/install/workspace_ros/lib/workspace_ros
[1.559s] Installing lidar_processor script to /home/aliomacc/sti_usv/install/workspace_ros/lib/workspace_ros
[1.560s] Installing static_transform_publisher script to /home/aliomacc/sti_usv/install/workspace_ros/lib/workspace_ros
[1.560s] Installing wasd_teleop script to /home/aliomacc/sti_usv/install/workspace_ros/lib/workspace_ros
[1.560s] 
[1.560s] Installed /home/aliomacc/sti_usv/build/workspace_ros
[1.560s] running symlink_data
[1.588s] Invoked command in '/home/aliomacc/sti_usv/build/workspace_ros' returned '0': PYTHONPATH=/home/aliomacc/sti_usv/build/workspace_ros/prefix_override:/usr/lib/python3/dist-packages/colcon_core/task/python/colcon_distutils_commands:/home/aliomacc/sti_usv/install/workspace_ros/lib/python3.10/site-packages:${PYTHONPATH} /usr/bin/python3 -W ignore:setup.py install is deprecated -W ignore:easy_install command is deprecated setup.py develop --editable --build-directory /home/aliomacc/sti_usv/build/workspace_ros/build --no-deps symlink_data
