[0.125s] Invoking command in '/home/aliomacc/sti_usv/build/workspace_gz': CMAKE_PREFIX_PATH=${CMAKE_PREFIX_PATH}:/home/aliomacc/ros2_ws/install/actions_py:/home/aliomacc/ros2_ws/install/lifecycle_py:/opt/ros/humble /usr/bin/cmake /home/aliomacc/sti_usv/src/usv_sim/workspace_gz -DAMENT_CMAKE_SYMLINK_INSTALL=1 -DCMAKE_INSTALL_PREFIX=/home/aliomacc/sti_usv/install/workspace_gz
[0.278s] -- Found ament_cmake: 1.3.12 (/opt/ros/humble/share/ament_cmake/cmake)
[0.821s] -- Override CMake install command with custom implementation using symlinks instead of copying resources
[0.883s] -- Looking for ignition-gazebo6 -- found version 6.17.1
[0.912s] -- Searching for dependencies of ignition-gazebo6
[0.914s] -- Looking for sdformat12 -- found version 12.9.0
[0.914s] -- Searching for dependencies of sdformat12
[0.931s] -- Checking for module 'tinyxml2'
[0.988s] --   Found tinyxml2, version 9.0.0
[1.100s] -- Looking for ignition-math6 -- found version 6.15.1
[1.100s] -- Searching for dependencies of ignition-math6
[1.109s] -- Looking for ignition-utils1 -- found version 1.5.1
[1.109s] -- Searching for dependencies of ignition-utils1
[1.119s] -- Looking for ignition-plugin1 -- found version 1.4.0
[1.121s] -- Searching for dependencies of ignition-plugin1
[1.127s] -- Searching for <ignition-plugin1> component [loader]
[1.129s] -- Looking for ignition-plugin1-loader -- found version 1.4.0
[1.131s] -- Searching for dependencies of ignition-plugin1-loader
[1.133s] -- Searching for <ignition-plugin1> component [register]
[1.135s] -- Looking for ignition-plugin1-register -- found version 1.4.0
[1.138s] -- Searching for dependencies of ignition-plugin1-register
[1.143s] -- Looking for ignition-transport11 -- found version 11.4.2
[1.147s] -- Searching for dependencies of ignition-transport11
[1.294s] -- Config-file not installed for ZeroMQ -- checking for pkg-config
[1.306s] -- Checking for module 'libzmq >= 4'
[1.353s] --   Found libzmq , version 4.3.4
[1.472s] -- Checking for module 'uuid'
[1.502s] --   Found uuid, version 2.37.2
[1.592s] -- Looking for ignition-utils1 -- found version 1.5.1
[1.592s] -- Searching for dependencies of ignition-utils1
[1.592s] -- Searching for <ignition-utils1> component [cli]
[1.593s] -- Looking for ignition-utils1-cli -- found version 1.5.1
[1.596s] -- Searching for dependencies of ignition-utils1-cli
[1.599s] -- Looking for ignition-msgs8 -- found version 8.7.0
[1.605s] -- Searching for dependencies of ignition-msgs8
[1.646s] -- Found Protobuf: /usr/lib/x86_64-linux-gnu/libprotobuf.so (found suitable version "3.12.4", minimum required is "3") 
[1.650s] -- Looking for ignition-math6 -- found version 6.15.1
[1.726s] -- Searching for <ignition-transport11> component [log]
[1.728s] -- Looking for ignition-transport11-log -- found version 11.4.2
[1.731s] -- Searching for dependencies of ignition-transport11-log
[1.737s] -- Searching for <ignition-transport11> component [parameters]
[1.740s] -- Looking for ignition-transport11-parameters -- found version 11.4.2
[1.740s] -- Searching for dependencies of ignition-transport11-parameters
[1.747s] -- Looking for ignition-msgs8 -- found version 8.7.0
[1.750s] -- Looking for ignition-common4 -- found version 4.8.0
[1.754s] -- Searching for dependencies of ignition-common4
[1.756s] -- Looking for dlfcn.h - found
[1.758s] -- Looking for libdl - found
[1.786s] -- Searching for <ignition-common4> component [profiler]
[1.799s] -- Looking for ignition-common4-profiler -- found version 4.8.0
[1.799s] -- Searching for dependencies of ignition-common4-profiler
[1.801s] -- Searching for <ignition-common4> component [events]
[1.809s] -- Looking for ignition-common4-events -- found version 4.8.0
[1.812s] -- Searching for dependencies of ignition-common4-events
[1.814s] -- Looking for ignition-math6 -- found version 6.15.1
[1.821s] -- Searching for <ignition-common4> component [av]
[1.822s] -- Looking for ignition-common4-av -- found version 4.8.0
[1.827s] -- Searching for dependencies of ignition-common4-av
[1.849s] -- Checking for module 'libswscale'
[1.905s] --   Found libswscale, version 5.9.100
[2.038s] -- Checking for module 'libavdevice >= 56.4.100'
[2.089s] --   Found libavdevice , version 58.13.100
[2.253s] -- Checking for module 'libavformat'
[2.288s] --   Found libavformat, version 58.76.100
[2.463s] -- Checking for module 'libavcodec'
[2.509s] --   Found libavcodec, version 58.134.100
[2.650s] -- Checking for module 'libavutil'
[2.688s] --   Found libavutil, version 56.70.100
[2.857s] -- Looking for ignition-fuel_tools7 -- found version 7.3.1
[2.857s] -- Searching for dependencies of ignition-fuel_tools7
[3.001s] -- Checking for module 'jsoncpp'
[3.038s] --   Found jsoncpp, version 1.9.5
[3.197s] -- Checking for module 'libzip'
[3.238s] --   Found libzip, version 1.7.3
[3.431s] -- Looking for ignition-common4 -- found version 4.8.0
[3.433s] -- Looking for ignition-math6 -- found version 6.15.1
[3.434s] -- Looking for ignition-msgs8 -- found version 8.7.0
[3.460s] -- Looking for ignition-gui6 -- found version 6.9.0
[3.460s] -- Searching for dependencies of ignition-gui6
[3.522s] -- Found Protobuf: /usr/lib/x86_64-linux-gnu/libprotobuf.so (found version "3.12.4") 
[3.545s] -- Looking for ignition-math6 -- found version 6.15.1
[3.546s] -- Looking for ignition-common4 -- found version 4.8.0
[3.548s] -- Looking for ignition-plugin1 -- found version 1.4.0
[3.552s] -- Looking for ignition-transport11 -- found version 11.4.2
[3.557s] -- Looking for ignition-rendering6 -- found version 6.6.4
[3.558s] -- Searching for dependencies of ignition-rendering6
[3.559s] -- Looking for ignition-math6 -- found version 6.15.1
[3.559s] -- Searching for dependencies of ignition-math6
[3.559s] -- Searching for <ignition-math6> component [eigen3]
[3.563s] -- Looking for ignition-math6-eigen3 -- found version 6.15.1
[3.567s] -- Searching for dependencies of ignition-math6-eigen3
[3.573s] -- Looking for ignition-common4 -- found version 4.8.0
[3.573s] -- Searching for dependencies of ignition-common4
[3.573s] -- Looking for dlfcn.h - found
[3.573s] -- Looking for libdl - found
[3.602s] -- Searching for <ignition-common4> component [graphics]
[3.607s] -- Looking for ignition-common4-graphics -- found version 4.8.0
[3.610s] -- Searching for dependencies of ignition-common4-graphics
[3.613s] -- Looking for ignition-math6 -- found version 6.15.1
[3.618s] -- Looking for ignition-utils1 -- found version 1.5.1
[3.620s] -- Searching for <ignition-common4> component [events]
[3.627s] -- Looking for ignition-plugin1 -- found version 1.4.0
[3.631s] -- Searching for dependencies of ignition-plugin1
[3.631s] -- Searching for <ignition-plugin1> component [all]
[3.633s] -- Looking for all libraries of ignition-plugin1 -- found version 1.4.0
[3.638s] -- Looking for ignition-plugin1 -- found version 1.4.0
[3.645s] -- Looking for ignition-msgs8 -- found version 8.7.0
[3.803s] -- Looking for ignition-physics5 -- found version 5.4.0
[3.804s] -- Searching for dependencies of ignition-physics5
[3.804s] -- Looking for ignition-math6 -- found version 6.15.1
[3.804s] -- Looking for ignition-plugin1 -- found version 1.4.0
[3.809s] -- Looking for ignition-utils1 -- found version 1.5.1
[3.813s] -- Searching for <ignition-physics5> component [heightmap]
[3.818s] -- Looking for ignition-physics5-heightmap -- found version 5.4.0
[3.818s] -- Searching for dependencies of ignition-physics5-heightmap
[3.822s] -- Looking for ignition-common4 -- found version 4.8.0
[3.822s] -- Searching for <ignition-physics5> component [mesh]
[3.828s] -- Looking for ignition-physics5-mesh -- found version 5.4.0
[3.831s] -- Searching for dependencies of ignition-physics5-mesh
[3.831s] -- Looking for ignition-common4 -- found version 4.8.0
[3.836s] -- Searching for <ignition-physics5> component [sdf]
[3.841s] -- Looking for ignition-physics5-sdf -- found version 5.4.0
[3.842s] -- Searching for dependencies of ignition-physics5-sdf
[3.842s] -- Looking for sdformat12 -- found version 12.9.0
[3.857s] -- Looking for ignition-sensors6 -- found version 6.9.0
[3.858s] -- Searching for dependencies of ignition-sensors6
[3.916s] -- Looking for ignition-math6 -- found version 6.15.1
[3.917s] -- Looking for ignition-common4 -- found version 4.8.0
[3.918s] -- Looking for ignition-transport11 -- found version 11.4.2
[3.920s] -- Looking for ignition-rendering6 -- found version 6.6.4
[3.922s] -- Looking for ignition-msgs8 -- found version 8.7.0
[3.923s] -- Looking for sdformat12 -- found version 12.9.0
[3.926s] -- Searching for <ignition-sensors6> component [air_pressure]
[3.930s] -- Looking for ignition-sensors6-air_pressure -- found version 6.9.0
[3.930s] -- Searching for dependencies of ignition-sensors6-air_pressure
[3.935s] -- Searching for <ignition-sensors6> component [altimeter]
[3.935s] -- Looking for ignition-sensors6-altimeter -- found version 6.9.0
[3.937s] -- Searching for dependencies of ignition-sensors6-altimeter
[3.939s] -- Searching for <ignition-sensors6> component [imu]
[3.946s] -- Looking for ignition-sensors6-imu -- found version 6.9.0
[3.946s] -- Searching for dependencies of ignition-sensors6-imu
[3.950s] -- Searching for <ignition-sensors6> component [force_torque]
[3.957s] -- Looking for ignition-sensors6-force_torque -- found version 6.9.0
[3.957s] -- Searching for dependencies of ignition-sensors6-force_torque
[3.961s] -- Searching for <ignition-sensors6> component [logical_camera]
[3.965s] -- Looking for ignition-sensors6-logical_camera -- found version 6.9.0
[3.967s] -- Searching for dependencies of ignition-sensors6-logical_camera
[3.969s] -- Searching for <ignition-sensors6> component [magnetometer]
[3.973s] -- Looking for ignition-sensors6-magnetometer -- found version 6.9.0
[3.976s] -- Searching for dependencies of ignition-sensors6-magnetometer
[3.978s] -- Searching for <ignition-sensors6> component [navsat]
[3.981s] -- Looking for ignition-sensors6-navsat -- found version 6.9.0
[3.983s] -- Searching for dependencies of ignition-sensors6-navsat
[3.989s] -- Searching for <ignition-sensors6> component [rendering]
[3.991s] -- Looking for ignition-sensors6-rendering -- found version 6.9.0
[3.992s] -- Searching for dependencies of ignition-sensors6-rendering
[3.995s] -- Searching for <ignition-sensors6> component [lidar]
[4.001s] -- Looking for ignition-sensors6-lidar -- found version 6.9.0
[4.001s] -- Searching for dependencies of ignition-sensors6-lidar
[4.007s] -- Looking for ignition-sensors6 -- found version 6.9.0
[4.011s] -- Searching for <ignition-sensors6> component [gpu_lidar]
[4.015s] -- Looking for ignition-sensors6-gpu_lidar -- found version 6.9.0
[4.015s] -- Searching for dependencies of ignition-sensors6-gpu_lidar
[4.015s] -- Looking for ignition-sensors6 -- found version 6.9.0
[4.018s] -- Searching for <ignition-sensors6> component [camera]
[4.024s] -- Looking for ignition-sensors6-camera -- found version 6.9.0
[4.024s] -- Searching for dependencies of ignition-sensors6-camera
[4.024s] -- Looking for ignition-sensors6 -- found version 6.9.0
[4.029s] -- Searching for <ignition-sensors6> component [boundingbox_camera]
[4.038s] -- Looking for ignition-sensors6-boundingbox_camera -- found version 6.9.0
[4.042s] -- Searching for dependencies of ignition-sensors6-boundingbox_camera
[4.047s] -- Searching for <ignition-sensors6> component [segmentation_camera]
[4.051s] -- Looking for ignition-sensors6-segmentation_camera -- found version 6.9.0
[4.055s] -- Searching for dependencies of ignition-sensors6-segmentation_camera
[4.058s] -- Searching for <ignition-sensors6> component [depth_camera]
[4.065s] -- Looking for ignition-sensors6-depth_camera -- found version 6.9.0
[4.065s] -- Searching for dependencies of ignition-sensors6-depth_camera
[4.065s] -- Looking for ignition-sensors6 -- found version 6.9.0
[4.067s] -- Searching for <ignition-sensors6> component [rgbd_camera]
[4.071s] -- Looking for ignition-sensors6-rgbd_camera -- found version 6.9.0
[4.072s] -- Searching for dependencies of ignition-sensors6-rgbd_camera
[4.073s] -- Looking for ignition-sensors6 -- found version 6.9.0
[4.076s] -- Searching for <ignition-sensors6> component [thermal_camera]
[4.080s] -- Looking for ignition-sensors6-thermal_camera -- found version 6.9.0
[4.084s] -- Searching for dependencies of ignition-sensors6-thermal_camera
[4.084s] -- Looking for ignition-sensors6 -- found version 6.9.0
[4.090s] -- Looking for ignition-rendering6 -- found version 6.6.4
[4.091s] -- Looking for ignition-math6 -- found version 6.15.1
[4.096s] -- Looking for ignition-utils1 -- found version 1.5.1
[4.155s] -- Looking for ignition-common4 -- found version 4.8.0
[4.158s] -- Looking for ignition-math6 -- found version 6.15.1
[4.160s] -- Looking for ignition-plugin1 -- found version 1.4.0
[4.161s] -- Looking for ignition-rendering6 -- found version 6.6.4
[4.163s] -- Looking for ignition-sensors6 -- found version 6.9.0
[4.164s] -- Looking for ignition-transport11 -- found version 11.4.2
[4.165s] -- Looking for ignition-utils1 -- found version 1.5.1
[4.169s] -- Looking for sdformat12 -- found version 12.9.0
[4.451s] -- Configuring done
[4.874s] -- Generating done
[4.953s] -- Build files have been written to: /home/aliomacc/sti_usv/build/workspace_gz
[4.993s] Invoked command in '/home/aliomacc/sti_usv/build/workspace_gz' returned '0': CMAKE_PREFIX_PATH=${CMAKE_PREFIX_PATH}:/home/aliomacc/ros2_ws/install/actions_py:/home/aliomacc/ros2_ws/install/lifecycle_py:/opt/ros/humble /usr/bin/cmake /home/aliomacc/sti_usv/src/usv_sim/workspace_gz -DAMENT_CMAKE_SYMLINK_INSTALL=1 -DCMAKE_INSTALL_PREFIX=/home/aliomacc/sti_usv/install/workspace_gz
[4.994s] Invoking command in '/home/aliomacc/sti_usv/build/workspace_gz': CMAKE_PREFIX_PATH=${CMAKE_PREFIX_PATH}:/home/aliomacc/ros2_ws/install/actions_py:/home/aliomacc/ros2_ws/install/lifecycle_py:/opt/ros/humble /usr/bin/cmake --build /home/aliomacc/sti_usv/build/workspace_gz -- -j8 -l8
[5.108s] Consolidate compiler generated dependencies of target Waves
[5.181s] [  3%] Built target Waves
[5.229s] Consolidate compiler generated dependencies of target ScoringPlugin
[5.274s] [  7%] Built target ScoringPlugin
[5.314s] Consolidate compiler generated dependencies of target SimpleHydrodynamics
[5.352s] [ 11%] Built target SimpleHydrodynamics
[5.423s] Consolidate compiler generated dependencies of target AcousticPerceptionScoringPlugin
[5.478s] [ 16%] Built target AcousticPerceptionScoringPlugin
[5.508s] Consolidate compiler generated dependencies of target AcousticTrackingScoringPlugin
[5.548s] [ 22%] Built target AcousticTrackingScoringPlugin
[5.581s] Consolidate compiler generated dependencies of target AcousticPingerPlugin
[5.626s] [ 26%] Built target AcousticPingerPlugin
[5.692s] Consolidate compiler generated dependencies of target BallShooterPlugin
[5.752s] [ 30%] Built target BallShooterPlugin
[5.810s] Consolidate compiler generated dependencies of target LightBuoyPlugin
[5.880s] [ 33%] Built target LightBuoyPlugin
[5.926s] Consolidate compiler generated dependencies of target NavigationScoringPlugin
[5.965s] [ 39%] Built target NavigationScoringPlugin
[6.006s] Consolidate compiler generated dependencies of target GymkhanaScoringPlugin
[6.045s] [ 45%] Built target GymkhanaScoringPlugin
[6.085s] Consolidate compiler generated dependencies of target PerceptionScoringPlugin
[6.117s] [ 50%] Built target PerceptionScoringPlugin
[6.162s] Consolidate compiler generated dependencies of target PlacardPlugin
[6.194s] [ 54%] Built target PlacardPlugin
[6.225s] Consolidate compiler generated dependencies of target PublisherPlugin
[6.262s] [ 58%] Built target PublisherPlugin
[6.373s] Consolidate compiler generated dependencies of target ScanDockScoringPlugin
[6.433s] [ 64%] Built target ScanDockScoringPlugin
[6.478s] Consolidate compiler generated dependencies of target WildlifeScoringPlugin
[6.516s] [ 69%] Built target WildlifeScoringPlugin
[6.563s] Consolidate compiler generated dependencies of target WayfindingScoringPlugin
[6.603s] [ 75%] Built target WayfindingScoringPlugin
[6.688s] Consolidate compiler generated dependencies of target StationkeepingScoringPlugin
[6.784s] [ 81%] Built target StationkeepingScoringPlugin
[6.854s] Consolidate compiler generated dependencies of target WaveVisual
[6.915s] [ 84%] Built target WaveVisual
[6.971s] Consolidate compiler generated dependencies of target USVWind
[7.013s] [ 88%] Built target USVWind
[7.058s] Consolidate compiler generated dependencies of target Surface
[7.095s] [ 92%] Built target Surface
[7.143s] Consolidate compiler generated dependencies of target PolyhedraBuoyancyDrag
[7.197s] [100%] Built target PolyhedraBuoyancyDrag
[7.231s] Invoked command in '/home/aliomacc/sti_usv/build/workspace_gz' returned '0': CMAKE_PREFIX_PATH=${CMAKE_PREFIX_PATH}:/home/aliomacc/ros2_ws/install/actions_py:/home/aliomacc/ros2_ws/install/lifecycle_py:/opt/ros/humble /usr/bin/cmake --build /home/aliomacc/sti_usv/build/workspace_gz -- -j8 -l8
[7.258s] Invoking command in '/home/aliomacc/sti_usv/build/workspace_gz': CMAKE_PREFIX_PATH=${CMAKE_PREFIX_PATH}:/home/aliomacc/ros2_ws/install/actions_py:/home/aliomacc/ros2_ws/install/lifecycle_py:/opt/ros/humble /usr/bin/cmake --install /home/aliomacc/sti_usv/build/workspace_gz
[7.296s] -- Install configuration: ""
[7.296s] -- Execute custom install script
[7.299s] -- Up-to-date symlink: /home/aliomacc/sti_usv/install/workspace_gz/lib/workspace_gz/libWaves.so
[7.300s] -- Up-to-date symlink: /home/aliomacc/sti_usv/install/workspace_gz/lib/workspace_gz/libScoringPlugin.so
[7.301s] -- Up-to-date symlink: /home/aliomacc/sti_usv/install/workspace_gz/lib/workspace_gz/libSimpleHydrodynamics.so
[7.302s] -- Up-to-date symlink: /home/aliomacc/sti_usv/install/workspace_gz/lib/workspace_gz/libPolyhedraBuoyancyDrag.so
[7.305s] -- Up-to-date symlink: /home/aliomacc/sti_usv/install/workspace_gz/lib/workspace_gz/libSurface.so
[7.305s] -- Up-to-date symlink: /home/aliomacc/sti_usv/install/workspace_gz/lib/workspace_gz/libUSVWind.so
[7.309s] -- Up-to-date symlink: /home/aliomacc/sti_usv/install/workspace_gz/lib/workspace_gz/libWaveVisual.so
[7.309s] -- Up-to-date symlink: /home/aliomacc/sti_usv/install/workspace_gz/lib/workspace_gz/libStationkeepingScoringPlugin.so
[7.310s] -- Up-to-date symlink: /home/aliomacc/sti_usv/install/workspace_gz/lib/workspace_gz/libWayfindingScoringPlugin.so
[7.311s] -- Up-to-date symlink: /home/aliomacc/sti_usv/install/workspace_gz/lib/workspace_gz/libAcousticPerceptionScoringPlugin.so
[7.313s] -- Up-to-date symlink: /home/aliomacc/sti_usv/install/workspace_gz/lib/workspace_gz/libAcousticTrackingScoringPlugin.so
[7.315s] -- Up-to-date symlink: /home/aliomacc/sti_usv/install/workspace_gz/lib/workspace_gz/libAcousticPingerPlugin.so
[7.315s] -- Up-to-date symlink: /home/aliomacc/sti_usv/install/workspace_gz/lib/workspace_gz/libBallShooterPlugin.so
[7.317s] -- Up-to-date symlink: /home/aliomacc/sti_usv/install/workspace_gz/lib/workspace_gz/libLightBuoyPlugin.so
[7.318s] -- Up-to-date symlink: /home/aliomacc/sti_usv/install/workspace_gz/lib/workspace_gz/libNavigationScoringPlugin.so
[7.318s] -- Up-to-date symlink: /home/aliomacc/sti_usv/install/workspace_gz/lib/workspace_gz/libGymkhanaScoringPlugin.so
[7.318s] -- Up-to-date symlink: /home/aliomacc/sti_usv/install/workspace_gz/lib/workspace_gz/libPerceptionScoringPlugin.so
[7.319s] -- Up-to-date symlink: /home/aliomacc/sti_usv/install/workspace_gz/lib/workspace_gz/libPlacardPlugin.so
[7.319s] -- Up-to-date symlink: /home/aliomacc/sti_usv/install/workspace_gz/lib/workspace_gz/libPublisherPlugin.so
[7.322s] -- Up-to-date symlink: /home/aliomacc/sti_usv/install/workspace_gz/lib/workspace_gz/libScanDockScoringPlugin.so
[7.323s] -- Up-to-date symlink: /home/aliomacc/sti_usv/install/workspace_gz/lib/workspace_gz/libWildlifeScoringPlugin.so
[7.325s] -- Up-to-date symlink: /home/aliomacc/sti_usv/install/workspace_gz/share/workspace_gz/launch/simulation.launch.py
[7.334s] -- Up-to-date symlink: /home/aliomacc/sti_usv/install/workspace_gz/share/workspace_gz/models/buoys/marker_buoy_black/materials/textures/MarkerBuoy_Base_Color.png
[7.334s] -- Up-to-date symlink: /home/aliomacc/sti_usv/install/workspace_gz/share/workspace_gz/models/buoys/marker_buoy_black/materials/textures/MarkerBuoy_Roughness.png
[7.337s] -- Up-to-date symlink: /home/aliomacc/sti_usv/install/workspace_gz/share/workspace_gz/models/buoys/marker_buoy_black/meshes/marker_buoy.dae
[7.337s] -- Up-to-date symlink: /home/aliomacc/sti_usv/install/workspace_gz/share/workspace_gz/models/buoys/marker_buoy_black/model.config
[7.338s] -- Up-to-date symlink: /home/aliomacc/sti_usv/install/workspace_gz/share/workspace_gz/models/buoys/marker_buoy_black/model.sdf
[7.340s] -- Up-to-date symlink: /home/aliomacc/sti_usv/install/workspace_gz/share/workspace_gz/models/buoys/marker_buoy_green/materials/textures/MarkerBuoy_Base_Color.png
[7.341s] -- Up-to-date symlink: /home/aliomacc/sti_usv/install/workspace_gz/share/workspace_gz/models/buoys/marker_buoy_green/materials/textures/MarkerBuoy_Roughness.png
[7.342s] -- Up-to-date symlink: /home/aliomacc/sti_usv/install/workspace_gz/share/workspace_gz/models/buoys/marker_buoy_green/meshes/marker_buoy.dae
[7.345s] -- Up-to-date symlink: /home/aliomacc/sti_usv/install/workspace_gz/share/workspace_gz/models/buoys/marker_buoy_green/model.config
[7.348s] -- Up-to-date symlink: /home/aliomacc/sti_usv/install/workspace_gz/share/workspace_gz/models/buoys/marker_buoy_green/model.sdf
[7.348s] -- Up-to-date symlink: /home/aliomacc/sti_usv/install/workspace_gz/share/workspace_gz/models/buoys/marker_buoy_orange/materials/textures/MarkerBuoy_Base_Color.png
[7.353s] -- Up-to-date symlink: /home/aliomacc/sti_usv/install/workspace_gz/share/workspace_gz/models/buoys/marker_buoy_orange/materials/textures/MarkerBuoy_Roughness.png
[7.356s] -- Up-to-date symlink: /home/aliomacc/sti_usv/install/workspace_gz/share/workspace_gz/models/buoys/marker_buoy_orange/meshes/marker_buoy.dae
[7.356s] -- Up-to-date symlink: /home/aliomacc/sti_usv/install/workspace_gz/share/workspace_gz/models/buoys/marker_buoy_orange/model.config
[7.359s] -- Up-to-date symlink: /home/aliomacc/sti_usv/install/workspace_gz/share/workspace_gz/models/buoys/marker_buoy_orange/model.sdf
[7.359s] -- Up-to-date symlink: /home/aliomacc/sti_usv/install/workspace_gz/share/workspace_gz/models/buoys/marker_buoy_red/materials/textures/MarkerBuoy_Base_Color.png
[7.360s] -- Up-to-date symlink: /home/aliomacc/sti_usv/install/workspace_gz/share/workspace_gz/models/buoys/marker_buoy_red/materials/textures/MarkerBuoy_Roughness.png
[7.363s] -- Up-to-date symlink: /home/aliomacc/sti_usv/install/workspace_gz/share/workspace_gz/models/buoys/marker_buoy_red/meshes/marker_buoy.dae
[7.364s] -- Up-to-date symlink: /home/aliomacc/sti_usv/install/workspace_gz/share/workspace_gz/models/buoys/marker_buoy_red/model.config
[7.365s] -- Up-to-date symlink: /home/aliomacc/sti_usv/install/workspace_gz/share/workspace_gz/models/buoys/marker_buoy_red/model.sdf
[7.368s] -- Up-to-date symlink: /home/aliomacc/sti_usv/install/workspace_gz/share/workspace_gz/models/buoys/marker_buoy_yellow/materials/textures/MarkerBuoy_Base_Color.png
[7.368s] -- Up-to-date symlink: /home/aliomacc/sti_usv/install/workspace_gz/share/workspace_gz/models/buoys/marker_buoy_yellow/materials/textures/MarkerBuoy_Roughness.png
[7.370s] -- Up-to-date symlink: /home/aliomacc/sti_usv/install/workspace_gz/share/workspace_gz/models/buoys/marker_buoy_yellow/meshes/marker_buoy.dae
[7.370s] -- Up-to-date symlink: /home/aliomacc/sti_usv/install/workspace_gz/share/workspace_gz/models/buoys/marker_buoy_yellow/model.config
[7.371s] -- Up-to-date symlink: /home/aliomacc/sti_usv/install/workspace_gz/share/workspace_gz/models/buoys/marker_buoy_yellow/model.sdf
[7.371s] -- Up-to-date symlink: /home/aliomacc/sti_usv/install/workspace_gz/share/workspace_gz/models/buoys/round_buoy_orange/materials/textures/RoundBarrierBuoy_Base_Color.png
[7.372s] -- Up-to-date symlink: /home/aliomacc/sti_usv/install/workspace_gz/share/workspace_gz/models/buoys/round_buoy_orange/materials/textures/RoundBarrierBuoy_Roughness.png
[7.375s] -- Up-to-date symlink: /home/aliomacc/sti_usv/install/workspace_gz/share/workspace_gz/models/buoys/round_buoy_orange/meshes/round_buoy.dae
[7.376s] -- Up-to-date symlink: /home/aliomacc/sti_usv/install/workspace_gz/share/workspace_gz/models/buoys/round_buoy_orange/model.config
[7.377s] -- Up-to-date symlink: /home/aliomacc/sti_usv/install/workspace_gz/share/workspace_gz/models/buoys/round_buoy_orange/model.sdf
[7.380s] -- Up-to-date symlink: /home/aliomacc/sti_usv/install/workspace_gz/share/workspace_gz/models/roboboat/materials/textures/roboboat_albedo.png
[7.381s] -- Up-to-date symlink: /home/aliomacc/sti_usv/install/workspace_gz/share/workspace_gz/models/roboboat/materials/textures/roboboat_metalness.png
[7.382s] -- Up-to-date symlink: /home/aliomacc/sti_usv/install/workspace_gz/share/workspace_gz/models/roboboat/materials/textures/roboboat_normal.png
[7.382s] -- Up-to-date symlink: /home/aliomacc/sti_usv/install/workspace_gz/share/workspace_gz/models/roboboat/materials/textures/roboboat_roughness.png
[7.384s] -- Up-to-date symlink: /home/aliomacc/sti_usv/install/workspace_gz/share/workspace_gz/models/roboboat/materials/textures/thruster_albedo.png
[7.384s] -- Up-to-date symlink: /home/aliomacc/sti_usv/install/workspace_gz/share/workspace_gz/models/roboboat/materials/textures/thruster_roughness.png
[7.385s] -- Up-to-date symlink: /home/aliomacc/sti_usv/install/workspace_gz/share/workspace_gz/models/roboboat/meshes/housing.dae
[7.389s] -- Up-to-date symlink: /home/aliomacc/sti_usv/install/workspace_gz/share/workspace_gz/models/roboboat/meshes/mount.dae
[7.391s] -- Up-to-date symlink: /home/aliomacc/sti_usv/install/workspace_gz/share/workspace_gz/models/roboboat/meshes/prop.dae
[7.393s] -- Up-to-date symlink: /home/aliomacc/sti_usv/install/workspace_gz/share/workspace_gz/models/roboboat/meshes/roboboat.dae
[7.395s] -- Up-to-date symlink: /home/aliomacc/sti_usv/install/workspace_gz/share/workspace_gz/models/roboboat/sensors/camera/materials/textures/camera.png
[7.397s] -- Up-to-date symlink: /home/aliomacc/sti_usv/install/workspace_gz/share/workspace_gz/models/roboboat/sensors/camera/materials/textures/camera_albedo.png
[7.400s] -- Up-to-date symlink: /home/aliomacc/sti_usv/install/workspace_gz/share/workspace_gz/models/roboboat/sensors/camera/materials/textures/camera_metalness.png
[7.400s] -- Up-to-date symlink: /home/aliomacc/sti_usv/install/workspace_gz/share/workspace_gz/models/roboboat/sensors/camera/materials/textures/camera_normal.png
[7.401s] -- Up-to-date symlink: /home/aliomacc/sti_usv/install/workspace_gz/share/workspace_gz/models/roboboat/sensors/camera/materials/textures/camera_roughness.png
[7.403s] -- Up-to-date symlink: /home/aliomacc/sti_usv/install/workspace_gz/share/workspace_gz/models/roboboat/sensors/camera/meshes/camera.dae
[7.404s] -- Up-to-date symlink: /home/aliomacc/sti_usv/install/workspace_gz/share/workspace_gz/models/roboboat/sensors/camera/meshes/camera_albedo.png
[7.412s] -- Up-to-date symlink: /home/aliomacc/sti_usv/install/workspace_gz/share/workspace_gz/models/roboboat/sensors/camera_post/materials/textures/post_albedo.png
[7.413s] -- Up-to-date symlink: /home/aliomacc/sti_usv/install/workspace_gz/share/workspace_gz/models/roboboat/sensors/camera_post/meshes/post.dae
[7.413s] -- Up-to-date symlink: /home/aliomacc/sti_usv/install/workspace_gz/share/workspace_gz/models/roboboat/sensors/camera_post/meshes/post_albedo.jpg
[7.414s] -- Up-to-date symlink: /home/aliomacc/sti_usv/install/workspace_gz/share/workspace_gz/models/roboboat/sensors/drybox/materials/textures/drybox_albedo.png
[7.414s] -- Up-to-date symlink: /home/aliomacc/sti_usv/install/workspace_gz/share/workspace_gz/models/roboboat/sensors/drybox/materials/textures/drybox_roughness.png
[7.417s] -- Up-to-date symlink: /home/aliomacc/sti_usv/install/workspace_gz/share/workspace_gz/models/roboboat/sensors/drybox/meshes/drybox.dae
[7.418s] -- Up-to-date symlink: /home/aliomacc/sti_usv/install/workspace_gz/share/workspace_gz/models/roboboat/sensors/gps/materials/textures/gps_albedo.png
[7.419s] -- Up-to-date symlink: /home/aliomacc/sti_usv/install/workspace_gz/share/workspace_gz/models/roboboat/sensors/gps/meshes/gps.dae
[7.421s] -- Up-to-date symlink: /home/aliomacc/sti_usv/install/workspace_gz/share/workspace_gz/models/roboboat/sensors/gps/meshes/gps_albedo.png
[7.424s] -- Up-to-date symlink: /home/aliomacc/sti_usv/install/workspace_gz/share/workspace_gz/models/roboboat/sensors/lidar/materials/textures/lidar.png
[7.425s] -- Up-to-date symlink: /home/aliomacc/sti_usv/install/workspace_gz/share/workspace_gz/models/roboboat/sensors/lidar/materials/textures/lidar_albedo.png
[7.428s] -- Up-to-date symlink: /home/aliomacc/sti_usv/install/workspace_gz/share/workspace_gz/models/roboboat/sensors/lidar/materials/textures/lidar_metalness.png
[7.429s] -- Up-to-date symlink: /home/aliomacc/sti_usv/install/workspace_gz/share/workspace_gz/models/roboboat/sensors/lidar/materials/textures/lidar_normal.png
[7.430s] -- Up-to-date symlink: /home/aliomacc/sti_usv/install/workspace_gz/share/workspace_gz/models/roboboat/sensors/lidar/materials/textures/lidar_roughness.png
[7.436s] -- Up-to-date symlink: /home/aliomacc/sti_usv/install/workspace_gz/share/workspace_gz/models/roboboat/sensors/lidar/meshes/lidar.dae
[7.436s] -- Up-to-date symlink: /home/aliomacc/sti_usv/install/workspace_gz/share/workspace_gz/models/roboboat/sensors/lidar/meshes/lidar_albedo.png
[7.437s] -- Up-to-date symlink: /home/aliomacc/sti_usv/install/workspace_gz/share/workspace_gz/models/roboboat/sensors/lidar_post/materials/textures/post_albedo.png
[7.439s] -- Up-to-date symlink: /home/aliomacc/sti_usv/install/workspace_gz/share/workspace_gz/models/roboboat/sensors/lidar_post/meshes/post.dae
[7.440s] -- Up-to-date symlink: /home/aliomacc/sti_usv/install/workspace_gz/share/workspace_gz/models/roboboat/sensors/lidar_post/meshes/post_albedo.jpg
[7.441s] -- Up-to-date symlink: /home/aliomacc/sti_usv/install/workspace_gz/share/workspace_gz/models/waves/materials/programs/GerstnerWaves_fs_330.glsl
[7.442s] -- Up-to-date symlink: /home/aliomacc/sti_usv/install/workspace_gz/share/workspace_gz/models/waves/materials/programs/GerstnerWaves_vs_330.glsl
[7.443s] -- Up-to-date symlink: /home/aliomacc/sti_usv/install/workspace_gz/share/workspace_gz/models/waves/materials/textures/skybox_lowres.dds
[7.444s] -- Up-to-date symlink: /home/aliomacc/sti_usv/install/workspace_gz/share/workspace_gz/models/waves/materials/textures/wave_normals.dds
[7.445s] -- Up-to-date symlink: /home/aliomacc/sti_usv/install/workspace_gz/share/workspace_gz/models/waves/meshes/waterlow.dae
[7.447s] -- Up-to-date symlink: /home/aliomacc/sti_usv/install/workspace_gz/share/workspace_gz/models/waves/model.config
[7.447s] -- Up-to-date symlink: /home/aliomacc/sti_usv/install/workspace_gz/share/workspace_gz/models/waves/model.sdf
[7.450s] -- Up-to-date symlink: /home/aliomacc/sti_usv/install/workspace_gz/share/workspace_gz/worlds/world.sdf
[7.452s] -- Up-to-date symlink: /home/aliomacc/sti_usv/install/workspace_gz/share/workspace_gz/description/roboboat/roboboat.xacro
[7.457s] -- Up-to-date symlink: /home/aliomacc/sti_usv/install/workspace_gz/share/ament_index/resource_index/package_run_dependencies/workspace_gz
[7.459s] -- Up-to-date symlink: /home/aliomacc/sti_usv/install/workspace_gz/share/ament_index/resource_index/parent_prefix_path/workspace_gz
[7.461s] -- Up-to-date symlink: /home/aliomacc/sti_usv/install/workspace_gz/share/workspace_gz/environment/ament_prefix_path.sh
[7.461s] -- Up-to-date symlink: /home/aliomacc/sti_usv/install/workspace_gz/share/workspace_gz/environment/ament_prefix_path.dsv
[7.466s] -- Up-to-date symlink: /home/aliomacc/sti_usv/install/workspace_gz/share/workspace_gz/environment/path.sh
[7.469s] -- Up-to-date symlink: /home/aliomacc/sti_usv/install/workspace_gz/share/workspace_gz/environment/path.dsv
[7.470s] -- Up-to-date symlink: /home/aliomacc/sti_usv/install/workspace_gz/share/workspace_gz/local_setup.bash
[7.470s] -- Up-to-date symlink: /home/aliomacc/sti_usv/install/workspace_gz/share/workspace_gz/local_setup.sh
[7.473s] -- Up-to-date symlink: /home/aliomacc/sti_usv/install/workspace_gz/share/workspace_gz/local_setup.zsh
[7.479s] -- Up-to-date symlink: /home/aliomacc/sti_usv/install/workspace_gz/share/workspace_gz/local_setup.dsv
[7.479s] -- Symlinking: /home/aliomacc/sti_usv/install/workspace_gz/share/workspace_gz/package.dsv
[7.501s] -- Up-to-date symlink: /home/aliomacc/sti_usv/install/workspace_gz/share/ament_index/resource_index/packages/workspace_gz
[7.501s] -- Up-to-date symlink: /home/aliomacc/sti_usv/install/workspace_gz/share/workspace_gz/cmake/workspace_gzConfig.cmake
[7.506s] -- Up-to-date symlink: /home/aliomacc/sti_usv/install/workspace_gz/share/workspace_gz/cmake/workspace_gzConfig-version.cmake
[7.506s] -- Up-to-date symlink: /home/aliomacc/sti_usv/install/workspace_gz/share/workspace_gz/package.xml
[7.520s] Invoked command in '/home/aliomacc/sti_usv/build/workspace_gz' returned '0': CMAKE_PREFIX_PATH=${CMAKE_PREFIX_PATH}:/home/aliomacc/ros2_ws/install/actions_py:/home/aliomacc/ros2_ws/install/lifecycle_py:/opt/ros/humble /usr/bin/cmake --install /home/aliomacc/sti_usv/build/workspace_gz
