[0.046s] DEBUG:colcon:Command line arguments: ['/usr/bin/colcon', 'build', '--symlink-install']
[0.047s] DEBUG:colcon:Parsed command line arguments: Namespace(log_base=None, log_level=None, verb_name='build', build_base='build', install_base='install', merge_install=False, symlink_install=True, test_result_base=None, continue_on_error=False, executor='parallel', parallel_workers=32, event_handlers=None, ignore_user_meta=False, metas=['./colcon.meta'], base_paths=['.'], packages_ignore=None, packages_ignore_regex=None, paths=None, packages_up_to=None, packages_up_to_regex=None, packages_above=None, packages_above_and_dependencies=None, packages_above_depth=None, packages_select_by_dep=None, packages_skip_by_dep=None, packages_skip_up_to=None, packages_select_build_failed=False, packages_skip_build_finished=False, packages_select_test_failures=False, packages_skip_test_passed=False, packages_select=None, packages_skip=None, packages_select_regex=None, packages_skip_regex=None, packages_start=None, packages_end=None, allow_overriding=[], cmake_args=None, cmake_target=None, cmake_target_skip_unavailable=False, cmake_clean_cache=False, cmake_clean_first=False, cmake_force_configure=False, ament_cmake_args=None, catkin_cmake_args=None, catkin_skip_building_tests=False, verb_parser=<colcon_defaults.argument_parser.defaults.DefaultArgumentsDecorator object at 0x79d4110471d0>, verb_extension=<colcon_core.verb.build.BuildVerb object at 0x79d41119f800>, main=<bound method BuildVerb.main of <colcon_core.verb.build.BuildVerb object at 0x79d41119f800>>)
[0.065s] Level 1:colcon.colcon_core.package_discovery:discover_packages(colcon_meta) check parameters
[0.065s] Level 1:colcon.colcon_core.package_discovery:discover_packages(recursive) check parameters
[0.065s] Level 1:colcon.colcon_core.package_discovery:discover_packages(ignore) check parameters
[0.065s] Level 1:colcon.colcon_core.package_discovery:discover_packages(path) check parameters
[0.065s] Level 1:colcon.colcon_core.package_discovery:discover_packages(colcon_meta) discover
[0.065s] Level 1:colcon.colcon_core.package_discovery:discover_packages(recursive) discover
[0.065s] INFO:colcon.colcon_core.package_discovery:Crawling recursively for packages in '/home/tugmirk/Desktop/garp-test'
[0.065s] Level 1:colcon.colcon_core.package_identification:_identify(.) by extensions ['ignore', 'ignore_ament_install']
[0.065s] Level 1:colcon.colcon_core.package_identification:_identify(.) by extension 'ignore'
[0.065s] Level 1:colcon.colcon_core.package_identification:_identify(.) by extension 'ignore_ament_install'
[0.065s] Level 1:colcon.colcon_core.package_identification:_identify(.) by extensions ['colcon_pkg']
[0.065s] Level 1:colcon.colcon_core.package_identification:_identify(.) by extension 'colcon_pkg'
[0.065s] Level 1:colcon.colcon_core.package_identification:_identify(.) by extensions ['colcon_meta']
[0.065s] Level 1:colcon.colcon_core.package_identification:_identify(.) by extension 'colcon_meta'
[0.065s] Level 1:colcon.colcon_core.package_identification:_identify(.) by extensions ['ros']
[0.065s] Level 1:colcon.colcon_core.package_identification:_identify(.) by extension 'ros'
[0.078s] Level 1:colcon.colcon_core.package_identification:_identify(.) by extensions ['cmake', 'python']
[0.078s] Level 1:colcon.colcon_core.package_identification:_identify(.) by extension 'cmake'
[0.078s] Level 1:colcon.colcon_core.package_identification:_identify(.) by extension 'python'
[0.078s] Level 1:colcon.colcon_core.package_identification:_identify(.) by extensions ['python_setup_py']
[0.078s] Level 1:colcon.colcon_core.package_identification:_identify(.) by extension 'python_setup_py'
[0.079s] Level 1:colcon.colcon_core.package_identification:_identify(build) by extensions ['ignore', 'ignore_ament_install']
[0.079s] Level 1:colcon.colcon_core.package_identification:_identify(build) by extension 'ignore'
[0.079s] Level 1:colcon.colcon_core.package_identification:_identify(build) ignored
[0.079s] Level 1:colcon.colcon_core.package_identification:_identify(images) by extensions ['ignore', 'ignore_ament_install']
[0.079s] Level 1:colcon.colcon_core.package_identification:_identify(images) by extension 'ignore'
[0.079s] Level 1:colcon.colcon_core.package_identification:_identify(images) by extension 'ignore_ament_install'
[0.079s] Level 1:colcon.colcon_core.package_identification:_identify(images) by extensions ['colcon_pkg']
[0.079s] Level 1:colcon.colcon_core.package_identification:_identify(images) by extension 'colcon_pkg'
[0.079s] Level 1:colcon.colcon_core.package_identification:_identify(images) by extensions ['colcon_meta']
[0.079s] Level 1:colcon.colcon_core.package_identification:_identify(images) by extension 'colcon_meta'
[0.079s] Level 1:colcon.colcon_core.package_identification:_identify(images) by extensions ['ros']
[0.079s] Level 1:colcon.colcon_core.package_identification:_identify(images) by extension 'ros'
[0.079s] Level 1:colcon.colcon_core.package_identification:_identify(images) by extensions ['cmake', 'python']
[0.079s] Level 1:colcon.colcon_core.package_identification:_identify(images) by extension 'cmake'
[0.079s] Level 1:colcon.colcon_core.package_identification:_identify(images) by extension 'python'
[0.079s] Level 1:colcon.colcon_core.package_identification:_identify(images) by extensions ['python_setup_py']
[0.079s] Level 1:colcon.colcon_core.package_identification:_identify(images) by extension 'python_setup_py'
[0.079s] Level 1:colcon.colcon_core.package_identification:_identify(install) by extensions ['ignore', 'ignore_ament_install']
[0.079s] Level 1:colcon.colcon_core.package_identification:_identify(install) by extension 'ignore'
[0.079s] Level 1:colcon.colcon_core.package_identification:_identify(install) ignored
[0.079s] Level 1:colcon.colcon_core.package_identification:_identify(log) by extensions ['ignore', 'ignore_ament_install']
[0.079s] Level 1:colcon.colcon_core.package_identification:_identify(log) by extension 'ignore'
[0.079s] Level 1:colcon.colcon_core.package_identification:_identify(log) ignored
[0.079s] Level 1:colcon.colcon_core.package_identification:_identify(workspace_gz) by extensions ['ignore', 'ignore_ament_install']
[0.079s] Level 1:colcon.colcon_core.package_identification:_identify(workspace_gz) by extension 'ignore'
[0.079s] Level 1:colcon.colcon_core.package_identification:_identify(workspace_gz) by extension 'ignore_ament_install'
[0.079s] Level 1:colcon.colcon_core.package_identification:_identify(workspace_gz) by extensions ['colcon_pkg']
[0.079s] Level 1:colcon.colcon_core.package_identification:_identify(workspace_gz) by extension 'colcon_pkg'
[0.079s] Level 1:colcon.colcon_core.package_identification:_identify(workspace_gz) by extensions ['colcon_meta']
[0.079s] Level 1:colcon.colcon_core.package_identification:_identify(workspace_gz) by extension 'colcon_meta'
[0.079s] Level 1:colcon.colcon_core.package_identification:_identify(workspace_gz) by extensions ['ros']
[0.079s] Level 1:colcon.colcon_core.package_identification:_identify(workspace_gz) by extension 'ros'
[0.081s] DEBUG:colcon.colcon_core.package_identification:Package 'workspace_gz' with type 'ros.ament_cmake' and name 'workspace_gz'
[0.081s] Level 1:colcon.colcon_core.package_identification:_identify(workspace_nav) by extensions ['ignore', 'ignore_ament_install']
[0.081s] Level 1:colcon.colcon_core.package_identification:_identify(workspace_nav) by extension 'ignore'
[0.081s] Level 1:colcon.colcon_core.package_identification:_identify(workspace_nav) by extension 'ignore_ament_install'
[0.081s] Level 1:colcon.colcon_core.package_identification:_identify(workspace_nav) by extensions ['colcon_pkg']
[0.081s] Level 1:colcon.colcon_core.package_identification:_identify(workspace_nav) by extension 'colcon_pkg'
[0.081s] Level 1:colcon.colcon_core.package_identification:_identify(workspace_nav) by extensions ['colcon_meta']
[0.081s] Level 1:colcon.colcon_core.package_identification:_identify(workspace_nav) by extension 'colcon_meta'
[0.081s] Level 1:colcon.colcon_core.package_identification:_identify(workspace_nav) by extensions ['ros']
[0.081s] Level 1:colcon.colcon_core.package_identification:_identify(workspace_nav) by extension 'ros'
[0.081s] DEBUG:colcon.colcon_core.package_identification:Package 'workspace_nav' with type 'ros.ament_python' and name 'workspace_nav'
[0.081s] Level 1:colcon.colcon_core.package_identification:_identify(workspace_ros) by extensions ['ignore', 'ignore_ament_install']
[0.081s] Level 1:colcon.colcon_core.package_identification:_identify(workspace_ros) by extension 'ignore'
[0.081s] Level 1:colcon.colcon_core.package_identification:_identify(workspace_ros) by extension 'ignore_ament_install'
[0.082s] Level 1:colcon.colcon_core.package_identification:_identify(workspace_ros) by extensions ['colcon_pkg']
[0.082s] Level 1:colcon.colcon_core.package_identification:_identify(workspace_ros) by extension 'colcon_pkg'
[0.082s] Level 1:colcon.colcon_core.package_identification:_identify(workspace_ros) by extensions ['colcon_meta']
[0.082s] Level 1:colcon.colcon_core.package_identification:_identify(workspace_ros) by extension 'colcon_meta'
[0.082s] Level 1:colcon.colcon_core.package_identification:_identify(workspace_ros) by extensions ['ros']
[0.082s] Level 1:colcon.colcon_core.package_identification:_identify(workspace_ros) by extension 'ros'
[0.082s] DEBUG:colcon.colcon_core.package_identification:Package 'workspace_ros' with type 'ros.ament_python' and name 'workspace_ros'
[0.082s] Level 1:colcon.colcon_core.package_discovery:discover_packages(recursive) using defaults
[0.082s] Level 1:colcon.colcon_core.package_discovery:discover_packages(ignore) discover
[0.082s] Level 1:colcon.colcon_core.package_discovery:discover_packages(ignore) using defaults
[0.082s] Level 1:colcon.colcon_core.package_discovery:discover_packages(path) discover
[0.082s] Level 1:colcon.colcon_core.package_discovery:discover_packages(path) using defaults
[0.091s] Level 1:colcon.colcon_core.package_discovery:discover_packages(prefix_path) check parameters
[0.091s] Level 1:colcon.colcon_core.package_discovery:discover_packages(prefix_path) discover
[0.092s] DEBUG:colcon.colcon_installed_package_information.package_discovery:Found 3 installed packages in /home/tugmirk/Desktop/ros2_eg/ros2_ws/install
[0.093s] DEBUG:colcon.colcon_installed_package_information.package_discovery:Found 408 installed packages in /opt/ros/jazzy
[0.094s] Level 1:colcon.colcon_core.package_discovery:discover_packages(prefix_path) using defaults
[0.116s] Level 5:colcon.colcon_core.verb:set package 'workspace_gz' build argument 'cmake_args' from command line to 'None'
[0.116s] Level 5:colcon.colcon_core.verb:set package 'workspace_gz' build argument 'cmake_target' from command line to 'None'
[0.116s] Level 5:colcon.colcon_core.verb:set package 'workspace_gz' build argument 'cmake_target_skip_unavailable' from command line to 'False'
[0.116s] Level 5:colcon.colcon_core.verb:set package 'workspace_gz' build argument 'cmake_clean_cache' from command line to 'False'
[0.116s] Level 5:colcon.colcon_core.verb:set package 'workspace_gz' build argument 'cmake_clean_first' from command line to 'False'
[0.116s] Level 5:colcon.colcon_core.verb:set package 'workspace_gz' build argument 'cmake_force_configure' from command line to 'False'
[0.116s] Level 5:colcon.colcon_core.verb:set package 'workspace_gz' build argument 'ament_cmake_args' from command line to 'None'
[0.116s] Level 5:colcon.colcon_core.verb:set package 'workspace_gz' build argument 'catkin_cmake_args' from command line to 'None'
[0.116s] Level 5:colcon.colcon_core.verb:set package 'workspace_gz' build argument 'catkin_skip_building_tests' from command line to 'False'
[0.116s] DEBUG:colcon.colcon_core.verb:Building package 'workspace_gz' with the following arguments: {'ament_cmake_args': None, 'build_base': '/home/tugmirk/Desktop/garp-test/build/workspace_gz', 'catkin_cmake_args': None, 'catkin_skip_building_tests': False, 'cmake_args': None, 'cmake_clean_cache': False, 'cmake_clean_first': False, 'cmake_force_configure': False, 'cmake_target': None, 'cmake_target_skip_unavailable': False, 'install_base': '/home/tugmirk/Desktop/garp-test/install/workspace_gz', 'merge_install': False, 'path': '/home/tugmirk/Desktop/garp-test/workspace_gz', 'symlink_install': True, 'test_result_base': None}
[0.116s] Level 5:colcon.colcon_core.verb:set package 'workspace_nav' build argument 'cmake_args' from command line to 'None'
[0.116s] Level 5:colcon.colcon_core.verb:set package 'workspace_nav' build argument 'cmake_target' from command line to 'None'
[0.116s] Level 5:colcon.colcon_core.verb:set package 'workspace_nav' build argument 'cmake_target_skip_unavailable' from command line to 'False'
[0.116s] Level 5:colcon.colcon_core.verb:set package 'workspace_nav' build argument 'cmake_clean_cache' from command line to 'False'
[0.116s] Level 5:colcon.colcon_core.verb:set package 'workspace_nav' build argument 'cmake_clean_first' from command line to 'False'
[0.116s] Level 5:colcon.colcon_core.verb:set package 'workspace_nav' build argument 'cmake_force_configure' from command line to 'False'
[0.116s] Level 5:colcon.colcon_core.verb:set package 'workspace_nav' build argument 'ament_cmake_args' from command line to 'None'
[0.116s] Level 5:colcon.colcon_core.verb:set package 'workspace_nav' build argument 'catkin_cmake_args' from command line to 'None'
[0.116s] Level 5:colcon.colcon_core.verb:set package 'workspace_nav' build argument 'catkin_skip_building_tests' from command line to 'False'
[0.116s] DEBUG:colcon.colcon_core.verb:Building package 'workspace_nav' with the following arguments: {'ament_cmake_args': None, 'build_base': '/home/tugmirk/Desktop/garp-test/build/workspace_nav', 'catkin_cmake_args': None, 'catkin_skip_building_tests': False, 'cmake_args': None, 'cmake_clean_cache': False, 'cmake_clean_first': False, 'cmake_force_configure': False, 'cmake_target': None, 'cmake_target_skip_unavailable': False, 'install_base': '/home/tugmirk/Desktop/garp-test/install/workspace_nav', 'merge_install': False, 'path': '/home/tugmirk/Desktop/garp-test/workspace_nav', 'symlink_install': True, 'test_result_base': None}
[0.116s] Level 5:colcon.colcon_core.verb:set package 'workspace_ros' build argument 'cmake_args' from command line to 'None'
[0.116s] Level 5:colcon.colcon_core.verb:set package 'workspace_ros' build argument 'cmake_target' from command line to 'None'
[0.116s] Level 5:colcon.colcon_core.verb:set package 'workspace_ros' build argument 'cmake_target_skip_unavailable' from command line to 'False'
[0.116s] Level 5:colcon.colcon_core.verb:set package 'workspace_ros' build argument 'cmake_clean_cache' from command line to 'False'
[0.116s] Level 5:colcon.colcon_core.verb:set package 'workspace_ros' build argument 'cmake_clean_first' from command line to 'False'
[0.116s] Level 5:colcon.colcon_core.verb:set package 'workspace_ros' build argument 'cmake_force_configure' from command line to 'False'
[0.116s] Level 5:colcon.colcon_core.verb:set package 'workspace_ros' build argument 'ament_cmake_args' from command line to 'None'
[0.116s] Level 5:colcon.colcon_core.verb:set package 'workspace_ros' build argument 'catkin_cmake_args' from command line to 'None'
[0.116s] Level 5:colcon.colcon_core.verb:set package 'workspace_ros' build argument 'catkin_skip_building_tests' from command line to 'False'
[0.116s] DEBUG:colcon.colcon_core.verb:Building package 'workspace_ros' with the following arguments: {'ament_cmake_args': None, 'build_base': '/home/tugmirk/Desktop/garp-test/build/workspace_ros', 'catkin_cmake_args': None, 'catkin_skip_building_tests': False, 'cmake_args': None, 'cmake_clean_cache': False, 'cmake_clean_first': False, 'cmake_force_configure': False, 'cmake_target': None, 'cmake_target_skip_unavailable': False, 'install_base': '/home/tugmirk/Desktop/garp-test/install/workspace_ros', 'merge_install': False, 'path': '/home/tugmirk/Desktop/garp-test/workspace_ros', 'symlink_install': True, 'test_result_base': None}
[0.116s] INFO:colcon.colcon_core.executor:Executing jobs using 'parallel' executor
[0.117s] DEBUG:colcon.colcon_parallel_executor.executor.parallel:run_until_complete
[0.117s] INFO:colcon.colcon_ros.task.ament_cmake.build:Building ROS package in '/home/tugmirk/Desktop/garp-test/workspace_gz' with build type 'ament_cmake'
[0.117s] INFO:colcon.colcon_cmake.task.cmake.build:Building CMake package in '/home/tugmirk/Desktop/garp-test/workspace_gz'
[0.118s] INFO:colcon.colcon_core.plugin_system:Skipping extension 'colcon_core.shell.bat': Not used on non-Windows systems
[0.118s] INFO:colcon.colcon_core.shell:Skip shell extension 'powershell' for command environment: Not usable outside of PowerShell
[0.118s] DEBUG:colcon.colcon_core.shell:Skip shell extension 'dsv' for command environment
[0.120s] INFO:colcon.colcon_ros.task.ament_python.build:Building ROS package in '/home/tugmirk/Desktop/garp-test/workspace_nav' with build type 'ament_python'
[0.121s] Level 1:colcon.colcon_core.shell:create_environment_hook('workspace_nav', 'ament_prefix_path')
[0.121s] INFO:colcon.colcon_core.shell:Creating environment hook '/home/tugmirk/Desktop/garp-test/install/workspace_nav/share/workspace_nav/hook/ament_prefix_path.ps1'
[0.121s] INFO:colcon.colcon_core.shell:Creating environment descriptor '/home/tugmirk/Desktop/garp-test/install/workspace_nav/share/workspace_nav/hook/ament_prefix_path.dsv'
[0.121s] INFO:colcon.colcon_core.shell:Creating environment hook '/home/tugmirk/Desktop/garp-test/install/workspace_nav/share/workspace_nav/hook/ament_prefix_path.sh'
[0.122s] INFO:colcon.colcon_core.shell:Skip shell extension 'powershell' for command environment: Not usable outside of PowerShell
[0.122s] DEBUG:colcon.colcon_core.shell:Skip shell extension 'dsv' for command environment
[0.124s] INFO:colcon.colcon_ros.task.ament_python.build:Building ROS package in '/home/tugmirk/Desktop/garp-test/workspace_ros' with build type 'ament_python'
[0.124s] Level 1:colcon.colcon_core.shell:create_environment_hook('workspace_ros', 'ament_prefix_path')
[0.124s] INFO:colcon.colcon_core.shell:Creating environment hook '/home/tugmirk/Desktop/garp-test/install/workspace_ros/share/workspace_ros/hook/ament_prefix_path.ps1'
[0.124s] INFO:colcon.colcon_core.shell:Creating environment descriptor '/home/tugmirk/Desktop/garp-test/install/workspace_ros/share/workspace_ros/hook/ament_prefix_path.dsv'
[0.124s] INFO:colcon.colcon_core.shell:Creating environment hook '/home/tugmirk/Desktop/garp-test/install/workspace_ros/share/workspace_ros/hook/ament_prefix_path.sh'
[0.125s] INFO:colcon.colcon_core.shell:Skip shell extension 'powershell' for command environment: Not usable outside of PowerShell
[0.125s] DEBUG:colcon.colcon_core.shell:Skip shell extension 'dsv' for command environment
[0.128s] DEBUG:colcon.colcon_core.event_handler.log_command:Invoking command in '/home/tugmirk/Desktop/garp-test/build/workspace_gz': CMAKE_PREFIX_PATH=${CMAKE_PREFIX_PATH}:/opt/ros/jazzy DEBUGINFOD_URLS=https://debuginfod.ubuntu.com /usr/bin/cmake /home/tugmirk/Desktop/garp-test/workspace_gz -DAMENT_CMAKE_SYMLINK_INSTALL=1 -DCMAKE_INSTALL_PREFIX=/home/tugmirk/Desktop/garp-test/install/workspace_gz
[0.234s] INFO:colcon.colcon_core.task.python.build:Building Python package in '/home/tugmirk/Desktop/garp-test/workspace_nav'
[0.234s] INFO:colcon.colcon_core.shell:Skip shell extension 'powershell' for command environment: Not usable outside of PowerShell
[0.234s] DEBUG:colcon.colcon_core.shell:Skip shell extension 'dsv' for command environment
[0.352s] INFO:colcon.colcon_core.task.python.build:Building Python package in '/home/tugmirk/Desktop/garp-test/workspace_ros'
[0.352s] INFO:colcon.colcon_core.shell:Skip shell extension 'powershell' for command environment: Not usable outside of PowerShell
[0.352s] DEBUG:colcon.colcon_core.shell:Skip shell extension 'dsv' for command environment
[0.647s] DEBUG:colcon.colcon_core.event_handler.log_command:Invoking command in '/home/tugmirk/Desktop/garp-test/build/workspace_ros': DEBUGINFOD_URLS=https://debuginfod.ubuntu.com PYTHONPATH=/home/tugmirk/Desktop/garp-test/build/workspace_ros/prefix_override:/usr/lib/python3/dist-packages/colcon_core/task/python/colcon_distutils_commands:/home/tugmirk/Desktop/garp-test/install/workspace_ros/lib/python3.12/site-packages:${PYTHONPATH} /usr/bin/python3 -W ignore:setup.py install is deprecated -W ignore:easy_install command is deprecated setup.py develop --editable --build-directory /home/tugmirk/Desktop/garp-test/build/workspace_ros/build --no-deps symlink_data
[0.649s] DEBUG:colcon.colcon_core.event_handler.log_command:Invoking command in '/home/tugmirk/Desktop/garp-test/build/workspace_nav': DEBUGINFOD_URLS=https://debuginfod.ubuntu.com PYTHONPATH=/home/tugmirk/Desktop/garp-test/build/workspace_nav/prefix_override:/usr/lib/python3/dist-packages/colcon_core/task/python/colcon_distutils_commands:/home/tugmirk/Desktop/garp-test/install/workspace_nav/lib/python3.12/site-packages:${PYTHONPATH} /usr/bin/python3 -W ignore:setup.py install is deprecated -W ignore:easy_install command is deprecated setup.py develop --editable --build-directory /home/tugmirk/Desktop/garp-test/build/workspace_nav/build --no-deps symlink_data
[0.962s] Level 1:colcon.colcon_core.shell:create_environment_hook('workspace_nav', 'pythonpath_develop')
[0.962s] INFO:colcon.colcon_core.shell:Creating environment hook '/home/tugmirk/Desktop/garp-test/build/workspace_nav/share/workspace_nav/hook/pythonpath_develop.ps1'
[0.962s] DEBUG:colcon.colcon_core.event_handler.log_command:Invoked command in '/home/tugmirk/Desktop/garp-test/build/workspace_nav' returned '0': DEBUGINFOD_URLS=https://debuginfod.ubuntu.com PYTHONPATH=/home/tugmirk/Desktop/garp-test/build/workspace_nav/prefix_override:/usr/lib/python3/dist-packages/colcon_core/task/python/colcon_distutils_commands:/home/tugmirk/Desktop/garp-test/install/workspace_nav/lib/python3.12/site-packages:${PYTHONPATH} /usr/bin/python3 -W ignore:setup.py install is deprecated -W ignore:easy_install command is deprecated setup.py develop --editable --build-directory /home/tugmirk/Desktop/garp-test/build/workspace_nav/build --no-deps symlink_data
[0.962s] INFO:colcon.colcon_core.shell:Creating environment descriptor '/home/tugmirk/Desktop/garp-test/build/workspace_nav/share/workspace_nav/hook/pythonpath_develop.dsv'
[0.963s] INFO:colcon.colcon_core.shell:Creating environment hook '/home/tugmirk/Desktop/garp-test/build/workspace_nav/share/workspace_nav/hook/pythonpath_develop.sh'
[0.964s] Level 1:colcon.colcon_core.environment:checking '/home/tugmirk/Desktop/garp-test/install/workspace_nav' for CMake module files
[0.964s] Level 1:colcon.colcon_core.environment:checking '/home/tugmirk/Desktop/garp-test/install/workspace_nav' for CMake config files
[0.964s] Level 1:colcon.colcon_core.environment:checking '/home/tugmirk/Desktop/garp-test/install/workspace_nav/lib'
[0.964s] Level 1:colcon.colcon_core.environment:checking '/home/tugmirk/Desktop/garp-test/install/workspace_nav/bin'
[0.964s] Level 1:colcon.colcon_core.environment:checking '/home/tugmirk/Desktop/garp-test/install/workspace_nav/lib/pkgconfig/workspace_nav.pc'
[0.964s] Level 1:colcon.colcon_core.environment:checking '/home/tugmirk/Desktop/garp-test/install/workspace_nav/lib/python3.12/site-packages'
[0.964s] Level 1:colcon.colcon_core.shell:create_environment_hook('workspace_nav', 'pythonpath')
[0.965s] INFO:colcon.colcon_core.shell:Creating environment hook '/home/tugmirk/Desktop/garp-test/install/workspace_nav/share/workspace_nav/hook/pythonpath.ps1'
[0.965s] INFO:colcon.colcon_core.shell:Creating environment descriptor '/home/tugmirk/Desktop/garp-test/install/workspace_nav/share/workspace_nav/hook/pythonpath.dsv'
[0.965s] INFO:colcon.colcon_core.shell:Creating environment hook '/home/tugmirk/Desktop/garp-test/install/workspace_nav/share/workspace_nav/hook/pythonpath.sh'
[0.965s] Level 1:colcon.colcon_core.environment:checking '/home/tugmirk/Desktop/garp-test/install/workspace_nav/bin'
[0.965s] Level 1:colcon.colcon_core.environment:create_environment_scripts_only(workspace_nav)
[0.965s] INFO:colcon.colcon_core.shell:Creating package script '/home/tugmirk/Desktop/garp-test/install/workspace_nav/share/workspace_nav/package.ps1'
[0.966s] INFO:colcon.colcon_core.shell:Creating package descriptor '/home/tugmirk/Desktop/garp-test/install/workspace_nav/share/workspace_nav/package.dsv'
[0.966s] INFO:colcon.colcon_core.shell:Creating package script '/home/tugmirk/Desktop/garp-test/install/workspace_nav/share/workspace_nav/package.sh'
[0.966s] INFO:colcon.colcon_core.shell:Creating package script '/home/tugmirk/Desktop/garp-test/install/workspace_nav/share/workspace_nav/package.bash'
[0.966s] INFO:colcon.colcon_core.shell:Creating package script '/home/tugmirk/Desktop/garp-test/install/workspace_nav/share/workspace_nav/package.zsh'
[0.966s] Level 1:colcon.colcon_core.environment:create_file_with_runtime_dependencies(/home/tugmirk/Desktop/garp-test/install/workspace_nav/share/colcon-core/packages/workspace_nav)
[0.967s] Level 1:colcon.colcon_core.shell:create_environment_hook('workspace_ros', 'pythonpath_develop')
[0.967s] INFO:colcon.colcon_core.shell:Creating environment hook '/home/tugmirk/Desktop/garp-test/build/workspace_ros/share/workspace_ros/hook/pythonpath_develop.ps1'
[0.967s] DEBUG:colcon.colcon_core.event_handler.log_command:Invoked command in '/home/tugmirk/Desktop/garp-test/build/workspace_ros' returned '0': DEBUGINFOD_URLS=https://debuginfod.ubuntu.com PYTHONPATH=/home/tugmirk/Desktop/garp-test/build/workspace_ros/prefix_override:/usr/lib/python3/dist-packages/colcon_core/task/python/colcon_distutils_commands:/home/tugmirk/Desktop/garp-test/install/workspace_ros/lib/python3.12/site-packages:${PYTHONPATH} /usr/bin/python3 -W ignore:setup.py install is deprecated -W ignore:easy_install command is deprecated setup.py develop --editable --build-directory /home/tugmirk/Desktop/garp-test/build/workspace_ros/build --no-deps symlink_data
[0.967s] INFO:colcon.colcon_core.shell:Creating environment descriptor '/home/tugmirk/Desktop/garp-test/build/workspace_ros/share/workspace_ros/hook/pythonpath_develop.dsv'
[0.968s] INFO:colcon.colcon_core.shell:Creating environment hook '/home/tugmirk/Desktop/garp-test/build/workspace_ros/share/workspace_ros/hook/pythonpath_develop.sh'
[0.968s] Level 1:colcon.colcon_core.environment:checking '/home/tugmirk/Desktop/garp-test/install/workspace_ros' for CMake module files
[0.968s] Level 1:colcon.colcon_core.environment:checking '/home/tugmirk/Desktop/garp-test/install/workspace_ros' for CMake config files
[0.968s] Level 1:colcon.colcon_core.environment:checking '/home/tugmirk/Desktop/garp-test/install/workspace_ros/lib'
[0.968s] Level 1:colcon.colcon_core.environment:checking '/home/tugmirk/Desktop/garp-test/install/workspace_ros/bin'
[0.968s] Level 1:colcon.colcon_core.environment:checking '/home/tugmirk/Desktop/garp-test/install/workspace_ros/lib/pkgconfig/workspace_ros.pc'
[0.968s] Level 1:colcon.colcon_core.environment:checking '/home/tugmirk/Desktop/garp-test/install/workspace_ros/lib/python3.12/site-packages'
[0.968s] Level 1:colcon.colcon_core.shell:create_environment_hook('workspace_ros', 'pythonpath')
[0.969s] INFO:colcon.colcon_core.shell:Creating environment hook '/home/tugmirk/Desktop/garp-test/install/workspace_ros/share/workspace_ros/hook/pythonpath.ps1'
[0.969s] INFO:colcon.colcon_core.shell:Creating environment descriptor '/home/tugmirk/Desktop/garp-test/install/workspace_ros/share/workspace_ros/hook/pythonpath.dsv'
[0.969s] INFO:colcon.colcon_core.shell:Creating environment hook '/home/tugmirk/Desktop/garp-test/install/workspace_ros/share/workspace_ros/hook/pythonpath.sh'
[0.969s] Level 1:colcon.colcon_core.environment:checking '/home/tugmirk/Desktop/garp-test/install/workspace_ros/bin'
[0.969s] Level 1:colcon.colcon_core.environment:create_environment_scripts_only(workspace_ros)
[0.969s] INFO:colcon.colcon_core.shell:Creating package script '/home/tugmirk/Desktop/garp-test/install/workspace_ros/share/workspace_ros/package.ps1'
[0.969s] INFO:colcon.colcon_core.shell:Creating package descriptor '/home/tugmirk/Desktop/garp-test/install/workspace_ros/share/workspace_ros/package.dsv'
[0.970s] INFO:colcon.colcon_core.shell:Creating package script '/home/tugmirk/Desktop/garp-test/install/workspace_ros/share/workspace_ros/package.sh'
[0.970s] INFO:colcon.colcon_core.shell:Creating package script '/home/tugmirk/Desktop/garp-test/install/workspace_ros/share/workspace_ros/package.bash'
[0.970s] INFO:colcon.colcon_core.shell:Creating package script '/home/tugmirk/Desktop/garp-test/install/workspace_ros/share/workspace_ros/package.zsh'
[0.970s] Level 1:colcon.colcon_core.environment:create_file_with_runtime_dependencies(/home/tugmirk/Desktop/garp-test/install/workspace_ros/share/colcon-core/packages/workspace_ros)
[2.185s] DEBUG:colcon.colcon_core.event_handler.log_command:Invoked command in '/home/tugmirk/Desktop/garp-test/build/workspace_gz' returned '0': CMAKE_PREFIX_PATH=${CMAKE_PREFIX_PATH}:/opt/ros/jazzy DEBUGINFOD_URLS=https://debuginfod.ubuntu.com /usr/bin/cmake /home/tugmirk/Desktop/garp-test/workspace_gz -DAMENT_CMAKE_SYMLINK_INSTALL=1 -DCMAKE_INSTALL_PREFIX=/home/tugmirk/Desktop/garp-test/install/workspace_gz
[2.186s] DEBUG:colcon.colcon_core.event_handler.log_command:Invoking command in '/home/tugmirk/Desktop/garp-test/build/workspace_gz': CMAKE_PREFIX_PATH=${CMAKE_PREFIX_PATH}:/opt/ros/jazzy DEBUGINFOD_URLS=https://debuginfod.ubuntu.com /usr/bin/cmake --build /home/tugmirk/Desktop/garp-test/build/workspace_gz -- -j32 -l32
[11.278s] DEBUG:colcon.colcon_core.event_handler.log_command:Invoked command in '/home/tugmirk/Desktop/garp-test/build/workspace_gz' returned '0': CMAKE_PREFIX_PATH=${CMAKE_PREFIX_PATH}:/opt/ros/jazzy DEBUGINFOD_URLS=https://debuginfod.ubuntu.com /usr/bin/cmake --build /home/tugmirk/Desktop/garp-test/build/workspace_gz -- -j32 -l32
[11.284s] DEBUG:colcon.colcon_core.event_handler.log_command:Invoking command in '/home/tugmirk/Desktop/garp-test/build/workspace_gz': CMAKE_PREFIX_PATH=${CMAKE_PREFIX_PATH}:/opt/ros/jazzy DEBUGINFOD_URLS=https://debuginfod.ubuntu.com /usr/bin/cmake --install /home/tugmirk/Desktop/garp-test/build/workspace_gz
[13.174s] Level 1:colcon.colcon_core.environment:create_environment_scripts_only(workspace_gz)
[13.174s] Level 1:colcon.colcon_core.environment:checking '/home/tugmirk/Desktop/garp-test/install/workspace_gz' for CMake module files
[13.175s] DEBUG:colcon.colcon_core.event_handler.log_command:Invoked command in '/home/tugmirk/Desktop/garp-test/build/workspace_gz' returned '0': CMAKE_PREFIX_PATH=${CMAKE_PREFIX_PATH}:/opt/ros/jazzy DEBUGINFOD_URLS=https://debuginfod.ubuntu.com /usr/bin/cmake --install /home/tugmirk/Desktop/garp-test/build/workspace_gz
[13.175s] Level 1:colcon.colcon_core.environment:checking '/home/tugmirk/Desktop/garp-test/install/workspace_gz' for CMake config files
[13.177s] Level 1:colcon.colcon_core.shell:create_environment_hook('workspace_gz', 'cmake_prefix_path')
[13.177s] INFO:colcon.colcon_core.shell:Creating environment hook '/home/tugmirk/Desktop/garp-test/install/workspace_gz/share/workspace_gz/hook/cmake_prefix_path.ps1'
[13.178s] INFO:colcon.colcon_core.shell:Creating environment descriptor '/home/tugmirk/Desktop/garp-test/install/workspace_gz/share/workspace_gz/hook/cmake_prefix_path.dsv'
[13.178s] INFO:colcon.colcon_core.shell:Creating environment hook '/home/tugmirk/Desktop/garp-test/install/workspace_gz/share/workspace_gz/hook/cmake_prefix_path.sh'
[13.179s] Level 1:colcon.colcon_core.environment:checking '/home/tugmirk/Desktop/garp-test/install/workspace_gz/lib'
[13.179s] Level 1:colcon.colcon_core.shell:create_environment_hook('workspace_gz', 'ld_library_path_lib')
[13.179s] INFO:colcon.colcon_core.shell:Creating environment hook '/home/tugmirk/Desktop/garp-test/install/workspace_gz/share/workspace_gz/hook/ld_library_path_lib.ps1'
[13.179s] INFO:colcon.colcon_core.shell:Creating environment descriptor '/home/tugmirk/Desktop/garp-test/install/workspace_gz/share/workspace_gz/hook/ld_library_path_lib.dsv'
[13.179s] INFO:colcon.colcon_core.shell:Creating environment hook '/home/tugmirk/Desktop/garp-test/install/workspace_gz/share/workspace_gz/hook/ld_library_path_lib.sh'
[13.180s] Level 1:colcon.colcon_core.environment:checking '/home/tugmirk/Desktop/garp-test/install/workspace_gz/bin'
[13.180s] Level 1:colcon.colcon_core.environment:checking '/home/tugmirk/Desktop/garp-test/install/workspace_gz/lib/pkgconfig/workspace_gz.pc'
[13.180s] Level 1:colcon.colcon_core.environment:checking '/home/tugmirk/Desktop/garp-test/install/workspace_gz/lib/python3.12/site-packages'
[13.181s] Level 1:colcon.colcon_core.environment:checking '/home/tugmirk/Desktop/garp-test/install/workspace_gz/bin'
[13.181s] INFO:colcon.colcon_core.shell:Creating package script '/home/tugmirk/Desktop/garp-test/install/workspace_gz/share/workspace_gz/package.ps1'
[13.182s] INFO:colcon.colcon_core.shell:Creating package descriptor '/home/tugmirk/Desktop/garp-test/install/workspace_gz/share/workspace_gz/package.dsv'
[13.183s] INFO:colcon.colcon_core.shell:Creating package script '/home/tugmirk/Desktop/garp-test/install/workspace_gz/share/workspace_gz/package.sh'
[13.183s] INFO:colcon.colcon_core.shell:Creating package script '/home/tugmirk/Desktop/garp-test/install/workspace_gz/share/workspace_gz/package.bash'
[13.184s] INFO:colcon.colcon_core.shell:Creating package script '/home/tugmirk/Desktop/garp-test/install/workspace_gz/share/workspace_gz/package.zsh'
[13.184s] Level 1:colcon.colcon_core.environment:create_file_with_runtime_dependencies(/home/tugmirk/Desktop/garp-test/install/workspace_gz/share/colcon-core/packages/workspace_gz)
[13.185s] Level 1:colcon.colcon_core.environment:create_environment_scripts_only(workspace_gz)
[13.185s] Level 1:colcon.colcon_core.environment:checking '/home/tugmirk/Desktop/garp-test/install/workspace_gz' for CMake module files
[13.186s] Level 1:colcon.colcon_core.environment:checking '/home/tugmirk/Desktop/garp-test/install/workspace_gz' for CMake config files
[13.189s] Level 1:colcon.colcon_core.shell:create_environment_hook('workspace_gz', 'cmake_prefix_path')
[13.190s] INFO:colcon.colcon_core.shell:Creating environment hook '/home/tugmirk/Desktop/garp-test/install/workspace_gz/share/workspace_gz/hook/cmake_prefix_path.ps1'
[13.191s] INFO:colcon.colcon_core.shell:Creating environment descriptor '/home/tugmirk/Desktop/garp-test/install/workspace_gz/share/workspace_gz/hook/cmake_prefix_path.dsv'
[13.191s] INFO:colcon.colcon_core.shell:Creating environment hook '/home/tugmirk/Desktop/garp-test/install/workspace_gz/share/workspace_gz/hook/cmake_prefix_path.sh'
[13.192s] Level 1:colcon.colcon_core.environment:checking '/home/tugmirk/Desktop/garp-test/install/workspace_gz/lib'
[13.192s] Level 1:colcon.colcon_core.shell:create_environment_hook('workspace_gz', 'ld_library_path_lib')
[13.193s] INFO:colcon.colcon_core.shell:Creating environment hook '/home/tugmirk/Desktop/garp-test/install/workspace_gz/share/workspace_gz/hook/ld_library_path_lib.ps1'
[13.193s] INFO:colcon.colcon_core.shell:Creating environment descriptor '/home/tugmirk/Desktop/garp-test/install/workspace_gz/share/workspace_gz/hook/ld_library_path_lib.dsv'
[13.194s] INFO:colcon.colcon_core.shell:Creating environment hook '/home/tugmirk/Desktop/garp-test/install/workspace_gz/share/workspace_gz/hook/ld_library_path_lib.sh'
[13.194s] Level 1:colcon.colcon_core.environment:checking '/home/tugmirk/Desktop/garp-test/install/workspace_gz/bin'
[13.194s] Level 1:colcon.colcon_core.environment:checking '/home/tugmirk/Desktop/garp-test/install/workspace_gz/lib/pkgconfig/workspace_gz.pc'
[13.195s] Level 1:colcon.colcon_core.environment:checking '/home/tugmirk/Desktop/garp-test/install/workspace_gz/lib/python3.12/site-packages'
[13.195s] Level 1:colcon.colcon_core.environment:checking '/home/tugmirk/Desktop/garp-test/install/workspace_gz/bin'
[13.195s] INFO:colcon.colcon_core.shell:Creating package script '/home/tugmirk/Desktop/garp-test/install/workspace_gz/share/workspace_gz/package.ps1'
[13.196s] INFO:colcon.colcon_core.shell:Creating package descriptor '/home/tugmirk/Desktop/garp-test/install/workspace_gz/share/workspace_gz/package.dsv'
[13.197s] INFO:colcon.colcon_core.shell:Creating package script '/home/tugmirk/Desktop/garp-test/install/workspace_gz/share/workspace_gz/package.sh'
[13.197s] INFO:colcon.colcon_core.shell:Creating package script '/home/tugmirk/Desktop/garp-test/install/workspace_gz/share/workspace_gz/package.bash'
[13.197s] INFO:colcon.colcon_core.shell:Creating package script '/home/tugmirk/Desktop/garp-test/install/workspace_gz/share/workspace_gz/package.zsh'
[13.198s] Level 1:colcon.colcon_core.environment:create_file_with_runtime_dependencies(/home/tugmirk/Desktop/garp-test/install/workspace_gz/share/colcon-core/packages/workspace_gz)
[13.198s] DEBUG:colcon.colcon_parallel_executor.executor.parallel:closing loop
[13.198s] DEBUG:colcon.colcon_parallel_executor.executor.parallel:loop closed
[13.198s] DEBUG:colcon.colcon_parallel_executor.executor.parallel:run_until_complete finished with '0'
[13.198s] DEBUG:colcon.colcon_core.event_reactor:joining thread
[13.210s] INFO:colcon.colcon_core.plugin_system:Skipping extension 'colcon_notification.desktop_notification.terminal_notifier': Not used on non-Darwin systems
[13.210s] INFO:colcon.colcon_core.plugin_system:Skipping extension 'colcon_notification.desktop_notification.win32': Not used on non-Windows systems
[13.210s] INFO:colcon.colcon_notification.desktop_notification:Sending desktop notification using 'notify2'
[13.241s] DEBUG:colcon.colcon_core.event_reactor:joined thread
[13.241s] INFO:colcon.colcon_core.shell:Creating prefix script '/home/tugmirk/Desktop/garp-test/install/local_setup.ps1'
[13.242s] INFO:colcon.colcon_core.shell:Creating prefix util module '/home/tugmirk/Desktop/garp-test/install/_local_setup_util_ps1.py'
[13.243s] INFO:colcon.colcon_core.shell:Creating prefix chain script '/home/tugmirk/Desktop/garp-test/install/setup.ps1'
[13.244s] INFO:colcon.colcon_core.shell:Creating prefix script '/home/tugmirk/Desktop/garp-test/install/local_setup.sh'
[13.244s] INFO:colcon.colcon_core.shell:Creating prefix util module '/home/tugmirk/Desktop/garp-test/install/_local_setup_util_sh.py'
[13.245s] INFO:colcon.colcon_core.shell:Creating prefix chain script '/home/tugmirk/Desktop/garp-test/install/setup.sh'
[13.245s] INFO:colcon.colcon_core.shell:Creating prefix script '/home/tugmirk/Desktop/garp-test/install/local_setup.bash'
[13.246s] INFO:colcon.colcon_core.shell:Creating prefix chain script '/home/tugmirk/Desktop/garp-test/install/setup.bash'
[13.247s] INFO:colcon.colcon_core.shell:Creating prefix script '/home/tugmirk/Desktop/garp-test/install/local_setup.zsh'
[13.247s] INFO:colcon.colcon_core.shell:Creating prefix chain script '/home/tugmirk/Desktop/garp-test/install/setup.zsh'
