[0.507s] Invoking command in '/home/tugmirk/Desktop/garp-test/build/workspace_nav': DEBUGINFOD_URLS=https://debuginfod.ubuntu.com PYTHONPATH=/home/tugmirk/Desktop/garp-test/build/workspace_nav/prefix_override:/usr/lib/python3/dist-packages/colcon_core/task/python/colcon_distutils_commands:/home/tugmirk/Desktop/garp-test/install/workspace_nav/lib/python3.12/site-packages:${PYTHONPATH} /usr/bin/python3 -W ignore:setup.py install is deprecated -W ignore:easy_install command is deprecated setup.py develop --editable --build-directory /home/tugmirk/Desktop/garp-test/build/workspace_nav/build --no-deps symlink_data
[0.661s] running develop
[0.747s] running egg_info
[0.756s] writing workspace_nav.egg-info/PKG-INFO
[0.756s] writing dependency_links to workspace_nav.egg-info/dependency_links.txt
[0.756s] writing entry points to workspace_nav.egg-info/entry_points.txt
[0.756s] writing requirements to workspace_nav.egg-info/requires.txt
[0.756s] writing top-level names to workspace_nav.egg-info/top_level.txt
[0.773s] reading manifest file 'workspace_nav.egg-info/SOURCES.txt'
[0.773s] writing manifest file 'workspace_nav.egg-info/SOURCES.txt'
[0.783s] running build_ext
[0.783s] Creating /home/tugmirk/Desktop/garp-test/install/workspace_nav/lib/python3.12/site-packages/workspace-nav.egg-link (link to .)
[0.784s] Installing parkour_navigation script to /home/tugmirk/Desktop/garp-test/install/workspace_nav/lib/workspace_nav
[0.784s] 
[0.784s] Installed /home/tugmirk/Desktop/garp-test/build/workspace_nav
[0.784s] running symlink_data
[0.784s] symbolically linking /home/tugmirk/Desktop/garp-test/build/workspace_nav/config/parkour_nav.yaml -> /home/tugmirk/Desktop/garp-test/install/workspace_nav/share/workspace_nav/config
[0.784s] symbolically linking /home/tugmirk/Desktop/garp-test/build/workspace_nav/launch/parkour_nav.launch.py -> /home/tugmirk/Desktop/garp-test/install/workspace_nav/share/workspace_nav/launch
[0.784s] symbolically linking /home/tugmirk/Desktop/garp-test/build/workspace_nav/scripts/parkour_navigation.py -> /home/tugmirk/Desktop/garp-test/install/workspace_nav/share/workspace_nav/scripts
[0.800s] Invoked command in '/home/tugmirk/Desktop/garp-test/build/workspace_nav' returned '0': DEBUGINFOD_URLS=https://debuginfod.ubuntu.com PYTHONPATH=/home/tugmirk/Desktop/garp-test/build/workspace_nav/prefix_override:/usr/lib/python3/dist-packages/colcon_core/task/python/colcon_distutils_commands:/home/tugmirk/Desktop/garp-test/install/workspace_nav/lib/python3.12/site-packages:${PYTHONPATH} /usr/bin/python3 -W ignore:setup.py install is deprecated -W ignore:easy_install command is deprecated setup.py develop --editable --build-directory /home/tugmirk/Desktop/garp-test/build/workspace_nav/build --no-deps symlink_data
