[0.015s] Invoking command in '/home/ngen/yildiz_ws/src/YILDIZ-USV/build/workspace_gz': CMAKE_PREFIX_PATH=${CMAKE_PREFIX_PATH}:/opt/ros/jazzy DEBUGINFOD_URLS=https://debuginfod.ubuntu.com /usr/bin/cmake /home/ngen/yildiz_ws/src/YILDIZ-USV/workspace_gz -DAMENT_CMAKE_SYMLINK_INSTALL=1 -DCMAKE_INSTALL_PREFIX=/home/ngen/yildiz_ws/src/YILDIZ-USV/install/workspace_gz
[0.161s] -- Found ament_cmake: 2.5.4 (/opt/ros/jazzy/share/ament_cmake/cmake)
[0.216s] -- Override CMake install command with custom implementation using symlinks instead of copying resources
[0.231s] -- Looking for gz-sim8 -- found version 8.10.0
[0.242s] -- Searching for dependencies of gz-sim8
[0.242s] -- Looking for sdformat14 -- found version 14.8.0
[0.243s] -- Searching for dependencies of sdformat14
[0.250s] -- Checking for module 'tinyxml2'
[0.267s] --   Found tinyxml2, version 10.0.0
[0.297s] -- Looking for gz-math7 -- found version 7.5.2
[0.298s] -- Searching for dependencies of gz-math7
[0.299s] -- Looking for gz-utils2 -- found version 2.2.1
[0.299s] -- Searching for dependencies of gz-utils2
[0.301s] -- Looking for gz-utils2 -- found version 2.2.1
[0.301s] -- Searching for dependencies of gz-utils2
[0.302s] -- Searching for <gz-utils2> component [cli]
[0.302s] -- Looking for gz-utils2-cli -- found version 2.2.1
[0.302s] -- Searching for dependencies of gz-utils2-cli
[0.305s] -- Looking for gz-plugin2 -- found version 2.0.4
[0.305s] -- Searching for dependencies of gz-plugin2
[0.306s] -- Looking for gz-utils2 -- found version 2.2.1
[0.307s] -- Searching for <gz-plugin2> component [loader]
[0.307s] -- Looking for gz-plugin2-loader -- found version 2.0.4
[0.308s] -- Searching for dependencies of gz-plugin2-loader
[0.308s] -- Searching for <gz-plugin2> component [register]
[0.309s] -- Looking for gz-plugin2-register -- found version 2.0.4
[0.309s] -- Searching for dependencies of gz-plugin2-register
[0.311s] -- Looking for gz-transport13 -- found version 13.5.0
[0.311s] -- Searching for dependencies of gz-transport13
[0.350s] -- Config-file not installed for ZeroMQ -- checking for pkg-config
[0.355s] -- Checking for module 'libzmq >= 4'
[0.367s] --   Found libzmq, version 4.3.5
[0.406s] -- Checking for module 'uuid'
[0.419s] --   Found uuid, version 2.39.3
[0.449s] -- Looking for gz-utils2 -- found version 2.2.1
[0.450s] -- Looking for gz-msgs10 -- found version 10.3.2
[0.450s] -- Searching for dependencies of gz-msgs10
[0.467s] -- Looking for gz-utils2 -- found version 2.2.1
[0.467s] -- Looking for gz-math7 -- found version 7.5.2
[0.475s] -- Searching for <gz-transport13> component [log]
[0.475s] -- Looking for gz-transport13-log -- found version 13.5.0
[0.475s] -- Searching for dependencies of gz-transport13-log
[0.476s] -- Searching for <gz-transport13> component [parameters]
[0.476s] -- Looking for gz-transport13-parameters -- found version 13.5.0
[0.477s] -- Searching for dependencies of gz-transport13-parameters
[0.478s] -- Looking for gz-msgs10 -- found version 10.3.2
[0.478s] -- Looking for gz-common5 -- found version 5.7.1
[0.478s] -- Searching for dependencies of gz-common5
[0.479s] -- Looking for gz-utils2 -- found version 2.2.1
[0.479s] -- Looking for dlfcn.h - found
[0.479s] -- Looking for libdl - found
[0.485s] -- Searching for <gz-common5> component [av]
[0.487s] -- Looking for gz-common5-av -- found version 5.7.1
[0.487s] -- Searching for dependencies of gz-common5-av
[0.491s] -- Checking for module 'libswscale'
[0.506s] --   Found libswscale, version 7.5.100
[0.541s] -- Checking for module 'libavdevice >= 56.4.100'
[0.555s] --   Found libavdevice, version 60.3.100
[0.598s] -- Checking for module 'libavformat'
[0.612s] --   Found libavformat, version 60.16.100
[0.647s] -- Checking for module 'libavcodec'
[0.662s] --   Found libavcodec, version 60.31.102
[0.697s] -- Checking for module 'libavutil'
[0.711s] --   Found libavutil, version 58.29.100
[0.741s] -- Searching for <gz-common5> component [events]
[0.742s] -- Looking for gz-common5-events -- found version 5.7.1
[0.742s] -- Searching for dependencies of gz-common5-events
[0.742s] -- Looking for gz-math7 -- found version 7.5.2
[0.743s] -- Searching for <gz-common5> component [graphics]
[0.743s] -- Looking for gz-common5-graphics -- found version 5.7.1
[0.743s] -- Searching for dependencies of gz-common5-graphics
[0.744s] -- Looking for gz-math7 -- found version 7.5.2
[0.746s] -- Searching for <gz-common5> component [io]
[0.747s] -- Looking for gz-common5-io -- found version 5.7.1
[0.747s] -- Searching for dependencies of gz-common5-io
[0.748s] -- Searching for <gz-common5> component [profiler]
[0.748s] -- Looking for gz-common5-profiler -- found version 5.7.1
[0.748s] -- Searching for dependencies of gz-common5-profiler
[0.750s] -- Looking for gz-fuel_tools9 -- found version 9.1.1
[0.750s] -- Searching for dependencies of gz-fuel_tools9
[0.794s] -- Checking for module 'jsoncpp'
[0.807s] --   Found jsoncpp, version 1.9.5
[0.855s] -- Checking for module 'yaml-0.1'
[0.871s] --   Found yaml-0.1, version 0.2.5
[0.908s] -- Checking for module 'libzip'
[0.922s] --   Found libzip, version 1.7.3
[0.956s] -- Looking for gz-utils2 -- found version 2.2.1
[0.956s] -- Looking for gz-common5 -- found version 5.7.1
[0.956s] -- Searching for dependencies of gz-common5
[0.957s] -- Looking for gz-utils2 -- found version 2.2.1
[0.957s] -- Looking for dlfcn.h - found
[0.957s] -- Looking for libdl - found
[0.964s] -- Searching for <gz-common5> component [testing]
[0.965s] -- Looking for gz-common5-testing -- found version 5.7.1
[0.965s] -- Searching for dependencies of gz-common5-testing
[0.967s] -- Looking for gz-math7 -- found version 7.5.2
[0.967s] -- Looking for gz-msgs10 -- found version 10.3.2
[0.970s] -- Looking for gz-gui8 -- found version 8.4.0
[0.970s] -- Searching for dependencies of gz-gui8
[0.994s] -- Looking for gz-utils2 -- found version 2.2.1
[0.994s] -- Looking for gz-math7 -- found version 7.5.2
[0.994s] -- Looking for gz-common5 -- found version 5.7.1
[0.995s] -- Looking for gz-plugin2 -- found version 2.0.4
[0.995s] -- Looking for gz-transport13 -- found version 13.5.0
[0.996s] -- Looking for gz-rendering8 -- found version 8.2.2
[0.996s] -- Searching for dependencies of gz-rendering8
[0.996s] -- Looking for gz-math7 -- found version 7.5.2
[0.997s] -- Searching for dependencies of gz-math7
[0.997s] -- Looking for gz-utils2 -- found version 2.2.1
[0.997s] -- Searching for <gz-math7> component [eigen3]
[0.998s] -- Looking for gz-math7-eigen3 -- found version 7.5.2
[0.998s] -- Searching for dependencies of gz-math7-eigen3
[1.000s] -- Looking for gz-common5 -- found version 5.7.1
[1.000s] -- Searching for dependencies of gz-common5
[1.000s] -- Looking for gz-utils2 -- found version 2.2.1
[1.001s] -- Looking for dlfcn.h - found
[1.001s] -- Looking for libdl - found
[1.008s] -- Searching for <gz-common5> component [graphics]
[1.008s] -- Searching for <gz-common5> component [events]
[1.008s] -- Searching for <gz-common5> component [geospatial]
[1.009s] -- Looking for gz-common5-geospatial -- found version 5.7.1
[1.009s] -- Searching for dependencies of gz-common5-geospatial
[1.009s] -- Looking for gz-math7 -- found version 7.5.2
[1.010s] -- Looking for gz-common5 -- found version 5.7.1
[1.011s] -- Looking for gz-plugin2 -- found version 2.0.4
[1.011s] -- Searching for dependencies of gz-plugin2
[1.011s] -- Looking for gz-utils2 -- found version 2.2.1
[1.011s] -- Searching for <gz-plugin2> component [all]
[1.013s] -- Looking for all libraries of gz-plugin2 -- found version 2.0.4
[1.013s] -- Looking for gz-plugin2 -- found version 2.0.4
[1.015s] -- Looking for gz-utils2 -- found version 2.2.1
[1.020s] -- Looking for gz-msgs10 -- found version 10.3.2
[1.046s] -- Looking for gz-physics7 -- found version 7.6.0
[1.046s] -- Searching for dependencies of gz-physics7
[1.047s] -- Looking for gz-common5 -- found version 5.7.1
[1.047s] -- Looking for gz-math7 -- found version 7.5.2
[1.048s] -- Looking for gz-plugin2 -- found version 2.0.4
[1.048s] -- Looking for gz-utils2 -- found version 2.2.1
[1.049s] -- Searching for <gz-physics7> component [heightmap]
[1.050s] -- Looking for gz-physics7-heightmap -- found version 7.6.0
[1.050s] -- Searching for dependencies of gz-physics7-heightmap
[1.051s] -- Looking for gz-common5 -- found version 5.7.1
[1.051s] -- Searching for <gz-physics7> component [mesh]
[1.052s] -- Looking for gz-physics7-mesh -- found version 7.6.0
[1.052s] -- Searching for dependencies of gz-physics7-mesh
[1.053s] -- Looking for gz-common5 -- found version 5.7.1
[1.053s] -- Searching for <gz-physics7> component [sdf]
[1.054s] -- Looking for gz-physics7-sdf -- found version 7.6.0
[1.054s] -- Searching for dependencies of gz-physics7-sdf
[1.055s] -- Looking for sdformat14 -- found version 14.8.0
[1.056s] -- Looking for gz-sensors8 -- found version 8.2.2
[1.056s] -- Searching for dependencies of gz-sensors8
[1.078s] -- Looking for gz-math7 -- found version 7.5.2
[1.078s] -- Looking for gz-common5 -- found version 5.7.1
[1.079s] -- Looking for gz-transport13 -- found version 13.5.0
[1.079s] -- Looking for gz-rendering8 -- found version 8.2.2
[1.080s] -- Looking for gz-msgs10 -- found version 10.3.2
[1.080s] -- Looking for sdformat14 -- found version 14.8.0
[1.081s] -- Searching for <gz-sensors8> component [air_pressure]
[1.081s] -- Looking for gz-sensors8-air_pressure -- found version 8.2.2
[1.082s] -- Searching for dependencies of gz-sensors8-air_pressure
[1.082s] -- Searching for <gz-sensors8> component [air_speed]
[1.083s] -- Looking for gz-sensors8-air_speed -- found version 8.2.2
[1.083s] -- Searching for dependencies of gz-sensors8-air_speed
[1.084s] -- Searching for <gz-sensors8> component [altimeter]
[1.085s] -- Looking for gz-sensors8-altimeter -- found version 8.2.2
[1.085s] -- Searching for dependencies of gz-sensors8-altimeter
[1.086s] -- Searching for <gz-sensors8> component [imu]
[1.086s] -- Looking for gz-sensors8-imu -- found version 8.2.2
[1.086s] -- Searching for dependencies of gz-sensors8-imu
[1.087s] -- Searching for <gz-sensors8> component [force_torque]
[1.088s] -- Looking for gz-sensors8-force_torque -- found version 8.2.2
[1.088s] -- Searching for dependencies of gz-sensors8-force_torque
[1.089s] -- Searching for <gz-sensors8> component [logical_camera]
[1.090s] -- Looking for gz-sensors8-logical_camera -- found version 8.2.2
[1.090s] -- Searching for dependencies of gz-sensors8-logical_camera
[1.091s] -- Searching for <gz-sensors8> component [magnetometer]
[1.092s] -- Looking for gz-sensors8-magnetometer -- found version 8.2.2
[1.092s] -- Searching for dependencies of gz-sensors8-magnetometer
[1.093s] -- Searching for <gz-sensors8> component [navsat]
[1.093s] -- Looking for gz-sensors8-navsat -- found version 8.2.2
[1.094s] -- Searching for dependencies of gz-sensors8-navsat
[1.094s] -- Searching for <gz-sensors8> component [dvl]
[1.095s] -- Looking for gz-sensors8-dvl -- found version 8.2.2
[1.095s] -- Searching for dependencies of gz-sensors8-dvl
[1.096s] -- Looking for gz-sensors8 -- found version 8.2.2
[1.096s] -- Searching for dependencies of gz-sensors8
[1.117s] -- Looking for gz-math7 -- found version 7.5.2
[1.118s] -- Looking for gz-common5 -- found version 5.7.1
[1.118s] -- Looking for gz-transport13 -- found version 13.5.0
[1.119s] -- Looking for gz-rendering8 -- found version 8.2.2
[1.119s] -- Looking for gz-msgs10 -- found version 10.3.2
[1.120s] -- Looking for sdformat14 -- found version 14.8.0
[1.120s] -- Searching for <gz-sensors8> component [rendering]
[1.120s] -- Looking for gz-sensors8-rendering -- found version 8.2.2
[1.121s] -- Searching for dependencies of gz-sensors8-rendering
[1.122s] -- Searching for <gz-sensors8> component [rendering]
[1.122s] -- Searching for <gz-sensors8> component [lidar]
[1.123s] -- Looking for gz-sensors8-lidar -- found version 8.2.2
[1.123s] -- Searching for dependencies of gz-sensors8-lidar
[1.123s] -- Looking for gz-sensors8 -- found version 8.2.2
[1.124s] -- Searching for <gz-sensors8> component [gpu_lidar]
[1.124s] -- Looking for gz-sensors8-gpu_lidar -- found version 8.2.2
[1.125s] -- Searching for dependencies of gz-sensors8-gpu_lidar
[1.125s] -- Looking for gz-sensors8 -- found version 8.2.2
[1.126s] -- Searching for <gz-sensors8> component [camera]
[1.126s] -- Looking for gz-sensors8-camera -- found version 8.2.2
[1.126s] -- Searching for dependencies of gz-sensors8-camera
[1.127s] -- Looking for gz-sensors8 -- found version 8.2.2
[1.127s] -- Searching for <gz-sensors8> component [boundingbox_camera]
[1.128s] -- Looking for gz-sensors8-boundingbox_camera -- found version 8.2.2
[1.128s] -- Searching for dependencies of gz-sensors8-boundingbox_camera
[1.129s] -- Searching for <gz-sensors8> component [segmentation_camera]
[1.130s] -- Looking for gz-sensors8-segmentation_camera -- found version 8.2.2
[1.130s] -- Searching for dependencies of gz-sensors8-segmentation_camera
[1.131s] -- Searching for <gz-sensors8> component [depth_camera]
[1.132s] -- Looking for gz-sensors8-depth_camera -- found version 8.2.2
[1.132s] -- Searching for dependencies of gz-sensors8-depth_camera
[1.132s] -- Looking for gz-sensors8 -- found version 8.2.2
[1.133s] -- Searching for <gz-sensors8> component [rgbd_camera]
[1.134s] -- Looking for gz-sensors8-rgbd_camera -- found version 8.2.2
[1.134s] -- Searching for dependencies of gz-sensors8-rgbd_camera
[1.134s] -- Looking for gz-sensors8 -- found version 8.2.2
[1.135s] -- Searching for <gz-sensors8> component [thermal_camera]
[1.136s] -- Looking for gz-sensors8-thermal_camera -- found version 8.2.2
[1.136s] -- Searching for dependencies of gz-sensors8-thermal_camera
[1.136s] -- Looking for gz-sensors8 -- found version 8.2.2
[1.137s] -- Searching for <gz-sensors8> component [wide_angle_camera]
[1.138s] -- Looking for gz-sensors8-wide_angle_camera -- found version 8.2.2
[1.138s] -- Searching for dependencies of gz-sensors8-wide_angle_camera
[1.139s] -- Looking for gz-rendering8 -- found version 8.2.2
[1.139s] -- Looking for gz-math7 -- found version 7.5.2
[1.140s] -- Looking for gz-utils2 -- found version 2.2.1
[1.157s] -- Looking for gz-common5 -- found version 5.7.1
[1.157s] -- Looking for gz-math7 -- found version 7.5.2
[1.158s] -- Looking for gz-transport13 -- found version 13.5.0
[1.158s] -- Looking for gz-plugin2 -- found version 2.0.4
[1.158s] -- Looking for gz-rendering8 -- found version 8.2.2
[1.158s] -- Looking for gz-sensors8 -- found version 8.2.2
[1.159s] -- Looking for gz-utils2 -- found version 2.2.1
[1.159s] -- Looking for sdformat14 -- found version 14.8.0
[1.160s] -- Found std_msgs: 5.3.6 (/opt/ros/jazzy/share/std_msgs/cmake)
[1.179s] -- Found rosidl_generator_c: 4.6.6 (/opt/ros/jazzy/share/rosidl_generator_c/cmake)
[1.187s] -- Found rosidl_generator_cpp: 4.6.6 (/opt/ros/jazzy/share/rosidl_generator_cpp/cmake)
[1.198s] -- Using all available rosidl_typesupport_c: rosidl_typesupport_fastrtps_c;rosidl_typesupport_introspection_c
[1.211s] -- Using all available rosidl_typesupport_cpp: rosidl_typesupport_fastrtps_cpp;rosidl_typesupport_introspection_cpp
[1.237s] -- Looking for gz-msgs10 -- found version 10.3.2
[1.237s] -- Looking for gz-fuel_tools9 -- found version 9.1.1
[1.312s] -- Configuring done (1.3s)
[1.412s] -- Generating done (0.1s)
[1.430s] -- Build files have been written to: /home/ngen/yildiz_ws/src/YILDIZ-USV/build/workspace_gz
[1.440s] Invoked command in '/home/ngen/yildiz_ws/src/YILDIZ-USV/build/workspace_gz' returned '0': CMAKE_PREFIX_PATH=${CMAKE_PREFIX_PATH}:/opt/ros/jazzy DEBUGINFOD_URLS=https://debuginfod.ubuntu.com /usr/bin/cmake /home/ngen/yildiz_ws/src/YILDIZ-USV/workspace_gz -DAMENT_CMAKE_SYMLINK_INSTALL=1 -DCMAKE_INSTALL_PREFIX=/home/ngen/yildiz_ws/src/YILDIZ-USV/install/workspace_gz
[1.441s] Invoking command in '/home/ngen/yildiz_ws/src/YILDIZ-USV/build/workspace_gz': CMAKE_PREFIX_PATH=${CMAKE_PREFIX_PATH}:/opt/ros/jazzy DEBUGINFOD_URLS=https://debuginfod.ubuntu.com /usr/bin/cmake --build /home/ngen/yildiz_ws/src/YILDIZ-USV/build/workspace_gz -- -j20 -l20
[1.497s] [  2%] Linking CXX shared library libScoringPlugin.so
[1.498s] [  4%] Linking CXX shared library libWaves.so
[1.705s] [  6%] Built target Waves
[1.705s] [  8%] Built target ScoringPlugin
[1.744s] [ 10%] Linking CXX shared library libBallShooterPlugin.so
[1.748s] [ 12%] Linking CXX shared library libSurface.so
[1.748s] [ 14%] Linking CXX shared library libGymkhanaScoringPlugin.so
[1.751s] [ 16%] Linking CXX shared library libNavigationScoringPlugin.so
[1.751s] [ 18%] Linking CXX shared library libAcousticPingerPlugin.so
[1.754s] [ 20%] Linking CXX shared library libWildlifeScoringPlugin.so
[1.754s] [ 22%] Linking CXX shared library libSimpleHydrodynamics.so
[1.754s] [ 25%] Linking CXX shared library libPolyhedraBuoyancyDrag.so
[1.754s] [ 27%] Linking CXX shared library libStationkeepingScoringPlugin.so
[1.755s] [ 29%] Linking CXX shared library libUSVWind.so
[1.755s] [ 31%] Linking CXX shared library libWayfindingScoringPlugin.so
[1.755s] [ 33%] Linking CXX shared library libWaveVisual.so
[1.756s] [ 35%] Linking CXX shared library libAcousticPerceptionScoringPlugin.so
[1.757s] [ 37%] Linking CXX shared library libScanDockScoringPlugin.so
[1.757s] [ 39%] Linking CXX shared library libPerceptionScoringPlugin.so
[1.759s] [ 41%] Linking CXX shared library libPlacardPlugin.so
[1.762s] [ 43%] Linking CXX shared library libAcousticTrackingScoringPlugin.so
[1.764s] [ 45%] Linking CXX shared library libPublisherPlugin.so
[1.773s] [ 47%] Linking CXX shared library libLightBuoyPlugin.so
[2.205s] [ 50%] Built target LightBuoyPlugin
[2.212s] [ 52%] Built target NavigationScoringPlugin
[2.229s] [ 54%] Built target PlacardPlugin
[2.229s] [ 56%] Built target GymkhanaScoringPlugin
[2.246s] [ 58%] Built target PublisherPlugin
[2.255s] [ 60%] Built target USVWind
[2.263s] [ 62%] Built target WaveVisual
[2.294s] [ 64%] Built target WildlifeScoringPlugin
[2.300s] [ 72%] Built target WayfindingScoringPlugin
[2.300s] [ 72%] Built target AcousticPerceptionScoringPlugin
[2.300s] [ 75%] Built target SimpleHydrodynamics
[2.305s] [ 79%] Built target AcousticTrackingScoringPlugin
[2.329s] [ 85%] Built target PolyhedraBuoyancyDrag
[2.331s] [ 87%] Built target Surface
[2.357s] [ 89%] Built target BallShooterPlugin
[2.382s] [ 91%] Built target PerceptionScoringPlugin
[2.388s] [ 93%] Built target ScanDockScoringPlugin
[2.393s] [ 95%] Built target AcousticPingerPlugin
[2.397s] [100%] Built target StationkeepingScoringPlugin
[2.408s] Invoked command in '/home/ngen/yildiz_ws/src/YILDIZ-USV/build/workspace_gz' returned '0': CMAKE_PREFIX_PATH=${CMAKE_PREFIX_PATH}:/opt/ros/jazzy DEBUGINFOD_URLS=https://debuginfod.ubuntu.com /usr/bin/cmake --build /home/ngen/yildiz_ws/src/YILDIZ-USV/build/workspace_gz -- -j20 -l20
[2.416s] Invoking command in '/home/ngen/yildiz_ws/src/YILDIZ-USV/build/workspace_gz': CMAKE_PREFIX_PATH=${CMAKE_PREFIX_PATH}:/opt/ros/jazzy DEBUGINFOD_URLS=https://debuginfod.ubuntu.com /usr/bin/cmake --install /home/ngen/yildiz_ws/src/YILDIZ-USV/build/workspace_gz
[2.425s] -- Install configuration: ""
[2.425s] -- Execute custom install script
[2.426s] -- Symlinking: /home/ngen/yildiz_ws/src/YILDIZ-USV/install/workspace_gz/lib/libWaves.so
[2.434s] -- Symlinking: /home/ngen/yildiz_ws/src/YILDIZ-USV/install/workspace_gz/lib/libPolyhedraBuoyancyDrag.so
[2.443s] -- Symlinking: /home/ngen/yildiz_ws/src/YILDIZ-USV/install/workspace_gz/lib/libScoringPlugin.so
[2.453s] -- Symlinking: /home/ngen/yildiz_ws/src/YILDIZ-USV/install/workspace_gz/lib/libStationkeepingScoringPlugin.so
[2.462s] -- Symlinking: /home/ngen/yildiz_ws/src/YILDIZ-USV/install/workspace_gz/lib/libWayfindingScoringPlugin.so
[2.471s] -- Symlinking: /home/ngen/yildiz_ws/src/YILDIZ-USV/install/workspace_gz/lib/libAcousticPerceptionScoringPlugin.so
[2.479s] -- Symlinking: /home/ngen/yildiz_ws/src/YILDIZ-USV/install/workspace_gz/lib/libAcousticTrackingScoringPlugin.so
[2.488s] -- Symlinking: /home/ngen/yildiz_ws/src/YILDIZ-USV/install/workspace_gz/lib/libAcousticPingerPlugin.so
[2.497s] -- Symlinking: /home/ngen/yildiz_ws/src/YILDIZ-USV/install/workspace_gz/lib/libBallShooterPlugin.so
[2.507s] -- Symlinking: /home/ngen/yildiz_ws/src/YILDIZ-USV/install/workspace_gz/lib/libLightBuoyPlugin.so
[2.515s] -- Symlinking: /home/ngen/yildiz_ws/src/YILDIZ-USV/install/workspace_gz/lib/libNavigationScoringPlugin.so
[2.524s] -- Symlinking: /home/ngen/yildiz_ws/src/YILDIZ-USV/install/workspace_gz/lib/libGymkhanaScoringPlugin.so
[2.535s] -- Symlinking: /home/ngen/yildiz_ws/src/YILDIZ-USV/install/workspace_gz/lib/libPerceptionScoringPlugin.so
[2.544s] -- Symlinking: /home/ngen/yildiz_ws/src/YILDIZ-USV/install/workspace_gz/lib/libPlacardPlugin.so
[2.554s] -- Symlinking: /home/ngen/yildiz_ws/src/YILDIZ-USV/install/workspace_gz/lib/libPublisherPlugin.so
[2.565s] -- Symlinking: /home/ngen/yildiz_ws/src/YILDIZ-USV/install/workspace_gz/lib/libScanDockScoringPlugin.so
[2.573s] -- Symlinking: /home/ngen/yildiz_ws/src/YILDIZ-USV/install/workspace_gz/lib/libSimpleHydrodynamics.so
[2.583s] -- Symlinking: /home/ngen/yildiz_ws/src/YILDIZ-USV/install/workspace_gz/lib/libSurface.so
[2.590s] -- Symlinking: /home/ngen/yildiz_ws/src/YILDIZ-USV/install/workspace_gz/lib/libUSVWind.so
[2.597s] -- Symlinking: /home/ngen/yildiz_ws/src/YILDIZ-USV/install/workspace_gz/lib/libWaveVisual.so
[2.607s] -- Symlinking: /home/ngen/yildiz_ws/src/YILDIZ-USV/install/workspace_gz/lib/libWildlifeScoringPlugin.so
[2.616s] -- Symlinking: /home/ngen/yildiz_ws/src/YILDIZ-USV/install/workspace_gz/share/workspace_gz//description/roboboat/roboboat.xacro
[2.626s] -- Symlinking: /home/ngen/yildiz_ws/src/YILDIZ-USV/install/workspace_gz/share/workspace_gz//launch/simulation.launch.py
[2.641s] -- Symlinking: /home/ngen/yildiz_ws/src/YILDIZ-USV/install/workspace_gz/share/workspace_gz//models/buoys/marker_buoy_black/materials/textures/MarkerBuoy_Base_Color.png
[2.650s] -- Symlinking: /home/ngen/yildiz_ws/src/YILDIZ-USV/install/workspace_gz/share/workspace_gz//models/buoys/marker_buoy_black/materials/textures/MarkerBuoy_Roughness.png
[2.658s] -- Symlinking: /home/ngen/yildiz_ws/src/YILDIZ-USV/install/workspace_gz/share/workspace_gz//models/buoys/marker_buoy_black/meshes/marker_buoy.dae
[2.668s] -- Symlinking: /home/ngen/yildiz_ws/src/YILDIZ-USV/install/workspace_gz/share/workspace_gz//models/buoys/marker_buoy_black/model.config
[2.676s] -- Symlinking: /home/ngen/yildiz_ws/src/YILDIZ-USV/install/workspace_gz/share/workspace_gz//models/buoys/marker_buoy_black/model.sdf
[2.683s] -- Symlinking: /home/ngen/yildiz_ws/src/YILDIZ-USV/install/workspace_gz/share/workspace_gz//models/buoys/marker_buoy_green/materials/textures/MarkerBuoy_Base_Color.png
[2.691s] -- Symlinking: /home/ngen/yildiz_ws/src/YILDIZ-USV/install/workspace_gz/share/workspace_gz//models/buoys/marker_buoy_green/materials/textures/MarkerBuoy_Roughness.png
[2.698s] -- Symlinking: /home/ngen/yildiz_ws/src/YILDIZ-USV/install/workspace_gz/share/workspace_gz//models/buoys/marker_buoy_green/meshes/marker_buoy.dae
[2.707s] -- Symlinking: /home/ngen/yildiz_ws/src/YILDIZ-USV/install/workspace_gz/share/workspace_gz//models/buoys/marker_buoy_green/model.config
[2.715s] -- Symlinking: /home/ngen/yildiz_ws/src/YILDIZ-USV/install/workspace_gz/share/workspace_gz//models/buoys/marker_buoy_green/model.sdf
[2.725s] -- Symlinking: /home/ngen/yildiz_ws/src/YILDIZ-USV/install/workspace_gz/share/workspace_gz//models/buoys/marker_buoy_orange/materials/textures/MarkerBuoy_Base_Color.png
[2.733s] -- Symlinking: /home/ngen/yildiz_ws/src/YILDIZ-USV/install/workspace_gz/share/workspace_gz//models/buoys/marker_buoy_orange/materials/textures/MarkerBuoy_Roughness.png
[2.742s] -- Symlinking: /home/ngen/yildiz_ws/src/YILDIZ-USV/install/workspace_gz/share/workspace_gz//models/buoys/marker_buoy_orange/meshes/marker_buoy.dae
[2.749s] -- Symlinking: /home/ngen/yildiz_ws/src/YILDIZ-USV/install/workspace_gz/share/workspace_gz//models/buoys/marker_buoy_orange/model.config
[2.756s] -- Symlinking: /home/ngen/yildiz_ws/src/YILDIZ-USV/install/workspace_gz/share/workspace_gz//models/buoys/marker_buoy_orange/model.sdf
[2.766s] -- Symlinking: /home/ngen/yildiz_ws/src/YILDIZ-USV/install/workspace_gz/share/workspace_gz//models/buoys/marker_buoy_red/materials/textures/MarkerBuoy_Base_Color.png
[2.773s] -- Symlinking: /home/ngen/yildiz_ws/src/YILDIZ-USV/install/workspace_gz/share/workspace_gz//models/buoys/marker_buoy_red/materials/textures/MarkerBuoy_Roughness.png
[2.782s] -- Symlinking: /home/ngen/yildiz_ws/src/YILDIZ-USV/install/workspace_gz/share/workspace_gz//models/buoys/marker_buoy_red/meshes/marker_buoy.dae
[2.789s] -- Symlinking: /home/ngen/yildiz_ws/src/YILDIZ-USV/install/workspace_gz/share/workspace_gz//models/buoys/marker_buoy_red/model.config
[2.797s] -- Symlinking: /home/ngen/yildiz_ws/src/YILDIZ-USV/install/workspace_gz/share/workspace_gz//models/buoys/marker_buoy_red/model.sdf
[2.804s] -- Symlinking: /home/ngen/yildiz_ws/src/YILDIZ-USV/install/workspace_gz/share/workspace_gz//models/buoys/marker_buoy_yellow/materials/textures/MarkerBuoy_Base_Color.png
[2.812s] -- Symlinking: /home/ngen/yildiz_ws/src/YILDIZ-USV/install/workspace_gz/share/workspace_gz//models/buoys/marker_buoy_yellow/materials/textures/MarkerBuoy_Roughness.png
[2.820s] -- Symlinking: /home/ngen/yildiz_ws/src/YILDIZ-USV/install/workspace_gz/share/workspace_gz//models/buoys/marker_buoy_yellow/meshes/marker_buoy.dae
[2.827s] -- Symlinking: /home/ngen/yildiz_ws/src/YILDIZ-USV/install/workspace_gz/share/workspace_gz//models/buoys/marker_buoy_yellow/model.config
[2.835s] -- Symlinking: /home/ngen/yildiz_ws/src/YILDIZ-USV/install/workspace_gz/share/workspace_gz//models/buoys/marker_buoy_yellow/model.sdf
[2.845s] -- Symlinking: /home/ngen/yildiz_ws/src/YILDIZ-USV/install/workspace_gz/share/workspace_gz//models/buoys/round_buoy_orange/materials/textures/RoundBarrierBuoy_Base_Color.png
[2.853s] -- Symlinking: /home/ngen/yildiz_ws/src/YILDIZ-USV/install/workspace_gz/share/workspace_gz//models/buoys/round_buoy_orange/materials/textures/RoundBarrierBuoy_Roughness.png
[2.862s] -- Symlinking: /home/ngen/yildiz_ws/src/YILDIZ-USV/install/workspace_gz/share/workspace_gz//models/buoys/round_buoy_orange/meshes/round_buoy.dae
[2.872s] -- Symlinking: /home/ngen/yildiz_ws/src/YILDIZ-USV/install/workspace_gz/share/workspace_gz//models/buoys/round_buoy_orange/model.config
[2.879s] -- Symlinking: /home/ngen/yildiz_ws/src/YILDIZ-USV/install/workspace_gz/share/workspace_gz//models/buoys/round_buoy_orange/model.sdf
[2.887s] -- Symlinking: /home/ngen/yildiz_ws/src/YILDIZ-USV/install/workspace_gz/share/workspace_gz//models/roboboat/materials/textures/roboboat_albedo.png
[2.896s] -- Symlinking: /home/ngen/yildiz_ws/src/YILDIZ-USV/install/workspace_gz/share/workspace_gz//models/roboboat/materials/textures/roboboat_metalness.png
[2.904s] -- Symlinking: /home/ngen/yildiz_ws/src/YILDIZ-USV/install/workspace_gz/share/workspace_gz//models/roboboat/materials/textures/roboboat_normal.png
[2.912s] -- Symlinking: /home/ngen/yildiz_ws/src/YILDIZ-USV/install/workspace_gz/share/workspace_gz//models/roboboat/materials/textures/roboboat_roughness.png
[2.918s] -- Symlinking: /home/ngen/yildiz_ws/src/YILDIZ-USV/install/workspace_gz/share/workspace_gz//models/roboboat/materials/textures/thruster_albedo.png
[2.925s] -- Symlinking: /home/ngen/yildiz_ws/src/YILDIZ-USV/install/workspace_gz/share/workspace_gz//models/roboboat/materials/textures/thruster_roughness.png
[2.933s] -- Symlinking: /home/ngen/yildiz_ws/src/YILDIZ-USV/install/workspace_gz/share/workspace_gz//models/roboboat/meshes/housing.dae
[2.940s] -- Symlinking: /home/ngen/yildiz_ws/src/YILDIZ-USV/install/workspace_gz/share/workspace_gz//models/roboboat/meshes/mount.dae
[2.948s] -- Symlinking: /home/ngen/yildiz_ws/src/YILDIZ-USV/install/workspace_gz/share/workspace_gz//models/roboboat/meshes/prop.dae
[2.956s] -- Symlinking: /home/ngen/yildiz_ws/src/YILDIZ-USV/install/workspace_gz/share/workspace_gz//models/roboboat/meshes/roboboat.dae
[2.964s] -- Symlinking: /home/ngen/yildiz_ws/src/YILDIZ-USV/install/workspace_gz/share/workspace_gz//models/roboboat/sensors/camera/materials/textures/camera.png
[2.971s] -- Symlinking: /home/ngen/yildiz_ws/src/YILDIZ-USV/install/workspace_gz/share/workspace_gz//models/roboboat/sensors/camera/materials/textures/camera_albedo.png
[2.978s] -- Symlinking: /home/ngen/yildiz_ws/src/YILDIZ-USV/install/workspace_gz/share/workspace_gz//models/roboboat/sensors/camera/materials/textures/camera_metalness.png
[2.987s] -- Symlinking: /home/ngen/yildiz_ws/src/YILDIZ-USV/install/workspace_gz/share/workspace_gz//models/roboboat/sensors/camera/materials/textures/camera_normal.png
[2.996s] -- Symlinking: /home/ngen/yildiz_ws/src/YILDIZ-USV/install/workspace_gz/share/workspace_gz//models/roboboat/sensors/camera/materials/textures/camera_roughness.png
[3.004s] -- Symlinking: /home/ngen/yildiz_ws/src/YILDIZ-USV/install/workspace_gz/share/workspace_gz//models/roboboat/sensors/camera/meshes/camera.dae
[3.012s] -- Symlinking: /home/ngen/yildiz_ws/src/YILDIZ-USV/install/workspace_gz/share/workspace_gz//models/roboboat/sensors/camera/meshes/camera_albedo.png
[3.018s] -- Symlinking: /home/ngen/yildiz_ws/src/YILDIZ-USV/install/workspace_gz/share/workspace_gz//models/roboboat/sensors/camera_post/materials/textures/post_albedo.png
[3.027s] -- Symlinking: /home/ngen/yildiz_ws/src/YILDIZ-USV/install/workspace_gz/share/workspace_gz//models/roboboat/sensors/camera_post/meshes/post.dae
[3.036s] -- Symlinking: /home/ngen/yildiz_ws/src/YILDIZ-USV/install/workspace_gz/share/workspace_gz//models/roboboat/sensors/camera_post/meshes/post_albedo.jpg
[3.043s] -- Symlinking: /home/ngen/yildiz_ws/src/YILDIZ-USV/install/workspace_gz/share/workspace_gz//models/roboboat/sensors/drybox/materials/textures/drybox_albedo.png
[3.051s] -- Symlinking: /home/ngen/yildiz_ws/src/YILDIZ-USV/install/workspace_gz/share/workspace_gz//models/roboboat/sensors/drybox/materials/textures/drybox_roughness.png
[3.060s] -- Symlinking: /home/ngen/yildiz_ws/src/YILDIZ-USV/install/workspace_gz/share/workspace_gz//models/roboboat/sensors/drybox/meshes/drybox.dae
[3.067s] -- Symlinking: /home/ngen/yildiz_ws/src/YILDIZ-USV/install/workspace_gz/share/workspace_gz//models/roboboat/sensors/gps/materials/textures/gps_albedo.png
[3.077s] -- Symlinking: /home/ngen/yildiz_ws/src/YILDIZ-USV/install/workspace_gz/share/workspace_gz//models/roboboat/sensors/gps/meshes/gps.dae
[3.085s] -- Symlinking: /home/ngen/yildiz_ws/src/YILDIZ-USV/install/workspace_gz/share/workspace_gz//models/roboboat/sensors/gps/meshes/gps_albedo.png
[3.092s] -- Symlinking: /home/ngen/yildiz_ws/src/YILDIZ-USV/install/workspace_gz/share/workspace_gz//models/roboboat/sensors/lidar/materials/textures/lidar.png
[3.102s] -- Symlinking: /home/ngen/yildiz_ws/src/YILDIZ-USV/install/workspace_gz/share/workspace_gz//models/roboboat/sensors/lidar/materials/textures/lidar_albedo.png
[3.110s] -- Symlinking: /home/ngen/yildiz_ws/src/YILDIZ-USV/install/workspace_gz/share/workspace_gz//models/roboboat/sensors/lidar/materials/textures/lidar_metalness.png
[3.118s] -- Symlinking: /home/ngen/yildiz_ws/src/YILDIZ-USV/install/workspace_gz/share/workspace_gz//models/roboboat/sensors/lidar/materials/textures/lidar_normal.png
[3.126s] -- Symlinking: /home/ngen/yildiz_ws/src/YILDIZ-USV/install/workspace_gz/share/workspace_gz//models/roboboat/sensors/lidar/materials/textures/lidar_roughness.png
[3.133s] -- Symlinking: /home/ngen/yildiz_ws/src/YILDIZ-USV/install/workspace_gz/share/workspace_gz//models/roboboat/sensors/lidar/meshes/lidar.dae
[3.140s] -- Symlinking: /home/ngen/yildiz_ws/src/YILDIZ-USV/install/workspace_gz/share/workspace_gz//models/roboboat/sensors/lidar/meshes/lidar_albedo.png
[3.148s] -- Symlinking: /home/ngen/yildiz_ws/src/YILDIZ-USV/install/workspace_gz/share/workspace_gz//models/roboboat/sensors/lidar_post/materials/textures/post_albedo.png
[3.156s] -- Symlinking: /home/ngen/yildiz_ws/src/YILDIZ-USV/install/workspace_gz/share/workspace_gz//models/roboboat/sensors/lidar_post/meshes/post.dae
[3.162s] -- Symlinking: /home/ngen/yildiz_ws/src/YILDIZ-USV/install/workspace_gz/share/workspace_gz//models/roboboat/sensors/lidar_post/meshes/post_albedo.jpg
[3.170s] -- Symlinking: /home/ngen/yildiz_ws/src/YILDIZ-USV/install/workspace_gz/share/workspace_gz//models/waves/materials/programs/GerstnerWaves_fs_330.glsl
[3.176s] -- Symlinking: /home/ngen/yildiz_ws/src/YILDIZ-USV/install/workspace_gz/share/workspace_gz//models/waves/materials/programs/GerstnerWaves_vs_330.glsl
[3.184s] -- Symlinking: /home/ngen/yildiz_ws/src/YILDIZ-USV/install/workspace_gz/share/workspace_gz//models/waves/materials/textures/skybox_lowres.dds
[3.193s] -- Symlinking: /home/ngen/yildiz_ws/src/YILDIZ-USV/install/workspace_gz/share/workspace_gz//models/waves/materials/textures/wave_normals.dds
[3.202s] -- Symlinking: /home/ngen/yildiz_ws/src/YILDIZ-USV/install/workspace_gz/share/workspace_gz//models/waves/meshes/waterlow.dae
[3.210s] -- Symlinking: /home/ngen/yildiz_ws/src/YILDIZ-USV/install/workspace_gz/share/workspace_gz//models/waves/model.config
[3.217s] -- Symlinking: /home/ngen/yildiz_ws/src/YILDIZ-USV/install/workspace_gz/share/workspace_gz//models/waves/model.sdf
[3.227s] -- Symlinking: /home/ngen/yildiz_ws/src/YILDIZ-USV/install/workspace_gz/share/workspace_gz//worlds/world.sdf
[3.236s] -- Symlinking: /home/ngen/yildiz_ws/src/YILDIZ-USV/install/workspace_gz/share/workspace_gz/environment/library_path.sh
[3.244s] -- Symlinking: /home/ngen/yildiz_ws/src/YILDIZ-USV/install/workspace_gz/share/workspace_gz/environment/library_path.dsv
[3.252s] -- Symlinking: /home/ngen/yildiz_ws/src/YILDIZ-USV/install/workspace_gz/share/ament_index/resource_index/package_run_dependencies/workspace_gz
[3.258s] -- Symlinking: /home/ngen/yildiz_ws/src/YILDIZ-USV/install/workspace_gz/share/ament_index/resource_index/parent_prefix_path/workspace_gz
[3.265s] -- Symlinking: /home/ngen/yildiz_ws/src/YILDIZ-USV/install/workspace_gz/share/workspace_gz/environment/ament_prefix_path.sh
[3.272s] -- Symlinking: /home/ngen/yildiz_ws/src/YILDIZ-USV/install/workspace_gz/share/workspace_gz/environment/ament_prefix_path.dsv
[3.280s] -- Symlinking: /home/ngen/yildiz_ws/src/YILDIZ-USV/install/workspace_gz/share/workspace_gz/environment/path.sh
[3.289s] -- Symlinking: /home/ngen/yildiz_ws/src/YILDIZ-USV/install/workspace_gz/share/workspace_gz/environment/path.dsv
[3.299s] -- Symlinking: /home/ngen/yildiz_ws/src/YILDIZ-USV/install/workspace_gz/share/workspace_gz/local_setup.bash
[3.308s] -- Symlinking: /home/ngen/yildiz_ws/src/YILDIZ-USV/install/workspace_gz/share/workspace_gz/local_setup.sh
[3.315s] -- Symlinking: /home/ngen/yildiz_ws/src/YILDIZ-USV/install/workspace_gz/share/workspace_gz/local_setup.zsh
[3.326s] -- Symlinking: /home/ngen/yildiz_ws/src/YILDIZ-USV/install/workspace_gz/share/workspace_gz/local_setup.dsv
[3.335s] -- Symlinking: /home/ngen/yildiz_ws/src/YILDIZ-USV/install/workspace_gz/share/workspace_gz/package.dsv
[3.343s] -- Symlinking: /home/ngen/yildiz_ws/src/YILDIZ-USV/install/workspace_gz/share/ament_index/resource_index/packages/workspace_gz
[3.352s] -- Symlinking: /home/ngen/yildiz_ws/src/YILDIZ-USV/install/workspace_gz/share/workspace_gz/cmake/ament_cmake_export_libraries-extras.cmake
[3.361s] -- Symlinking: /home/ngen/yildiz_ws/src/YILDIZ-USV/install/workspace_gz/share/workspace_gz/cmake/ament_cmake_export_dependencies-extras.cmake
[3.367s] -- Symlinking: /home/ngen/yildiz_ws/src/YILDIZ-USV/install/workspace_gz/share/workspace_gz/cmake/workspace_gzConfig.cmake
[3.373s] -- Symlinking: /home/ngen/yildiz_ws/src/YILDIZ-USV/install/workspace_gz/share/workspace_gz/cmake/workspace_gzConfig-version.cmake
[3.382s] -- Symlinking: /home/ngen/yildiz_ws/src/YILDIZ-USV/install/workspace_gz/share/workspace_gz/package.xml
[3.392s] Invoked command in '/home/ngen/yildiz_ws/src/YILDIZ-USV/build/workspace_gz' returned '0': CMAKE_PREFIX_PATH=${CMAKE_PREFIX_PATH}:/opt/ros/jazzy DEBUGINFOD_URLS=https://debuginfod.ubuntu.com /usr/bin/cmake --install /home/ngen/yildiz_ws/src/YILDIZ-USV/build/workspace_gz
