[0.009s] Invoking command in '/home/aliomacc/sti_usv/build/workspace_gz': CMAKE_PREFIX_PATH=${CMAKE_PREFIX_PATH}:/home/aliomacc/ros2_ws/install/actions_py:/home/aliomacc/ros2_ws/install/lifecycle_py:/opt/ros/humble /usr/bin/cmake /home/aliomacc/sti_usv/src/usv_sim/workspace_gz -DAMENT_CMAKE_SYMLINK_INSTALL=1 -DCMAKE_INSTALL_PREFIX=/home/aliomacc/sti_usv/install/workspace_gz
[0.056s] -- The C compiler identification is GNU 11.4.0
[0.109s] -- The CXX compiler identification is GNU 11.4.0
[0.117s] -- Detecting C compiler ABI info
[0.180s] -- Detecting C compiler ABI info - done
[0.188s] -- Check for working C compiler: /usr/bin/cc - skipped
[0.188s] -- Detecting C compile features
[0.189s] -- Detecting C compile features - done
[0.191s] -- Detecting CXX compiler ABI info
[0.264s] -- Detecting CXX compiler ABI info - done
[0.271s] -- Check for working CXX compiler: /usr/bin/c++ - skipped
[0.272s] -- Detecting CXX compile features
[0.272s] -- Detecting CXX compile features - done
[0.275s] -- Found ament_cmake: 1.3.12 (/opt/ros/humble/share/ament_cmake/cmake)
[0.419s] -- Found Python3: /usr/bin/python3 (found version "3.10.12") found components: Interpreter 
[0.480s] -- Override CMake install command with custom implementation using symlinks instead of copying resources
[0.515s] -- Looking for ignition-gazebo6 -- found version 6.17.1
[0.521s] -- Searching for dependencies of ignition-gazebo6
[0.523s] -- Looking for sdformat12 -- found version 12.9.0
[0.524s] -- Searching for dependencies of sdformat12
[0.528s] -- Checking for module 'tinyxml2'
[0.540s] --   Found tinyxml2, version 9.0.0
[0.572s] -- Looking for ignition-math6 -- found version 6.15.1
[0.573s] -- Searching for dependencies of ignition-math6
[0.578s] -- Looking for ignition-utils1 -- found version 1.5.1
[0.578s] -- Searching for dependencies of ignition-utils1
[0.584s] -- Looking for ignition-plugin1 -- found version 1.4.0
[0.584s] -- Searching for dependencies of ignition-plugin1
[0.585s] -- Searching for <ignition-plugin1> component [loader]
[0.589s] -- Looking for ignition-plugin1-loader -- found version 1.4.0
[0.590s] -- Searching for dependencies of ignition-plugin1-loader
[0.590s] -- Searching for <ignition-plugin1> component [register]
[0.593s] -- Looking for ignition-plugin1-register -- found version 1.4.0
[0.593s] -- Searching for dependencies of ignition-plugin1-register
[0.596s] -- Looking for ignition-transport11 -- found version 11.4.2
[0.596s] -- Searching for dependencies of ignition-transport11
[0.745s] -- Found Protobuf: /usr/lib/x86_64-linux-gnu/libprotobuf.so (found version "3.12.4") 
[0.756s] -- Config-file not installed for ZeroMQ -- checking for pkg-config
[0.760s] -- Checking for module 'libzmq >= 4'
[0.769s] --   Found libzmq , version 4.3.4
[0.795s] -- Found ZeroMQ: TRUE (Required is at least version "4") 
[0.799s] -- Checking for module 'uuid'
[0.808s] --   Found uuid, version 2.37.2
[0.832s] -- Found UUID: TRUE  
[0.832s] -- Looking for ignition-utils1 -- found version 1.5.1
[0.833s] -- Searching for dependencies of ignition-utils1
[0.833s] -- Searching for <ignition-utils1> component [cli]
[0.836s] -- Looking for ignition-utils1-cli -- found version 1.5.1
[0.836s] -- Searching for dependencies of ignition-utils1-cli
[0.840s] -- Looking for ignition-msgs8 -- found version 8.7.0
[0.840s] -- Searching for dependencies of ignition-msgs8
[0.857s] -- Found Protobuf: /usr/lib/x86_64-linux-gnu/libprotobuf.so (found suitable version "3.12.4", minimum required is "3") 
[0.857s] -- Looking for ignition-math6 -- found version 6.15.1
[0.867s] -- Searching for <ignition-transport11> component [log]
[0.870s] -- Looking for ignition-transport11-log -- found version 11.4.2
[0.870s] -- Searching for dependencies of ignition-transport11-log
[0.871s] -- Searching for <ignition-transport11> component [parameters]
[0.873s] -- Looking for ignition-transport11-parameters -- found version 11.4.2
[0.874s] -- Searching for dependencies of ignition-transport11-parameters
[0.875s] -- Looking for ignition-msgs8 -- found version 8.7.0
[0.877s] -- Looking for ignition-common4 -- found version 4.8.0
[0.877s] -- Searching for dependencies of ignition-common4
[0.878s] -- Looking for dlfcn.h - found
[0.878s] -- Looking for libdl - found
[0.880s] -- Found DL: TRUE  
[0.887s] -- Searching for <ignition-common4> component [profiler]
[0.890s] -- Looking for ignition-common4-profiler -- found version 4.8.0
[0.890s] -- Searching for dependencies of ignition-common4-profiler
[0.890s] -- Searching for <ignition-common4> component [events]
[0.893s] -- Looking for ignition-common4-events -- found version 4.8.0
[0.893s] -- Searching for dependencies of ignition-common4-events
[0.894s] -- Looking for ignition-math6 -- found version 6.15.1
[0.894s] -- Searching for <ignition-common4> component [av]
[0.897s] -- Looking for ignition-common4-av -- found version 4.8.0
[0.897s] -- Searching for dependencies of ignition-common4-av
[0.901s] -- Checking for module 'libswscale'
[0.911s] --   Found libswscale, version 5.9.100
[0.937s] -- Found SWSCALE: TRUE  
[0.941s] -- Checking for module 'libavdevice >= 56.4.100'
[0.952s] --   Found libavdevice , version 58.13.100
[0.980s] -- Found AVDEVICE: TRUE (Required is at least version "56.4.100") 
[0.984s] -- Checking for module 'libavformat'
[0.995s] --   Found libavformat, version 58.76.100
[1.021s] -- Found AVFORMAT: TRUE  
[1.025s] -- Checking for module 'libavcodec'
[1.039s] --   Found libavcodec, version 58.134.100
[1.065s] -- Found AVCODEC: TRUE  
[1.070s] -- Checking for module 'libavutil'
[1.080s] --   Found libavutil, version 56.70.100
[1.106s] -- Found AVUTIL: TRUE  
[1.109s] -- Looking for ignition-fuel_tools7 -- found version 7.3.1
[1.110s] -- Searching for dependencies of ignition-fuel_tools7
[1.179s] -- Found CURL: /usr/lib/x86_64-linux-gnu/libcurl.so (found version "7.81.0")  
[1.188s] -- Checking for module 'jsoncpp'
[1.199s] --   Found jsoncpp, version 1.9.5
[1.223s] -- Found JSONCPP: TRUE  
[1.229s] -- Checking for module 'libzip'
[1.241s] --   Found libzip, version 1.7.3
[1.267s] -- Found ZIP: TRUE  
[1.267s] -- Looking for ignition-common4 -- found version 4.8.0
[1.268s] -- Looking for ignition-math6 -- found version 6.15.1
[1.268s] -- Looking for ignition-msgs8 -- found version 8.7.0
[1.271s] -- Looking for ignition-gui6 -- found version 6.9.0
[1.272s] -- Searching for dependencies of ignition-gui6
[1.290s] -- Found Protobuf: /usr/lib/x86_64-linux-gnu/libprotobuf.so (found version "3.12.4") 
[1.297s] -- Looking for ignition-math6 -- found version 6.15.1
[1.297s] -- Looking for ignition-common4 -- found version 4.8.0
[1.297s] -- Looking for ignition-plugin1 -- found version 1.4.0
[1.298s] -- Looking for ignition-transport11 -- found version 11.4.2
[1.301s] -- Looking for ignition-rendering6 -- found version 6.6.4
[1.301s] -- Searching for dependencies of ignition-rendering6
[1.302s] -- Looking for ignition-math6 -- found version 6.15.1
[1.302s] -- Searching for dependencies of ignition-math6
[1.302s] -- Searching for <ignition-math6> component [eigen3]
[1.305s] -- Looking for ignition-math6-eigen3 -- found version 6.15.1
[1.305s] -- Searching for dependencies of ignition-math6-eigen3
[1.313s] -- Looking for ignition-common4 -- found version 4.8.0
[1.314s] -- Searching for dependencies of ignition-common4
[1.314s] -- Looking for dlfcn.h - found
[1.314s] -- Looking for libdl - found
[1.322s] -- Searching for <ignition-common4> component [graphics]
[1.325s] -- Looking for ignition-common4-graphics -- found version 4.8.0
[1.325s] -- Searching for dependencies of ignition-common4-graphics
[1.325s] -- Looking for ignition-math6 -- found version 6.15.1
[1.326s] -- Looking for ignition-utils1 -- found version 1.5.1
[1.326s] -- Searching for <ignition-common4> component [events]
[1.327s] -- Looking for ignition-plugin1 -- found version 1.4.0
[1.327s] -- Searching for dependencies of ignition-plugin1
[1.328s] -- Searching for <ignition-plugin1> component [all]
[1.331s] -- Looking for all libraries of ignition-plugin1 -- found version 1.4.0
[1.332s] -- Looking for ignition-plugin1 -- found version 1.4.0
[1.334s] -- Looking for ignition-msgs8 -- found version 8.7.0
[1.355s] -- Looking for ignition-physics5 -- found version 5.4.0
[1.355s] -- Searching for dependencies of ignition-physics5
[1.356s] -- Looking for ignition-math6 -- found version 6.15.1
[1.356s] -- Looking for ignition-plugin1 -- found version 1.4.0
[1.357s] -- Looking for ignition-utils1 -- found version 1.5.1
[1.357s] -- Searching for <ignition-physics5> component [heightmap]
[1.360s] -- Looking for ignition-physics5-heightmap -- found version 5.4.0
[1.360s] -- Searching for dependencies of ignition-physics5-heightmap
[1.361s] -- Looking for ignition-common4 -- found version 4.8.0
[1.361s] -- Searching for <ignition-physics5> component [mesh]
[1.364s] -- Looking for ignition-physics5-mesh -- found version 5.4.0
[1.364s] -- Searching for dependencies of ignition-physics5-mesh
[1.364s] -- Looking for ignition-common4 -- found version 4.8.0
[1.365s] -- Searching for <ignition-physics5> component [sdf]
[1.367s] -- Looking for ignition-physics5-sdf -- found version 5.4.0
[1.368s] -- Searching for dependencies of ignition-physics5-sdf
[1.368s] -- Looking for sdformat12 -- found version 12.9.0
[1.371s] -- Looking for ignition-sensors6 -- found version 6.9.0
[1.371s] -- Searching for dependencies of ignition-sensors6
[1.389s] -- Looking for ignition-math6 -- found version 6.15.1
[1.389s] -- Looking for ignition-common4 -- found version 4.8.0
[1.390s] -- Looking for ignition-transport11 -- found version 11.4.2
[1.390s] -- Looking for ignition-rendering6 -- found version 6.6.4
[1.390s] -- Looking for ignition-msgs8 -- found version 8.7.0
[1.391s] -- Looking for sdformat12 -- found version 12.9.0
[1.391s] -- Searching for <ignition-sensors6> component [air_pressure]
[1.394s] -- Looking for ignition-sensors6-air_pressure -- found version 6.9.0
[1.394s] -- Searching for dependencies of ignition-sensors6-air_pressure
[1.395s] -- Searching for <ignition-sensors6> component [altimeter]
[1.397s] -- Looking for ignition-sensors6-altimeter -- found version 6.9.0
[1.398s] -- Searching for dependencies of ignition-sensors6-altimeter
[1.398s] -- Searching for <ignition-sensors6> component [imu]
[1.400s] -- Looking for ignition-sensors6-imu -- found version 6.9.0
[1.401s] -- Searching for dependencies of ignition-sensors6-imu
[1.401s] -- Searching for <ignition-sensors6> component [force_torque]
[1.404s] -- Looking for ignition-sensors6-force_torque -- found version 6.9.0
[1.404s] -- Searching for dependencies of ignition-sensors6-force_torque
[1.405s] -- Searching for <ignition-sensors6> component [logical_camera]
[1.407s] -- Looking for ignition-sensors6-logical_camera -- found version 6.9.0
[1.408s] -- Searching for dependencies of ignition-sensors6-logical_camera
[1.408s] -- Searching for <ignition-sensors6> component [magnetometer]
[1.411s] -- Looking for ignition-sensors6-magnetometer -- found version 6.9.0
[1.411s] -- Searching for dependencies of ignition-sensors6-magnetometer
[1.412s] -- Searching for <ignition-sensors6> component [navsat]
[1.414s] -- Looking for ignition-sensors6-navsat -- found version 6.9.0
[1.415s] -- Searching for dependencies of ignition-sensors6-navsat
[1.415s] -- Searching for <ignition-sensors6> component [rendering]
[1.418s] -- Looking for ignition-sensors6-rendering -- found version 6.9.0
[1.418s] -- Searching for dependencies of ignition-sensors6-rendering
[1.419s] -- Searching for <ignition-sensors6> component [lidar]
[1.421s] -- Looking for ignition-sensors6-lidar -- found version 6.9.0
[1.422s] -- Searching for dependencies of ignition-sensors6-lidar
[1.422s] -- Looking for ignition-sensors6 -- found version 6.9.0
[1.422s] -- Searching for <ignition-sensors6> component [gpu_lidar]
[1.425s] -- Looking for ignition-sensors6-gpu_lidar -- found version 6.9.0
[1.425s] -- Searching for dependencies of ignition-sensors6-gpu_lidar
[1.426s] -- Looking for ignition-sensors6 -- found version 6.9.0
[1.426s] -- Searching for <ignition-sensors6> component [camera]
[1.429s] -- Looking for ignition-sensors6-camera -- found version 6.9.0
[1.429s] -- Searching for dependencies of ignition-sensors6-camera
[1.430s] -- Looking for ignition-sensors6 -- found version 6.9.0
[1.431s] -- Searching for <ignition-sensors6> component [boundingbox_camera]
[1.434s] -- Looking for ignition-sensors6-boundingbox_camera -- found version 6.9.0
[1.435s] -- Searching for dependencies of ignition-sensors6-boundingbox_camera
[1.436s] -- Searching for <ignition-sensors6> component [segmentation_camera]
[1.438s] -- Looking for ignition-sensors6-segmentation_camera -- found version 6.9.0
[1.439s] -- Searching for dependencies of ignition-sensors6-segmentation_camera
[1.439s] -- Searching for <ignition-sensors6> component [depth_camera]
[1.442s] -- Looking for ignition-sensors6-depth_camera -- found version 6.9.0
[1.442s] -- Searching for dependencies of ignition-sensors6-depth_camera
[1.442s] -- Looking for ignition-sensors6 -- found version 6.9.0
[1.443s] -- Searching for <ignition-sensors6> component [rgbd_camera]
[1.445s] -- Looking for ignition-sensors6-rgbd_camera -- found version 6.9.0
[1.446s] -- Searching for dependencies of ignition-sensors6-rgbd_camera
[1.446s] -- Looking for ignition-sensors6 -- found version 6.9.0
[1.447s] -- Searching for <ignition-sensors6> component [thermal_camera]
[1.449s] -- Looking for ignition-sensors6-thermal_camera -- found version 6.9.0
[1.450s] -- Searching for dependencies of ignition-sensors6-thermal_camera
[1.450s] -- Looking for ignition-sensors6 -- found version 6.9.0
[1.451s] -- Looking for ignition-rendering6 -- found version 6.6.4
[1.451s] -- Looking for ignition-math6 -- found version 6.15.1
[1.454s] -- Looking for ignition-utils1 -- found version 1.5.1
[1.473s] -- Looking for ignition-common4 -- found version 4.8.0
[1.473s] -- Looking for ignition-math6 -- found version 6.15.1
[1.473s] -- Looking for ignition-transport11 -- found version 11.4.2
[1.474s] -- Looking for ignition-plugin1 -- found version 1.4.0
[1.474s] -- Looking for ignition-rendering6 -- found version 6.6.4
[1.474s] -- Looking for ignition-sensors6 -- found version 6.9.0
[1.475s] -- Looking for ignition-utils1 -- found version 1.5.1
[1.475s] -- Looking for ignition-msgs8 -- found version 8.7.0
[1.476s] -- Looking for sdformat12 -- found version 12.9.0
[1.545s] -- Configuring done
[1.580s] -- Generating done
[1.590s] -- Build files have been written to: /home/aliomacc/sti_usv/build/workspace_gz
[1.601s] Invoked command in '/home/aliomacc/sti_usv/build/workspace_gz' returned '0': CMAKE_PREFIX_PATH=${CMAKE_PREFIX_PATH}:/home/aliomacc/ros2_ws/install/actions_py:/home/aliomacc/ros2_ws/install/lifecycle_py:/opt/ros/humble /usr/bin/cmake /home/aliomacc/sti_usv/src/usv_sim/workspace_gz -DAMENT_CMAKE_SYMLINK_INSTALL=1 -DCMAKE_INSTALL_PREFIX=/home/aliomacc/sti_usv/install/workspace_gz
[1.602s] Invoking command in '/home/aliomacc/sti_usv/build/workspace_gz': CMAKE_PREFIX_PATH=${CMAKE_PREFIX_PATH}:/home/aliomacc/ros2_ws/install/actions_py:/home/aliomacc/ros2_ws/install/lifecycle_py:/opt/ros/humble /usr/bin/cmake --build /home/aliomacc/sti_usv/build/workspace_gz -- -j8 -l8
[1.647s] [  4%] [32mBuilding CXX object CMakeFiles/Waves.dir/plugins/Wavefield.cc.o[0m
[7.040s] [  9%] [32m[1mLinking CXX shared library libWaves.so[0m
[7.314s] [  9%] Built target Waves
[7.342s] [ 38%] [32mBuilding CXX object CMakeFiles/StationkeepingScoringPlugin.dir/plugins/StationkeepingScoringPlugin.cc.o[0m
[7.342s] [ 38%] [32mBuilding CXX object CMakeFiles/ScoringPlugin.dir/plugins/ScoringPlugin.cc.o[0m
[7.342s] [ 38%] [32mBuilding CXX object CMakeFiles/WayfindingScoringPlugin.dir/plugins/WayfindingScoringPlugin.cc.o[0m
[7.342s] [ 38%] [32mBuilding CXX object CMakeFiles/Surface.dir/plugins/Surface.cc.o[0m
[7.342s] [ 38%] [32mBuilding CXX object CMakeFiles/WaveVisual.dir/plugins/WaveVisual.cc.o[0m
[7.343s] [ 38%] [32mBuilding CXX object CMakeFiles/USVWind.dir/plugins/USVWind.cc.o[0m
[7.343s] [ 42%] [32mBuilding CXX object CMakeFiles/PolyhedraBuoyancyDrag.dir/plugins/PolyhedraBuoyancyDrag.cc.o[0m
[7.343s] [ 47%] [32mBuilding CXX object CMakeFiles/SimpleHydrodynamics.dir/plugins/SimpleHydrodynamics.cc.o[0m
[14.029s] In file included from [01m[K/usr/include/ignition/plugin1/gz/plugin/Register.hh:22[m[K,
[14.030s]                  from [01m[K/home/aliomacc/sti_usv/src/usv_sim/workspace_gz/plugins/SimpleHydrodynamics.cc:22[m[K:
[14.030s] [01m[K/home/aliomacc/sti_usv/src/usv_sim/workspace_gz/plugins/SimpleHydrodynamics.cc:292:1:[m[K [01;31m[Kerror: [m[Kexpected constructor, destructor, or type conversion before ‘[01m[Knamespace[m[K’
[14.030s]   292 | [01;31m[KIGNITION_ADD_PLUGIN[m[K(vrx::SimpleHydrodynamics,
[14.030s]       | [01;31m[K^~~~~~~~~~~~~~~~~~~[m[K
[15.885s] gmake[2]: *** [CMakeFiles/SimpleHydrodynamics.dir/build.make:76: CMakeFiles/SimpleHydrodynamics.dir/plugins/SimpleHydrodynamics.cc.o] Error 1
[15.886s] gmake[1]: *** [CMakeFiles/Makefile2:257: CMakeFiles/SimpleHydrodynamics.dir/all] Error 2
[15.886s] gmake[1]: *** Bitmemiş işler için bekliyor....
[15.898s] [ 52%] [32mBuilding CXX object CMakeFiles/StationkeepingScoringPlugin.dir/plugins/WaypointMarkers.cc.o[0m
[16.032s] In file included from [01m[K/usr/include/ignition/plugin1/gz/plugin/Register.hh:22[m[K,
[16.032s]                  from [01m[K/home/aliomacc/sti_usv/src/usv_sim/workspace_gz/plugins/PolyhedraBuoyancyDrag.cc:31[m[K:
[16.032s] [01m[K/home/aliomacc/sti_usv/src/usv_sim/workspace_gz/plugins/PolyhedraBuoyancyDrag.cc:384:1:[m[K [01;31m[Kerror: [m[Kexpected constructor, destructor, or type conversion before ‘[01m[Knamespace[m[K’
[16.032s]   384 | [01;31m[KIGNITION_ADD_PLUGIN[m[K(vrx::PolyhedraBuoyancyDrag,
[16.032s]       | [01;31m[K^~~~~~~~~~~~~~~~~~~[m[K
[16.089s] In file included from [01m[K/usr/include/ignition/plugin1/gz/plugin/Register.hh:22[m[K,
[16.089s]                  from [01m[K/home/aliomacc/sti_usv/src/usv_sim/workspace_gz/plugins/ScoringPlugin.cc:28[m[K:
[16.089s] [01m[K/home/aliomacc/sti_usv/src/usv_sim/workspace_gz/plugins/ScoringPlugin.cc:664:1:[m[K [01;31m[Kerror: [m[Kexpected constructor, destructor, or type conversion before ‘[01m[Knamespace[m[K’
[16.089s]   664 | [01;31m[KIGNITION_ADD_PLUGIN[m[K(vrx::ScoringPlugin,
[16.089s]       | [01;31m[K^~~~~~~~~~~~~~~~~~~[m[K
[16.118s] In file included from [01m[K/usr/include/ignition/plugin1/gz/plugin/Register.hh:22[m[K,
[16.118s]                  from [01m[K/home/aliomacc/sti_usv/src/usv_sim/workspace_gz/plugins/Surface.cc:23[m[K:
[16.118s] [01m[K/home/aliomacc/sti_usv/src/usv_sim/workspace_gz/plugins/Surface.cc:316:1:[m[K [01;31m[Kerror: [m[Kexpected constructor, destructor, or type conversion before ‘[01m[Knamespace[m[K’
[16.119s]   316 | [01;31m[KIGNITION_ADD_PLUGIN[m[K(vrx::Surface,
[16.119s]       | [01;31m[K^~~~~~~~~~~~~~~~~~~[m[K
[16.397s] In file included from [01m[K/usr/include/ignition/plugin1/gz/plugin/Register.hh:22[m[K,
[16.398s]                  from [01m[K/home/aliomacc/sti_usv/src/usv_sim/workspace_gz/plugins/WayfindingScoringPlugin.cc:28[m[K:
[16.398s] [01m[K/home/aliomacc/sti_usv/src/usv_sim/workspace_gz/plugins/WayfindingScoringPlugin.cc:300:1:[m[K [01;31m[Kerror: [m[Kexpected constructor, destructor, or type conversion before ‘[01m[Knamespace[m[K’
[16.398s]   300 | [01;31m[KIGNITION_ADD_PLUGIN[m[K(vrx::WayfindingScoringPlugin,
[16.398s]       | [01;31m[K^~~~~~~~~~~~~~~~~~~[m[K
[16.410s] In file included from [01m[K/usr/include/ignition/rendering6/gz/rendering/Node.hh:22[m[K,
[16.411s]                  from [01m[K/usr/include/ignition/rendering6/gz/rendering/Storage.hh:24[m[K,
[16.411s]                  from [01m[K/usr/include/ignition/rendering6/gz/rendering/Scene.hh:34[m[K,
[16.411s]                  from [01m[K/home/aliomacc/sti_usv/src/usv_sim/workspace_gz/plugins/WaveVisual.cc:29[m[K:
[16.411s] /usr/include/c++/11/variant: In instantiation of ‘[01m[Kconstexpr std::add_pointer_t<_Tp> std::get_if(std::variant<_Types ...>*) [with _Tp = long unsigned int; _Types = {std::monostate, int, float, double, std::__cxx11::basic_string<char, std::char_traits<char>, std::allocator<char> >, bool, unsigned int}; std::add_pointer_t<_Tp> = long unsigned int*][m[K’:
[16.412s] [01m[K/home/aliomacc/sti_usv/src/usv_sim/workspace_gz/plugins/WaveVisual.cc:272:54:[m[K   required from here
[16.412s] [01m[K/usr/include/c++/11/variant:1185:42:[m[K [01;31m[Kerror: [m[Kstatic assertion failed: T must occur exactly once in alternatives
[16.412s]  1185 |       static_assert([01;31m[K__detail::__variant::__exactly_once<_Tp, _Types...>[m[K,
[16.412s]       |                     [01;31m[K~~~~~~~~~~~~~~~~~~~~~^~~~~~~~~~~~~~~~~~~~~~~~~~~~~~[m[K
[16.413s] [01m[K/usr/include/c++/11/variant:1185:42:[m[K [01;36m[Knote: [m[K‘[01m[Kstd::__detail::__variant::__exactly_once<long unsigned int, std::monostate, int, float, double, std::__cxx11::basic_string<char, std::char_traits<char>, std::allocator<char> >, bool, unsigned int>[m[K’ evaluates to false
[16.415s] /usr/include/c++/11/variant: In instantiation of ‘[01m[Kstruct std::variant_alternative<1, std::variant<unsigned int> >[m[K’:
[16.415s] [01m[K/usr/include/c++/11/variant:103:12:[m[K   recursively required from ‘[01m[Kstruct std::variant_alternative<6, std::variant<int, float, double, std::__cxx11::basic_string<char, std::char_traits<char>, std::allocator<char> >, bool, unsigned int> >[m[K’
[16.415s] [01m[K/usr/include/c++/11/variant:103:12:[m[K   required from ‘[01m[Kstruct std::variant_alternative<7, std::variant<std::monostate, int, float, double, std::__cxx11::basic_string<char, std::char_traits<char>, std::allocator<char> >, bool, unsigned int> >[m[K’
[16.415s] [01m[K/usr/include/c++/11/variant:1170:5:[m[K   required by substitution of ‘[01m[Ktemplate<long unsigned int _Np, class ... _Types> constexpr std::add_pointer_t<const typename std::variant_alternative<_Np, std::variant<_Types ...> >::type> std::get_if(const std::variant<_Types ...>*) [with long unsigned int _Np = 7; _Types = {std::monostate, int, float, double, std::__cxx11::basic_string<char, std::char_traits<char>, std::allocator<char> >, bool, unsigned int}][m[K’
[16.416s] [01m[K/usr/include/c++/11/variant:1188:76:[m[K   required from ‘[01m[Kconstexpr std::add_pointer_t<_Tp> std::get_if(std::variant<_Types ...>*) [with _Tp = long unsigned int; _Types = {std::monostate, int, float, double, std::__cxx11::basic_string<char, std::char_traits<char>, std::allocator<char> >, bool, unsigned int}; std::add_pointer_t<_Tp> = long unsigned int*][m[K’
[16.416s] [01m[K/home/aliomacc/sti_usv/src/usv_sim/workspace_gz/plugins/WaveVisual.cc:272:54:[m[K   required from here
[16.416s] [01m[K/usr/include/c++/11/variant:103:12:[m[K [01;31m[Kerror: [m[Kinvalid use of incomplete type ‘[01m[Kstruct std::variant_alternative<0, std::variant<> >[m[K’
[16.416s]   103 |     struct [01;31m[Kvariant_alternative<_Np, variant<_First, _Rest...>>[m[K
[16.416s]       |            [01;31m[K^~~~~~~~~~~~~~~~~~~~~~~~~~~~~~~~~~~~~~~~~~~~~~~~~~~[m[K
[16.416s] [01m[K/usr/include/c++/11/variant:100:12:[m[K [01;36m[Knote: [m[Kdeclaration of ‘[01m[Kstruct std::variant_alternative<0, std::variant<> >[m[K’
[16.416s]   100 |     struct [01;36m[Kvariant_alternative[m[K;
[16.416s]       |            [01;36m[K^~~~~~~~~~~~~~~~~~~[m[K
[16.420s] /usr/include/c++/11/variant: In instantiation of ‘[01m[Kconstexpr std::add_pointer_t<_Tp> std::get_if(std::variant<_Types ...>*) [with _Tp = long unsigned int; _Types = {std::monostate, int, float, double, std::__cxx11::basic_string<char, std::char_traits<char>, std::allocator<char> >, bool, unsigned int}; std::add_pointer_t<_Tp> = long unsigned int*][m[K’:
[16.421s] [01m[K/home/aliomacc/sti_usv/src/usv_sim/workspace_gz/plugins/WaveVisual.cc:272:54:[m[K   required from here
[16.421s] [01m[K/usr/include/c++/11/variant:1188:76:[m[K [01;31m[Kerror: [m[Kno matching function for call to ‘[01m[Kget_if<std::__detail::__variant::__index_of_v<long unsigned int, std::monostate, int, float, double, std::__cxx11::basic_string<char, std::char_traits<char>, std::allocator<char> >, bool, unsigned int> >(std::variant<std::monostate, int, float, double, std::__cxx11::basic_string<char, std::char_traits<char>, std::allocator<char> >, bool, unsigned int>*&)[m[K’
[16.421s]  1188 |       return [01;31m[Kstd::get_if<__detail::__variant::__index_of_v<_Tp, _Types...>>([m[K
[16.421s]       |              [01;31m[K~~~~~~~~~~~~~~~~~~~~~~~~~~~~~~~~~~~~~~~~~~~~~~~~~~~~~~~~~~~~~~^[m[K
[16.421s]  1189 | [01;31m[K          __ptr)[m[K;
[16.421s]       |           [01;31m[K~~~~~~[m[K                                                            
[16.421s] [01m[K/usr/include/c++/11/variant:1156:5:[m[K [01;36m[Knote: [m[Kcandidate: ‘[01m[Ktemplate<long unsigned int _Np, class ... _Types> constexpr std::add_pointer_t<typename std::variant_alternative<_Np, std::variant<_Types ...> >::type> std::get_if(std::variant<_Types ...>*)[m[K’
[16.421s]  1156 |     [01;36m[Kget_if[m[K(variant<_Types...>* __ptr) noexcept
[16.422s]       |     [01;36m[K^~~~~~[m[K
[16.422s] [01m[K/usr/include/c++/11/variant:1156:5:[m[K [01;36m[Knote: [m[K  template argument deduction/substitution failed:
[16.422s] /usr/include/c++/11/variant: In substitution of ‘[01m[Ktemplate<long unsigned int _Np, class ... _Types> constexpr std::add_pointer_t<typename std::variant_alternative<_Np, std::variant<_Types ...> >::type> std::get_if(std::variant<_Types ...>*) [with long unsigned int _Np = 7; _Types = {std::monostate, int, float, double, std::__cxx11::basic_string<char, std::char_traits<char>, std::allocator<char> >, bool, unsigned int}][m[K’:
[16.422s] [01m[K/usr/include/c++/11/variant:1188:76:[m[K   required from ‘[01m[Kconstexpr std::add_pointer_t<_Tp> std::get_if(std::variant<_Types ...>*) [with _Tp = long unsigned int; _Types = {std::monostate, int, float, double, std::__cxx11::basic_string<char, std::char_traits<char>, std::allocator<char> >, bool, unsigned int}; std::add_pointer_t<_Tp> = long unsigned int*][m[K’
[16.422s] [01m[K/home/aliomacc/sti_usv/src/usv_sim/workspace_gz/plugins/WaveVisual.cc:272:54:[m[K   required from here
[16.422s] [01m[K/usr/include/c++/11/variant:1156:5:[m[K [01;31m[Kerror: [m[Kno type named ‘[01m[Ktype[m[K’ in ‘[01m[Kstruct std::variant_alternative<7, std::variant<std::monostate, int, float, double, std::__cxx11::basic_string<char, std::char_traits<char>, std::allocator<char> >, bool, unsigned int> >[m[K’
[16.422s] /usr/include/c++/11/variant: In instantiation of ‘[01m[Kconstexpr std::add_pointer_t<_Tp> std::get_if(std::variant<_Types ...>*) [with _Tp = long unsigned int; _Types = {std::monostate, int, float, double, std::__cxx11::basic_string<char, std::char_traits<char>, std::allocator<char> >, bool, unsigned int}; std::add_pointer_t<_Tp> = long unsigned int*][m[K’:
[16.422s] [01m[K/home/aliomacc/sti_usv/src/usv_sim/workspace_gz/plugins/WaveVisual.cc:272:54:[m[K   required from here
[16.422s] [01m[K/usr/include/c++/11/variant:1170:5:[m[K [01;36m[Knote: [m[Kcandidate: ‘[01m[Ktemplate<long unsigned int _Np, class ... _Types> constexpr std::add_pointer_t<const typename std::variant_alternative<_Np, std::variant<_Types ...> >::type> std::get_if(const std::variant<_Types ...>*)[m[K’
[16.423s]  1170 |     [01;36m[Kget_if[m[K(const variant<_Types...>* __ptr) noexcept
[16.423s]       |     [01;36m[K^~~~~~[m[K
[16.423s] [01m[K/usr/include/c++/11/variant:1170:5:[m[K [01;36m[Knote: [m[K  substitution of deduced template arguments resulted in errors seen above
[16.423s] [01m[K/usr/include/c++/11/variant:1183:5:[m[K [01;36m[Knote: [m[Kcandidate: ‘[01m[Ktemplate<class _Tp, class ... _Types> constexpr std::add_pointer_t<_Tp> std::get_if(std::variant<_Types ...>*)[m[K’
[16.423s]  1183 |     [01;36m[Kget_if[m[K(variant<_Types...>* __ptr) noexcept
[16.423s]       |     [01;36m[K^~~~~~[m[K
[16.423s] [01m[K/usr/include/c++/11/variant:1183:5:[m[K [01;36m[Knote: [m[K  template argument deduction/substitution failed:
[16.423s] [01m[K/usr/include/c++/11/variant:1188:76:[m[K [01;31m[Kerror: [m[Ktype/value mismatch at argument 1 in template parameter list for ‘[01m[Ktemplate<class _Tp, class ... _Types> constexpr std::add_pointer_t<_Tp> std::get_if(std::variant<_Types ...>*)[m[K’
[16.428s]  1188 |       return [01;31m[Kstd::get_if<__detail::__variant::__index_of_v<_Tp, _Types...>>([m[K
[16.428s]       |              [01;31m[K~~~~~~~~~~~~~~~~~~~~~~~~~~~~~~~~~~~~~~~~~~~~~~~~~~~~~~~~~~~~~~^[m[K
[16.429s]  1189 | [01;31m[K          __ptr)[m[K;
[16.429s]       |           [01;31m[K~~~~~~[m[K                                                            
[16.429s] [01m[K/usr/include/c++/11/variant:1188:76:[m[K [01;36m[Knote: [m[K  expected a type, got ‘[01m[Kstd::__detail::__variant::__index_of_v<long unsigned int, std::monostate, int, float, double, std::__cxx11::basic_string<char, std::char_traits<char>, std::allocator<char> >, bool, unsigned int>[m[K’
[16.442s] In file included from [01m[K/usr/include/ignition/plugin1/gz/plugin/Register.hh:22[m[K,
[16.443s]                  from [01m[K/home/aliomacc/sti_usv/src/usv_sim/workspace_gz/plugins/WaveVisual.cc:26[m[K:
[16.443s] [01m[K/home/aliomacc/sti_usv/src/usv_sim/workspace_gz/plugins/WaveVisual.cc:448:1:[m[K [01;31m[Kerror: [m[Kexpected constructor, destructor, or type conversion before ‘[01m[Knamespace[m[K’
[16.443s]   448 | [01;31m[KIGNITION_ADD_PLUGIN[m[K(WaveVisual, "vrx::WaveVisual")
[16.443s]       | [01;31m[K^~~~~~~~~~~~~~~~~~~[m[K
[16.798s] [01m[K/home/aliomacc/sti_usv/src/usv_sim/workspace_gz/plugins/StationkeepingScoringPlugin.cc:300:66:[m[K [01;31m[Kerror: [m[Kexpected constructor, destructor, or type conversion at end of input
[16.799s]   300 |               vrx::StationkeepingScoringPlugin::ISystemPreUpdate)
[16.799s]       |                                                                  [01;31m[K^[m[K
[17.613s] In file included from [01m[K/usr/include/ignition/plugin1/gz/plugin/Register.hh:22[m[K,
[17.613s]                  from [01m[K/home/aliomacc/sti_usv/src/usv_sim/workspace_gz/plugins/USVWind.cc:5[m[K:
[17.613s] [01m[K/home/aliomacc/sti_usv/src/usv_sim/workspace_gz/plugins/USVWind.cc:364:1:[m[K [01;31m[Kerror: [m[Kexpected constructor, destructor, or type conversion before ‘[01m[Knamespace[m[K’
[17.614s]   364 | [01;31m[KIGNITION_ADD_PLUGIN[m[K(vrx::USVWind,
[17.614s]       | [01;31m[K^~~~~~~~~~~~~~~~~~~[m[K
[18.329s] gmake[2]: *** [CMakeFiles/ScoringPlugin.dir/build.make:76: CMakeFiles/ScoringPlugin.dir/plugins/ScoringPlugin.cc.o] Error 1
[18.330s] gmake[1]: *** [CMakeFiles/Makefile2:179: CMakeFiles/ScoringPlugin.dir/all] Error 2
[18.346s] [ 57%] [32mBuilding CXX object CMakeFiles/WayfindingScoringPlugin.dir/plugins/WaypointMarkers.cc.o[0m
[18.447s] gmake[2]: *** [CMakeFiles/Surface.dir/build.make:76: CMakeFiles/Surface.dir/plugins/Surface.cc.o] Error 1
[18.448s] gmake[1]: *** [CMakeFiles/Makefile2:283: CMakeFiles/Surface.dir/all] Error 2
[18.486s] gmake[2]: *** [CMakeFiles/PolyhedraBuoyancyDrag.dir/build.make:76: CMakeFiles/PolyhedraBuoyancyDrag.dir/plugins/PolyhedraBuoyancyDrag.cc.o] Error 1
[18.487s] gmake[1]: *** [CMakeFiles/Makefile2:361: CMakeFiles/PolyhedraBuoyancyDrag.dir/all] Error 2
[18.963s] gmake[2]: *** [CMakeFiles/WaveVisual.dir/build.make:76: CMakeFiles/WaveVisual.dir/plugins/WaveVisual.cc.o] Error 1
[18.963s] gmake[1]: *** [CMakeFiles/Makefile2:335: CMakeFiles/WaveVisual.dir/all] Error 2
[18.987s] gmake[2]: *** [CMakeFiles/WayfindingScoringPlugin.dir/build.make:76: CMakeFiles/WayfindingScoringPlugin.dir/plugins/WayfindingScoringPlugin.cc.o] Error 1
[18.987s] gmake[2]: *** Bitmemiş işler için bekliyor....
[19.214s] gmake[2]: *** [CMakeFiles/StationkeepingScoringPlugin.dir/build.make:76: CMakeFiles/StationkeepingScoringPlugin.dir/plugins/StationkeepingScoringPlugin.cc.o] Error 1
[19.214s] gmake[2]: *** Bitmemiş işler için bekliyor....
[19.616s] gmake[2]: *** [CMakeFiles/USVWind.dir/build.make:76: CMakeFiles/USVWind.dir/plugins/USVWind.cc.o] Error 1
[19.616s] gmake[1]: *** [CMakeFiles/Makefile2:309: CMakeFiles/USVWind.dir/all] Error 2
[23.695s] gmake[1]: *** [CMakeFiles/Makefile2:205: CMakeFiles/StationkeepingScoringPlugin.dir/all] Error 2
[25.210s] gmake[1]: *** [CMakeFiles/Makefile2:231: CMakeFiles/WayfindingScoringPlugin.dir/all] Error 2
[25.210s] gmake: *** [Makefile:146: all] Error 2
[25.212s] Invoked command in '/home/aliomacc/sti_usv/build/workspace_gz' returned '2': CMAKE_PREFIX_PATH=${CMAKE_PREFIX_PATH}:/home/aliomacc/ros2_ws/install/actions_py:/home/aliomacc/ros2_ws/install/lifecycle_py:/opt/ros/humble /usr/bin/cmake --build /home/aliomacc/sti_usv/build/workspace_gz -- -j8 -l8
