running egg_info
writing ../build/workspace_nav/workspace_nav.egg-info/PKG-INFO
writing dependency_links to ../build/workspace_nav/workspace_nav.egg-info/dependency_links.txt
writing entry points to ../build/workspace_nav/workspace_nav.egg-info/entry_points.txt
writing requirements to ../build/workspace_nav/workspace_nav.egg-info/requires.txt
writing top-level names to ../build/workspace_nav/workspace_nav.egg-info/top_level.txt
reading manifest file '../build/workspace_nav/workspace_nav.egg-info/SOURCES.txt'
writing manifest file '../build/workspace_nav/workspace_nav.egg-info/SOURCES.txt'
running build
running build_py
running install
running install_lib
running install_data
running install_egg_info
removing '/home/ngen/yildiz_ws/src/YILDIZ-USV/install/workspace_nav/lib/python3.12/site-packages/workspace_nav-0.0.0-py3.12.egg-info' (and everything under it)
Copying ../build/workspace_nav/workspace_nav.egg-info to /home/ngen/yildiz_ws/src/YILDIZ-USV/install/workspace_nav/lib/python3.12/site-packages/workspace_nav-0.0.0-py3.12.egg-info
running install_scripts
Installing waypoint_transform script to /home/ngen/yildiz_ws/src/YILDIZ-USV/install/workspace_nav/lib/workspace_nav
Installing waypoint_with_state script to /home/ngen/yildiz_ws/src/YILDIZ-USV/install/workspace_nav/lib/workspace_nav
writing list of installed files to '/home/ngen/yildiz_ws/src/YILDIZ-USV/build/workspace_nav/install.log'
