[0.064s] DEBUG:colcon:Command line arguments: ['/usr/bin/colcon', 'build']
[0.064s] DEBUG:colcon:Parsed command line arguments: Namespace(log_base=None, log_level=None, verb_name='build', build_base='build', install_base='install', merge_install=False, symlink_install=False, test_result_base=None, continue_on_error=False, executor='parallel', parallel_workers=20, event_handlers=None, ignore_user_meta=False, metas=['./colcon.meta'], base_paths=['.'], packages_ignore=None, packages_ignore_regex=None, paths=None, packages_up_to=None, packages_up_to_regex=None, packages_above=None, packages_above_and_dependencies=None, packages_above_depth=None, packages_select_by_dep=None, packages_skip_by_dep=None, packages_skip_up_to=None, packages_select_build_failed=False, packages_skip_build_finished=False, packages_select_test_failures=False, packages_skip_test_passed=False, packages_select=None, packages_skip=None, packages_select_regex=None, packages_skip_regex=None, packages_start=None, packages_end=None, allow_overriding=[], cmake_args=None, cmake_target=None, cmake_target_skip_unavailable=False, cmake_clean_cache=False, cmake_clean_first=False, cmake_force_configure=False, ament_cmake_args=None, catkin_cmake_args=None, catkin_skip_building_tests=False, mixin_files=None, mixin=None, verb_parser=<colcon_mixin.mixin.mixin_argument.MixinArgumentDecorator object at 0x79c5a7af0cb0>, verb_extension=<colcon_core.verb.build.BuildVerb object at 0x79c5a709a810>, main=<bound method BuildVerb.main of <colcon_core.verb.build.BuildVerb object at 0x79c5a709a810>>, mixin_verb=('build',))
[0.088s] Level 1:colcon.colcon_core.package_discovery:discover_packages(colcon_meta) check parameters
[0.088s] Level 1:colcon.colcon_core.package_discovery:discover_packages(recursive) check parameters
[0.088s] Level 1:colcon.colcon_core.package_discovery:discover_packages(ignore) check parameters
[0.088s] Level 1:colcon.colcon_core.package_discovery:discover_packages(path) check parameters
[0.088s] Level 1:colcon.colcon_core.package_discovery:discover_packages(colcon_meta) discover
[0.088s] Level 1:colcon.colcon_core.package_discovery:discover_packages(recursive) discover
[0.088s] INFO:colcon.colcon_core.package_discovery:Crawling recursively for packages in '/home/ngen/yildiz_ws/src/YILDIZ-USV'
[0.088s] Level 1:colcon.colcon_core.package_identification:_identify(.) by extensions ['ignore', 'ignore_ament_install']
[0.088s] Level 1:colcon.colcon_core.package_identification:_identify(.) by extension 'ignore'
[0.088s] Level 1:colcon.colcon_core.package_identification:_identify(.) by extension 'ignore_ament_install'
[0.088s] Level 1:colcon.colcon_core.package_identification:_identify(.) by extensions ['colcon_pkg']
[0.088s] Level 1:colcon.colcon_core.package_identification:_identify(.) by extension 'colcon_pkg'
[0.088s] Level 1:colcon.colcon_core.package_identification:_identify(.) by extensions ['colcon_meta']
[0.088s] Level 1:colcon.colcon_core.package_identification:_identify(.) by extension 'colcon_meta'
[0.088s] Level 1:colcon.colcon_core.package_identification:_identify(.) by extensions ['ros']
[0.088s] Level 1:colcon.colcon_core.package_identification:_identify(.) by extension 'ros'
[0.103s] Level 1:colcon.colcon_core.package_identification:_identify(.) by extensions ['cmake', 'python']
[0.103s] Level 1:colcon.colcon_core.package_identification:_identify(.) by extension 'cmake'
[0.103s] Level 1:colcon.colcon_core.package_identification:_identify(.) by extension 'python'
[0.103s] Level 1:colcon.colcon_core.package_identification:_identify(.) by extensions ['python_setup_py']
[0.103s] Level 1:colcon.colcon_core.package_identification:_identify(.) by extension 'python_setup_py'
[0.103s] Level 1:colcon.colcon_core.package_identification:_identify(build) by extensions ['ignore', 'ignore_ament_install']
[0.103s] Level 1:colcon.colcon_core.package_identification:_identify(build) by extension 'ignore'
[0.103s] Level 1:colcon.colcon_core.package_identification:_identify(build) ignored
[0.103s] Level 1:colcon.colcon_core.package_identification:_identify(images) by extensions ['ignore', 'ignore_ament_install']
[0.103s] Level 1:colcon.colcon_core.package_identification:_identify(images) by extension 'ignore'
[0.103s] Level 1:colcon.colcon_core.package_identification:_identify(images) by extension 'ignore_ament_install'
[0.103s] Level 1:colcon.colcon_core.package_identification:_identify(images) by extensions ['colcon_pkg']
[0.103s] Level 1:colcon.colcon_core.package_identification:_identify(images) by extension 'colcon_pkg'
[0.103s] Level 1:colcon.colcon_core.package_identification:_identify(images) by extensions ['colcon_meta']
[0.103s] Level 1:colcon.colcon_core.package_identification:_identify(images) by extension 'colcon_meta'
[0.103s] Level 1:colcon.colcon_core.package_identification:_identify(images) by extensions ['ros']
[0.103s] Level 1:colcon.colcon_core.package_identification:_identify(images) by extension 'ros'
[0.103s] Level 1:colcon.colcon_core.package_identification:_identify(images) by extensions ['cmake', 'python']
[0.103s] Level 1:colcon.colcon_core.package_identification:_identify(images) by extension 'cmake'
[0.103s] Level 1:colcon.colcon_core.package_identification:_identify(images) by extension 'python'
[0.103s] Level 1:colcon.colcon_core.package_identification:_identify(images) by extensions ['python_setup_py']
[0.103s] Level 1:colcon.colcon_core.package_identification:_identify(images) by extension 'python_setup_py'
[0.103s] Level 1:colcon.colcon_core.package_identification:_identify(install) by extensions ['ignore', 'ignore_ament_install']
[0.104s] Level 1:colcon.colcon_core.package_identification:_identify(install) by extension 'ignore'
[0.104s] Level 1:colcon.colcon_core.package_identification:_identify(install) ignored
[0.104s] Level 1:colcon.colcon_core.package_identification:_identify(log) by extensions ['ignore', 'ignore_ament_install']
[0.104s] Level 1:colcon.colcon_core.package_identification:_identify(log) by extension 'ignore'
[0.104s] Level 1:colcon.colcon_core.package_identification:_identify(log) ignored
[0.104s] Level 1:colcon.colcon_core.package_identification:_identify(workspace_gz) by extensions ['ignore', 'ignore_ament_install']
[0.104s] Level 1:colcon.colcon_core.package_identification:_identify(workspace_gz) by extension 'ignore'
[0.104s] Level 1:colcon.colcon_core.package_identification:_identify(workspace_gz) by extension 'ignore_ament_install'
[0.104s] Level 1:colcon.colcon_core.package_identification:_identify(workspace_gz) by extensions ['colcon_pkg']
[0.104s] Level 1:colcon.colcon_core.package_identification:_identify(workspace_gz) by extension 'colcon_pkg'
[0.104s] Level 1:colcon.colcon_core.package_identification:_identify(workspace_gz) by extensions ['colcon_meta']
[0.104s] Level 1:colcon.colcon_core.package_identification:_identify(workspace_gz) by extension 'colcon_meta'
[0.104s] Level 1:colcon.colcon_core.package_identification:_identify(workspace_gz) by extensions ['ros']
[0.104s] Level 1:colcon.colcon_core.package_identification:_identify(workspace_gz) by extension 'ros'
[0.105s] DEBUG:colcon.colcon_core.package_identification:Package 'workspace_gz' with type 'ros.ament_cmake' and name 'workspace_gz'
[0.105s] Level 1:colcon.colcon_core.package_identification:_identify(workspace_nav) by extensions ['ignore', 'ignore_ament_install']
[0.106s] Level 1:colcon.colcon_core.package_identification:_identify(workspace_nav) by extension 'ignore'
[0.106s] Level 1:colcon.colcon_core.package_identification:_identify(workspace_nav) by extension 'ignore_ament_install'
[0.106s] Level 1:colcon.colcon_core.package_identification:_identify(workspace_nav) by extensions ['colcon_pkg']
[0.106s] Level 1:colcon.colcon_core.package_identification:_identify(workspace_nav) by extension 'colcon_pkg'
[0.106s] Level 1:colcon.colcon_core.package_identification:_identify(workspace_nav) by extensions ['colcon_meta']
[0.106s] Level 1:colcon.colcon_core.package_identification:_identify(workspace_nav) by extension 'colcon_meta'
[0.106s] Level 1:colcon.colcon_core.package_identification:_identify(workspace_nav) by extensions ['ros']
[0.106s] Level 1:colcon.colcon_core.package_identification:_identify(workspace_nav) by extension 'ros'
[0.106s] DEBUG:colcon.colcon_core.package_identification:Package 'workspace_nav' with type 'ros.ament_python' and name 'workspace_nav'
[0.106s] Level 1:colcon.colcon_core.package_identification:_identify(workspace_ros) by extensions ['ignore', 'ignore_ament_install']
[0.106s] Level 1:colcon.colcon_core.package_identification:_identify(workspace_ros) by extension 'ignore'
[0.106s] Level 1:colcon.colcon_core.package_identification:_identify(workspace_ros) by extension 'ignore_ament_install'
[0.106s] Level 1:colcon.colcon_core.package_identification:_identify(workspace_ros) by extensions ['colcon_pkg']
[0.106s] Level 1:colcon.colcon_core.package_identification:_identify(workspace_ros) by extension 'colcon_pkg'
[0.107s] Level 1:colcon.colcon_core.package_identification:_identify(workspace_ros) by extensions ['colcon_meta']
[0.107s] Level 1:colcon.colcon_core.package_identification:_identify(workspace_ros) by extension 'colcon_meta'
[0.107s] Level 1:colcon.colcon_core.package_identification:_identify(workspace_ros) by extensions ['ros']
[0.107s] Level 1:colcon.colcon_core.package_identification:_identify(workspace_ros) by extension 'ros'
[0.107s] DEBUG:colcon.colcon_core.package_identification:Package 'workspace_ros' with type 'ros.ament_python' and name 'workspace_ros'
[0.107s] Level 1:colcon.colcon_core.package_discovery:discover_packages(recursive) using defaults
[0.107s] Level 1:colcon.colcon_core.package_discovery:discover_packages(ignore) discover
[0.107s] Level 1:colcon.colcon_core.package_discovery:discover_packages(ignore) using defaults
[0.107s] Level 1:colcon.colcon_core.package_discovery:discover_packages(path) discover
[0.107s] Level 1:colcon.colcon_core.package_discovery:discover_packages(path) using defaults
[0.118s] Level 1:colcon.colcon_core.package_discovery:discover_packages(prefix_path) check parameters
[0.118s] Level 1:colcon.colcon_core.package_discovery:discover_packages(prefix_path) discover
[0.120s] DEBUG:colcon.colcon_installed_package_information.package_discovery:Found 427 installed packages in /opt/ros/jazzy
[0.121s] Level 1:colcon.colcon_core.package_discovery:discover_packages(prefix_path) using defaults
[0.149s] Level 5:colcon.colcon_core.verb:set package 'workspace_gz' build argument 'cmake_args' from command line to 'None'
[0.149s] Level 5:colcon.colcon_core.verb:set package 'workspace_gz' build argument 'cmake_target' from command line to 'None'
[0.149s] Level 5:colcon.colcon_core.verb:set package 'workspace_gz' build argument 'cmake_target_skip_unavailable' from command line to 'False'
[0.149s] Level 5:colcon.colcon_core.verb:set package 'workspace_gz' build argument 'cmake_clean_cache' from command line to 'False'
[0.150s] Level 5:colcon.colcon_core.verb:set package 'workspace_gz' build argument 'cmake_clean_first' from command line to 'False'
[0.150s] Level 5:colcon.colcon_core.verb:set package 'workspace_gz' build argument 'cmake_force_configure' from command line to 'False'
[0.150s] Level 5:colcon.colcon_core.verb:set package 'workspace_gz' build argument 'ament_cmake_args' from command line to 'None'
[0.150s] Level 5:colcon.colcon_core.verb:set package 'workspace_gz' build argument 'catkin_cmake_args' from command line to 'None'
[0.150s] Level 5:colcon.colcon_core.verb:set package 'workspace_gz' build argument 'catkin_skip_building_tests' from command line to 'False'
[0.150s] DEBUG:colcon.colcon_core.verb:Building package 'workspace_gz' with the following arguments: {'ament_cmake_args': None, 'build_base': '/home/ngen/yildiz_ws/src/YILDIZ-USV/build/workspace_gz', 'catkin_cmake_args': None, 'catkin_skip_building_tests': False, 'cmake_args': None, 'cmake_clean_cache': False, 'cmake_clean_first': False, 'cmake_force_configure': False, 'cmake_target': None, 'cmake_target_skip_unavailable': False, 'install_base': '/home/ngen/yildiz_ws/src/YILDIZ-USV/install/workspace_gz', 'merge_install': False, 'path': '/home/ngen/yildiz_ws/src/YILDIZ-USV/workspace_gz', 'symlink_install': False, 'test_result_base': None}
[0.150s] Level 5:colcon.colcon_core.verb:set package 'workspace_nav' build argument 'cmake_args' from command line to 'None'
[0.150s] Level 5:colcon.colcon_core.verb:set package 'workspace_nav' build argument 'cmake_target' from command line to 'None'
[0.150s] Level 5:colcon.colcon_core.verb:set package 'workspace_nav' build argument 'cmake_target_skip_unavailable' from command line to 'False'
[0.150s] Level 5:colcon.colcon_core.verb:set package 'workspace_nav' build argument 'cmake_clean_cache' from command line to 'False'
[0.150s] Level 5:colcon.colcon_core.verb:set package 'workspace_nav' build argument 'cmake_clean_first' from command line to 'False'
[0.150s] Level 5:colcon.colcon_core.verb:set package 'workspace_nav' build argument 'cmake_force_configure' from command line to 'False'
[0.150s] Level 5:colcon.colcon_core.verb:set package 'workspace_nav' build argument 'ament_cmake_args' from command line to 'None'
[0.150s] Level 5:colcon.colcon_core.verb:set package 'workspace_nav' build argument 'catkin_cmake_args' from command line to 'None'
[0.150s] Level 5:colcon.colcon_core.verb:set package 'workspace_nav' build argument 'catkin_skip_building_tests' from command line to 'False'
[0.150s] DEBUG:colcon.colcon_core.verb:Building package 'workspace_nav' with the following arguments: {'ament_cmake_args': None, 'build_base': '/home/ngen/yildiz_ws/src/YILDIZ-USV/build/workspace_nav', 'catkin_cmake_args': None, 'catkin_skip_building_tests': False, 'cmake_args': None, 'cmake_clean_cache': False, 'cmake_clean_first': False, 'cmake_force_configure': False, 'cmake_target': None, 'cmake_target_skip_unavailable': False, 'install_base': '/home/ngen/yildiz_ws/src/YILDIZ-USV/install/workspace_nav', 'merge_install': False, 'path': '/home/ngen/yildiz_ws/src/YILDIZ-USV/workspace_nav', 'symlink_install': False, 'test_result_base': None}
[0.150s] Level 5:colcon.colcon_core.verb:set package 'workspace_ros' build argument 'cmake_args' from command line to 'None'
[0.150s] Level 5:colcon.colcon_core.verb:set package 'workspace_ros' build argument 'cmake_target' from command line to 'None'
[0.150s] Level 5:colcon.colcon_core.verb:set package 'workspace_ros' build argument 'cmake_target_skip_unavailable' from command line to 'False'
[0.150s] Level 5:colcon.colcon_core.verb:set package 'workspace_ros' build argument 'cmake_clean_cache' from command line to 'False'
[0.150s] Level 5:colcon.colcon_core.verb:set package 'workspace_ros' build argument 'cmake_clean_first' from command line to 'False'
[0.150s] Level 5:colcon.colcon_core.verb:set package 'workspace_ros' build argument 'cmake_force_configure' from command line to 'False'
[0.150s] Level 5:colcon.colcon_core.verb:set package 'workspace_ros' build argument 'ament_cmake_args' from command line to 'None'
[0.150s] Level 5:colcon.colcon_core.verb:set package 'workspace_ros' build argument 'catkin_cmake_args' from command line to 'None'
[0.150s] Level 5:colcon.colcon_core.verb:set package 'workspace_ros' build argument 'catkin_skip_building_tests' from command line to 'False'
[0.150s] DEBUG:colcon.colcon_core.verb:Building package 'workspace_ros' with the following arguments: {'ament_cmake_args': None, 'build_base': '/home/ngen/yildiz_ws/src/YILDIZ-USV/build/workspace_ros', 'catkin_cmake_args': None, 'catkin_skip_building_tests': False, 'cmake_args': None, 'cmake_clean_cache': False, 'cmake_clean_first': False, 'cmake_force_configure': False, 'cmake_target': None, 'cmake_target_skip_unavailable': False, 'install_base': '/home/ngen/yildiz_ws/src/YILDIZ-USV/install/workspace_ros', 'merge_install': False, 'path': '/home/ngen/yildiz_ws/src/YILDIZ-USV/workspace_ros', 'symlink_install': False, 'test_result_base': None}
[0.150s] INFO:colcon.colcon_core.executor:Executing jobs using 'parallel' executor
[0.151s] DEBUG:colcon.colcon_parallel_executor.executor.parallel:run_until_complete
[0.151s] INFO:colcon.colcon_ros.task.ament_cmake.build:Building ROS package in '/home/ngen/yildiz_ws/src/YILDIZ-USV/workspace_gz' with build type 'ament_cmake'
[0.151s] INFO:colcon.colcon_cmake.task.cmake.build:Building CMake package in '/home/ngen/yildiz_ws/src/YILDIZ-USV/workspace_gz'
[0.152s] INFO:colcon.colcon_core.plugin_system:Skipping extension 'colcon_core.shell.bat': Not used on non-Windows systems
[0.153s] INFO:colcon.colcon_core.shell:Skip shell extension 'powershell' for command environment: Not usable outside of PowerShell
[0.153s] DEBUG:colcon.colcon_core.shell:Skip shell extension 'dsv' for command environment
[0.155s] INFO:colcon.colcon_ros.task.ament_python.build:Building ROS package in '/home/ngen/yildiz_ws/src/YILDIZ-USV/workspace_nav' with build type 'ament_python'
[0.155s] Level 1:colcon.colcon_core.shell:create_environment_hook('workspace_nav', 'ament_prefix_path')
[0.155s] INFO:colcon.colcon_core.shell:Creating environment hook '/home/ngen/yildiz_ws/src/YILDIZ-USV/install/workspace_nav/share/workspace_nav/hook/ament_prefix_path.ps1'
[0.156s] INFO:colcon.colcon_core.shell:Creating environment descriptor '/home/ngen/yildiz_ws/src/YILDIZ-USV/install/workspace_nav/share/workspace_nav/hook/ament_prefix_path.dsv'
[0.156s] INFO:colcon.colcon_core.shell:Creating environment hook '/home/ngen/yildiz_ws/src/YILDIZ-USV/install/workspace_nav/share/workspace_nav/hook/ament_prefix_path.sh'
[0.157s] INFO:colcon.colcon_core.shell:Skip shell extension 'powershell' for command environment: Not usable outside of PowerShell
[0.157s] DEBUG:colcon.colcon_core.shell:Skip shell extension 'dsv' for command environment
[0.159s] INFO:colcon.colcon_ros.task.ament_python.build:Building ROS package in '/home/ngen/yildiz_ws/src/YILDIZ-USV/workspace_ros' with build type 'ament_python'
[0.159s] Level 1:colcon.colcon_core.shell:create_environment_hook('workspace_ros', 'ament_prefix_path')
[0.159s] INFO:colcon.colcon_core.shell:Creating environment hook '/home/ngen/yildiz_ws/src/YILDIZ-USV/install/workspace_ros/share/workspace_ros/hook/ament_prefix_path.ps1'
[0.160s] INFO:colcon.colcon_core.shell:Creating environment descriptor '/home/ngen/yildiz_ws/src/YILDIZ-USV/install/workspace_ros/share/workspace_ros/hook/ament_prefix_path.dsv'
[0.160s] INFO:colcon.colcon_core.shell:Creating environment hook '/home/ngen/yildiz_ws/src/YILDIZ-USV/install/workspace_ros/share/workspace_ros/hook/ament_prefix_path.sh'
[0.160s] INFO:colcon.colcon_core.shell:Skip shell extension 'powershell' for command environment: Not usable outside of PowerShell
[0.160s] DEBUG:colcon.colcon_core.shell:Skip shell extension 'dsv' for command environment
[0.166s] DEBUG:colcon.colcon_core.event_handler.log_command:Invoking command in '/home/ngen/yildiz_ws/src/YILDIZ-USV/build/workspace_gz': CMAKE_PREFIX_PATH=${CMAKE_PREFIX_PATH}:/opt/ros/jazzy DEBUGINFOD_URLS=https://debuginfod.ubuntu.com /usr/bin/cmake /home/ngen/yildiz_ws/src/YILDIZ-USV/workspace_gz -DCMAKE_INSTALL_PREFIX=/home/ngen/yildiz_ws/src/YILDIZ-USV/install/workspace_gz
[0.306s] INFO:colcon.colcon_core.task.python.build:Building Python package in '/home/ngen/yildiz_ws/src/YILDIZ-USV/workspace_nav'
[0.306s] INFO:colcon.colcon_core.shell:Skip shell extension 'powershell' for command environment: Not usable outside of PowerShell
[0.306s] DEBUG:colcon.colcon_core.shell:Skip shell extension 'dsv' for command environment
[0.447s] INFO:colcon.colcon_core.task.python.build:Building Python package in '/home/ngen/yildiz_ws/src/YILDIZ-USV/workspace_ros'
[0.447s] INFO:colcon.colcon_core.shell:Skip shell extension 'powershell' for command environment: Not usable outside of PowerShell
[0.447s] DEBUG:colcon.colcon_core.shell:Skip shell extension 'dsv' for command environment
[0.838s] DEBUG:colcon.colcon_core.event_handler.log_command:Invoking command in '/home/ngen/yildiz_ws/src/YILDIZ-USV/build/workspace_ros': DEBUGINFOD_URLS=https://debuginfod.ubuntu.com PYTHONPATH=/home/ngen/yildiz_ws/src/YILDIZ-USV/build/workspace_ros/prefix_override:/usr/lib/python3/dist-packages/colcon_core/task/python/colcon_distutils_commands:/home/ngen/yildiz_ws/src/YILDIZ-USV/install/workspace_ros/lib/python3.12/site-packages:${PYTHONPATH} /usr/bin/python3 -W ignore:setup.py install is deprecated -W ignore:easy_install command is deprecated setup.py develop --uninstall --editable --build-directory /home/ngen/yildiz_ws/src/YILDIZ-USV/build/workspace_ros/build
[0.845s] DEBUG:colcon.colcon_core.event_handler.log_command:Invoking command in '/home/ngen/yildiz_ws/src/YILDIZ-USV/workspace_nav': DEBUGINFOD_URLS=https://debuginfod.ubuntu.com PYTHONPATH=/home/ngen/yildiz_ws/src/YILDIZ-USV/build/workspace_nav/prefix_override:/usr/lib/python3/dist-packages/colcon_core/task/python/colcon_distutils_commands:/home/ngen/yildiz_ws/src/YILDIZ-USV/install/workspace_nav/lib/python3.12/site-packages:${PYTHONPATH} /usr/bin/python3 -W ignore:setup.py install is deprecated -W ignore:easy_install command is deprecated setup.py egg_info --egg-base ../build/workspace_nav build --build-base /home/ngen/yildiz_ws/src/YILDIZ-USV/build/workspace_nav/build install --record /home/ngen/yildiz_ws/src/YILDIZ-USV/build/workspace_nav/install.log --single-version-externally-managed install_data
[1.208s] DEBUG:colcon.colcon_core.event_handler.log_command:Invoked command in '/home/ngen/yildiz_ws/src/YILDIZ-USV/build/workspace_ros' returned '0': DEBUGINFOD_URLS=https://debuginfod.ubuntu.com PYTHONPATH=/home/ngen/yildiz_ws/src/YILDIZ-USV/build/workspace_ros/prefix_override:/usr/lib/python3/dist-packages/colcon_core/task/python/colcon_distutils_commands:/home/ngen/yildiz_ws/src/YILDIZ-USV/install/workspace_ros/lib/python3.12/site-packages:${PYTHONPATH} /usr/bin/python3 -W ignore:setup.py install is deprecated -W ignore:easy_install command is deprecated setup.py develop --uninstall --editable --build-directory /home/ngen/yildiz_ws/src/YILDIZ-USV/build/workspace_ros/build
[1.209s] DEBUG:colcon.colcon_core.event_handler.log_command:Invoking command in '/home/ngen/yildiz_ws/src/YILDIZ-USV/workspace_ros': DEBUGINFOD_URLS=https://debuginfod.ubuntu.com PYTHONPATH=/home/ngen/yildiz_ws/src/YILDIZ-USV/build/workspace_ros/prefix_override:/usr/lib/python3/dist-packages/colcon_core/task/python/colcon_distutils_commands:/home/ngen/yildiz_ws/src/YILDIZ-USV/install/workspace_ros/lib/python3.12/site-packages:${PYTHONPATH} /usr/bin/python3 -W ignore:setup.py install is deprecated -W ignore:easy_install command is deprecated setup.py egg_info --egg-base ../build/workspace_ros build --build-base /home/ngen/yildiz_ws/src/YILDIZ-USV/build/workspace_ros/build install --record /home/ngen/yildiz_ws/src/YILDIZ-USV/build/workspace_ros/install.log --single-version-externally-managed install_data --force
[1.212s] DEBUG:colcon.colcon_core.event_handler.log_command:Invoked command in '/home/ngen/yildiz_ws/src/YILDIZ-USV/workspace_nav' returned '0': DEBUGINFOD_URLS=https://debuginfod.ubuntu.com PYTHONPATH=/home/ngen/yildiz_ws/src/YILDIZ-USV/build/workspace_nav/prefix_override:/usr/lib/python3/dist-packages/colcon_core/task/python/colcon_distutils_commands:/home/ngen/yildiz_ws/src/YILDIZ-USV/install/workspace_nav/lib/python3.12/site-packages:${PYTHONPATH} /usr/bin/python3 -W ignore:setup.py install is deprecated -W ignore:easy_install command is deprecated setup.py egg_info --egg-base ../build/workspace_nav build --build-base /home/ngen/yildiz_ws/src/YILDIZ-USV/build/workspace_nav/build install --record /home/ngen/yildiz_ws/src/YILDIZ-USV/build/workspace_nav/install.log --single-version-externally-managed install_data
[1.216s] Level 1:colcon.colcon_core.environment:checking '/home/ngen/yildiz_ws/src/YILDIZ-USV/install/workspace_nav' for CMake module files
[1.216s] Level 1:colcon.colcon_core.environment:checking '/home/ngen/yildiz_ws/src/YILDIZ-USV/install/workspace_nav' for CMake config files
[1.217s] Level 1:colcon.colcon_core.environment:checking '/home/ngen/yildiz_ws/src/YILDIZ-USV/install/workspace_nav/lib'
[1.217s] Level 1:colcon.colcon_core.environment:checking '/home/ngen/yildiz_ws/src/YILDIZ-USV/install/workspace_nav/bin'
[1.217s] Level 1:colcon.colcon_core.environment:checking '/home/ngen/yildiz_ws/src/YILDIZ-USV/install/workspace_nav/lib/pkgconfig/workspace_nav.pc'
[1.218s] Level 1:colcon.colcon_core.environment:checking '/home/ngen/yildiz_ws/src/YILDIZ-USV/install/workspace_nav/lib/python3.12/site-packages'
[1.218s] Level 1:colcon.colcon_core.shell:create_environment_hook('workspace_nav', 'pythonpath')
[1.218s] INFO:colcon.colcon_core.shell:Creating environment hook '/home/ngen/yildiz_ws/src/YILDIZ-USV/install/workspace_nav/share/workspace_nav/hook/pythonpath.ps1'
[1.219s] INFO:colcon.colcon_core.shell:Creating environment descriptor '/home/ngen/yildiz_ws/src/YILDIZ-USV/install/workspace_nav/share/workspace_nav/hook/pythonpath.dsv'
[1.219s] INFO:colcon.colcon_core.shell:Creating environment hook '/home/ngen/yildiz_ws/src/YILDIZ-USV/install/workspace_nav/share/workspace_nav/hook/pythonpath.sh'
[1.220s] Level 1:colcon.colcon_core.environment:checking '/home/ngen/yildiz_ws/src/YILDIZ-USV/install/workspace_nav/bin'
[1.220s] Level 1:colcon.colcon_core.environment:create_environment_scripts_only(workspace_nav)
[1.220s] INFO:colcon.colcon_core.shell:Creating package script '/home/ngen/yildiz_ws/src/YILDIZ-USV/install/workspace_nav/share/workspace_nav/package.ps1'
[1.222s] INFO:colcon.colcon_core.shell:Creating package descriptor '/home/ngen/yildiz_ws/src/YILDIZ-USV/install/workspace_nav/share/workspace_nav/package.dsv'
[1.222s] INFO:colcon.colcon_core.shell:Creating package script '/home/ngen/yildiz_ws/src/YILDIZ-USV/install/workspace_nav/share/workspace_nav/package.sh'
[1.223s] INFO:colcon.colcon_core.shell:Creating package script '/home/ngen/yildiz_ws/src/YILDIZ-USV/install/workspace_nav/share/workspace_nav/package.bash'
[1.223s] INFO:colcon.colcon_core.shell:Creating package script '/home/ngen/yildiz_ws/src/YILDIZ-USV/install/workspace_nav/share/workspace_nav/package.zsh'
[1.223s] Level 1:colcon.colcon_core.environment:create_file_with_runtime_dependencies(/home/ngen/yildiz_ws/src/YILDIZ-USV/install/workspace_nav/share/colcon-core/packages/workspace_nav)
[1.494s] DEBUG:colcon.colcon_core.event_handler.log_command:Invoked command in '/home/ngen/yildiz_ws/src/YILDIZ-USV/build/workspace_gz' returned '0': CMAKE_PREFIX_PATH=${CMAKE_PREFIX_PATH}:/opt/ros/jazzy DEBUGINFOD_URLS=https://debuginfod.ubuntu.com /usr/bin/cmake /home/ngen/yildiz_ws/src/YILDIZ-USV/workspace_gz -DCMAKE_INSTALL_PREFIX=/home/ngen/yildiz_ws/src/YILDIZ-USV/install/workspace_gz
[1.495s] DEBUG:colcon.colcon_core.event_handler.log_command:Invoking command in '/home/ngen/yildiz_ws/src/YILDIZ-USV/build/workspace_gz': CMAKE_PREFIX_PATH=${CMAKE_PREFIX_PATH}:/opt/ros/jazzy DEBUGINFOD_URLS=https://debuginfod.ubuntu.com /usr/bin/cmake --build /home/ngen/yildiz_ws/src/YILDIZ-USV/build/workspace_gz -- -j20 -l20
[1.603s] Level 1:colcon.colcon_core.environment:checking '/home/ngen/yildiz_ws/src/YILDIZ-USV/install/workspace_ros' for CMake module files
[1.603s] DEBUG:colcon.colcon_core.event_handler.log_command:Invoked command in '/home/ngen/yildiz_ws/src/YILDIZ-USV/workspace_ros' returned '0': DEBUGINFOD_URLS=https://debuginfod.ubuntu.com PYTHONPATH=/home/ngen/yildiz_ws/src/YILDIZ-USV/build/workspace_ros/prefix_override:/usr/lib/python3/dist-packages/colcon_core/task/python/colcon_distutils_commands:/home/ngen/yildiz_ws/src/YILDIZ-USV/install/workspace_ros/lib/python3.12/site-packages:${PYTHONPATH} /usr/bin/python3 -W ignore:setup.py install is deprecated -W ignore:easy_install command is deprecated setup.py egg_info --egg-base ../build/workspace_ros build --build-base /home/ngen/yildiz_ws/src/YILDIZ-USV/build/workspace_ros/build install --record /home/ngen/yildiz_ws/src/YILDIZ-USV/build/workspace_ros/install.log --single-version-externally-managed install_data --force
[1.604s] Level 1:colcon.colcon_core.environment:checking '/home/ngen/yildiz_ws/src/YILDIZ-USV/install/workspace_ros' for CMake config files
[1.605s] Level 1:colcon.colcon_core.environment:checking '/home/ngen/yildiz_ws/src/YILDIZ-USV/install/workspace_ros/lib'
[1.605s] Level 1:colcon.colcon_core.environment:checking '/home/ngen/yildiz_ws/src/YILDIZ-USV/install/workspace_ros/bin'
[1.605s] Level 1:colcon.colcon_core.environment:checking '/home/ngen/yildiz_ws/src/YILDIZ-USV/install/workspace_ros/lib/pkgconfig/workspace_ros.pc'
[1.605s] Level 1:colcon.colcon_core.environment:checking '/home/ngen/yildiz_ws/src/YILDIZ-USV/install/workspace_ros/lib/python3.12/site-packages'
[1.605s] Level 1:colcon.colcon_core.shell:create_environment_hook('workspace_ros', 'pythonpath')
[1.606s] INFO:colcon.colcon_core.shell:Creating environment hook '/home/ngen/yildiz_ws/src/YILDIZ-USV/install/workspace_ros/share/workspace_ros/hook/pythonpath.ps1'
[1.606s] INFO:colcon.colcon_core.shell:Creating environment descriptor '/home/ngen/yildiz_ws/src/YILDIZ-USV/install/workspace_ros/share/workspace_ros/hook/pythonpath.dsv'
[1.607s] INFO:colcon.colcon_core.shell:Creating environment hook '/home/ngen/yildiz_ws/src/YILDIZ-USV/install/workspace_ros/share/workspace_ros/hook/pythonpath.sh'
[1.607s] Level 1:colcon.colcon_core.environment:checking '/home/ngen/yildiz_ws/src/YILDIZ-USV/install/workspace_ros/bin'
[1.607s] Level 1:colcon.colcon_core.environment:create_environment_scripts_only(workspace_ros)
[1.608s] INFO:colcon.colcon_core.shell:Creating package script '/home/ngen/yildiz_ws/src/YILDIZ-USV/install/workspace_ros/share/workspace_ros/package.ps1'
[1.608s] INFO:colcon.colcon_core.shell:Creating package descriptor '/home/ngen/yildiz_ws/src/YILDIZ-USV/install/workspace_ros/share/workspace_ros/package.dsv'
[1.608s] INFO:colcon.colcon_core.shell:Creating package script '/home/ngen/yildiz_ws/src/YILDIZ-USV/install/workspace_ros/share/workspace_ros/package.sh'
[1.609s] INFO:colcon.colcon_core.shell:Creating package script '/home/ngen/yildiz_ws/src/YILDIZ-USV/install/workspace_ros/share/workspace_ros/package.bash'
[1.609s] INFO:colcon.colcon_core.shell:Creating package script '/home/ngen/yildiz_ws/src/YILDIZ-USV/install/workspace_ros/share/workspace_ros/package.zsh'
[1.609s] Level 1:colcon.colcon_core.environment:create_file_with_runtime_dependencies(/home/ngen/yildiz_ws/src/YILDIZ-USV/install/workspace_ros/share/colcon-core/packages/workspace_ros)
[1.924s] DEBUG:colcon.colcon_core.event_handler.log_command:Invoked command in '/home/ngen/yildiz_ws/src/YILDIZ-USV/build/workspace_gz' returned '0': CMAKE_PREFIX_PATH=${CMAKE_PREFIX_PATH}:/opt/ros/jazzy DEBUGINFOD_URLS=https://debuginfod.ubuntu.com /usr/bin/cmake --build /home/ngen/yildiz_ws/src/YILDIZ-USV/build/workspace_gz -- -j20 -l20
[1.933s] DEBUG:colcon.colcon_core.event_handler.log_command:Invoking command in '/home/ngen/yildiz_ws/src/YILDIZ-USV/build/workspace_gz': CMAKE_PREFIX_PATH=${CMAKE_PREFIX_PATH}:/opt/ros/jazzy DEBUGINFOD_URLS=https://debuginfod.ubuntu.com /usr/bin/cmake --install /home/ngen/yildiz_ws/src/YILDIZ-USV/build/workspace_gz
[1.958s] Level 1:colcon.colcon_core.environment:create_environment_scripts_only(workspace_gz)
[1.958s] Level 1:colcon.colcon_core.environment:checking '/home/ngen/yildiz_ws/src/YILDIZ-USV/install/workspace_gz' for CMake module files
[1.959s] DEBUG:colcon.colcon_core.event_handler.log_command:Invoked command in '/home/ngen/yildiz_ws/src/YILDIZ-USV/build/workspace_gz' returned '0': CMAKE_PREFIX_PATH=${CMAKE_PREFIX_PATH}:/opt/ros/jazzy DEBUGINFOD_URLS=https://debuginfod.ubuntu.com /usr/bin/cmake --install /home/ngen/yildiz_ws/src/YILDIZ-USV/build/workspace_gz
[1.959s] Level 1:colcon.colcon_core.environment:checking '/home/ngen/yildiz_ws/src/YILDIZ-USV/install/workspace_gz' for CMake config files
[1.961s] Level 1:colcon.colcon_core.shell:create_environment_hook('workspace_gz', 'cmake_prefix_path')
[1.961s] INFO:colcon.colcon_core.shell:Creating environment hook '/home/ngen/yildiz_ws/src/YILDIZ-USV/install/workspace_gz/share/workspace_gz/hook/cmake_prefix_path.ps1'
[1.962s] INFO:colcon.colcon_core.shell:Creating environment descriptor '/home/ngen/yildiz_ws/src/YILDIZ-USV/install/workspace_gz/share/workspace_gz/hook/cmake_prefix_path.dsv'
[1.962s] INFO:colcon.colcon_core.shell:Creating environment hook '/home/ngen/yildiz_ws/src/YILDIZ-USV/install/workspace_gz/share/workspace_gz/hook/cmake_prefix_path.sh'
[1.962s] Level 1:colcon.colcon_core.environment:checking '/home/ngen/yildiz_ws/src/YILDIZ-USV/install/workspace_gz/lib'
[1.962s] Level 1:colcon.colcon_core.shell:create_environment_hook('workspace_gz', 'ld_library_path_lib')
[1.962s] INFO:colcon.colcon_core.shell:Creating environment hook '/home/ngen/yildiz_ws/src/YILDIZ-USV/install/workspace_gz/share/workspace_gz/hook/ld_library_path_lib.ps1'
[1.963s] INFO:colcon.colcon_core.shell:Creating environment descriptor '/home/ngen/yildiz_ws/src/YILDIZ-USV/install/workspace_gz/share/workspace_gz/hook/ld_library_path_lib.dsv'
[1.963s] INFO:colcon.colcon_core.shell:Creating environment hook '/home/ngen/yildiz_ws/src/YILDIZ-USV/install/workspace_gz/share/workspace_gz/hook/ld_library_path_lib.sh'
[1.963s] Level 1:colcon.colcon_core.environment:checking '/home/ngen/yildiz_ws/src/YILDIZ-USV/install/workspace_gz/bin'
[1.963s] Level 1:colcon.colcon_core.environment:checking '/home/ngen/yildiz_ws/src/YILDIZ-USV/install/workspace_gz/lib/pkgconfig/workspace_gz.pc'
[1.963s] Level 1:colcon.colcon_core.environment:checking '/home/ngen/yildiz_ws/src/YILDIZ-USV/install/workspace_gz/lib/python3.12/site-packages'
[1.963s] Level 1:colcon.colcon_core.environment:checking '/home/ngen/yildiz_ws/src/YILDIZ-USV/install/workspace_gz/bin'
[1.964s] INFO:colcon.colcon_core.shell:Creating package script '/home/ngen/yildiz_ws/src/YILDIZ-USV/install/workspace_gz/share/workspace_gz/package.ps1'
[1.964s] INFO:colcon.colcon_core.shell:Creating package descriptor '/home/ngen/yildiz_ws/src/YILDIZ-USV/install/workspace_gz/share/workspace_gz/package.dsv'
[1.964s] INFO:colcon.colcon_core.shell:Creating package script '/home/ngen/yildiz_ws/src/YILDIZ-USV/install/workspace_gz/share/workspace_gz/package.sh'
[1.964s] INFO:colcon.colcon_core.shell:Creating package script '/home/ngen/yildiz_ws/src/YILDIZ-USV/install/workspace_gz/share/workspace_gz/package.bash'
[1.965s] INFO:colcon.colcon_core.shell:Creating package script '/home/ngen/yildiz_ws/src/YILDIZ-USV/install/workspace_gz/share/workspace_gz/package.zsh'
[1.965s] Level 1:colcon.colcon_core.environment:create_file_with_runtime_dependencies(/home/ngen/yildiz_ws/src/YILDIZ-USV/install/workspace_gz/share/colcon-core/packages/workspace_gz)
[1.965s] Level 1:colcon.colcon_core.environment:create_environment_scripts_only(workspace_gz)
[1.965s] Level 1:colcon.colcon_core.environment:checking '/home/ngen/yildiz_ws/src/YILDIZ-USV/install/workspace_gz' for CMake module files
[1.965s] Level 1:colcon.colcon_core.environment:checking '/home/ngen/yildiz_ws/src/YILDIZ-USV/install/workspace_gz' for CMake config files
[1.966s] Level 1:colcon.colcon_core.shell:create_environment_hook('workspace_gz', 'cmake_prefix_path')
[1.966s] INFO:colcon.colcon_core.shell:Creating environment hook '/home/ngen/yildiz_ws/src/YILDIZ-USV/install/workspace_gz/share/workspace_gz/hook/cmake_prefix_path.ps1'
[1.966s] INFO:colcon.colcon_core.shell:Creating environment descriptor '/home/ngen/yildiz_ws/src/YILDIZ-USV/install/workspace_gz/share/workspace_gz/hook/cmake_prefix_path.dsv'
[1.967s] INFO:colcon.colcon_core.shell:Creating environment hook '/home/ngen/yildiz_ws/src/YILDIZ-USV/install/workspace_gz/share/workspace_gz/hook/cmake_prefix_path.sh'
[1.967s] Level 1:colcon.colcon_core.environment:checking '/home/ngen/yildiz_ws/src/YILDIZ-USV/install/workspace_gz/lib'
[1.967s] Level 1:colcon.colcon_core.shell:create_environment_hook('workspace_gz', 'ld_library_path_lib')
[1.967s] INFO:colcon.colcon_core.shell:Creating environment hook '/home/ngen/yildiz_ws/src/YILDIZ-USV/install/workspace_gz/share/workspace_gz/hook/ld_library_path_lib.ps1'
[1.967s] INFO:colcon.colcon_core.shell:Creating environment descriptor '/home/ngen/yildiz_ws/src/YILDIZ-USV/install/workspace_gz/share/workspace_gz/hook/ld_library_path_lib.dsv'
[1.967s] INFO:colcon.colcon_core.shell:Creating environment hook '/home/ngen/yildiz_ws/src/YILDIZ-USV/install/workspace_gz/share/workspace_gz/hook/ld_library_path_lib.sh'
[1.968s] Level 1:colcon.colcon_core.environment:checking '/home/ngen/yildiz_ws/src/YILDIZ-USV/install/workspace_gz/bin'
[1.968s] Level 1:colcon.colcon_core.environment:checking '/home/ngen/yildiz_ws/src/YILDIZ-USV/install/workspace_gz/lib/pkgconfig/workspace_gz.pc'
[1.968s] Level 1:colcon.colcon_core.environment:checking '/home/ngen/yildiz_ws/src/YILDIZ-USV/install/workspace_gz/lib/python3.12/site-packages'
[1.968s] Level 1:colcon.colcon_core.environment:checking '/home/ngen/yildiz_ws/src/YILDIZ-USV/install/workspace_gz/bin'
[1.968s] INFO:colcon.colcon_core.shell:Creating package script '/home/ngen/yildiz_ws/src/YILDIZ-USV/install/workspace_gz/share/workspace_gz/package.ps1'
[1.968s] INFO:colcon.colcon_core.shell:Creating package descriptor '/home/ngen/yildiz_ws/src/YILDIZ-USV/install/workspace_gz/share/workspace_gz/package.dsv'
[1.969s] INFO:colcon.colcon_core.shell:Creating package script '/home/ngen/yildiz_ws/src/YILDIZ-USV/install/workspace_gz/share/workspace_gz/package.sh'
[1.969s] INFO:colcon.colcon_core.shell:Creating package script '/home/ngen/yildiz_ws/src/YILDIZ-USV/install/workspace_gz/share/workspace_gz/package.bash'
[1.969s] INFO:colcon.colcon_core.shell:Creating package script '/home/ngen/yildiz_ws/src/YILDIZ-USV/install/workspace_gz/share/workspace_gz/package.zsh'
[1.969s] Level 1:colcon.colcon_core.environment:create_file_with_runtime_dependencies(/home/ngen/yildiz_ws/src/YILDIZ-USV/install/workspace_gz/share/colcon-core/packages/workspace_gz)
[1.969s] DEBUG:colcon.colcon_parallel_executor.executor.parallel:closing loop
[1.969s] DEBUG:colcon.colcon_parallel_executor.executor.parallel:loop closed
[1.969s] DEBUG:colcon.colcon_parallel_executor.executor.parallel:run_until_complete finished with '0'
[1.969s] DEBUG:colcon.colcon_core.event_reactor:joining thread
[1.982s] INFO:colcon.colcon_core.plugin_system:Skipping extension 'colcon_notification.desktop_notification.terminal_notifier': Not used on non-Darwin systems
[1.982s] INFO:colcon.colcon_core.plugin_system:Skipping extension 'colcon_notification.desktop_notification.win32': Not used on non-Windows systems
[1.982s] INFO:colcon.colcon_notification.desktop_notification:Sending desktop notification using 'notify2'
[1.994s] DEBUG:colcon.colcon_core.event_reactor:joined thread
[1.994s] INFO:colcon.colcon_core.shell:Creating prefix script '/home/ngen/yildiz_ws/src/YILDIZ-USV/install/local_setup.ps1'
[1.995s] INFO:colcon.colcon_core.shell:Creating prefix util module '/home/ngen/yildiz_ws/src/YILDIZ-USV/install/_local_setup_util_ps1.py'
[1.996s] INFO:colcon.colcon_core.shell:Creating prefix chain script '/home/ngen/yildiz_ws/src/YILDIZ-USV/install/setup.ps1'
[1.996s] INFO:colcon.colcon_core.shell:Creating prefix script '/home/ngen/yildiz_ws/src/YILDIZ-USV/install/local_setup.sh'
[1.997s] INFO:colcon.colcon_core.shell:Creating prefix util module '/home/ngen/yildiz_ws/src/YILDIZ-USV/install/_local_setup_util_sh.py'
[1.997s] INFO:colcon.colcon_core.shell:Creating prefix chain script '/home/ngen/yildiz_ws/src/YILDIZ-USV/install/setup.sh'
[1.998s] INFO:colcon.colcon_core.shell:Creating prefix script '/home/ngen/yildiz_ws/src/YILDIZ-USV/install/local_setup.bash'
[1.998s] INFO:colcon.colcon_core.shell:Creating prefix chain script '/home/ngen/yildiz_ws/src/YILDIZ-USV/install/setup.bash'
[1.999s] INFO:colcon.colcon_core.shell:Creating prefix script '/home/ngen/yildiz_ws/src/YILDIZ-USV/install/local_setup.zsh'
[1.999s] INFO:colcon.colcon_core.shell:Creating prefix chain script '/home/ngen/yildiz_ws/src/YILDIZ-USV/install/setup.zsh'
