[0.030s] Invoking command in '/home/aliomac/garp-test/build/workspace_gz': CMAKE_PREFIX_PATH=${CMAKE_PREFIX_PATH}:/home/aliomac/garp-test/install/workspace_ros:/home/aliomac/garp-test/install/workspace_nav:/opt/ros/jazzy DEBUGINFOD_URLS=https://debuginfod.ubuntu.com /usr/bin/cmake /home/aliomac/garp-test/workspace_gz -DCMAKE_INSTALL_PREFIX=/home/aliomac/garp-test/install/workspace_gz
[0.319s] -- Found ament_cmake: 2.5.5 (/opt/ros/jazzy/share/ament_cmake/cmake)
[0.319s] -- Override CMake install command with custom implementation using symlinks instead of copying resources
[0.319s] -- Looking for gz-sim8 -- found version 8.10.0
[0.320s] -- Searching for dependencies of gz-sim8
[0.320s] -- Looking for sdformat14 -- found version 14.8.0
[0.320s] -- Searching for dependencies of sdformat14
[0.320s] -- Checking for module 'tinyxml2'
[0.320s] --   Found tinyxml2, version 10.0.0
[0.340s] -- Looking for gz-math7 -- found version 7.5.2
[0.340s] -- Searching for dependencies of gz-math7
[0.341s] -- Looking for gz-utils2 -- found version 2.2.1
[0.341s] -- Searching for dependencies of gz-utils2
[0.342s] -- Looking for gz-utils2 -- found version 2.2.1
[0.343s] -- Searching for dependencies of gz-utils2
[0.343s] -- Searching for <gz-utils2> component [cli]
[0.343s] -- Looking for gz-utils2-cli -- found version 2.2.1
[0.344s] -- Searching for dependencies of gz-utils2-cli
[0.345s] -- Looking for gz-plugin2 -- found version 2.0.4
[0.345s] -- Searching for dependencies of gz-plugin2
[0.345s] -- Looking for gz-utils2 -- found version 2.2.1
[0.346s] -- Searching for <gz-plugin2> component [loader]
[0.346s] -- Looking for gz-plugin2-loader -- found version 2.0.4
[0.347s] -- Searching for dependencies of gz-plugin2-loader
[0.347s] -- Searching for <gz-plugin2> component [register]
[0.348s] -- Looking for gz-plugin2-register -- found version 2.0.4
[0.348s] -- Searching for dependencies of gz-plugin2-register
[0.349s] -- Looking for gz-transport13 -- found version 13.5.0
[0.349s] -- Searching for dependencies of gz-transport13
[0.386s] -- Config-file not installed for ZeroMQ -- checking for pkg-config
[0.390s] -- Checking for module 'libzmq >= 4'
[0.402s] --   Found libzmq, version 4.3.5
[0.451s] -- Checking for module 'uuid'
[0.472s] --   Found uuid, version 2.39.3
[0.505s] -- Looking for gz-utils2 -- found version 2.2.1
[0.506s] -- Looking for gz-msgs10 -- found version 10.3.2
[0.506s] -- Searching for dependencies of gz-msgs10
[0.541s] -- Looking for gz-utils2 -- found version 2.2.1
[0.541s] -- Looking for gz-math7 -- found version 7.5.2
[0.552s] -- Searching for <gz-transport13> component [log]
[0.552s] -- Looking for gz-transport13-log -- found version 13.5.0
[0.553s] -- Searching for dependencies of gz-transport13-log
[0.554s] -- Searching for <gz-transport13> component [parameters]
[0.554s] -- Looking for gz-transport13-parameters -- found version 13.5.0
[0.555s] -- Searching for dependencies of gz-transport13-parameters
[0.556s] -- Looking for gz-msgs10 -- found version 10.3.2
[0.557s] -- Looking for gz-common5 -- found version 5.7.1
[0.557s] -- Searching for dependencies of gz-common5
[0.558s] -- Looking for gz-utils2 -- found version 2.2.1
[0.558s] -- Looking for dlfcn.h - found
[0.558s] -- Looking for libdl - found
[0.571s] -- Searching for <gz-common5> component [av]
[0.571s] -- Looking for gz-common5-av -- found version 5.7.1
[0.572s] -- Searching for dependencies of gz-common5-av
[0.578s] -- Checking for module 'libswscale'
[0.596s] --   Found libswscale, version 7.5.100
[0.637s] -- Checking for module 'libavdevice >= 56.4.100'
[0.654s] --   Found libavdevice, version 60.3.100
[0.710s] -- Checking for module 'libavformat'
[0.726s] --   Found libavformat, version 60.16.100
[0.767s] -- Checking for module 'libavcodec'
[0.783s] --   Found libavcodec, version 60.31.102
[0.828s] -- Checking for module 'libavutil'
[0.845s] --   Found libavutil, version 58.29.100
[0.875s] -- Searching for <gz-common5> component [events]
[0.876s] -- Looking for gz-common5-events -- found version 5.7.1
[0.876s] -- Searching for dependencies of gz-common5-events
[0.876s] -- Looking for gz-math7 -- found version 7.5.2
[0.877s] -- Searching for <gz-common5> component [graphics]
[0.877s] -- Looking for gz-common5-graphics -- found version 5.7.1
[0.877s] -- Searching for dependencies of gz-common5-graphics
[0.878s] -- Looking for gz-math7 -- found version 7.5.2
[0.880s] -- Searching for <gz-common5> component [io]
[0.881s] -- Looking for gz-common5-io -- found version 5.7.1
[0.881s] -- Searching for dependencies of gz-common5-io
[0.881s] -- Searching for <gz-common5> component [profiler]
[0.882s] -- Looking for gz-common5-profiler -- found version 5.7.1
[0.882s] -- Searching for dependencies of gz-common5-profiler
[0.883s] -- Looking for gz-fuel_tools9 -- found version 9.1.1
[0.883s] -- Searching for dependencies of gz-fuel_tools9
[0.933s] -- Checking for module 'jsoncpp'
[0.945s] --   Found jsoncpp, version 1.9.5
[0.998s] -- Checking for module 'yaml-0.1'
[1.018s] --   Found yaml-0.1, version 0.2.5
[1.056s] -- Checking for module 'libzip'
[1.071s] --   Found libzip, version 1.7.3
[1.102s] -- Looking for gz-utils2 -- found version 2.2.1
[1.102s] -- Looking for gz-common5 -- found version 5.7.1
[1.103s] -- Searching for dependencies of gz-common5
[1.103s] -- Looking for gz-utils2 -- found version 2.2.1
[1.103s] -- Looking for dlfcn.h - found
[1.103s] -- Looking for libdl - found
[1.116s] -- Searching for <gz-common5> component [testing]
[1.116s] -- Looking for gz-common5-testing -- found version 5.7.1
[1.117s] -- Searching for dependencies of gz-common5-testing
[1.118s] -- Looking for gz-math7 -- found version 7.5.2
[1.119s] -- Looking for gz-msgs10 -- found version 10.3.2
[1.120s] -- Looking for gz-gui8 -- found version 8.4.0
[1.121s] -- Searching for dependencies of gz-gui8
[1.154s] -- Looking for gz-utils2 -- found version 2.2.1
[1.154s] -- Looking for gz-math7 -- found version 7.5.2
[1.154s] -- Looking for gz-common5 -- found version 5.7.1
[1.155s] -- Looking for gz-plugin2 -- found version 2.0.4
[1.156s] -- Looking for gz-transport13 -- found version 13.5.0
[1.156s] -- Looking for gz-rendering8 -- found version 8.2.3
[1.157s] -- Searching for dependencies of gz-rendering8
[1.157s] -- Looking for gz-math7 -- found version 7.5.2
[1.157s] -- Searching for dependencies of gz-math7
[1.158s] -- Looking for gz-utils2 -- found version 2.2.1
[1.158s] -- Searching for <gz-math7> component [eigen3]
[1.158s] -- Looking for gz-math7-eigen3 -- found version 7.5.2
[1.159s] -- Searching for dependencies of gz-math7-eigen3
[1.160s] -- Looking for gz-common5 -- found version 5.7.1
[1.161s] -- Searching for dependencies of gz-common5
[1.162s] -- Looking for gz-utils2 -- found version 2.2.1
[1.162s] -- Looking for dlfcn.h - found
[1.162s] -- Looking for libdl - found
[1.173s] -- Searching for <gz-common5> component [graphics]
[1.173s] -- Searching for <gz-common5> component [events]
[1.173s] -- Searching for <gz-common5> component [geospatial]
[1.174s] -- Looking for gz-common5-geospatial -- found version 5.7.1
[1.174s] -- Searching for dependencies of gz-common5-geospatial
[1.175s] -- Looking for gz-math7 -- found version 7.5.2
[1.175s] -- Looking for gz-common5 -- found version 5.7.1
[1.177s] -- Looking for gz-plugin2 -- found version 2.0.4
[1.178s] -- Searching for dependencies of gz-plugin2
[1.178s] -- Looking for gz-utils2 -- found version 2.2.1
[1.178s] -- Searching for <gz-plugin2> component [all]
[1.179s] -- Looking for all libraries of gz-plugin2 -- found version 2.0.4
[1.180s] -- Looking for gz-plugin2 -- found version 2.0.4
[1.181s] -- Looking for gz-utils2 -- found version 2.2.1
[1.187s] -- Looking for gz-msgs10 -- found version 10.3.2
[1.217s] -- Looking for gz-physics7 -- found version 7.6.0
[1.217s] -- Searching for dependencies of gz-physics7
[1.218s] -- Looking for gz-common5 -- found version 5.7.1
[1.219s] -- Looking for gz-math7 -- found version 7.5.2
[1.219s] -- Looking for gz-plugin2 -- found version 2.0.4
[1.220s] -- Looking for gz-utils2 -- found version 2.2.1
[1.222s] -- Searching for <gz-physics7> component [heightmap]
[1.222s] -- Looking for gz-physics7-heightmap -- found version 7.6.0
[1.223s] -- Searching for dependencies of gz-physics7-heightmap
[1.223s] -- Looking for gz-common5 -- found version 5.7.1
[1.224s] -- Searching for <gz-physics7> component [mesh]
[1.225s] -- Looking for gz-physics7-mesh -- found version 7.6.0
[1.225s] -- Searching for dependencies of gz-physics7-mesh
[1.225s] -- Looking for gz-common5 -- found version 5.7.1
[1.226s] -- Searching for <gz-physics7> component [sdf]
[1.227s] -- Looking for gz-physics7-sdf -- found version 7.6.0
[1.227s] -- Searching for dependencies of gz-physics7-sdf
[1.227s] -- Looking for sdformat14 -- found version 14.8.0
[1.229s] -- Looking for gz-sensors8 -- found version 8.2.2
[1.229s] -- Searching for dependencies of gz-sensors8
[1.253s] -- Looking for gz-math7 -- found version 7.5.2
[1.253s] -- Looking for gz-common5 -- found version 5.7.1
[1.253s] -- Looking for gz-transport13 -- found version 13.5.0
[1.254s] -- Looking for gz-rendering8 -- found version 8.2.3
[1.254s] -- Looking for gz-msgs10 -- found version 10.3.2
[1.255s] -- Looking for sdformat14 -- found version 14.8.0
[1.256s] -- Searching for <gz-sensors8> component [air_pressure]
[1.256s] -- Looking for gz-sensors8-air_pressure -- found version 8.2.2
[1.256s] -- Searching for dependencies of gz-sensors8-air_pressure
[1.257s] -- Searching for <gz-sensors8> component [air_speed]
[1.257s] -- Looking for gz-sensors8-air_speed -- found version 8.2.2
[1.257s] -- Searching for dependencies of gz-sensors8-air_speed
[1.258s] -- Searching for <gz-sensors8> component [altimeter]
[1.258s] -- Looking for gz-sensors8-altimeter -- found version 8.2.2
[1.258s] -- Searching for dependencies of gz-sensors8-altimeter
[1.259s] -- Searching for <gz-sensors8> component [imu]
[1.259s] -- Looking for gz-sensors8-imu -- found version 8.2.2
[1.259s] -- Searching for dependencies of gz-sensors8-imu
[1.260s] -- Searching for <gz-sensors8> component [force_torque]
[1.260s] -- Looking for gz-sensors8-force_torque -- found version 8.2.2
[1.261s] -- Searching for dependencies of gz-sensors8-force_torque
[1.261s] -- Searching for <gz-sensors8> component [logical_camera]
[1.262s] -- Looking for gz-sensors8-logical_camera -- found version 8.2.2
[1.262s] -- Searching for dependencies of gz-sensors8-logical_camera
[1.263s] -- Searching for <gz-sensors8> component [magnetometer]
[1.264s] -- Looking for gz-sensors8-magnetometer -- found version 8.2.2
[1.264s] -- Searching for dependencies of gz-sensors8-magnetometer
[1.264s] -- Searching for <gz-sensors8> component [navsat]
[1.265s] -- Looking for gz-sensors8-navsat -- found version 8.2.2
[1.265s] -- Searching for dependencies of gz-sensors8-navsat
[1.266s] -- Searching for <gz-sensors8> component [dvl]
[1.267s] -- Looking for gz-sensors8-dvl -- found version 8.2.2
[1.267s] -- Searching for dependencies of gz-sensors8-dvl
[1.267s] -- Looking for gz-sensors8 -- found version 8.2.2
[1.268s] -- Searching for dependencies of gz-sensors8
[1.288s] -- Looking for gz-math7 -- found version 7.5.2
[1.288s] -- Looking for gz-common5 -- found version 5.7.1
[1.289s] -- Looking for gz-transport13 -- found version 13.5.0
[1.289s] -- Looking for gz-rendering8 -- found version 8.2.3
[1.290s] -- Looking for gz-msgs10 -- found version 10.3.2
[1.290s] -- Looking for sdformat14 -- found version 14.8.0
[1.290s] -- Searching for <gz-sensors8> component [rendering]
[1.291s] -- Looking for gz-sensors8-rendering -- found version 8.2.2
[1.291s] -- Searching for dependencies of gz-sensors8-rendering
[1.292s] -- Searching for <gz-sensors8> component [rendering]
[1.292s] -- Searching for <gz-sensors8> component [lidar]
[1.292s] -- Looking for gz-sensors8-lidar -- found version 8.2.2
[1.293s] -- Searching for dependencies of gz-sensors8-lidar
[1.293s] -- Looking for gz-sensors8 -- found version 8.2.2
[1.294s] -- Searching for <gz-sensors8> component [gpu_lidar]
[1.294s] -- Looking for gz-sensors8-gpu_lidar -- found version 8.2.2
[1.294s] -- Searching for dependencies of gz-sensors8-gpu_lidar
[1.295s] -- Looking for gz-sensors8 -- found version 8.2.2
[1.295s] -- Searching for <gz-sensors8> component [camera]
[1.295s] -- Looking for gz-sensors8-camera -- found version 8.2.2
[1.296s] -- Searching for dependencies of gz-sensors8-camera
[1.296s] -- Looking for gz-sensors8 -- found version 8.2.2
[1.297s] -- Searching for <gz-sensors8> component [boundingbox_camera]
[1.297s] -- Looking for gz-sensors8-boundingbox_camera -- found version 8.2.2
[1.297s] -- Searching for dependencies of gz-sensors8-boundingbox_camera
[1.298s] -- Searching for <gz-sensors8> component [segmentation_camera]
[1.298s] -- Looking for gz-sensors8-segmentation_camera -- found version 8.2.2
[1.298s] -- Searching for dependencies of gz-sensors8-segmentation_camera
[1.299s] -- Searching for <gz-sensors8> component [depth_camera]
[1.299s] -- Looking for gz-sensors8-depth_camera -- found version 8.2.2
[1.299s] -- Searching for dependencies of gz-sensors8-depth_camera
[1.300s] -- Looking for gz-sensors8 -- found version 8.2.2
[1.300s] -- Searching for <gz-sensors8> component [rgbd_camera]
[1.301s] -- Looking for gz-sensors8-rgbd_camera -- found version 8.2.2
[1.301s] -- Searching for dependencies of gz-sensors8-rgbd_camera
[1.301s] -- Looking for gz-sensors8 -- found version 8.2.2
[1.302s] -- Searching for <gz-sensors8> component [thermal_camera]
[1.302s] -- Looking for gz-sensors8-thermal_camera -- found version 8.2.2
[1.302s] -- Searching for dependencies of gz-sensors8-thermal_camera
[1.303s] -- Looking for gz-sensors8 -- found version 8.2.2
[1.307s] -- Searching for <gz-sensors8> component [wide_angle_camera]
[1.307s] -- Looking for gz-sensors8-wide_angle_camera -- found version 8.2.2
[1.307s] -- Searching for dependencies of gz-sensors8-wide_angle_camera
[1.307s] -- Looking for gz-rendering8 -- found version 8.2.3
[1.307s] -- Looking for gz-math7 -- found version 7.5.2
[1.308s] -- Looking for gz-utils2 -- found version 2.2.1
[1.332s] -- Looking for gz-common5 -- found version 5.7.1
[1.332s] -- Looking for gz-math7 -- found version 7.5.2
[1.333s] -- Looking for gz-transport13 -- found version 13.5.0
[1.333s] -- Looking for gz-plugin2 -- found version 2.0.4
[1.333s] -- Looking for gz-rendering8 -- found version 8.2.3
[1.334s] -- Looking for gz-sensors8 -- found version 8.2.2
[1.334s] -- Looking for gz-utils2 -- found version 2.2.1
[1.335s] -- Looking for sdformat14 -- found version 14.8.0
[1.335s] -- Found std_msgs: 5.3.6 (/opt/ros/jazzy/share/std_msgs/cmake)
[1.357s] -- Found rosidl_generator_c: 4.6.7 (/opt/ros/jazzy/share/rosidl_generator_c/cmake)
[1.370s] -- Found rosidl_generator_cpp: 4.6.7 (/opt/ros/jazzy/share/rosidl_generator_cpp/cmake)
[1.383s] -- Using all available rosidl_typesupport_c: rosidl_typesupport_fastrtps_c;rosidl_typesupport_introspection_c
[1.398s] -- Using all available rosidl_typesupport_cpp: rosidl_typesupport_fastrtps_cpp;rosidl_typesupport_introspection_cpp
[1.431s] -- Looking for gz-msgs10 -- found version 10.3.2
[1.431s] -- Looking for gz-fuel_tools9 -- found version 9.1.1
[1.564s] -- Configuring done (1.5s)
[1.728s] -- Generating done (0.1s)
[1.753s] -- Build files have been written to: /home/aliomac/garp-test/build/workspace_gz
[1.768s] Invoked command in '/home/aliomac/garp-test/build/workspace_gz' returned '0': CMAKE_PREFIX_PATH=${CMAKE_PREFIX_PATH}:/home/aliomac/garp-test/install/workspace_ros:/home/aliomac/garp-test/install/workspace_nav:/opt/ros/jazzy DEBUGINFOD_URLS=https://debuginfod.ubuntu.com /usr/bin/cmake /home/aliomac/garp-test/workspace_gz -DCMAKE_INSTALL_PREFIX=/home/aliomac/garp-test/install/workspace_gz
[1.770s] Invoking command in '/home/aliomac/garp-test/build/workspace_gz': CMAKE_PREFIX_PATH=${CMAKE_PREFIX_PATH}:/home/aliomac/garp-test/install/workspace_ros:/home/aliomac/garp-test/install/workspace_nav:/opt/ros/jazzy DEBUGINFOD_URLS=https://debuginfod.ubuntu.com /usr/bin/cmake --build /home/aliomac/garp-test/build/workspace_gz -- -j8 -l8
[1.830s] [  4%] Built target Waves
[1.856s] [  8%] Built target ScoringPlugin
[1.887s] [ 16%] Built target PolyhedraBuoyancyDrag
[1.912s] [ 20%] Built target LightBuoyPlugin
[1.941s] [ 25%] Built target NavigationScoringPlugin
[1.968s] [ 29%] Built target GymkhanaScoringPlugin
[1.998s] [ 33%] Built target PerceptionScoringPlugin
[2.036s] [ 37%] Built target PlacardPlugin
[2.077s] [ 41%] Built target PublisherPlugin
[2.126s] [ 45%] Built target ScanDockScoringPlugin
[2.173s] [ 50%] Built target SimpleHydrodynamics
[2.225s] [ 54%] Built target Surface
[2.257s] [ 58%] Built target USVWind
[2.288s] [ 62%] Built target WaveVisual
[2.316s] [ 66%] Built target WildlifeScoringPlugin
[2.343s] [ 70%] Built target BallShooterPlugin
[2.373s] [ 75%] Built target AcousticPingerPlugin
[2.415s] [ 81%] Built target AcousticTrackingScoringPlugin
[2.456s] [ 87%] Built target AcousticPerceptionScoringPlugin
[2.496s] [ 93%] Built target WayfindingScoringPlugin
[2.531s] [100%] Built target StationkeepingScoringPlugin
[2.543s] Invoked command in '/home/aliomac/garp-test/build/workspace_gz' returned '0': CMAKE_PREFIX_PATH=${CMAKE_PREFIX_PATH}:/home/aliomac/garp-test/install/workspace_ros:/home/aliomac/garp-test/install/workspace_nav:/opt/ros/jazzy DEBUGINFOD_URLS=https://debuginfod.ubuntu.com /usr/bin/cmake --build /home/aliomac/garp-test/build/workspace_gz -- -j8 -l8
[2.554s] Invoking command in '/home/aliomac/garp-test/build/workspace_gz': CMAKE_PREFIX_PATH=${CMAKE_PREFIX_PATH}:/home/aliomac/garp-test/install/workspace_ros:/home/aliomac/garp-test/install/workspace_nav:/opt/ros/jazzy DEBUGINFOD_URLS=https://debuginfod.ubuntu.com /usr/bin/cmake --install /home/aliomac/garp-test/build/workspace_gz
[2.562s] -- Install configuration: ""
[2.563s] -- Execute custom install script
[2.564s] -- Up-to-date symlink: /home/aliomac/garp-test/install/workspace_gz/lib/libWaves.so
[2.564s] -- Up-to-date symlink: /home/aliomac/garp-test/install/workspace_gz/lib/libPolyhedraBuoyancyDrag.so
[2.564s] -- Up-to-date symlink: /home/aliomac/garp-test/install/workspace_gz/lib/libScoringPlugin.so
[2.564s] -- Up-to-date symlink: /home/aliomac/garp-test/install/workspace_gz/lib/libStationkeepingScoringPlugin.so
[2.565s] -- Up-to-date symlink: /home/aliomac/garp-test/install/workspace_gz/lib/libWayfindingScoringPlugin.so
[2.565s] -- Up-to-date symlink: /home/aliomac/garp-test/install/workspace_gz/lib/libAcousticPerceptionScoringPlugin.so
[2.565s] -- Up-to-date symlink: /home/aliomac/garp-test/install/workspace_gz/lib/libAcousticTrackingScoringPlugin.so
[2.565s] -- Up-to-date symlink: /home/aliomac/garp-test/install/workspace_gz/lib/libAcousticPingerPlugin.so
[2.566s] -- Up-to-date symlink: /home/aliomac/garp-test/install/workspace_gz/lib/libBallShooterPlugin.so
[2.566s] -- Up-to-date symlink: /home/aliomac/garp-test/install/workspace_gz/lib/libLightBuoyPlugin.so
[2.566s] -- Up-to-date symlink: /home/aliomac/garp-test/install/workspace_gz/lib/libNavigationScoringPlugin.so
[2.566s] -- Up-to-date symlink: /home/aliomac/garp-test/install/workspace_gz/lib/libGymkhanaScoringPlugin.so
[2.567s] -- Up-to-date symlink: /home/aliomac/garp-test/install/workspace_gz/lib/libPerceptionScoringPlugin.so
[2.567s] -- Up-to-date symlink: /home/aliomac/garp-test/install/workspace_gz/lib/libPlacardPlugin.so
[2.567s] -- Up-to-date symlink: /home/aliomac/garp-test/install/workspace_gz/lib/libPublisherPlugin.so
[2.567s] -- Up-to-date symlink: /home/aliomac/garp-test/install/workspace_gz/lib/libScanDockScoringPlugin.so
[2.568s] -- Up-to-date symlink: /home/aliomac/garp-test/install/workspace_gz/lib/libSimpleHydrodynamics.so
[2.568s] -- Up-to-date symlink: /home/aliomac/garp-test/install/workspace_gz/lib/libSurface.so
[2.568s] -- Up-to-date symlink: /home/aliomac/garp-test/install/workspace_gz/lib/libUSVWind.so
[2.568s] -- Up-to-date symlink: /home/aliomac/garp-test/install/workspace_gz/lib/libWaveVisual.so
[2.569s] -- Up-to-date symlink: /home/aliomac/garp-test/install/workspace_gz/lib/libWildlifeScoringPlugin.so
[2.569s] -- Up-to-date symlink: /home/aliomac/garp-test/install/workspace_gz/share/workspace_gz//description/roboboat/roboboat.xacro
[2.570s] -- Up-to-date symlink: /home/aliomac/garp-test/install/workspace_gz/share/workspace_gz//launch/simulation.launch.py
[2.572s] -- Up-to-date symlink: /home/aliomac/garp-test/install/workspace_gz/share/workspace_gz//models/buoys/marker_buoy_black/materials/textures/MarkerBuoy_Base_Color.png
[2.572s] -- Up-to-date symlink: /home/aliomac/garp-test/install/workspace_gz/share/workspace_gz//models/buoys/marker_buoy_black/materials/textures/MarkerBuoy_Roughness.png
[2.572s] -- Up-to-date symlink: /home/aliomac/garp-test/install/workspace_gz/share/workspace_gz//models/buoys/marker_buoy_black/meshes/marker_buoy.dae
[2.573s] -- Up-to-date symlink: /home/aliomac/garp-test/install/workspace_gz/share/workspace_gz//models/buoys/marker_buoy_black/model.config
[2.573s] -- Up-to-date symlink: /home/aliomac/garp-test/install/workspace_gz/share/workspace_gz//models/buoys/marker_buoy_black/model.sdf
[2.573s] -- Up-to-date symlink: /home/aliomac/garp-test/install/workspace_gz/share/workspace_gz//models/buoys/marker_buoy_green/materials/textures/MarkerBuoy_Base_Color.png
[2.573s] -- Up-to-date symlink: /home/aliomac/garp-test/install/workspace_gz/share/workspace_gz//models/buoys/marker_buoy_green/materials/textures/MarkerBuoy_Roughness.png
[2.573s] -- Up-to-date symlink: /home/aliomac/garp-test/install/workspace_gz/share/workspace_gz//models/buoys/marker_buoy_green/meshes/marker_buoy.dae
[2.573s] -- Up-to-date symlink: /home/aliomac/garp-test/install/workspace_gz/share/workspace_gz//models/buoys/marker_buoy_green/model.config
[2.574s] -- Up-to-date symlink: /home/aliomac/garp-test/install/workspace_gz/share/workspace_gz//models/buoys/marker_buoy_green/model.sdf
[2.574s] -- Up-to-date symlink: /home/aliomac/garp-test/install/workspace_gz/share/workspace_gz//models/buoys/marker_buoy_orange/materials/textures/MarkerBuoy_Base_Color.png
[2.574s] -- Up-to-date symlink: /home/aliomac/garp-test/install/workspace_gz/share/workspace_gz//models/buoys/marker_buoy_orange/materials/textures/MarkerBuoy_Roughness.png
[2.574s] -- Up-to-date symlink: /home/aliomac/garp-test/install/workspace_gz/share/workspace_gz//models/buoys/marker_buoy_orange/meshes/marker_buoy.dae
[2.574s] -- Up-to-date symlink: /home/aliomac/garp-test/install/workspace_gz/share/workspace_gz//models/buoys/marker_buoy_orange/model.config
[2.575s] -- Up-to-date symlink: /home/aliomac/garp-test/install/workspace_gz/share/workspace_gz//models/buoys/marker_buoy_orange/model.sdf
[2.575s] -- Up-to-date symlink: /home/aliomac/garp-test/install/workspace_gz/share/workspace_gz//models/buoys/marker_buoy_red/materials/textures/MarkerBuoy_Base_Color.png
[2.575s] -- Up-to-date symlink: /home/aliomac/garp-test/install/workspace_gz/share/workspace_gz//models/buoys/marker_buoy_red/materials/textures/MarkerBuoy_Roughness.png
[2.575s] -- Up-to-date symlink: /home/aliomac/garp-test/install/workspace_gz/share/workspace_gz//models/buoys/marker_buoy_red/meshes/marker_buoy.dae
[2.575s] -- Up-to-date symlink: /home/aliomac/garp-test/install/workspace_gz/share/workspace_gz//models/buoys/marker_buoy_red/model.config
[2.576s] -- Up-to-date symlink: /home/aliomac/garp-test/install/workspace_gz/share/workspace_gz//models/buoys/marker_buoy_red/model.sdf
[2.576s] -- Up-to-date symlink: /home/aliomac/garp-test/install/workspace_gz/share/workspace_gz//models/buoys/marker_buoy_yellow/materials/textures/MarkerBuoy_Base_Color.png
[2.576s] -- Up-to-date symlink: /home/aliomac/garp-test/install/workspace_gz/share/workspace_gz//models/buoys/marker_buoy_yellow/materials/textures/MarkerBuoy_Roughness.png
[2.576s] -- Up-to-date symlink: /home/aliomac/garp-test/install/workspace_gz/share/workspace_gz//models/buoys/marker_buoy_yellow/meshes/marker_buoy.dae
[2.576s] -- Up-to-date symlink: /home/aliomac/garp-test/install/workspace_gz/share/workspace_gz//models/buoys/marker_buoy_yellow/model.config
[2.577s] -- Up-to-date symlink: /home/aliomac/garp-test/install/workspace_gz/share/workspace_gz//models/buoys/marker_buoy_yellow/model.sdf
[2.577s] -- Up-to-date symlink: /home/aliomac/garp-test/install/workspace_gz/share/workspace_gz//models/buoys/round_buoy_orange/materials/textures/RoundBarrierBuoy_Base_Color.png
[2.577s] -- Up-to-date symlink: /home/aliomac/garp-test/install/workspace_gz/share/workspace_gz//models/buoys/round_buoy_orange/materials/textures/RoundBarrierBuoy_Roughness.png
[2.577s] -- Up-to-date symlink: /home/aliomac/garp-test/install/workspace_gz/share/workspace_gz//models/buoys/round_buoy_orange/meshes/round_buoy.dae
[2.577s] -- Up-to-date symlink: /home/aliomac/garp-test/install/workspace_gz/share/workspace_gz//models/buoys/round_buoy_orange/model.config
[2.577s] -- Up-to-date symlink: /home/aliomac/garp-test/install/workspace_gz/share/workspace_gz//models/buoys/round_buoy_orange/model.sdf
[2.578s] -- Up-to-date symlink: /home/aliomac/garp-test/install/workspace_gz/share/workspace_gz//models/roboboat/materials/textures/roboboat_albedo.png
[2.578s] -- Up-to-date symlink: /home/aliomac/garp-test/install/workspace_gz/share/workspace_gz//models/roboboat/materials/textures/roboboat_metalness.png
[2.578s] -- Up-to-date symlink: /home/aliomac/garp-test/install/workspace_gz/share/workspace_gz//models/roboboat/materials/textures/roboboat_normal.png
[2.578s] -- Up-to-date symlink: /home/aliomac/garp-test/install/workspace_gz/share/workspace_gz//models/roboboat/materials/textures/roboboat_roughness.png
[2.578s] -- Up-to-date symlink: /home/aliomac/garp-test/install/workspace_gz/share/workspace_gz//models/roboboat/materials/textures/thruster_albedo.png
[2.579s] -- Up-to-date symlink: /home/aliomac/garp-test/install/workspace_gz/share/workspace_gz//models/roboboat/materials/textures/thruster_roughness.png
[2.579s] -- Up-to-date symlink: /home/aliomac/garp-test/install/workspace_gz/share/workspace_gz//models/roboboat/meshes/housing.dae
[2.579s] -- Up-to-date symlink: /home/aliomac/garp-test/install/workspace_gz/share/workspace_gz//models/roboboat/meshes/mount.dae
[2.579s] -- Up-to-date symlink: /home/aliomac/garp-test/install/workspace_gz/share/workspace_gz//models/roboboat/meshes/prop.dae
[2.579s] -- Up-to-date symlink: /home/aliomac/garp-test/install/workspace_gz/share/workspace_gz//models/roboboat/meshes/roboboat.dae
[2.579s] -- Up-to-date symlink: /home/aliomac/garp-test/install/workspace_gz/share/workspace_gz//models/roboboat/sensors/camera/materials/textures/camera.png
[2.580s] -- Up-to-date symlink: /home/aliomac/garp-test/install/workspace_gz/share/workspace_gz//models/roboboat/sensors/camera/materials/textures/camera_albedo.png
[2.580s] -- Up-to-date symlink: /home/aliomac/garp-test/install/workspace_gz/share/workspace_gz//models/roboboat/sensors/camera/materials/textures/camera_metalness.png
[2.580s] -- Up-to-date symlink: /home/aliomac/garp-test/install/workspace_gz/share/workspace_gz//models/roboboat/sensors/camera/materials/textures/camera_normal.png
[2.580s] -- Up-to-date symlink: /home/aliomac/garp-test/install/workspace_gz/share/workspace_gz//models/roboboat/sensors/camera/materials/textures/camera_roughness.png
[2.580s] -- Up-to-date symlink: /home/aliomac/garp-test/install/workspace_gz/share/workspace_gz//models/roboboat/sensors/camera/meshes/camera.dae
[2.581s] -- Up-to-date symlink: /home/aliomac/garp-test/install/workspace_gz/share/workspace_gz//models/roboboat/sensors/camera/meshes/camera_albedo.png
[2.581s] -- Up-to-date symlink: /home/aliomac/garp-test/install/workspace_gz/share/workspace_gz//models/roboboat/sensors/camera_post/materials/textures/post_albedo.png
[2.581s] -- Up-to-date symlink: /home/aliomac/garp-test/install/workspace_gz/share/workspace_gz//models/roboboat/sensors/camera_post/meshes/post.dae
[2.581s] -- Up-to-date symlink: /home/aliomac/garp-test/install/workspace_gz/share/workspace_gz//models/roboboat/sensors/camera_post/meshes/post_albedo.jpg
[2.581s] -- Up-to-date symlink: /home/aliomac/garp-test/install/workspace_gz/share/workspace_gz//models/roboboat/sensors/drybox/materials/textures/drybox_albedo.png
[2.582s] -- Up-to-date symlink: /home/aliomac/garp-test/install/workspace_gz/share/workspace_gz//models/roboboat/sensors/drybox/materials/textures/drybox_roughness.png
[2.582s] -- Up-to-date symlink: /home/aliomac/garp-test/install/workspace_gz/share/workspace_gz//models/roboboat/sensors/drybox/meshes/drybox.dae
[2.582s] -- Up-to-date symlink: /home/aliomac/garp-test/install/workspace_gz/share/workspace_gz//models/roboboat/sensors/gps/materials/textures/gps_albedo.png
[2.582s] -- Up-to-date symlink: /home/aliomac/garp-test/install/workspace_gz/share/workspace_gz//models/roboboat/sensors/gps/meshes/gps.dae
[2.582s] -- Up-to-date symlink: /home/aliomac/garp-test/install/workspace_gz/share/workspace_gz//models/roboboat/sensors/gps/meshes/gps_albedo.png
[2.583s] -- Up-to-date symlink: /home/aliomac/garp-test/install/workspace_gz/share/workspace_gz//models/roboboat/sensors/lidar/materials/textures/lidar.png
[2.583s] -- Up-to-date symlink: /home/aliomac/garp-test/install/workspace_gz/share/workspace_gz//models/roboboat/sensors/lidar/materials/textures/lidar_albedo.png
[2.583s] -- Up-to-date symlink: /home/aliomac/garp-test/install/workspace_gz/share/workspace_gz//models/roboboat/sensors/lidar/materials/textures/lidar_metalness.png
[2.583s] -- Up-to-date symlink: /home/aliomac/garp-test/install/workspace_gz/share/workspace_gz//models/roboboat/sensors/lidar/materials/textures/lidar_normal.png
[2.583s] -- Up-to-date symlink: /home/aliomac/garp-test/install/workspace_gz/share/workspace_gz//models/roboboat/sensors/lidar/materials/textures/lidar_roughness.png
[2.584s] -- Up-to-date symlink: /home/aliomac/garp-test/install/workspace_gz/share/workspace_gz//models/roboboat/sensors/lidar/meshes/lidar.dae
[2.584s] -- Up-to-date symlink: /home/aliomac/garp-test/install/workspace_gz/share/workspace_gz//models/roboboat/sensors/lidar/meshes/lidar_albedo.png
[2.584s] -- Up-to-date symlink: /home/aliomac/garp-test/install/workspace_gz/share/workspace_gz//models/roboboat/sensors/lidar_post/materials/textures/post_albedo.png
[2.584s] -- Up-to-date symlink: /home/aliomac/garp-test/install/workspace_gz/share/workspace_gz//models/roboboat/sensors/lidar_post/meshes/post.dae
[2.584s] -- Up-to-date symlink: /home/aliomac/garp-test/install/workspace_gz/share/workspace_gz//models/roboboat/sensors/lidar_post/meshes/post_albedo.jpg
[2.584s] -- Up-to-date symlink: /home/aliomac/garp-test/install/workspace_gz/share/workspace_gz//models/waves/materials/programs/GerstnerWaves_fs_330.glsl
[2.585s] -- Up-to-date symlink: /home/aliomac/garp-test/install/workspace_gz/share/workspace_gz//models/waves/materials/programs/GerstnerWaves_vs_330.glsl
[2.585s] -- Up-to-date symlink: /home/aliomac/garp-test/install/workspace_gz/share/workspace_gz//models/waves/materials/textures/skybox_lowres.dds
[2.585s] -- Up-to-date symlink: /home/aliomac/garp-test/install/workspace_gz/share/workspace_gz//models/waves/materials/textures/wave_normals.dds
[2.585s] -- Up-to-date symlink: /home/aliomac/garp-test/install/workspace_gz/share/workspace_gz//models/waves/meshes/waterlow.dae
[2.585s] -- Up-to-date symlink: /home/aliomac/garp-test/install/workspace_gz/share/workspace_gz//models/waves/model.config
[2.585s] -- Up-to-date symlink: /home/aliomac/garp-test/install/workspace_gz/share/workspace_gz//models/waves/model.sdf
[2.586s] -- Up-to-date symlink: /home/aliomac/garp-test/install/workspace_gz/share/workspace_gz//worlds/world.sdf
[2.586s] -- Up-to-date symlink: /home/aliomac/garp-test/install/workspace_gz/share/workspace_gz/environment/library_path.sh
[2.586s] -- Up-to-date symlink: /home/aliomac/garp-test/install/workspace_gz/share/workspace_gz/environment/library_path.dsv
[2.587s] -- Up-to-date symlink: /home/aliomac/garp-test/install/workspace_gz/share/ament_index/resource_index/package_run_dependencies/workspace_gz
[2.587s] -- Up-to-date symlink: /home/aliomac/garp-test/install/workspace_gz/share/ament_index/resource_index/parent_prefix_path/workspace_gz
[2.587s] -- Up-to-date symlink: /home/aliomac/garp-test/install/workspace_gz/share/workspace_gz/environment/ament_prefix_path.sh
[2.587s] -- Up-to-date symlink: /home/aliomac/garp-test/install/workspace_gz/share/workspace_gz/environment/ament_prefix_path.dsv
[2.588s] -- Up-to-date symlink: /home/aliomac/garp-test/install/workspace_gz/share/workspace_gz/environment/path.sh
[2.588s] -- Up-to-date symlink: /home/aliomac/garp-test/install/workspace_gz/share/workspace_gz/environment/path.dsv
[2.588s] -- Up-to-date symlink: /home/aliomac/garp-test/install/workspace_gz/share/workspace_gz/local_setup.bash
[2.588s] -- Up-to-date symlink: /home/aliomac/garp-test/install/workspace_gz/share/workspace_gz/local_setup.sh
[2.588s] -- Up-to-date symlink: /home/aliomac/garp-test/install/workspace_gz/share/workspace_gz/local_setup.zsh
[2.589s] -- Up-to-date symlink: /home/aliomac/garp-test/install/workspace_gz/share/workspace_gz/local_setup.dsv
[2.589s] -- Symlinking: /home/aliomac/garp-test/install/workspace_gz/share/workspace_gz/package.dsv
[2.598s] -- Up-to-date symlink: /home/aliomac/garp-test/install/workspace_gz/share/ament_index/resource_index/packages/workspace_gz
[2.598s] -- Up-to-date symlink: /home/aliomac/garp-test/install/workspace_gz/share/workspace_gz/cmake/ament_cmake_export_libraries-extras.cmake
[2.598s] -- Up-to-date symlink: /home/aliomac/garp-test/install/workspace_gz/share/workspace_gz/cmake/ament_cmake_export_dependencies-extras.cmake
[2.599s] -- Up-to-date symlink: /home/aliomac/garp-test/install/workspace_gz/share/workspace_gz/cmake/workspace_gzConfig.cmake
[2.599s] -- Up-to-date symlink: /home/aliomac/garp-test/install/workspace_gz/share/workspace_gz/cmake/workspace_gzConfig-version.cmake
[2.599s] -- Up-to-date symlink: /home/aliomac/garp-test/install/workspace_gz/share/workspace_gz/package.xml
[2.601s] Invoked command in '/home/aliomac/garp-test/build/workspace_gz' returned '0': CMAKE_PREFIX_PATH=${CMAKE_PREFIX_PATH}:/home/aliomac/garp-test/install/workspace_ros:/home/aliomac/garp-test/install/workspace_nav:/opt/ros/jazzy DEBUGINFOD_URLS=https://debuginfod.ubuntu.com /usr/bin/cmake --install /home/aliomac/garp-test/build/workspace_gz
