[0.022s] Invoking command in '/home/aliomacc/sti_usv/build/workspace_gz': CMAKE_PREFIX_PATH=${CMAKE_PREFIX_PATH}:/home/aliomacc/ros2_ws/install/actions_py:/home/aliomacc/ros2_ws/install/lifecycle_py:/opt/ros/humble /usr/bin/cmake --build /home/aliomacc/sti_usv/build/workspace_gz -- -j8 -l8
[0.342s] [35m[1mConsolidate compiler generated dependencies of target Waves[0m
[0.343s] [35m[1mConsolidate compiler generated dependencies of target ScoringPlugin[0m
[0.343s] [  3%] Built target Waves
[0.343s] [  7%] Built target ScoringPlugin
[0.343s] [35m[1mConsolidate compiler generated dependencies of target SimpleHydrodynamics[0m
[0.343s] [35m[1mConsolidate compiler generated dependencies of target PolyhedraBuoyancyDrag[0m
[0.344s] [ 11%] Built target SimpleHydrodynamics
[0.344s] [ 18%] Built target PolyhedraBuoyancyDrag
[0.344s] [35m[1mConsolidate compiler generated dependencies of target AcousticPerceptionScoringPlugin[0m
[0.344s] [35m[1mConsolidate compiler generated dependencies of target AcousticTrackingScoringPlugin[0m
[0.344s] [ 24%] Built target AcousticPerceptionScoringPlugin
[0.344s] [ 30%] Built target AcousticTrackingScoringPlugin
[0.344s] [35m[1mConsolidate compiler generated dependencies of target AcousticPingerPlugin[0m
[0.345s] [35m[1mConsolidate compiler generated dependencies of target BallShooterPlugin[0m
[0.345s] [ 33%] Built target AcousticPingerPlugin
[0.345s] [ 37%] Built target BallShooterPlugin
[0.345s] [35m[1mConsolidate compiler generated dependencies of target LightBuoyPlugin[0m
[0.345s] [35m[1mConsolidate compiler generated dependencies of target WayfindingScoringPlugin[0m
[0.345s] [ 41%] Built target LightBuoyPlugin
[0.345s] [ 47%] Built target WayfindingScoringPlugin
[0.345s] [35m[1mConsolidate compiler generated dependencies of target GymkhanaScoringPlugin[0m
[0.345s] [35m[1mConsolidate compiler generated dependencies of target PerceptionScoringPlugin[0m
[0.345s] [ 52%] Built target GymkhanaScoringPlugin
[0.345s] [ 58%] Built target PerceptionScoringPlugin
[0.345s] [35m[1mConsolidate compiler generated dependencies of target PlacardPlugin[0m
[0.345s] [35m[1mConsolidate compiler generated dependencies of target PublisherPlugin[0m
[0.345s] [ 66%] Built target PublisherPlugin
[0.346s] [ 66%] Built target PlacardPlugin
[0.346s] [35m[1mConsolidate compiler generated dependencies of target ScanDockScoringPlugin[0m
[0.346s] [35m[1mConsolidate compiler generated dependencies of target NavigationScoringPlugin[0m
[0.346s] [ 73%] Built target NavigationScoringPlugin
[0.346s] [ 77%] Built target ScanDockScoringPlugin
[0.346s] [35m[1mConsolidate compiler generated dependencies of target StationkeepingScoringPlugin[0m
[0.346s] [35m[1mConsolidate compiler generated dependencies of target WildlifeScoringPlugin[0m
[0.346s] [ 88%] Built target WildlifeScoringPlugin
[0.346s] [ 88%] Built target StationkeepingScoringPlugin
[0.346s] [35m[1mConsolidate compiler generated dependencies of target WaveVisual[0m
[0.346s] [35m[1mConsolidate compiler generated dependencies of target USVWind[0m
[0.346s] [ 92%] Built target WaveVisual
[0.346s] [ 96%] Built target USVWind
[0.346s] [35m[1mConsolidate compiler generated dependencies of target Surface[0m
[0.346s] [100%] Built target Surface
[0.642s] Invoked command in '/home/aliomacc/sti_usv/build/workspace_gz' returned '0': CMAKE_PREFIX_PATH=${CMAKE_PREFIX_PATH}:/home/aliomacc/ros2_ws/install/actions_py:/home/aliomacc/ros2_ws/install/lifecycle_py:/opt/ros/humble /usr/bin/cmake --build /home/aliomacc/sti_usv/build/workspace_gz -- -j8 -l8
[0.651s] Invoking command in '/home/aliomacc/sti_usv/build/workspace_gz': CMAKE_PREFIX_PATH=${CMAKE_PREFIX_PATH}:/home/aliomacc/ros2_ws/install/actions_py:/home/aliomacc/ros2_ws/install/lifecycle_py:/opt/ros/humble /usr/bin/cmake --install /home/aliomacc/sti_usv/build/workspace_gz
[0.657s] -- Install configuration: ""
[0.657s] -- Execute custom install script
[0.658s] -- Up-to-date symlink: /home/aliomacc/sti_usv/install/workspace_gz/lib/workspace_gz/libWaves.so
[0.658s] -- Up-to-date symlink: /home/aliomacc/sti_usv/install/workspace_gz/lib/workspace_gz/libScoringPlugin.so
[0.658s] -- Up-to-date symlink: /home/aliomacc/sti_usv/install/workspace_gz/lib/workspace_gz/libSimpleHydrodynamics.so
[0.659s] -- Up-to-date symlink: /home/aliomacc/sti_usv/install/workspace_gz/lib/workspace_gz/libPolyhedraBuoyancyDrag.so
[0.659s] -- Up-to-date symlink: /home/aliomacc/sti_usv/install/workspace_gz/lib/workspace_gz/libSurface.so
[0.659s] -- Up-to-date symlink: /home/aliomacc/sti_usv/install/workspace_gz/lib/workspace_gz/libUSVWind.so
[0.659s] -- Up-to-date symlink: /home/aliomacc/sti_usv/install/workspace_gz/lib/workspace_gz/libWaveVisual.so
[0.659s] -- Up-to-date symlink: /home/aliomacc/sti_usv/install/workspace_gz/lib/workspace_gz/libStationkeepingScoringPlugin.so
[0.659s] -- Up-to-date symlink: /home/aliomacc/sti_usv/install/workspace_gz/lib/workspace_gz/libWayfindingScoringPlugin.so
[0.659s] -- Up-to-date symlink: /home/aliomacc/sti_usv/install/workspace_gz/lib/workspace_gz/libAcousticPerceptionScoringPlugin.so
[0.660s] -- Up-to-date symlink: /home/aliomacc/sti_usv/install/workspace_gz/lib/workspace_gz/libAcousticTrackingScoringPlugin.so
[0.660s] -- Up-to-date symlink: /home/aliomacc/sti_usv/install/workspace_gz/lib/workspace_gz/libAcousticPingerPlugin.so
[0.660s] -- Up-to-date symlink: /home/aliomacc/sti_usv/install/workspace_gz/lib/workspace_gz/libBallShooterPlugin.so
[0.660s] -- Up-to-date symlink: /home/aliomacc/sti_usv/install/workspace_gz/lib/workspace_gz/libLightBuoyPlugin.so
[0.660s] -- Up-to-date symlink: /home/aliomacc/sti_usv/install/workspace_gz/lib/workspace_gz/libNavigationScoringPlugin.so
[0.660s] -- Up-to-date symlink: /home/aliomacc/sti_usv/install/workspace_gz/lib/workspace_gz/libGymkhanaScoringPlugin.so
[0.660s] -- Up-to-date symlink: /home/aliomacc/sti_usv/install/workspace_gz/lib/workspace_gz/libPerceptionScoringPlugin.so
[0.660s] -- Up-to-date symlink: /home/aliomacc/sti_usv/install/workspace_gz/lib/workspace_gz/libPlacardPlugin.so
[0.661s] -- Up-to-date symlink: /home/aliomacc/sti_usv/install/workspace_gz/lib/workspace_gz/libPublisherPlugin.so
[0.661s] -- Up-to-date symlink: /home/aliomacc/sti_usv/install/workspace_gz/lib/workspace_gz/libScanDockScoringPlugin.so
[0.661s] -- Up-to-date symlink: /home/aliomacc/sti_usv/install/workspace_gz/lib/workspace_gz/libWildlifeScoringPlugin.so
[0.661s] -- Up-to-date symlink: /home/aliomacc/sti_usv/install/workspace_gz/share/workspace_gz/launch/simulation.launch.py
[0.662s] -- Up-to-date symlink: /home/aliomacc/sti_usv/install/workspace_gz/share/workspace_gz/models/buoys/marker_buoy_black/materials/textures/MarkerBuoy_Base_Color.png
[0.662s] -- Up-to-date symlink: /home/aliomacc/sti_usv/install/workspace_gz/share/workspace_gz/models/buoys/marker_buoy_black/materials/textures/MarkerBuoy_Roughness.png
[0.662s] -- Up-to-date symlink: /home/aliomacc/sti_usv/install/workspace_gz/share/workspace_gz/models/buoys/marker_buoy_black/meshes/marker_buoy.dae
[0.663s] -- Up-to-date symlink: /home/aliomacc/sti_usv/install/workspace_gz/share/workspace_gz/models/buoys/marker_buoy_black/model.config
[0.663s] -- Up-to-date symlink: /home/aliomacc/sti_usv/install/workspace_gz/share/workspace_gz/models/buoys/marker_buoy_black/model.sdf
[0.663s] -- Up-to-date symlink: /home/aliomacc/sti_usv/install/workspace_gz/share/workspace_gz/models/buoys/marker_buoy_green/materials/textures/MarkerBuoy_Base_Color.png
[0.663s] -- Up-to-date symlink: /home/aliomacc/sti_usv/install/workspace_gz/share/workspace_gz/models/buoys/marker_buoy_green/materials/textures/MarkerBuoy_Roughness.png
[0.663s] -- Up-to-date symlink: /home/aliomacc/sti_usv/install/workspace_gz/share/workspace_gz/models/buoys/marker_buoy_green/meshes/marker_buoy.dae
[0.663s] -- Up-to-date symlink: /home/aliomacc/sti_usv/install/workspace_gz/share/workspace_gz/models/buoys/marker_buoy_green/model.config
[0.663s] -- Up-to-date symlink: /home/aliomacc/sti_usv/install/workspace_gz/share/workspace_gz/models/buoys/marker_buoy_green/model.sdf
[0.664s] -- Up-to-date symlink: /home/aliomacc/sti_usv/install/workspace_gz/share/workspace_gz/models/buoys/marker_buoy_orange/materials/textures/MarkerBuoy_Base_Color.png
[0.664s] -- Up-to-date symlink: /home/aliomacc/sti_usv/install/workspace_gz/share/workspace_gz/models/buoys/marker_buoy_orange/materials/textures/MarkerBuoy_Roughness.png
[0.664s] -- Up-to-date symlink: /home/aliomacc/sti_usv/install/workspace_gz/share/workspace_gz/models/buoys/marker_buoy_orange/meshes/marker_buoy.dae
[0.664s] -- Up-to-date symlink: /home/aliomacc/sti_usv/install/workspace_gz/share/workspace_gz/models/buoys/marker_buoy_orange/model.config
[0.664s] -- Up-to-date symlink: /home/aliomacc/sti_usv/install/workspace_gz/share/workspace_gz/models/buoys/marker_buoy_orange/model.sdf
[0.664s] -- Up-to-date symlink: /home/aliomacc/sti_usv/install/workspace_gz/share/workspace_gz/models/buoys/marker_buoy_red/materials/textures/MarkerBuoy_Base_Color.png
[0.664s] -- Up-to-date symlink: /home/aliomacc/sti_usv/install/workspace_gz/share/workspace_gz/models/buoys/marker_buoy_red/materials/textures/MarkerBuoy_Roughness.png
[0.664s] -- Up-to-date symlink: /home/aliomacc/sti_usv/install/workspace_gz/share/workspace_gz/models/buoys/marker_buoy_red/meshes/marker_buoy.dae
[0.665s] -- Up-to-date symlink: /home/aliomacc/sti_usv/install/workspace_gz/share/workspace_gz/models/buoys/marker_buoy_red/model.config
[0.665s] -- Up-to-date symlink: /home/aliomacc/sti_usv/install/workspace_gz/share/workspace_gz/models/buoys/marker_buoy_red/model.sdf
[0.665s] -- Up-to-date symlink: /home/aliomacc/sti_usv/install/workspace_gz/share/workspace_gz/models/buoys/marker_buoy_yellow/materials/textures/MarkerBuoy_Base_Color.png
[0.665s] -- Up-to-date symlink: /home/aliomacc/sti_usv/install/workspace_gz/share/workspace_gz/models/buoys/marker_buoy_yellow/materials/textures/MarkerBuoy_Roughness.png
[0.665s] -- Up-to-date symlink: /home/aliomacc/sti_usv/install/workspace_gz/share/workspace_gz/models/buoys/marker_buoy_yellow/meshes/marker_buoy.dae
[0.665s] -- Up-to-date symlink: /home/aliomacc/sti_usv/install/workspace_gz/share/workspace_gz/models/buoys/marker_buoy_yellow/model.config
[0.665s] -- Up-to-date symlink: /home/aliomacc/sti_usv/install/workspace_gz/share/workspace_gz/models/buoys/marker_buoy_yellow/model.sdf
[0.666s] -- Up-to-date symlink: /home/aliomacc/sti_usv/install/workspace_gz/share/workspace_gz/models/buoys/round_buoy_orange/materials/textures/RoundBarrierBuoy_Base_Color.png
[0.666s] -- Up-to-date symlink: /home/aliomacc/sti_usv/install/workspace_gz/share/workspace_gz/models/buoys/round_buoy_orange/materials/textures/RoundBarrierBuoy_Roughness.png
[0.666s] -- Up-to-date symlink: /home/aliomacc/sti_usv/install/workspace_gz/share/workspace_gz/models/buoys/round_buoy_orange/meshes/round_buoy.dae
[0.666s] -- Up-to-date symlink: /home/aliomacc/sti_usv/install/workspace_gz/share/workspace_gz/models/buoys/round_buoy_orange/model.config
[0.666s] -- Up-to-date symlink: /home/aliomacc/sti_usv/install/workspace_gz/share/workspace_gz/models/buoys/round_buoy_orange/model.sdf
[0.666s] -- Up-to-date symlink: /home/aliomacc/sti_usv/install/workspace_gz/share/workspace_gz/models/roboboat/materials/textures/roboboat_albedo.png
[0.666s] -- Up-to-date symlink: /home/aliomacc/sti_usv/install/workspace_gz/share/workspace_gz/models/roboboat/materials/textures/roboboat_metalness.png
[0.666s] -- Up-to-date symlink: /home/aliomacc/sti_usv/install/workspace_gz/share/workspace_gz/models/roboboat/materials/textures/roboboat_normal.png
[0.666s] -- Up-to-date symlink: /home/aliomacc/sti_usv/install/workspace_gz/share/workspace_gz/models/roboboat/materials/textures/roboboat_roughness.png
[0.667s] -- Up-to-date symlink: /home/aliomacc/sti_usv/install/workspace_gz/share/workspace_gz/models/roboboat/materials/textures/thruster_albedo.png
[0.667s] -- Up-to-date symlink: /home/aliomacc/sti_usv/install/workspace_gz/share/workspace_gz/models/roboboat/materials/textures/thruster_roughness.png
[0.667s] -- Up-to-date symlink: /home/aliomacc/sti_usv/install/workspace_gz/share/workspace_gz/models/roboboat/meshes/housing.dae
[0.667s] -- Up-to-date symlink: /home/aliomacc/sti_usv/install/workspace_gz/share/workspace_gz/models/roboboat/meshes/mount.dae
[0.667s] -- Up-to-date symlink: /home/aliomacc/sti_usv/install/workspace_gz/share/workspace_gz/models/roboboat/meshes/prop.dae
[0.667s] -- Up-to-date symlink: /home/aliomacc/sti_usv/install/workspace_gz/share/workspace_gz/models/roboboat/meshes/roboboat.dae
[0.667s] -- Up-to-date symlink: /home/aliomacc/sti_usv/install/workspace_gz/share/workspace_gz/models/roboboat/sensors/camera/materials/textures/camera.png
[0.668s] -- Up-to-date symlink: /home/aliomacc/sti_usv/install/workspace_gz/share/workspace_gz/models/roboboat/sensors/camera/materials/textures/camera_albedo.png
[0.668s] -- Up-to-date symlink: /home/aliomacc/sti_usv/install/workspace_gz/share/workspace_gz/models/roboboat/sensors/camera/materials/textures/camera_metalness.png
[0.668s] -- Up-to-date symlink: /home/aliomacc/sti_usv/install/workspace_gz/share/workspace_gz/models/roboboat/sensors/camera/materials/textures/camera_normal.png
[0.668s] -- Up-to-date symlink: /home/aliomacc/sti_usv/install/workspace_gz/share/workspace_gz/models/roboboat/sensors/camera/materials/textures/camera_roughness.png
[0.668s] -- Up-to-date symlink: /home/aliomacc/sti_usv/install/workspace_gz/share/workspace_gz/models/roboboat/sensors/camera/meshes/camera.dae
[0.668s] -- Up-to-date symlink: /home/aliomacc/sti_usv/install/workspace_gz/share/workspace_gz/models/roboboat/sensors/camera/meshes/camera_albedo.png
[0.668s] -- Up-to-date symlink: /home/aliomacc/sti_usv/install/workspace_gz/share/workspace_gz/models/roboboat/sensors/camera_post/materials/textures/post_albedo.png
[0.668s] -- Up-to-date symlink: /home/aliomacc/sti_usv/install/workspace_gz/share/workspace_gz/models/roboboat/sensors/camera_post/meshes/post.dae
[0.668s] -- Up-to-date symlink: /home/aliomacc/sti_usv/install/workspace_gz/share/workspace_gz/models/roboboat/sensors/camera_post/meshes/post_albedo.jpg
[0.669s] -- Up-to-date symlink: /home/aliomacc/sti_usv/install/workspace_gz/share/workspace_gz/models/roboboat/sensors/drybox/materials/textures/drybox_albedo.png
[0.669s] -- Up-to-date symlink: /home/aliomacc/sti_usv/install/workspace_gz/share/workspace_gz/models/roboboat/sensors/drybox/materials/textures/drybox_roughness.png
[0.669s] -- Up-to-date symlink: /home/aliomacc/sti_usv/install/workspace_gz/share/workspace_gz/models/roboboat/sensors/drybox/meshes/drybox.dae
[0.669s] -- Up-to-date symlink: /home/aliomacc/sti_usv/install/workspace_gz/share/workspace_gz/models/roboboat/sensors/gps/materials/textures/gps_albedo.png
[0.669s] -- Up-to-date symlink: /home/aliomacc/sti_usv/install/workspace_gz/share/workspace_gz/models/roboboat/sensors/gps/meshes/gps.dae
[0.669s] -- Up-to-date symlink: /home/aliomacc/sti_usv/install/workspace_gz/share/workspace_gz/models/roboboat/sensors/gps/meshes/gps_albedo.png
[0.669s] -- Up-to-date symlink: /home/aliomacc/sti_usv/install/workspace_gz/share/workspace_gz/models/roboboat/sensors/lidar/materials/textures/lidar.png
[0.669s] -- Up-to-date symlink: /home/aliomacc/sti_usv/install/workspace_gz/share/workspace_gz/models/roboboat/sensors/lidar/materials/textures/lidar_albedo.png
[0.670s] -- Up-to-date symlink: /home/aliomacc/sti_usv/install/workspace_gz/share/workspace_gz/models/roboboat/sensors/lidar/materials/textures/lidar_metalness.png
[0.670s] -- Up-to-date symlink: /home/aliomacc/sti_usv/install/workspace_gz/share/workspace_gz/models/roboboat/sensors/lidar/materials/textures/lidar_normal.png
[0.670s] -- Up-to-date symlink: /home/aliomacc/sti_usv/install/workspace_gz/share/workspace_gz/models/roboboat/sensors/lidar/materials/textures/lidar_roughness.png
[0.670s] -- Up-to-date symlink: /home/aliomacc/sti_usv/install/workspace_gz/share/workspace_gz/models/roboboat/sensors/lidar/meshes/lidar.dae
[0.670s] -- Up-to-date symlink: /home/aliomacc/sti_usv/install/workspace_gz/share/workspace_gz/models/roboboat/sensors/lidar/meshes/lidar_albedo.png
[0.670s] -- Up-to-date symlink: /home/aliomacc/sti_usv/install/workspace_gz/share/workspace_gz/models/roboboat/sensors/lidar_post/materials/textures/post_albedo.png
[0.670s] -- Up-to-date symlink: /home/aliomacc/sti_usv/install/workspace_gz/share/workspace_gz/models/roboboat/sensors/lidar_post/meshes/post.dae
[0.670s] -- Up-to-date symlink: /home/aliomacc/sti_usv/install/workspace_gz/share/workspace_gz/models/roboboat/sensors/lidar_post/meshes/post_albedo.jpg
[0.671s] -- Up-to-date symlink: /home/aliomacc/sti_usv/install/workspace_gz/share/workspace_gz/models/waves/materials/programs/GerstnerWaves_fs_330.glsl
[0.671s] -- Up-to-date symlink: /home/aliomacc/sti_usv/install/workspace_gz/share/workspace_gz/models/waves/materials/programs/GerstnerWaves_vs_330.glsl
[0.671s] -- Up-to-date symlink: /home/aliomacc/sti_usv/install/workspace_gz/share/workspace_gz/models/waves/materials/textures/skybox_lowres.dds
[0.671s] -- Up-to-date symlink: /home/aliomacc/sti_usv/install/workspace_gz/share/workspace_gz/models/waves/materials/textures/wave_normals.dds
[0.671s] -- Up-to-date symlink: /home/aliomacc/sti_usv/install/workspace_gz/share/workspace_gz/models/waves/meshes/waterlow.dae
[0.671s] -- Up-to-date symlink: /home/aliomacc/sti_usv/install/workspace_gz/share/workspace_gz/models/waves/model.config
[0.671s] -- Up-to-date symlink: /home/aliomacc/sti_usv/install/workspace_gz/share/workspace_gz/models/waves/model.sdf
[0.671s] -- Up-to-date symlink: /home/aliomacc/sti_usv/install/workspace_gz/share/workspace_gz/worlds/world.sdf
[0.671s] -- Up-to-date symlink: /home/aliomacc/sti_usv/install/workspace_gz/share/workspace_gz/description/roboboat/roboboat.xacro
[0.672s] -- Up-to-date symlink: /home/aliomacc/sti_usv/install/workspace_gz/share/workspace_gz/description/roboboat/unitree_l2_lidar.xacro
[0.672s] -- Up-to-date symlink: /home/aliomacc/sti_usv/install/workspace_gz/share/workspace_gz/description/roboboat/zed_camera.xacro
[0.672s] -- Up-to-date symlink: /home/aliomacc/sti_usv/install/workspace_gz/share/ament_index/resource_index/package_run_dependencies/workspace_gz
[0.672s] -- Up-to-date symlink: /home/aliomacc/sti_usv/install/workspace_gz/share/ament_index/resource_index/parent_prefix_path/workspace_gz
[0.672s] -- Up-to-date symlink: /home/aliomacc/sti_usv/install/workspace_gz/share/workspace_gz/environment/ament_prefix_path.sh
[0.672s] -- Up-to-date symlink: /home/aliomacc/sti_usv/install/workspace_gz/share/workspace_gz/environment/ament_prefix_path.dsv
[0.672s] -- Up-to-date symlink: /home/aliomacc/sti_usv/install/workspace_gz/share/workspace_gz/environment/path.sh
[0.672s] -- Up-to-date symlink: /home/aliomacc/sti_usv/install/workspace_gz/share/workspace_gz/environment/path.dsv
[0.672s] -- Up-to-date symlink: /home/aliomacc/sti_usv/install/workspace_gz/share/workspace_gz/local_setup.bash
[0.673s] -- Up-to-date symlink: /home/aliomacc/sti_usv/install/workspace_gz/share/workspace_gz/local_setup.sh
[0.673s] -- Up-to-date symlink: /home/aliomacc/sti_usv/install/workspace_gz/share/workspace_gz/local_setup.zsh
[0.673s] -- Up-to-date symlink: /home/aliomacc/sti_usv/install/workspace_gz/share/workspace_gz/local_setup.dsv
[0.673s] -- Symlinking: /home/aliomacc/sti_usv/install/workspace_gz/share/workspace_gz/package.dsv
[0.679s] -- Up-to-date symlink: /home/aliomacc/sti_usv/install/workspace_gz/share/ament_index/resource_index/packages/workspace_gz
[0.679s] -- Up-to-date symlink: /home/aliomacc/sti_usv/install/workspace_gz/share/workspace_gz/cmake/workspace_gzConfig.cmake
[0.679s] -- Up-to-date symlink: /home/aliomacc/sti_usv/install/workspace_gz/share/workspace_gz/cmake/workspace_gzConfig-version.cmake
[0.679s] -- Up-to-date symlink: /home/aliomacc/sti_usv/install/workspace_gz/share/workspace_gz/package.xml
[0.681s] Invoked command in '/home/aliomacc/sti_usv/build/workspace_gz' returned '0': CMAKE_PREFIX_PATH=${CMAKE_PREFIX_PATH}:/home/aliomacc/ros2_ws/install/actions_py:/home/aliomacc/ros2_ws/install/lifecycle_py:/opt/ros/humble /usr/bin/cmake --install /home/aliomacc/sti_usv/build/workspace_gz
