[0.019s] Invoking command in '/home/ngen/yildiz_ws/src/YILDIZ-USV/build/workspace_gz': CMAKE_PREFIX_PATH=${CMAKE_PREFIX_PATH}:/opt/ros/jazzy DEBUGINFOD_URLS=https://debuginfod.ubuntu.com /usr/bin/cmake /home/ngen/yildiz_ws/src/YILDIZ-USV/workspace_gz -DAMENT_CMAKE_SYMLINK_INSTALL=1 -DCMAKE_INSTALL_PREFIX=/home/ngen/yildiz_ws/src/YILDIZ-USV/install/workspace_gz
[0.045s] -- Found ament_cmake: 2.5.4 (/opt/ros/jazzy/share/ament_cmake/cmake)
[0.360s] -- Override CMake install command with custom implementation using symlinks instead of copying resources
[0.387s] -- Looking for gz-sim8 -- found version 8.10.0
[0.401s] -- Searching for dependencies of gz-sim8
[0.404s] -- Looking for sdformat14 -- found version 14.8.0
[0.404s] -- Searching for dependencies of sdformat14
[0.412s] -- Checking for module 'tinyxml2'
[0.438s] --   Found tinyxml2, version 10.0.0
[0.487s] -- Looking for gz-math7 -- found version 7.5.2
[0.487s] -- Searching for dependencies of gz-math7
[0.488s] -- Looking for gz-utils2 -- found version 2.2.1
[0.488s] -- Searching for dependencies of gz-utils2
[0.490s] -- Looking for gz-utils2 -- found version 2.2.1
[0.490s] -- Searching for dependencies of gz-utils2
[0.490s] -- Searching for <gz-utils2> component [cli]
[0.492s] -- Looking for gz-utils2-cli -- found version 2.2.1
[0.492s] -- Searching for dependencies of gz-utils2-cli
[0.496s] -- Looking for gz-plugin2 -- found version 2.0.4
[0.496s] -- Searching for dependencies of gz-plugin2
[0.496s] -- Looking for gz-utils2 -- found version 2.2.1
[0.499s] -- Searching for <gz-plugin2> component [loader]
[0.500s] -- Looking for gz-plugin2-loader -- found version 2.0.4
[0.500s] -- Searching for dependencies of gz-plugin2-loader
[0.502s] -- Searching for <gz-plugin2> component [register]
[0.503s] -- Looking for gz-plugin2-register -- found version 2.0.4
[0.503s] -- Searching for dependencies of gz-plugin2-register
[0.507s] -- Looking for gz-transport13 -- found version 13.5.0
[0.507s] -- Searching for dependencies of gz-transport13
[0.561s] -- Config-file not installed for ZeroMQ -- checking for pkg-config
[0.567s] -- Checking for module 'libzmq >= 4'
[0.590s] --   Found libzmq, version 4.3.5
[0.658s] -- Checking for module 'uuid'
[0.681s] --   Found uuid, version 2.39.3
[0.730s] -- Looking for gz-utils2 -- found version 2.2.1
[0.731s] -- Looking for gz-msgs10 -- found version 10.3.2
[0.731s] -- Searching for dependencies of gz-msgs10
[0.757s] -- Looking for gz-utils2 -- found version 2.2.1
[0.758s] -- Looking for gz-math7 -- found version 7.5.2
[0.768s] -- Searching for <gz-transport13> component [log]
[0.769s] -- Looking for gz-transport13-log -- found version 13.5.0
[0.769s] -- Searching for dependencies of gz-transport13-log
[0.770s] -- Searching for <gz-transport13> component [parameters]
[0.771s] -- Looking for gz-transport13-parameters -- found version 13.5.0
[0.772s] -- Searching for dependencies of gz-transport13-parameters
[0.773s] -- Looking for gz-msgs10 -- found version 10.3.2
[0.775s] -- Looking for gz-common5 -- found version 5.7.1
[0.775s] -- Searching for dependencies of gz-common5
[0.776s] -- Looking for gz-utils2 -- found version 2.2.1
[0.777s] -- Looking for dlfcn.h - found
[0.777s] -- Looking for libdl - found
[0.789s] -- Searching for <gz-common5> component [av]
[0.790s] -- Looking for gz-common5-av -- found version 5.7.1
[0.790s] -- Searching for dependencies of gz-common5-av
[0.797s] -- Checking for module 'libswscale'
[0.821s] --   Found libswscale, version 7.5.100
[0.883s] -- Checking for module 'libavdevice >= 56.4.100'
[0.907s] --   Found libavdevice, version 60.3.100
[0.982s] -- Checking for module 'libavformat'
[1.005s] --   Found libavformat, version 60.16.100
[1.070s] -- Checking for module 'libavcodec'
[1.094s] --   Found libavcodec, version 60.31.102
[1.162s] -- Checking for module 'libavutil'
[1.186s] --   Found libavutil, version 58.29.100
[1.242s] -- Searching for <gz-common5> component [events]
[1.243s] -- Looking for gz-common5-events -- found version 5.7.1
[1.243s] -- Searching for dependencies of gz-common5-events
[1.243s] -- Looking for gz-math7 -- found version 7.5.2
[1.245s] -- Searching for <gz-common5> component [graphics]
[1.246s] -- Looking for gz-common5-graphics -- found version 5.7.1
[1.246s] -- Searching for dependencies of gz-common5-graphics
[1.246s] -- Looking for gz-math7 -- found version 7.5.2
[1.251s] -- Searching for <gz-common5> component [io]
[1.251s] -- Looking for gz-common5-io -- found version 5.7.1
[1.252s] -- Searching for dependencies of gz-common5-io
[1.253s] -- Searching for <gz-common5> component [profiler]
[1.254s] -- Looking for gz-common5-profiler -- found version 5.7.1
[1.254s] -- Searching for dependencies of gz-common5-profiler
[1.257s] -- Looking for gz-fuel_tools9 -- found version 9.1.1
[1.257s] -- Searching for dependencies of gz-fuel_tools9
[1.337s] -- Checking for module 'jsoncpp'
[1.363s] --   Found jsoncpp, version 1.9.5
[1.440s] -- Checking for module 'yaml-0.1'
[1.462s] --   Found yaml-0.1, version 0.2.5
[1.526s] -- Checking for module 'libzip'
[1.549s] --   Found libzip, version 1.7.3
[1.602s] -- Looking for gz-utils2 -- found version 2.2.1
[1.602s] -- Looking for gz-common5 -- found version 5.7.1
[1.603s] -- Searching for dependencies of gz-common5
[1.603s] -- Looking for gz-utils2 -- found version 2.2.1
[1.604s] -- Looking for dlfcn.h - found
[1.604s] -- Looking for libdl - found
[1.616s] -- Searching for <gz-common5> component [testing]
[1.618s] -- Looking for gz-common5-testing -- found version 5.7.1
[1.619s] -- Searching for dependencies of gz-common5-testing
[1.620s] -- Looking for gz-math7 -- found version 7.5.2
[1.621s] -- Looking for gz-msgs10 -- found version 10.3.2
[1.624s] -- Looking for gz-gui8 -- found version 8.4.0
[1.624s] -- Searching for dependencies of gz-gui8
[1.659s] -- Looking for gz-utils2 -- found version 2.2.1
[1.659s] -- Looking for gz-math7 -- found version 7.5.2
[1.660s] -- Looking for gz-common5 -- found version 5.7.1
[1.660s] -- Looking for gz-plugin2 -- found version 2.0.4
[1.660s] -- Looking for gz-transport13 -- found version 13.5.0
[1.662s] -- Looking for gz-rendering8 -- found version 8.2.2
[1.662s] -- Searching for dependencies of gz-rendering8
[1.662s] -- Looking for gz-math7 -- found version 7.5.2
[1.663s] -- Searching for dependencies of gz-math7
[1.663s] -- Looking for gz-utils2 -- found version 2.2.1
[1.663s] -- Searching for <gz-math7> component [eigen3]
[1.665s] -- Looking for gz-math7-eigen3 -- found version 7.5.2
[1.665s] -- Searching for dependencies of gz-math7-eigen3
[1.668s] -- Looking for gz-common5 -- found version 5.7.1
[1.668s] -- Searching for dependencies of gz-common5
[1.669s] -- Looking for gz-utils2 -- found version 2.2.1
[1.669s] -- Looking for dlfcn.h - found
[1.669s] -- Looking for libdl - found
[1.682s] -- Searching for <gz-common5> component [graphics]
[1.682s] -- Searching for <gz-common5> component [events]
[1.682s] -- Searching for <gz-common5> component [geospatial]
[1.683s] -- Looking for gz-common5-geospatial -- found version 5.7.1
[1.683s] -- Searching for dependencies of gz-common5-geospatial
[1.684s] -- Looking for gz-math7 -- found version 7.5.2
[1.684s] -- Looking for gz-common5 -- found version 5.7.1
[1.686s] -- Looking for gz-plugin2 -- found version 2.0.4
[1.686s] -- Searching for dependencies of gz-plugin2
[1.686s] -- Looking for gz-utils2 -- found version 2.2.1
[1.686s] -- Searching for <gz-plugin2> component [all]
[1.689s] -- Looking for all libraries of gz-plugin2 -- found version 2.0.4
[1.689s] -- Looking for gz-plugin2 -- found version 2.0.4
[1.691s] -- Looking for gz-utils2 -- found version 2.2.1
[1.698s] -- Looking for gz-msgs10 -- found version 10.3.2
[1.738s] -- Looking for gz-physics7 -- found version 7.6.0
[1.738s] -- Searching for dependencies of gz-physics7
[1.739s] -- Looking for gz-common5 -- found version 5.7.1
[1.740s] -- Looking for gz-math7 -- found version 7.5.2
[1.740s] -- Looking for gz-plugin2 -- found version 2.0.4
[1.741s] -- Looking for gz-utils2 -- found version 2.2.1
[1.743s] -- Searching for <gz-physics7> component [heightmap]
[1.745s] -- Looking for gz-physics7-heightmap -- found version 7.6.0
[1.746s] -- Searching for dependencies of gz-physics7-heightmap
[1.746s] -- Looking for gz-common5 -- found version 5.7.1
[1.746s] -- Searching for <gz-physics7> component [mesh]
[1.747s] -- Looking for gz-physics7-mesh -- found version 7.6.0
[1.748s] -- Searching for dependencies of gz-physics7-mesh
[1.748s] -- Looking for gz-common5 -- found version 5.7.1
[1.749s] -- Searching for <gz-physics7> component [sdf]
[1.749s] -- Looking for gz-physics7-sdf -- found version 7.6.0
[1.749s] -- Searching for dependencies of gz-physics7-sdf
[1.750s] -- Looking for sdformat14 -- found version 14.8.0
[1.752s] -- Looking for gz-sensors8 -- found version 8.2.2
[1.752s] -- Searching for dependencies of gz-sensors8
[1.780s] -- Looking for gz-math7 -- found version 7.5.2
[1.780s] -- Looking for gz-common5 -- found version 5.7.1
[1.780s] -- Looking for gz-transport13 -- found version 13.5.0
[1.781s] -- Looking for gz-rendering8 -- found version 8.2.2
[1.782s] -- Looking for gz-msgs10 -- found version 10.3.2
[1.783s] -- Looking for sdformat14 -- found version 14.8.0
[1.784s] -- Searching for <gz-sensors8> component [air_pressure]
[1.785s] -- Looking for gz-sensors8-air_pressure -- found version 8.2.2
[1.785s] -- Searching for dependencies of gz-sensors8-air_pressure
[1.786s] -- Searching for <gz-sensors8> component [air_speed]
[1.787s] -- Looking for gz-sensors8-air_speed -- found version 8.2.2
[1.787s] -- Searching for dependencies of gz-sensors8-air_speed
[1.789s] -- Searching for <gz-sensors8> component [altimeter]
[1.790s] -- Looking for gz-sensors8-altimeter -- found version 8.2.2
[1.790s] -- Searching for dependencies of gz-sensors8-altimeter
[1.791s] -- Searching for <gz-sensors8> component [imu]
[1.792s] -- Looking for gz-sensors8-imu -- found version 8.2.2
[1.792s] -- Searching for dependencies of gz-sensors8-imu
[1.794s] -- Searching for <gz-sensors8> component [force_torque]
[1.795s] -- Looking for gz-sensors8-force_torque -- found version 8.2.2
[1.795s] -- Searching for dependencies of gz-sensors8-force_torque
[1.796s] -- Searching for <gz-sensors8> component [logical_camera]
[1.797s] -- Looking for gz-sensors8-logical_camera -- found version 8.2.2
[1.797s] -- Searching for dependencies of gz-sensors8-logical_camera
[1.799s] -- Searching for <gz-sensors8> component [magnetometer]
[1.799s] -- Looking for gz-sensors8-magnetometer -- found version 8.2.2
[1.800s] -- Searching for dependencies of gz-sensors8-magnetometer
[1.801s] -- Searching for <gz-sensors8> component [navsat]
[1.802s] -- Looking for gz-sensors8-navsat -- found version 8.2.2
[1.802s] -- Searching for dependencies of gz-sensors8-navsat
[1.805s] -- Searching for <gz-sensors8> component [dvl]
[1.805s] -- Looking for gz-sensors8-dvl -- found version 8.2.2
[1.805s] -- Searching for dependencies of gz-sensors8-dvl
[1.806s] -- Looking for gz-sensors8 -- found version 8.2.2
[1.806s] -- Searching for dependencies of gz-sensors8
[1.832s] -- Looking for gz-math7 -- found version 7.5.2
[1.833s] -- Looking for gz-common5 -- found version 5.7.1
[1.833s] -- Looking for gz-transport13 -- found version 13.5.0
[1.833s] -- Looking for gz-rendering8 -- found version 8.2.2
[1.834s] -- Looking for gz-msgs10 -- found version 10.3.2
[1.834s] -- Looking for sdformat14 -- found version 14.8.0
[1.834s] -- Searching for <gz-sensors8> component [rendering]
[1.835s] -- Looking for gz-sensors8-rendering -- found version 8.2.2
[1.835s] -- Searching for dependencies of gz-sensors8-rendering
[1.839s] -- Searching for <gz-sensors8> component [rendering]
[1.839s] -- Searching for <gz-sensors8> component [lidar]
[1.839s] -- Looking for gz-sensors8-lidar -- found version 8.2.2
[1.840s] -- Searching for dependencies of gz-sensors8-lidar
[1.840s] -- Looking for gz-sensors8 -- found version 8.2.2
[1.842s] -- Searching for <gz-sensors8> component [gpu_lidar]
[1.843s] -- Looking for gz-sensors8-gpu_lidar -- found version 8.2.2
[1.843s] -- Searching for dependencies of gz-sensors8-gpu_lidar
[1.844s] -- Looking for gz-sensors8 -- found version 8.2.2
[1.845s] -- Searching for <gz-sensors8> component [camera]
[1.846s] -- Looking for gz-sensors8-camera -- found version 8.2.2
[1.846s] -- Searching for dependencies of gz-sensors8-camera
[1.846s] -- Looking for gz-sensors8 -- found version 8.2.2
[1.849s] -- Searching for <gz-sensors8> component [boundingbox_camera]
[1.849s] -- Looking for gz-sensors8-boundingbox_camera -- found version 8.2.2
[1.849s] -- Searching for dependencies of gz-sensors8-boundingbox_camera
[1.851s] -- Searching for <gz-sensors8> component [segmentation_camera]
[1.852s] -- Looking for gz-sensors8-segmentation_camera -- found version 8.2.2
[1.852s] -- Searching for dependencies of gz-sensors8-segmentation_camera
[1.853s] -- Searching for <gz-sensors8> component [depth_camera]
[1.854s] -- Looking for gz-sensors8-depth_camera -- found version 8.2.2
[1.854s] -- Searching for dependencies of gz-sensors8-depth_camera
[1.855s] -- Looking for gz-sensors8 -- found version 8.2.2
[1.857s] -- Searching for <gz-sensors8> component [rgbd_camera]
[1.858s] -- Looking for gz-sensors8-rgbd_camera -- found version 8.2.2
[1.858s] -- Searching for dependencies of gz-sensors8-rgbd_camera
[1.859s] -- Looking for gz-sensors8 -- found version 8.2.2
[1.860s] -- Searching for <gz-sensors8> component [thermal_camera]
[1.861s] -- Looking for gz-sensors8-thermal_camera -- found version 8.2.2
[1.862s] -- Searching for dependencies of gz-sensors8-thermal_camera
[1.862s] -- Looking for gz-sensors8 -- found version 8.2.2
[1.864s] -- Searching for <gz-sensors8> component [wide_angle_camera]
[1.865s] -- Looking for gz-sensors8-wide_angle_camera -- found version 8.2.2
[1.865s] -- Searching for dependencies of gz-sensors8-wide_angle_camera
[1.867s] -- Looking for gz-rendering8 -- found version 8.2.2
[1.867s] -- Looking for gz-math7 -- found version 7.5.2
[1.868s] -- Looking for gz-utils2 -- found version 2.2.1
[1.901s] -- Looking for gz-common5 -- found version 5.7.1
[1.901s] -- Looking for gz-math7 -- found version 7.5.2
[1.902s] -- Looking for gz-transport13 -- found version 13.5.0
[1.902s] -- Looking for gz-plugin2 -- found version 2.0.4
[1.902s] -- Looking for gz-rendering8 -- found version 8.2.2
[1.903s] -- Looking for gz-sensors8 -- found version 8.2.2
[1.903s] -- Looking for gz-utils2 -- found version 2.2.1
[1.904s] -- Looking for sdformat14 -- found version 14.8.0
[1.905s] -- Found std_msgs: 5.3.6 (/opt/ros/jazzy/share/std_msgs/cmake)
[1.950s] -- Found rosidl_generator_c: 4.6.6 (/opt/ros/jazzy/share/rosidl_generator_c/cmake)
[1.967s] -- Found rosidl_generator_cpp: 4.6.6 (/opt/ros/jazzy/share/rosidl_generator_cpp/cmake)
[1.989s] -- Using all available rosidl_typesupport_c: rosidl_typesupport_fastrtps_c;rosidl_typesupport_introspection_c
[2.018s] -- Using all available rosidl_typesupport_cpp: rosidl_typesupport_fastrtps_cpp;rosidl_typesupport_introspection_cpp
[2.077s] -- Looking for gz-msgs10 -- found version 10.3.2
[2.077s] -- Looking for gz-fuel_tools9 -- found version 9.1.1
[2.228s] -- Configuring done (2.2s)
[2.416s] -- Generating done (0.2s)
[2.454s] -- Build files have been written to: /home/ngen/yildiz_ws/src/YILDIZ-USV/build/workspace_gz
[2.473s] Invoked command in '/home/ngen/yildiz_ws/src/YILDIZ-USV/build/workspace_gz' returned '0': CMAKE_PREFIX_PATH=${CMAKE_PREFIX_PATH}:/opt/ros/jazzy DEBUGINFOD_URLS=https://debuginfod.ubuntu.com /usr/bin/cmake /home/ngen/yildiz_ws/src/YILDIZ-USV/workspace_gz -DAMENT_CMAKE_SYMLINK_INSTALL=1 -DCMAKE_INSTALL_PREFIX=/home/ngen/yildiz_ws/src/YILDIZ-USV/install/workspace_gz
[2.475s] Invoking command in '/home/ngen/yildiz_ws/src/YILDIZ-USV/build/workspace_gz': CMAKE_PREFIX_PATH=${CMAKE_PREFIX_PATH}:/opt/ros/jazzy DEBUGINFOD_URLS=https://debuginfod.ubuntu.com /usr/bin/cmake --build /home/ngen/yildiz_ws/src/YILDIZ-USV/build/workspace_gz -- -j20 -l20
[2.561s] [  4%] Built target ScoringPlugin
[2.566s] [  8%] Built target Waves
[2.614s] [ 14%] Built target AcousticPerceptionScoringPlugin
[2.614s] [ 20%] Built target StationkeepingScoringPlugin
[2.614s] [ 29%] Built target AcousticPingerPlugin
[2.614s] [ 33%] Built target PlacardPlugin
[2.614s] [ 29%] Built target PerceptionScoringPlugin
[2.614s] [ 39%] Built target WayfindingScoringPlugin
[2.615s] [ 43%] Built target BallShooterPlugin
[2.620s] [ 50%] Built target SimpleHydrodynamics
[2.620s] [ 60%] Built target LightBuoyPlugin
[2.621s] [ 60%] Built target Surface
[2.621s] [ 60%] Built target ScanDockScoringPlugin
[2.621s] [ 64%] Built target WildlifeScoringPlugin
[2.622s] [ 72%] Built target NavigationScoringPlugin
[2.622s] [ 75%] Built target AcousticTrackingScoringPlugin
[2.622s] [ 79%] Built target GymkhanaScoringPlugin
[2.626s] [ 83%] Built target USVWind
[2.629s] [ 91%] Built target PolyhedraBuoyancyDrag
[2.632s] [ 95%] Built target PublisherPlugin
[2.635s] [100%] Built target WaveVisual
[2.652s] Invoked command in '/home/ngen/yildiz_ws/src/YILDIZ-USV/build/workspace_gz' returned '0': CMAKE_PREFIX_PATH=${CMAKE_PREFIX_PATH}:/opt/ros/jazzy DEBUGINFOD_URLS=https://debuginfod.ubuntu.com /usr/bin/cmake --build /home/ngen/yildiz_ws/src/YILDIZ-USV/build/workspace_gz -- -j20 -l20
[2.665s] Invoking command in '/home/ngen/yildiz_ws/src/YILDIZ-USV/build/workspace_gz': CMAKE_PREFIX_PATH=${CMAKE_PREFIX_PATH}:/opt/ros/jazzy DEBUGINFOD_URLS=https://debuginfod.ubuntu.com /usr/bin/cmake --install /home/ngen/yildiz_ws/src/YILDIZ-USV/build/workspace_gz
[2.677s] -- Install configuration: ""
[2.678s] -- Execute custom install script
[2.678s] -- Up-to-date symlink: /home/ngen/yildiz_ws/src/YILDIZ-USV/install/workspace_gz/lib/libWaves.so
[2.679s] -- Up-to-date symlink: /home/ngen/yildiz_ws/src/YILDIZ-USV/install/workspace_gz/lib/libPolyhedraBuoyancyDrag.so
[2.679s] -- Up-to-date symlink: /home/ngen/yildiz_ws/src/YILDIZ-USV/install/workspace_gz/lib/libScoringPlugin.so
[2.680s] -- Up-to-date symlink: /home/ngen/yildiz_ws/src/YILDIZ-USV/install/workspace_gz/lib/libStationkeepingScoringPlugin.so
[2.680s] -- Up-to-date symlink: /home/ngen/yildiz_ws/src/YILDIZ-USV/install/workspace_gz/lib/libWayfindingScoringPlugin.so
[2.680s] -- Up-to-date symlink: /home/ngen/yildiz_ws/src/YILDIZ-USV/install/workspace_gz/lib/libAcousticPerceptionScoringPlugin.so
[2.680s] -- Up-to-date symlink: /home/ngen/yildiz_ws/src/YILDIZ-USV/install/workspace_gz/lib/libAcousticTrackingScoringPlugin.so
[2.680s] -- Up-to-date symlink: /home/ngen/yildiz_ws/src/YILDIZ-USV/install/workspace_gz/lib/libAcousticPingerPlugin.so
[2.681s] -- Up-to-date symlink: /home/ngen/yildiz_ws/src/YILDIZ-USV/install/workspace_gz/lib/libBallShooterPlugin.so
[2.681s] -- Up-to-date symlink: /home/ngen/yildiz_ws/src/YILDIZ-USV/install/workspace_gz/lib/libLightBuoyPlugin.so
[2.681s] -- Up-to-date symlink: /home/ngen/yildiz_ws/src/YILDIZ-USV/install/workspace_gz/lib/libNavigationScoringPlugin.so
[2.681s] -- Up-to-date symlink: /home/ngen/yildiz_ws/src/YILDIZ-USV/install/workspace_gz/lib/libGymkhanaScoringPlugin.so
[2.681s] -- Up-to-date symlink: /home/ngen/yildiz_ws/src/YILDIZ-USV/install/workspace_gz/lib/libPerceptionScoringPlugin.so
[2.681s] -- Up-to-date symlink: /home/ngen/yildiz_ws/src/YILDIZ-USV/install/workspace_gz/lib/libPlacardPlugin.so
[2.681s] -- Up-to-date symlink: /home/ngen/yildiz_ws/src/YILDIZ-USV/install/workspace_gz/lib/libPublisherPlugin.so
[2.681s] -- Up-to-date symlink: /home/ngen/yildiz_ws/src/YILDIZ-USV/install/workspace_gz/lib/libScanDockScoringPlugin.so
[2.682s] -- Up-to-date symlink: /home/ngen/yildiz_ws/src/YILDIZ-USV/install/workspace_gz/lib/libSimpleHydrodynamics.so
[2.682s] -- Up-to-date symlink: /home/ngen/yildiz_ws/src/YILDIZ-USV/install/workspace_gz/lib/libSurface.so
[2.682s] -- Up-to-date symlink: /home/ngen/yildiz_ws/src/YILDIZ-USV/install/workspace_gz/lib/libUSVWind.so
[2.682s] -- Up-to-date symlink: /home/ngen/yildiz_ws/src/YILDIZ-USV/install/workspace_gz/lib/libWaveVisual.so
[2.682s] -- Up-to-date symlink: /home/ngen/yildiz_ws/src/YILDIZ-USV/install/workspace_gz/lib/libWildlifeScoringPlugin.so
[2.683s] -- Up-to-date symlink: /home/ngen/yildiz_ws/src/YILDIZ-USV/install/workspace_gz/share/workspace_gz//description/roboboat/roboboat.xacro
[2.683s] -- Up-to-date symlink: /home/ngen/yildiz_ws/src/YILDIZ-USV/install/workspace_gz/share/workspace_gz//launch/simulation.launch.py
[2.684s] -- Up-to-date symlink: /home/ngen/yildiz_ws/src/YILDIZ-USV/install/workspace_gz/share/workspace_gz//models/buoys/marker_buoy_black/materials/textures/MarkerBuoy_Base_Color.png
[2.685s] -- Up-to-date symlink: /home/ngen/yildiz_ws/src/YILDIZ-USV/install/workspace_gz/share/workspace_gz//models/buoys/marker_buoy_black/materials/textures/MarkerBuoy_Roughness.png
[2.685s] -- Up-to-date symlink: /home/ngen/yildiz_ws/src/YILDIZ-USV/install/workspace_gz/share/workspace_gz//models/buoys/marker_buoy_black/meshes/marker_buoy.dae
[2.685s] -- Up-to-date symlink: /home/ngen/yildiz_ws/src/YILDIZ-USV/install/workspace_gz/share/workspace_gz//models/buoys/marker_buoy_black/model.config
[2.685s] -- Up-to-date symlink: /home/ngen/yildiz_ws/src/YILDIZ-USV/install/workspace_gz/share/workspace_gz//models/buoys/marker_buoy_black/model.sdf
[2.686s] -- Up-to-date symlink: /home/ngen/yildiz_ws/src/YILDIZ-USV/install/workspace_gz/share/workspace_gz//models/buoys/marker_buoy_green/materials/textures/MarkerBuoy_Base_Color.png
[2.686s] -- Up-to-date symlink: /home/ngen/yildiz_ws/src/YILDIZ-USV/install/workspace_gz/share/workspace_gz//models/buoys/marker_buoy_green/materials/textures/MarkerBuoy_Roughness.png
[2.687s] -- Up-to-date symlink: /home/ngen/yildiz_ws/src/YILDIZ-USV/install/workspace_gz/share/workspace_gz//models/buoys/marker_buoy_green/meshes/marker_buoy.dae
[2.687s] -- Up-to-date symlink: /home/ngen/yildiz_ws/src/YILDIZ-USV/install/workspace_gz/share/workspace_gz//models/buoys/marker_buoy_green/model.config
[2.687s] -- Up-to-date symlink: /home/ngen/yildiz_ws/src/YILDIZ-USV/install/workspace_gz/share/workspace_gz//models/buoys/marker_buoy_green/model.sdf
[2.687s] -- Up-to-date symlink: /home/ngen/yildiz_ws/src/YILDIZ-USV/install/workspace_gz/share/workspace_gz//models/buoys/marker_buoy_orange/materials/textures/MarkerBuoy_Base_Color.png
[2.688s] -- Up-to-date symlink: /home/ngen/yildiz_ws/src/YILDIZ-USV/install/workspace_gz/share/workspace_gz//models/buoys/marker_buoy_orange/materials/textures/MarkerBuoy_Roughness.png
[2.688s] -- Up-to-date symlink: /home/ngen/yildiz_ws/src/YILDIZ-USV/install/workspace_gz/share/workspace_gz//models/buoys/marker_buoy_orange/meshes/marker_buoy.dae
[2.688s] -- Up-to-date symlink: /home/ngen/yildiz_ws/src/YILDIZ-USV/install/workspace_gz/share/workspace_gz//models/buoys/marker_buoy_orange/model.config
[2.689s] -- Up-to-date symlink: /home/ngen/yildiz_ws/src/YILDIZ-USV/install/workspace_gz/share/workspace_gz//models/buoys/marker_buoy_orange/model.sdf
[2.689s] -- Up-to-date symlink: /home/ngen/yildiz_ws/src/YILDIZ-USV/install/workspace_gz/share/workspace_gz//models/buoys/marker_buoy_red/materials/textures/MarkerBuoy_Base_Color.png
[2.689s] -- Up-to-date symlink: /home/ngen/yildiz_ws/src/YILDIZ-USV/install/workspace_gz/share/workspace_gz//models/buoys/marker_buoy_red/materials/textures/MarkerBuoy_Roughness.png
[2.689s] -- Up-to-date symlink: /home/ngen/yildiz_ws/src/YILDIZ-USV/install/workspace_gz/share/workspace_gz//models/buoys/marker_buoy_red/meshes/marker_buoy.dae
[2.689s] -- Up-to-date symlink: /home/ngen/yildiz_ws/src/YILDIZ-USV/install/workspace_gz/share/workspace_gz//models/buoys/marker_buoy_red/model.config
[2.689s] -- Up-to-date symlink: /home/ngen/yildiz_ws/src/YILDIZ-USV/install/workspace_gz/share/workspace_gz//models/buoys/marker_buoy_red/model.sdf
[2.689s] -- Up-to-date symlink: /home/ngen/yildiz_ws/src/YILDIZ-USV/install/workspace_gz/share/workspace_gz//models/buoys/marker_buoy_yellow/materials/textures/MarkerBuoy_Base_Color.png
[2.689s] -- Up-to-date symlink: /home/ngen/yildiz_ws/src/YILDIZ-USV/install/workspace_gz/share/workspace_gz//models/buoys/marker_buoy_yellow/materials/textures/MarkerBuoy_Roughness.png
[2.689s] -- Up-to-date symlink: /home/ngen/yildiz_ws/src/YILDIZ-USV/install/workspace_gz/share/workspace_gz//models/buoys/marker_buoy_yellow/meshes/marker_buoy.dae
[2.689s] -- Up-to-date symlink: /home/ngen/yildiz_ws/src/YILDIZ-USV/install/workspace_gz/share/workspace_gz//models/buoys/marker_buoy_yellow/model.config
[2.689s] -- Up-to-date symlink: /home/ngen/yildiz_ws/src/YILDIZ-USV/install/workspace_gz/share/workspace_gz//models/buoys/marker_buoy_yellow/model.sdf
[2.689s] -- Up-to-date symlink: /home/ngen/yildiz_ws/src/YILDIZ-USV/install/workspace_gz/share/workspace_gz//models/buoys/round_buoy_orange/materials/textures/RoundBarrierBuoy_Base_Color.png
[2.690s] -- Up-to-date symlink: /home/ngen/yildiz_ws/src/YILDIZ-USV/install/workspace_gz/share/workspace_gz//models/buoys/round_buoy_orange/materials/textures/RoundBarrierBuoy_Roughness.png
[2.690s] -- Up-to-date symlink: /home/ngen/yildiz_ws/src/YILDIZ-USV/install/workspace_gz/share/workspace_gz//models/buoys/round_buoy_orange/meshes/round_buoy.dae
[2.690s] -- Up-to-date symlink: /home/ngen/yildiz_ws/src/YILDIZ-USV/install/workspace_gz/share/workspace_gz//models/buoys/round_buoy_orange/model.config
[2.690s] -- Up-to-date symlink: /home/ngen/yildiz_ws/src/YILDIZ-USV/install/workspace_gz/share/workspace_gz//models/buoys/round_buoy_orange/model.sdf
[2.690s] -- Up-to-date symlink: /home/ngen/yildiz_ws/src/YILDIZ-USV/install/workspace_gz/share/workspace_gz//models/roboboat/materials/textures/roboboat_albedo.png
[2.690s] -- Up-to-date symlink: /home/ngen/yildiz_ws/src/YILDIZ-USV/install/workspace_gz/share/workspace_gz//models/roboboat/materials/textures/roboboat_metalness.png
[2.690s] -- Up-to-date symlink: /home/ngen/yildiz_ws/src/YILDIZ-USV/install/workspace_gz/share/workspace_gz//models/roboboat/materials/textures/roboboat_normal.png
[2.690s] -- Up-to-date symlink: /home/ngen/yildiz_ws/src/YILDIZ-USV/install/workspace_gz/share/workspace_gz//models/roboboat/materials/textures/roboboat_roughness.png
[2.690s] -- Up-to-date symlink: /home/ngen/yildiz_ws/src/YILDIZ-USV/install/workspace_gz/share/workspace_gz//models/roboboat/materials/textures/thruster_albedo.png
[2.691s] -- Up-to-date symlink: /home/ngen/yildiz_ws/src/YILDIZ-USV/install/workspace_gz/share/workspace_gz//models/roboboat/materials/textures/thruster_roughness.png
[2.691s] -- Up-to-date symlink: /home/ngen/yildiz_ws/src/YILDIZ-USV/install/workspace_gz/share/workspace_gz//models/roboboat/meshes/housing.dae
[2.691s] -- Up-to-date symlink: /home/ngen/yildiz_ws/src/YILDIZ-USV/install/workspace_gz/share/workspace_gz//models/roboboat/meshes/mount.dae
[2.691s] -- Up-to-date symlink: /home/ngen/yildiz_ws/src/YILDIZ-USV/install/workspace_gz/share/workspace_gz//models/roboboat/meshes/prop.dae
[2.691s] -- Up-to-date symlink: /home/ngen/yildiz_ws/src/YILDIZ-USV/install/workspace_gz/share/workspace_gz//models/roboboat/meshes/roboboat.dae
[2.692s] -- Up-to-date symlink: /home/ngen/yildiz_ws/src/YILDIZ-USV/install/workspace_gz/share/workspace_gz//models/roboboat/sensors/camera/materials/textures/camera.png
[2.692s] -- Up-to-date symlink: /home/ngen/yildiz_ws/src/YILDIZ-USV/install/workspace_gz/share/workspace_gz//models/roboboat/sensors/camera/materials/textures/camera_albedo.png
[2.694s] -- Up-to-date symlink: /home/ngen/yildiz_ws/src/YILDIZ-USV/install/workspace_gz/share/workspace_gz//models/roboboat/sensors/camera/materials/textures/camera_metalness.png
[2.694s] -- Up-to-date symlink: /home/ngen/yildiz_ws/src/YILDIZ-USV/install/workspace_gz/share/workspace_gz//models/roboboat/sensors/camera/materials/textures/camera_normal.png
[2.694s] -- Up-to-date symlink: /home/ngen/yildiz_ws/src/YILDIZ-USV/install/workspace_gz/share/workspace_gz//models/roboboat/sensors/camera/materials/textures/camera_roughness.png
[2.695s] -- Up-to-date symlink: /home/ngen/yildiz_ws/src/YILDIZ-USV/install/workspace_gz/share/workspace_gz//models/roboboat/sensors/camera/meshes/camera.dae
[2.695s] -- Up-to-date symlink: /home/ngen/yildiz_ws/src/YILDIZ-USV/install/workspace_gz/share/workspace_gz//models/roboboat/sensors/camera/meshes/camera_albedo.png
[2.695s] -- Up-to-date symlink: /home/ngen/yildiz_ws/src/YILDIZ-USV/install/workspace_gz/share/workspace_gz//models/roboboat/sensors/camera_post/materials/textures/post_albedo.png
[2.695s] -- Up-to-date symlink: /home/ngen/yildiz_ws/src/YILDIZ-USV/install/workspace_gz/share/workspace_gz//models/roboboat/sensors/camera_post/meshes/post.dae
[2.695s] -- Up-to-date symlink: /home/ngen/yildiz_ws/src/YILDIZ-USV/install/workspace_gz/share/workspace_gz//models/roboboat/sensors/camera_post/meshes/post_albedo.jpg
[2.695s] -- Up-to-date symlink: /home/ngen/yildiz_ws/src/YILDIZ-USV/install/workspace_gz/share/workspace_gz//models/roboboat/sensors/drybox/materials/textures/drybox_albedo.png
[2.695s] -- Up-to-date symlink: /home/ngen/yildiz_ws/src/YILDIZ-USV/install/workspace_gz/share/workspace_gz//models/roboboat/sensors/drybox/materials/textures/drybox_roughness.png
[2.695s] -- Up-to-date symlink: /home/ngen/yildiz_ws/src/YILDIZ-USV/install/workspace_gz/share/workspace_gz//models/roboboat/sensors/drybox/meshes/drybox.dae
[2.695s] -- Up-to-date symlink: /home/ngen/yildiz_ws/src/YILDIZ-USV/install/workspace_gz/share/workspace_gz//models/roboboat/sensors/gps/materials/textures/gps_albedo.png
[2.695s] -- Up-to-date symlink: /home/ngen/yildiz_ws/src/YILDIZ-USV/install/workspace_gz/share/workspace_gz//models/roboboat/sensors/gps/meshes/gps.dae
[2.696s] -- Up-to-date symlink: /home/ngen/yildiz_ws/src/YILDIZ-USV/install/workspace_gz/share/workspace_gz//models/roboboat/sensors/gps/meshes/gps_albedo.png
[2.696s] -- Up-to-date symlink: /home/ngen/yildiz_ws/src/YILDIZ-USV/install/workspace_gz/share/workspace_gz//models/roboboat/sensors/lidar/materials/textures/lidar.png
[2.696s] -- Up-to-date symlink: /home/ngen/yildiz_ws/src/YILDIZ-USV/install/workspace_gz/share/workspace_gz//models/roboboat/sensors/lidar/materials/textures/lidar_albedo.png
[2.696s] -- Up-to-date symlink: /home/ngen/yildiz_ws/src/YILDIZ-USV/install/workspace_gz/share/workspace_gz//models/roboboat/sensors/lidar/materials/textures/lidar_metalness.png
[2.696s] -- Up-to-date symlink: /home/ngen/yildiz_ws/src/YILDIZ-USV/install/workspace_gz/share/workspace_gz//models/roboboat/sensors/lidar/materials/textures/lidar_normal.png
[2.696s] -- Up-to-date symlink: /home/ngen/yildiz_ws/src/YILDIZ-USV/install/workspace_gz/share/workspace_gz//models/roboboat/sensors/lidar/materials/textures/lidar_roughness.png
[2.696s] -- Up-to-date symlink: /home/ngen/yildiz_ws/src/YILDIZ-USV/install/workspace_gz/share/workspace_gz//models/roboboat/sensors/lidar/meshes/lidar.dae
[2.697s] -- Up-to-date symlink: /home/ngen/yildiz_ws/src/YILDIZ-USV/install/workspace_gz/share/workspace_gz//models/roboboat/sensors/lidar/meshes/lidar_albedo.png
[2.697s] -- Up-to-date symlink: /home/ngen/yildiz_ws/src/YILDIZ-USV/install/workspace_gz/share/workspace_gz//models/roboboat/sensors/lidar_post/materials/textures/post_albedo.png
[2.697s] -- Up-to-date symlink: /home/ngen/yildiz_ws/src/YILDIZ-USV/install/workspace_gz/share/workspace_gz//models/roboboat/sensors/lidar_post/meshes/post.dae
[2.697s] -- Up-to-date symlink: /home/ngen/yildiz_ws/src/YILDIZ-USV/install/workspace_gz/share/workspace_gz//models/roboboat/sensors/lidar_post/meshes/post_albedo.jpg
[2.697s] -- Up-to-date symlink: /home/ngen/yildiz_ws/src/YILDIZ-USV/install/workspace_gz/share/workspace_gz//models/waves/materials/programs/GerstnerWaves_fs_330.glsl
[2.697s] -- Up-to-date symlink: /home/ngen/yildiz_ws/src/YILDIZ-USV/install/workspace_gz/share/workspace_gz//models/waves/materials/programs/GerstnerWaves_vs_330.glsl
[2.697s] -- Up-to-date symlink: /home/ngen/yildiz_ws/src/YILDIZ-USV/install/workspace_gz/share/workspace_gz//models/waves/materials/textures/skybox_lowres.dds
[2.697s] -- Up-to-date symlink: /home/ngen/yildiz_ws/src/YILDIZ-USV/install/workspace_gz/share/workspace_gz//models/waves/materials/textures/wave_normals.dds
[2.698s] -- Up-to-date symlink: /home/ngen/yildiz_ws/src/YILDIZ-USV/install/workspace_gz/share/workspace_gz//models/waves/meshes/waterlow.dae
[2.698s] -- Up-to-date symlink: /home/ngen/yildiz_ws/src/YILDIZ-USV/install/workspace_gz/share/workspace_gz//models/waves/model.config
[2.698s] -- Up-to-date symlink: /home/ngen/yildiz_ws/src/YILDIZ-USV/install/workspace_gz/share/workspace_gz//models/waves/model.sdf
[2.698s] -- Up-to-date symlink: /home/ngen/yildiz_ws/src/YILDIZ-USV/install/workspace_gz/share/workspace_gz//worlds/world.sdf
[2.699s] -- Up-to-date symlink: /home/ngen/yildiz_ws/src/YILDIZ-USV/install/workspace_gz/share/workspace_gz/environment/library_path.sh
[2.699s] -- Up-to-date symlink: /home/ngen/yildiz_ws/src/YILDIZ-USV/install/workspace_gz/share/workspace_gz/environment/library_path.dsv
[2.699s] -- Up-to-date symlink: /home/ngen/yildiz_ws/src/YILDIZ-USV/install/workspace_gz/share/ament_index/resource_index/package_run_dependencies/workspace_gz
[2.700s] -- Up-to-date symlink: /home/ngen/yildiz_ws/src/YILDIZ-USV/install/workspace_gz/share/ament_index/resource_index/parent_prefix_path/workspace_gz
[2.700s] -- Up-to-date symlink: /home/ngen/yildiz_ws/src/YILDIZ-USV/install/workspace_gz/share/workspace_gz/environment/ament_prefix_path.sh
[2.700s] -- Up-to-date symlink: /home/ngen/yildiz_ws/src/YILDIZ-USV/install/workspace_gz/share/workspace_gz/environment/ament_prefix_path.dsv
[2.700s] -- Up-to-date symlink: /home/ngen/yildiz_ws/src/YILDIZ-USV/install/workspace_gz/share/workspace_gz/environment/path.sh
[2.700s] -- Up-to-date symlink: /home/ngen/yildiz_ws/src/YILDIZ-USV/install/workspace_gz/share/workspace_gz/environment/path.dsv
[2.700s] -- Up-to-date symlink: /home/ngen/yildiz_ws/src/YILDIZ-USV/install/workspace_gz/share/workspace_gz/local_setup.bash
[2.701s] -- Up-to-date symlink: /home/ngen/yildiz_ws/src/YILDIZ-USV/install/workspace_gz/share/workspace_gz/local_setup.sh
[2.701s] -- Up-to-date symlink: /home/ngen/yildiz_ws/src/YILDIZ-USV/install/workspace_gz/share/workspace_gz/local_setup.zsh
[2.701s] -- Up-to-date symlink: /home/ngen/yildiz_ws/src/YILDIZ-USV/install/workspace_gz/share/workspace_gz/local_setup.dsv
[2.701s] -- Symlinking: /home/ngen/yildiz_ws/src/YILDIZ-USV/install/workspace_gz/share/workspace_gz/package.dsv
[2.714s] -- Up-to-date symlink: /home/ngen/yildiz_ws/src/YILDIZ-USV/install/workspace_gz/share/ament_index/resource_index/packages/workspace_gz
[2.715s] -- Up-to-date symlink: /home/ngen/yildiz_ws/src/YILDIZ-USV/install/workspace_gz/share/workspace_gz/cmake/ament_cmake_export_libraries-extras.cmake
[2.715s] -- Up-to-date symlink: /home/ngen/yildiz_ws/src/YILDIZ-USV/install/workspace_gz/share/workspace_gz/cmake/ament_cmake_export_dependencies-extras.cmake
[2.715s] -- Up-to-date symlink: /home/ngen/yildiz_ws/src/YILDIZ-USV/install/workspace_gz/share/workspace_gz/cmake/workspace_gzConfig.cmake
[2.715s] -- Up-to-date symlink: /home/ngen/yildiz_ws/src/YILDIZ-USV/install/workspace_gz/share/workspace_gz/cmake/workspace_gzConfig-version.cmake
[2.715s] -- Up-to-date symlink: /home/ngen/yildiz_ws/src/YILDIZ-USV/install/workspace_gz/share/workspace_gz/package.xml
[2.718s] Invoked command in '/home/ngen/yildiz_ws/src/YILDIZ-USV/build/workspace_gz' returned '0': CMAKE_PREFIX_PATH=${CMAKE_PREFIX_PATH}:/opt/ros/jazzy DEBUGINFOD_URLS=https://debuginfod.ubuntu.com /usr/bin/cmake --install /home/ngen/yildiz_ws/src/YILDIZ-USV/build/workspace_gz
