running develop
running egg_info
writing workspace_nav.egg-info/PKG-INFO
writing dependency_links to workspace_nav.egg-info/dependency_links.txt
writing entry points to workspace_nav.egg-info/entry_points.txt
writing requirements to workspace_nav.egg-info/requires.txt
writing top-level names to workspace_nav.egg-info/top_level.txt
reading manifest file 'workspace_nav.egg-info/SOURCES.txt'
writing manifest file 'workspace_nav.egg-info/SOURCES.txt'
running build_ext
Creating /home/aliomac/garp-test/install/workspace_nav/lib/python3.12/site-packages/workspace-nav.egg-link (link to .)
Installing parkour_navigation script to /home/aliomac/garp-test/install/workspace_nav/lib/workspace_nav

Installed /home/aliomac/garp-test/build/workspace_nav
running symlink_data
symbolically linking /home/aliomac/garp-test/build/workspace_nav/resource/workspace_nav -> /home/aliomac/garp-test/install/workspace_nav/share/ament_index/resource_index/packages
symbolically linking /home/aliomac/garp-test/build/workspace_nav/package.xml -> /home/aliomac/garp-test/install/workspace_nav/share/workspace_nav
symbolically linking /home/aliomac/garp-test/build/workspace_nav/config/map.yaml -> /home/aliomac/garp-test/install/workspace_nav/share/workspace_nav/config
symbolically linking /home/aliomac/garp-test/build/workspace_nav/config/parkour_nav.yaml -> /home/aliomac/garp-test/install/workspace_nav/share/workspace_nav/config
symbolically linking /home/aliomac/garp-test/build/workspace_nav/config/nav2_params.yaml -> /home/aliomac/garp-test/install/workspace_nav/share/workspace_nav/config
symbolically linking /home/aliomac/garp-test/build/workspace_nav/launch/nav2.launch.py -> /home/aliomac/garp-test/install/workspace_nav/share/workspace_nav/launch
symbolically linking /home/aliomac/garp-test/build/workspace_nav/launch/parkour_nav.launch.py -> /home/aliomac/garp-test/install/workspace_nav/share/workspace_nav/launch
symbolically linking /home/aliomac/garp-test/build/workspace_nav/scripts/parkour_navigation.py -> /home/aliomac/garp-test/install/workspace_nav/share/workspace_nav/scripts
symbolically linking /home/aliomac/garp-test/build/workspace_nav/scripts/__init__.py -> /home/aliomac/garp-test/install/workspace_nav/share/workspace_nav/scripts
symbolically linking /home/aliomac/garp-test/build/workspace_nav/map/map.pgm -> /home/aliomac/garp-test/install/workspace_nav/share/workspace_nav/map
