[0.807s] Invoking command in '/home/ngen/yildiz_ws/src/YILDIZ-USV/workspace_nav': DEBUGINFOD_URLS=https://debuginfod.ubuntu.com PYTHONPATH=/home/ngen/yildiz_ws/src/YILDIZ-USV/build/workspace_nav/prefix_override:/usr/lib/python3/dist-packages/colcon_core/task/python/colcon_distutils_commands:/home/ngen/yildiz_ws/src/YILDIZ-USV/install/workspace_nav/lib/python3.12/site-packages:${PYTHONPATH} /usr/bin/python3 -W ignore:setup.py install is deprecated -W ignore:easy_install command is deprecated setup.py egg_info --egg-base ../build/workspace_nav build --build-base /home/ngen/yildiz_ws/src/YILDIZ-USV/build/workspace_nav/build install --record /home/ngen/yildiz_ws/src/YILDIZ-USV/build/workspace_nav/install.log --single-version-externally-managed install_data
[1.018s] running egg_info
[1.019s] creating ../build/workspace_nav/workspace_nav.egg-info
[1.035s] writing ../build/workspace_nav/workspace_nav.egg-info/PKG-INFO
[1.036s] writing dependency_links to ../build/workspace_nav/workspace_nav.egg-info/dependency_links.txt
[1.036s] writing entry points to ../build/workspace_nav/workspace_nav.egg-info/entry_points.txt
[1.036s] writing requirements to ../build/workspace_nav/workspace_nav.egg-info/requires.txt
[1.036s] writing top-level names to ../build/workspace_nav/workspace_nav.egg-info/top_level.txt
[1.036s] writing manifest file '../build/workspace_nav/workspace_nav.egg-info/SOURCES.txt'
[1.070s] reading manifest file '../build/workspace_nav/workspace_nav.egg-info/SOURCES.txt'
[1.071s] writing manifest file '../build/workspace_nav/workspace_nav.egg-info/SOURCES.txt'
[1.071s] running build
[1.071s] running build_py
[1.071s] creating /home/ngen/yildiz_ws/src/YILDIZ-USV/build/workspace_nav/build
[1.072s] creating /home/ngen/yildiz_ws/src/YILDIZ-USV/build/workspace_nav/build/lib
[1.072s] creating /home/ngen/yildiz_ws/src/YILDIZ-USV/build/workspace_nav/build/lib/scripts
[1.072s] copying scripts/__init__.py -> /home/ngen/yildiz_ws/src/YILDIZ-USV/build/workspace_nav/build/lib/scripts
[1.072s] copying scripts/waypoint_transform.py -> /home/ngen/yildiz_ws/src/YILDIZ-USV/build/workspace_nav/build/lib/scripts
[1.072s] copying scripts/waypoint_with_state.py -> /home/ngen/yildiz_ws/src/YILDIZ-USV/build/workspace_nav/build/lib/scripts
[1.072s] running install
[1.077s] running install_lib
[1.093s] creating /home/ngen/yildiz_ws/src/YILDIZ-USV/install/workspace_nav/lib/python3.12/site-packages/scripts
[1.094s] copying /home/ngen/yildiz_ws/src/YILDIZ-USV/build/workspace_nav/build/lib/scripts/__init__.py -> /home/ngen/yildiz_ws/src/YILDIZ-USV/install/workspace_nav/lib/python3.12/site-packages/scripts
[1.094s] copying /home/ngen/yildiz_ws/src/YILDIZ-USV/build/workspace_nav/build/lib/scripts/waypoint_transform.py -> /home/ngen/yildiz_ws/src/YILDIZ-USV/install/workspace_nav/lib/python3.12/site-packages/scripts
[1.094s] copying /home/ngen/yildiz_ws/src/YILDIZ-USV/build/workspace_nav/build/lib/scripts/waypoint_with_state.py -> /home/ngen/yildiz_ws/src/YILDIZ-USV/install/workspace_nav/lib/python3.12/site-packages/scripts
[1.094s] byte-compiling /home/ngen/yildiz_ws/src/YILDIZ-USV/install/workspace_nav/lib/python3.12/site-packages/scripts/__init__.py to __init__.cpython-312.pyc
[1.094s] byte-compiling /home/ngen/yildiz_ws/src/YILDIZ-USV/install/workspace_nav/lib/python3.12/site-packages/scripts/waypoint_transform.py to waypoint_transform.cpython-312.pyc
[1.096s] byte-compiling /home/ngen/yildiz_ws/src/YILDIZ-USV/install/workspace_nav/lib/python3.12/site-packages/scripts/waypoint_with_state.py to waypoint_with_state.cpython-312.pyc
[1.099s] running install_data
[1.099s] creating /home/ngen/yildiz_ws/src/YILDIZ-USV/install/workspace_nav/share/ament_index
[1.099s] creating /home/ngen/yildiz_ws/src/YILDIZ-USV/install/workspace_nav/share/ament_index/resource_index
[1.099s] creating /home/ngen/yildiz_ws/src/YILDIZ-USV/install/workspace_nav/share/ament_index/resource_index/packages
[1.100s] copying resource/workspace_nav -> /home/ngen/yildiz_ws/src/YILDIZ-USV/install/workspace_nav/share/ament_index/resource_index/packages
[1.100s] copying package.xml -> /home/ngen/yildiz_ws/src/YILDIZ-USV/install/workspace_nav/share/workspace_nav
[1.100s] creating /home/ngen/yildiz_ws/src/YILDIZ-USV/install/workspace_nav/share/workspace_nav/config
[1.100s] copying config/nav2_params.yaml -> /home/ngen/yildiz_ws/src/YILDIZ-USV/install/workspace_nav/share/workspace_nav/config
[1.100s] copying config/map.yaml -> /home/ngen/yildiz_ws/src/YILDIZ-USV/install/workspace_nav/share/workspace_nav/config
[1.100s] creating /home/ngen/yildiz_ws/src/YILDIZ-USV/install/workspace_nav/share/workspace_nav/launch
[1.100s] copying launch/nav2.launch.py -> /home/ngen/yildiz_ws/src/YILDIZ-USV/install/workspace_nav/share/workspace_nav/launch
[1.100s] creating /home/ngen/yildiz_ws/src/YILDIZ-USV/install/workspace_nav/share/workspace_nav/scripts
[1.100s] copying scripts/__init__.py -> /home/ngen/yildiz_ws/src/YILDIZ-USV/install/workspace_nav/share/workspace_nav/scripts
[1.100s] copying scripts/waypoint_transform.py -> /home/ngen/yildiz_ws/src/YILDIZ-USV/install/workspace_nav/share/workspace_nav/scripts
[1.100s] copying scripts/waypoint_with_state.py -> /home/ngen/yildiz_ws/src/YILDIZ-USV/install/workspace_nav/share/workspace_nav/scripts
[1.100s] creating /home/ngen/yildiz_ws/src/YILDIZ-USV/install/workspace_nav/share/workspace_nav/map
[1.101s] copying map/map.pgm -> /home/ngen/yildiz_ws/src/YILDIZ-USV/install/workspace_nav/share/workspace_nav/map
[1.101s] running install_egg_info
[1.116s] Copying ../build/workspace_nav/workspace_nav.egg-info to /home/ngen/yildiz_ws/src/YILDIZ-USV/install/workspace_nav/lib/python3.12/site-packages/workspace_nav-0.0.0-py3.12.egg-info
[1.116s] running install_scripts
[1.221s] Installing waypoint_transform script to /home/ngen/yildiz_ws/src/YILDIZ-USV/install/workspace_nav/lib/workspace_nav
[1.221s] Installing waypoint_with_state script to /home/ngen/yildiz_ws/src/YILDIZ-USV/install/workspace_nav/lib/workspace_nav
[1.221s] writing list of installed files to '/home/ngen/yildiz_ws/src/YILDIZ-USV/build/workspace_nav/install.log'
[1.248s] Invoked command in '/home/ngen/yildiz_ws/src/YILDIZ-USV/workspace_nav' returned '0': DEBUGINFOD_URLS=https://debuginfod.ubuntu.com PYTHONPATH=/home/ngen/yildiz_ws/src/YILDIZ-USV/build/workspace_nav/prefix_override:/usr/lib/python3/dist-packages/colcon_core/task/python/colcon_distutils_commands:/home/ngen/yildiz_ws/src/YILDIZ-USV/install/workspace_nav/lib/python3.12/site-packages:${PYTHONPATH} /usr/bin/python3 -W ignore:setup.py install is deprecated -W ignore:easy_install command is deprecated setup.py egg_info --egg-base ../build/workspace_nav build --build-base /home/ngen/yildiz_ws/src/YILDIZ-USV/build/workspace_nav/build install --record /home/ngen/yildiz_ws/src/YILDIZ-USV/build/workspace_nav/install.log --single-version-externally-managed install_data
