[0.009s] Invoking command in '/home/tugmirk/Desktop/garp-test/build/workspace_gz': CMAKE_PREFIX_PATH=${CMAKE_PREFIX_PATH}:/home/tugmirk/Desktop/garp-test/install/workspace_ros:/home/tugmirk/Desktop/garp-test/install/workspace_nav:/opt/ros/jazzy DEBUGINFOD_URLS=https://debuginfod.ubuntu.com /usr/bin/cmake /home/tugmirk/Desktop/garp-test/workspace_gz -DAMENT_CMAKE_SYMLINK_INSTALL=1 -DCMAKE_INSTALL_PREFIX=/home/tugmirk/Desktop/garp-test/install/workspace_gz
[0.056s] -- The C compiler identification is GNU 13.3.0
[0.107s] -- The CXX compiler identification is GNU 13.3.0
[0.123s] -- Detecting C compiler ABI info
[0.199s] -- Detecting C compiler ABI info - done
[0.208s] -- Check for working C compiler: /usr/bin/cc - skipped
[0.208s] -- Detecting C compile features
[0.208s] -- Detecting C compile features - done
[0.216s] -- Detecting CXX compiler ABI info
[0.325s] -- Detecting CXX compiler ABI info - done
[0.330s] -- Check for working CXX compiler: /usr/bin/c++ - skipped
[0.331s] -- Detecting CXX compile features
[0.331s] -- Detecting CXX compile features - done
[0.334s] -- Found ament_cmake: 2.5.4 (/opt/ros/jazzy/share/ament_cmake/cmake)
[0.438s] -- Found Python3: /usr/bin/python3 (found version "3.12.3") found components: Interpreter 
[0.485s] -- Override CMake install command with custom implementation using symlinks instead of copying resources
[0.517s] -- Looking for gz-sim8 -- found version 8.10.0
[0.522s] -- Searching for dependencies of gz-sim8
[0.523s] -- Looking for sdformat14 -- found version 14.8.0
[0.523s] -- Searching for dependencies of sdformat14
[0.528s] -- Checking for module 'tinyxml2'
[0.540s] --   Found tinyxml2, version 10.0.0
[0.611s] -- Looking for gz-math7 -- found version 7.5.2
[0.611s] -- Searching for dependencies of gz-math7
[0.613s] -- Looking for gz-utils2 -- found version 2.2.1
[0.613s] -- Searching for dependencies of gz-utils2
[0.614s] -- Looking for gz-utils2 -- found version 2.2.1
[0.614s] -- Searching for dependencies of gz-utils2
[0.614s] -- Searching for <gz-utils2> component [cli]
[0.616s] -- Looking for gz-utils2-cli -- found version 2.2.1
[0.616s] -- Searching for dependencies of gz-utils2-cli
[0.618s] -- Looking for gz-plugin2 -- found version 2.0.4
[0.618s] -- Searching for dependencies of gz-plugin2
[0.618s] -- Looking for gz-utils2 -- found version 2.2.1
[0.618s] -- Searching for <gz-plugin2> component [loader]
[0.619s] -- Looking for gz-plugin2-loader -- found version 2.0.4
[0.620s] -- Searching for dependencies of gz-plugin2-loader
[0.620s] -- Searching for <gz-plugin2> component [register]
[0.621s] -- Looking for gz-plugin2-register -- found version 2.0.4
[0.621s] -- Searching for dependencies of gz-plugin2-register
[0.622s] -- Looking for gz-transport13 -- found version 13.5.0
[0.622s] -- Searching for dependencies of gz-transport13
[0.732s] -- Found Protobuf: /usr/lib/x86_64-linux-gnu/libprotobuf.so (found version "3.21.12") 
[0.752s] -- Config-file not installed for ZeroMQ -- checking for pkg-config
[0.760s] -- Checking for module 'libzmq >= 4'
[0.792s] --   Found libzmq, version 4.3.5
[0.839s] -- Found ZeroMQ: TRUE (Required is at least version "4") 
[0.846s] -- Checking for module 'uuid'
[0.867s] --   Found uuid, version 2.39.3
[0.912s] -- Found UUID: TRUE  
[0.913s] -- Looking for gz-utils2 -- found version 2.2.1
[0.914s] -- Looking for gz-msgs10 -- found version 10.3.2
[0.914s] -- Searching for dependencies of gz-msgs10
[0.928s] -- Looking for gz-utils2 -- found version 2.2.1
[0.928s] -- Looking for gz-math7 -- found version 7.5.2
[0.933s] -- Searching for <gz-transport13> component [log]
[0.934s] -- Looking for gz-transport13-log -- found version 13.5.0
[0.934s] -- Searching for dependencies of gz-transport13-log
[0.935s] -- Searching for <gz-transport13> component [parameters]
[0.936s] -- Looking for gz-transport13-parameters -- found version 13.5.0
[0.936s] -- Searching for dependencies of gz-transport13-parameters
[0.936s] -- Looking for gz-msgs10 -- found version 10.3.2
[0.937s] -- Looking for gz-common5 -- found version 5.7.1
[0.938s] -- Searching for dependencies of gz-common5
[0.938s] -- Looking for gz-utils2 -- found version 2.2.1
[0.938s] -- Looking for dlfcn.h - found
[0.939s] -- Looking for libdl - found
[0.940s] -- Found DL: TRUE  
[0.946s] -- Searching for <gz-common5> component [av]
[0.947s] -- Looking for gz-common5-av -- found version 5.7.1
[0.947s] -- Searching for dependencies of gz-common5-av
[0.950s] -- Checking for module 'libswscale'
[0.968s] --   Found libswscale, version 7.5.100
[1.048s] -- Found SWSCALE: TRUE  
[1.056s] -- Checking for module 'libavdevice >= 56.4.100'
[1.084s] --   Found libavdevice, version 60.3.100
[1.161s] -- Found AVDEVICE: TRUE (Required is at least version "56.4.100") 
[1.170s] -- Checking for module 'libavformat'
[1.196s] --   Found libavformat, version 60.16.100
[1.245s] -- Found AVFORMAT: TRUE  
[1.252s] -- Checking for module 'libavcodec'
[1.287s] --   Found libavcodec, version 60.31.102
[1.344s] -- Found AVCODEC: TRUE  
[1.358s] -- Checking for module 'libavutil'
[1.382s] --   Found libavutil, version 58.29.100
[1.432s] -- Found AVUTIL: TRUE  
[1.432s] -- Searching for <gz-common5> component [events]
[1.435s] -- Looking for gz-common5-events -- found version 5.7.1
[1.435s] -- Searching for dependencies of gz-common5-events
[1.436s] -- Looking for gz-math7 -- found version 7.5.2
[1.436s] -- Searching for <gz-common5> component [graphics]
[1.439s] -- Looking for gz-common5-graphics -- found version 5.7.1
[1.439s] -- Searching for dependencies of gz-common5-graphics
[1.439s] -- Looking for gz-math7 -- found version 7.5.2
[1.447s] -- Found GzAssimp: TRUE (found version "5.3.0") 
[1.447s] -- Searching for <gz-common5> component [io]
[1.448s] -- Looking for gz-common5-io -- found version 5.7.1
[1.449s] -- Searching for dependencies of gz-common5-io
[1.449s] -- Searching for <gz-common5> component [profiler]
[1.450s] -- Looking for gz-common5-profiler -- found version 5.7.1
[1.450s] -- Searching for dependencies of gz-common5-profiler
[1.452s] -- Looking for gz-fuel_tools9 -- found version 9.1.1
[1.452s] -- Searching for dependencies of gz-fuel_tools9
[1.583s] -- Found CURL: /usr/lib/x86_64-linux-gnu/libcurl.so (found version "8.5.0")  
[1.592s] -- Checking for module 'jsoncpp'
[1.615s] --   Found jsoncpp, version 1.9.5
[1.701s] -- Found JSONCPP: TRUE  
[1.720s] -- Checking for module 'yaml-0.1'
[1.744s] --   Found yaml-0.1, version 0.2.5
[1.806s] -- Found YAML: TRUE  
[1.810s] -- Checking for module 'libzip'
[1.834s] --   Found libzip, version 1.7.3
[1.895s] -- Found ZIP: TRUE  
[1.896s] -- Looking for gz-utils2 -- found version 2.2.1
[1.897s] -- Looking for gz-common5 -- found version 5.7.1
[1.897s] -- Searching for dependencies of gz-common5
[1.898s] -- Looking for gz-utils2 -- found version 2.2.1
[1.898s] -- Looking for dlfcn.h - found
[1.898s] -- Looking for libdl - found
[1.907s] -- Searching for <gz-common5> component [testing]
[1.908s] -- Looking for gz-common5-testing -- found version 5.7.1
[1.908s] -- Searching for dependencies of gz-common5-testing
[1.909s] -- Looking for gz-math7 -- found version 7.5.2
[1.909s] -- Looking for gz-msgs10 -- found version 10.3.2
[1.911s] -- Looking for gz-gui8 -- found version 8.4.0
[1.911s] -- Searching for dependencies of gz-gui8
[1.929s] -- Looking for gz-utils2 -- found version 2.2.1
[1.930s] -- Looking for gz-math7 -- found version 7.5.2
[1.930s] -- Looking for gz-common5 -- found version 5.7.1
[1.930s] -- Looking for gz-plugin2 -- found version 2.0.4
[1.930s] -- Looking for gz-transport13 -- found version 13.5.0
[1.931s] -- Looking for gz-rendering8 -- found version 8.2.2
[1.931s] -- Searching for dependencies of gz-rendering8
[1.932s] -- Looking for gz-math7 -- found version 7.5.2
[1.932s] -- Searching for dependencies of gz-math7
[1.932s] -- Looking for gz-utils2 -- found version 2.2.1
[1.932s] -- Searching for <gz-math7> component [eigen3]
[1.933s] -- Looking for gz-math7-eigen3 -- found version 7.5.2
[1.933s] -- Searching for dependencies of gz-math7-eigen3
[1.939s] -- Looking for gz-common5 -- found version 5.7.1
[1.939s] -- Searching for dependencies of gz-common5
[1.939s] -- Looking for gz-utils2 -- found version 2.2.1
[1.939s] -- Looking for dlfcn.h - found
[1.939s] -- Looking for libdl - found
[1.944s] -- Searching for <gz-common5> component [graphics]
[1.944s] -- Searching for <gz-common5> component [events]
[1.944s] -- Searching for <gz-common5> component [geospatial]
[1.945s] -- Looking for gz-common5-geospatial -- found version 5.7.1
[1.945s] -- Searching for dependencies of gz-common5-geospatial
[1.946s] -- Looking for gz-math7 -- found version 7.5.2
[1.946s] -- Looking for gz-common5 -- found version 5.7.1
[1.947s] -- Looking for gz-plugin2 -- found version 2.0.4
[1.947s] -- Searching for dependencies of gz-plugin2
[1.947s] -- Looking for gz-utils2 -- found version 2.2.1
[1.947s] -- Searching for <gz-plugin2> component [all]
[1.948s] -- Looking for all libraries of gz-plugin2 -- found version 2.0.4
[1.948s] -- Looking for gz-plugin2 -- found version 2.0.4
[1.949s] -- Looking for gz-utils2 -- found version 2.2.1
[1.956s] -- Found OpenGL: /usr/lib/x86_64-linux-gnu/libOpenGL.so  found components: OpenGL 
[1.956s] -- Looking for gz-msgs10 -- found version 10.3.2
[1.968s] -- Looking for gz-physics7 -- found version 7.6.0
[1.968s] -- Searching for dependencies of gz-physics7
[1.968s] -- Looking for gz-common5 -- found version 5.7.1
[1.968s] -- Looking for gz-math7 -- found version 7.5.2
[1.968s] -- Looking for gz-plugin2 -- found version 2.0.4
[1.968s] -- Looking for gz-utils2 -- found version 2.2.1
[1.969s] -- Searching for <gz-physics7> component [heightmap]
[1.970s] -- Looking for gz-physics7-heightmap -- found version 7.6.0
[1.970s] -- Searching for dependencies of gz-physics7-heightmap
[1.970s] -- Looking for gz-common5 -- found version 5.7.1
[1.970s] -- Searching for <gz-physics7> component [mesh]
[1.971s] -- Looking for gz-physics7-mesh -- found version 7.6.0
[1.971s] -- Searching for dependencies of gz-physics7-mesh
[1.971s] -- Looking for gz-common5 -- found version 5.7.1
[1.972s] -- Searching for <gz-physics7> component [sdf]
[1.972s] -- Looking for gz-physics7-sdf -- found version 7.6.0
[1.972s] -- Searching for dependencies of gz-physics7-sdf
[1.973s] -- Looking for sdformat14 -- found version 14.8.0
[1.974s] -- Looking for gz-sensors8 -- found version 8.2.2
[1.974s] -- Searching for dependencies of gz-sensors8
[1.987s] -- Looking for gz-math7 -- found version 7.5.2
[1.987s] -- Looking for gz-common5 -- found version 5.7.1
[1.987s] -- Looking for gz-transport13 -- found version 13.5.0
[1.988s] -- Looking for gz-rendering8 -- found version 8.2.2
[1.988s] -- Looking for gz-msgs10 -- found version 10.3.2
[1.988s] -- Looking for sdformat14 -- found version 14.8.0
[1.989s] -- Searching for <gz-sensors8> component [air_pressure]
[1.989s] -- Looking for gz-sensors8-air_pressure -- found version 8.2.2
[1.989s] -- Searching for dependencies of gz-sensors8-air_pressure
[1.990s] -- Searching for <gz-sensors8> component [air_speed]
[1.991s] -- Looking for gz-sensors8-air_speed -- found version 8.2.2
[1.991s] -- Searching for dependencies of gz-sensors8-air_speed
[1.991s] -- Searching for <gz-sensors8> component [altimeter]
[1.992s] -- Looking for gz-sensors8-altimeter -- found version 8.2.2
[1.992s] -- Searching for dependencies of gz-sensors8-altimeter
[1.992s] -- Searching for <gz-sensors8> component [imu]
[1.993s] -- Looking for gz-sensors8-imu -- found version 8.2.2
[1.993s] -- Searching for dependencies of gz-sensors8-imu
[1.993s] -- Searching for <gz-sensors8> component [force_torque]
[1.994s] -- Looking for gz-sensors8-force_torque -- found version 8.2.2
[1.994s] -- Searching for dependencies of gz-sensors8-force_torque
[1.994s] -- Searching for <gz-sensors8> component [logical_camera]
[1.995s] -- Looking for gz-sensors8-logical_camera -- found version 8.2.2
[1.995s] -- Searching for dependencies of gz-sensors8-logical_camera
[1.995s] -- Searching for <gz-sensors8> component [magnetometer]
[1.996s] -- Looking for gz-sensors8-magnetometer -- found version 8.2.2
[1.996s] -- Searching for dependencies of gz-sensors8-magnetometer
[1.997s] -- Searching for <gz-sensors8> component [navsat]
[1.997s] -- Looking for gz-sensors8-navsat -- found version 8.2.2
[1.997s] -- Searching for dependencies of gz-sensors8-navsat
[1.998s] -- Searching for <gz-sensors8> component [dvl]
[1.998s] -- Looking for gz-sensors8-dvl -- found version 8.2.2
[1.998s] -- Searching for dependencies of gz-sensors8-dvl
[1.998s] -- Looking for gz-sensors8 -- found version 8.2.2
[1.999s] -- Searching for dependencies of gz-sensors8
[2.012s] -- Looking for gz-math7 -- found version 7.5.2
[2.012s] -- Looking for gz-common5 -- found version 5.7.1
[2.012s] -- Looking for gz-transport13 -- found version 13.5.0
[2.012s] -- Looking for gz-rendering8 -- found version 8.2.2
[2.013s] -- Looking for gz-msgs10 -- found version 10.3.2
[2.013s] -- Looking for sdformat14 -- found version 14.8.0
[2.013s] -- Searching for <gz-sensors8> component [rendering]
[2.014s] -- Looking for gz-sensors8-rendering -- found version 8.2.2
[2.014s] -- Searching for dependencies of gz-sensors8-rendering
[2.014s] -- Searching for <gz-sensors8> component [rendering]
[2.015s] -- Searching for <gz-sensors8> component [lidar]
[2.015s] -- Looking for gz-sensors8-lidar -- found version 8.2.2
[2.015s] -- Searching for dependencies of gz-sensors8-lidar
[2.016s] -- Looking for gz-sensors8 -- found version 8.2.2
[2.016s] -- Searching for <gz-sensors8> component [gpu_lidar]
[2.017s] -- Looking for gz-sensors8-gpu_lidar -- found version 8.2.2
[2.017s] -- Searching for dependencies of gz-sensors8-gpu_lidar
[2.017s] -- Looking for gz-sensors8 -- found version 8.2.2
[2.017s] -- Searching for <gz-sensors8> component [camera]
[2.018s] -- Looking for gz-sensors8-camera -- found version 8.2.2
[2.018s] -- Searching for dependencies of gz-sensors8-camera
[2.018s] -- Looking for gz-sensors8 -- found version 8.2.2
[2.019s] -- Searching for <gz-sensors8> component [boundingbox_camera]
[2.019s] -- Looking for gz-sensors8-boundingbox_camera -- found version 8.2.2
[2.019s] -- Searching for dependencies of gz-sensors8-boundingbox_camera
[2.019s] -- Searching for <gz-sensors8> component [segmentation_camera]
[2.020s] -- Looking for gz-sensors8-segmentation_camera -- found version 8.2.2
[2.020s] -- Searching for dependencies of gz-sensors8-segmentation_camera
[2.020s] -- Searching for <gz-sensors8> component [depth_camera]
[2.021s] -- Looking for gz-sensors8-depth_camera -- found version 8.2.2
[2.021s] -- Searching for dependencies of gz-sensors8-depth_camera
[2.021s] -- Looking for gz-sensors8 -- found version 8.2.2
[2.022s] -- Searching for <gz-sensors8> component [rgbd_camera]
[2.022s] -- Looking for gz-sensors8-rgbd_camera -- found version 8.2.2
[2.022s] -- Searching for dependencies of gz-sensors8-rgbd_camera
[2.023s] -- Looking for gz-sensors8 -- found version 8.2.2
[2.023s] -- Searching for <gz-sensors8> component [thermal_camera]
[2.024s] -- Looking for gz-sensors8-thermal_camera -- found version 8.2.2
[2.024s] -- Searching for dependencies of gz-sensors8-thermal_camera
[2.024s] -- Looking for gz-sensors8 -- found version 8.2.2
[2.024s] -- Searching for <gz-sensors8> component [wide_angle_camera]
[2.025s] -- Looking for gz-sensors8-wide_angle_camera -- found version 8.2.2
[2.025s] -- Searching for dependencies of gz-sensors8-wide_angle_camera
[2.026s] -- Looking for gz-rendering8 -- found version 8.2.2
[2.026s] -- Looking for gz-math7 -- found version 7.5.2
[2.026s] -- Looking for gz-utils2 -- found version 2.2.1
[2.041s] -- Looking for gz-common5 -- found version 5.7.1
[2.041s] -- Looking for gz-math7 -- found version 7.5.2
[2.041s] -- Looking for gz-transport13 -- found version 13.5.0
[2.042s] -- Looking for gz-plugin2 -- found version 2.0.4
[2.042s] -- Looking for gz-rendering8 -- found version 8.2.2
[2.042s] -- Looking for gz-sensors8 -- found version 8.2.2
[2.042s] -- Looking for gz-utils2 -- found version 2.2.1
[2.042s] -- Looking for sdformat14 -- found version 14.8.0
[2.045s] -- Found std_msgs: 5.3.6 (/opt/ros/jazzy/share/std_msgs/cmake)
[2.074s] -- Found rosidl_generator_c: 4.6.6 (/opt/ros/jazzy/share/rosidl_generator_c/cmake)
[2.085s] -- Found rosidl_generator_cpp: 4.6.6 (/opt/ros/jazzy/share/rosidl_generator_cpp/cmake)
[2.097s] -- Using all available rosidl_typesupport_c: rosidl_typesupport_fastrtps_c;rosidl_typesupport_introspection_c
[2.111s] -- Using all available rosidl_typesupport_cpp: rosidl_typesupport_fastrtps_cpp;rosidl_typesupport_introspection_cpp
[2.133s] -- Looking for gz-msgs10 -- found version 10.3.2
[2.133s] -- Looking for gz-fuel_tools9 -- found version 9.1.1
[2.203s] -- Configuring done (2.2s)
[2.276s] -- Generating done (0.1s)
[2.290s] -- Build files have been written to: /home/tugmirk/Desktop/garp-test/build/workspace_gz
[2.302s] Invoked command in '/home/tugmirk/Desktop/garp-test/build/workspace_gz' returned '0': CMAKE_PREFIX_PATH=${CMAKE_PREFIX_PATH}:/home/tugmirk/Desktop/garp-test/install/workspace_ros:/home/tugmirk/Desktop/garp-test/install/workspace_nav:/opt/ros/jazzy DEBUGINFOD_URLS=https://debuginfod.ubuntu.com /usr/bin/cmake /home/tugmirk/Desktop/garp-test/workspace_gz -DAMENT_CMAKE_SYMLINK_INSTALL=1 -DCMAKE_INSTALL_PREFIX=/home/tugmirk/Desktop/garp-test/install/workspace_gz
[2.303s] Invoking command in '/home/tugmirk/Desktop/garp-test/build/workspace_gz': CMAKE_PREFIX_PATH=${CMAKE_PREFIX_PATH}:/home/tugmirk/Desktop/garp-test/install/workspace_ros:/home/tugmirk/Desktop/garp-test/install/workspace_nav:/opt/ros/jazzy DEBUGINFOD_URLS=https://debuginfod.ubuntu.com /usr/bin/cmake --build /home/tugmirk/Desktop/garp-test/build/workspace_gz -- -j32 -l32
[2.349s] [  4%] [32mBuilding CXX object CMakeFiles/ScoringPlugin.dir/plugins/ScoringPlugin.cc.o[0m
[2.349s] [  4%] [32mBuilding CXX object CMakeFiles/Waves.dir/plugins/Wavefield.cc.o[0m
[4.402s] [  6%] [32m[1mLinking CXX shared library libWaves.so[0m
[4.533s] [  6%] Built target Waves
[4.554s] [  8%] [32mBuilding CXX object CMakeFiles/PolyhedraBuoyancyDrag.dir/plugins/PolyhedraBuoyancyDrag.cc.o[0m
[4.555s] [ 10%] [32mBuilding CXX object CMakeFiles/PolyhedraBuoyancyDrag.dir/plugins/PolyhedronVolume.cc.o[0m
[4.555s] [ 12%] [32mBuilding CXX object CMakeFiles/PolyhedraBuoyancyDrag.dir/plugins/ShapeVolume.cc.o[0m
[5.298s] [ 14%] [32m[1mLinking CXX shared library libScoringPlugin.so[0m
[5.459s] [ 14%] Built target ScoringPlugin
[5.476s] [ 16%] [32mBuilding CXX object CMakeFiles/WayfindingScoringPlugin.dir/plugins/WayfindingScoringPlugin.cc.o[0m
[5.476s] [ 18%] [32mBuilding CXX object CMakeFiles/AcousticTrackingScoringPlugin.dir/plugins/WaypointMarkers.cc.o[0m
[5.477s] [ 20%] [32mBuilding CXX object CMakeFiles/AcousticTrackingScoringPlugin.dir/plugins/AcousticTrackingScoringPlugin.cc.o[0m
[5.478s] [ 22%] [32mBuilding CXX object CMakeFiles/NavigationScoringPlugin.dir/plugins/NavigationScoringPlugin.cc.o[0m
[5.478s] [ 25%] [32mBuilding CXX object CMakeFiles/ScanDockScoringPlugin.dir/plugins/ScanDockScoringPlugin.cc.o[0m
[5.480s] [ 27%] [32mBuilding CXX object CMakeFiles/BallShooterPlugin.dir/plugins/BallShooterPlugin.cc.o[0m
[5.481s] [ 29%] [32mBuilding CXX object CMakeFiles/WayfindingScoringPlugin.dir/plugins/WaypointMarkers.cc.o[0m
[5.481s] [ 31%] [32mBuilding CXX object CMakeFiles/StationkeepingScoringPlugin.dir/plugins/StationkeepingScoringPlugin.cc.o[0m
[5.481s] [ 33%] [32mBuilding CXX object CMakeFiles/StationkeepingScoringPlugin.dir/plugins/WaypointMarkers.cc.o[0m
[5.482s] [ 35%] [32mBuilding CXX object CMakeFiles/Surface.dir/plugins/Surface.cc.o[0m
[5.482s] [ 39%] [32mBuilding CXX object CMakeFiles/LightBuoyPlugin.dir/plugins/LightBuoyPlugin.cc.o[0m
[5.482s] [ 41%] [32mBuilding CXX object CMakeFiles/AcousticPerceptionScoringPlugin.dir/plugins/AcousticPerceptionScoringPlugin.cc.o[0m
[5.482s] [ 41%] [32mBuilding CXX object CMakeFiles/GymkhanaScoringPlugin.dir/plugins/GymkhanaScoringPlugin.cc.o[0m
[5.484s] [ 43%] [32mBuilding CXX object CMakeFiles/AcousticPingerPlugin.dir/plugins/AcousticPingerPlugin.cc.o[0m
[5.484s] [ 45%] [32mBuilding CXX object CMakeFiles/AcousticPerceptionScoringPlugin.dir/plugins/WaypointMarkers.cc.o[0m
[5.484s] [ 47%] [32mBuilding CXX object CMakeFiles/PlacardPlugin.dir/plugins/PlacardPlugin.cc.o[0m
[5.486s] [ 52%] [32mBuilding CXX object CMakeFiles/PerceptionScoringPlugin.dir/plugins/PerceptionScoringPlugin.cc.o[0m
[5.486s] [ 54%] [32mBuilding CXX object CMakeFiles/PublisherPlugin.dir/plugins/PublisherPlugin.cc.o[0m
[5.486s] [ 54%] [32mBuilding CXX object CMakeFiles/WildlifeScoringPlugin.dir/plugins/WildlifeScoringPlugin.cc.o[0m
[5.486s] [ 56%] [32mBuilding CXX object CMakeFiles/SimpleHydrodynamics.dir/plugins/SimpleHydrodynamics.cc.o[0m
[5.487s] [ 58%] [32mBuilding CXX object CMakeFiles/USVWind.dir/plugins/USVWind.cc.o[0m
[5.487s] [ 60%] [32mBuilding CXX object CMakeFiles/WaveVisual.dir/plugins/WaveVisual.cc.o[0m
[10.355s] [ 62%] [32m[1mLinking CXX shared library libPublisherPlugin.so[0m
[10.819s] [ 62%] Built target PublisherPlugin
[11.083s] [ 64%] [32m[1mLinking CXX shared library libLightBuoyPlugin.so[0m
[11.400s] [ 66%] [32m[1mLinking CXX shared library libPolyhedraBuoyancyDrag.so[0m
[11.581s] [ 66%] Built target LightBuoyPlugin
[11.865s] [ 66%] Built target PolyhedraBuoyancyDrag
[12.056s] [ 68%] [32m[1mLinking CXX shared library libGymkhanaScoringPlugin.so[0m
[12.409s] [ 70%] [32m[1mLinking CXX shared library libSurface.so[0m
[12.568s] [ 70%] Built target GymkhanaScoringPlugin
[12.900s] [ 70%] Built target Surface
[13.224s] [ 72%] [32m[1mLinking CXX shared library libSimpleHydrodynamics.so[0m
[13.564s] [ 72%] Built target SimpleHydrodynamics
[14.413s] [ 75%] [32m[1mLinking CXX shared library libPlacardPlugin.so[0m
[14.548s] [ 77%] [32m[1mLinking CXX shared library libWaveVisual.so[0m
[14.775s] [ 77%] Built target PlacardPlugin
[14.932s] [ 77%] Built target WaveVisual
[15.296s] [ 79%] [32m[1mLinking CXX shared library libNavigationScoringPlugin.so[0m
[15.610s] [ 81%] [32m[1mLinking CXX shared library libScanDockScoringPlugin.so[0m
[15.730s] [ 81%] Built target NavigationScoringPlugin
[15.865s] [ 83%] [32m[1mLinking CXX shared library libWildlifeScoringPlugin.so[0m
[15.952s] [ 85%] [32m[1mLinking CXX shared library libStationkeepingScoringPlugin.so[0m
[16.060s] [ 85%] Built target ScanDockScoringPlugin
[16.120s] [ 87%] [32m[1mLinking CXX shared library libWayfindingScoringPlugin.so[0m
[16.212s] [ 89%] [32m[1mLinking CXX shared library libAcousticPerceptionScoringPlugin.so[0m
[16.254s] [ 89%] Built target WildlifeScoringPlugin
[16.375s] [ 89%] Built target StationkeepingScoringPlugin
[16.414s] [ 91%] [32m[1mLinking CXX shared library libAcousticTrackingScoringPlugin.so[0m
[16.443s] [ 93%] [32m[1mLinking CXX shared library libPerceptionScoringPlugin.so[0m
[16.487s] [ 93%] Built target WayfindingScoringPlugin
[16.578s] [ 95%] [32m[1mLinking CXX shared library libUSVWind.so[0m
[16.579s] [ 95%] Built target AcousticPerceptionScoringPlugin
[16.764s] [ 95%] Built target AcousticTrackingScoringPlugin
[16.855s] [ 95%] Built target PerceptionScoringPlugin
[16.874s] [ 97%] [32m[1mLinking CXX shared library libBallShooterPlugin.so[0m
[16.894s] [ 97%] Built target USVWind
[16.906s] [100%] [32m[1mLinking CXX shared library libAcousticPingerPlugin.so[0m
[17.183s] [100%] Built target BallShooterPlugin
[17.195s] [100%] Built target AcousticPingerPlugin
[17.211s] Invoked command in '/home/tugmirk/Desktop/garp-test/build/workspace_gz' returned '0': CMAKE_PREFIX_PATH=${CMAKE_PREFIX_PATH}:/home/tugmirk/Desktop/garp-test/install/workspace_ros:/home/tugmirk/Desktop/garp-test/install/workspace_nav:/opt/ros/jazzy DEBUGINFOD_URLS=https://debuginfod.ubuntu.com /usr/bin/cmake --build /home/tugmirk/Desktop/garp-test/build/workspace_gz -- -j32 -l32
[17.227s] Invoking command in '/home/tugmirk/Desktop/garp-test/build/workspace_gz': CMAKE_PREFIX_PATH=${CMAKE_PREFIX_PATH}:/home/tugmirk/Desktop/garp-test/install/workspace_ros:/home/tugmirk/Desktop/garp-test/install/workspace_nav:/opt/ros/jazzy DEBUGINFOD_URLS=https://debuginfod.ubuntu.com /usr/bin/cmake --install /home/tugmirk/Desktop/garp-test/build/workspace_gz
[17.238s] -- Install configuration: ""
[17.238s] -- Execute custom install script
[17.239s] -- Symlinking: /home/tugmirk/Desktop/garp-test/install/workspace_gz/lib/libWaves.so
[17.249s] -- Symlinking: /home/tugmirk/Desktop/garp-test/install/workspace_gz/lib/libPolyhedraBuoyancyDrag.so
[17.258s] -- Symlinking: /home/tugmirk/Desktop/garp-test/install/workspace_gz/lib/libScoringPlugin.so
[17.268s] -- Symlinking: /home/tugmirk/Desktop/garp-test/install/workspace_gz/lib/libStationkeepingScoringPlugin.so
[17.278s] -- Symlinking: /home/tugmirk/Desktop/garp-test/install/workspace_gz/lib/libWayfindingScoringPlugin.so
[17.290s] -- Symlinking: /home/tugmirk/Desktop/garp-test/install/workspace_gz/lib/libAcousticPerceptionScoringPlugin.so
[17.301s] -- Symlinking: /home/tugmirk/Desktop/garp-test/install/workspace_gz/lib/libAcousticTrackingScoringPlugin.so
[17.310s] -- Symlinking: /home/tugmirk/Desktop/garp-test/install/workspace_gz/lib/libAcousticPingerPlugin.so
[17.320s] -- Symlinking: /home/tugmirk/Desktop/garp-test/install/workspace_gz/lib/libBallShooterPlugin.so
[17.329s] -- Symlinking: /home/tugmirk/Desktop/garp-test/install/workspace_gz/lib/libLightBuoyPlugin.so
[17.340s] -- Symlinking: /home/tugmirk/Desktop/garp-test/install/workspace_gz/lib/libNavigationScoringPlugin.so
[17.349s] -- Symlinking: /home/tugmirk/Desktop/garp-test/install/workspace_gz/lib/libGymkhanaScoringPlugin.so
[17.358s] -- Symlinking: /home/tugmirk/Desktop/garp-test/install/workspace_gz/lib/libPerceptionScoringPlugin.so
[17.368s] -- Symlinking: /home/tugmirk/Desktop/garp-test/install/workspace_gz/lib/libPlacardPlugin.so
[17.377s] -- Symlinking: /home/tugmirk/Desktop/garp-test/install/workspace_gz/lib/libPublisherPlugin.so
[17.387s] -- Symlinking: /home/tugmirk/Desktop/garp-test/install/workspace_gz/lib/libScanDockScoringPlugin.so
[17.397s] -- Symlinking: /home/tugmirk/Desktop/garp-test/install/workspace_gz/lib/libSimpleHydrodynamics.so
[17.407s] -- Symlinking: /home/tugmirk/Desktop/garp-test/install/workspace_gz/lib/libSurface.so
[17.416s] -- Symlinking: /home/tugmirk/Desktop/garp-test/install/workspace_gz/lib/libUSVWind.so
[17.424s] -- Symlinking: /home/tugmirk/Desktop/garp-test/install/workspace_gz/lib/libWaveVisual.so
[17.434s] -- Symlinking: /home/tugmirk/Desktop/garp-test/install/workspace_gz/lib/libWildlifeScoringPlugin.so
[17.444s] -- Symlinking: /home/tugmirk/Desktop/garp-test/install/workspace_gz/share/workspace_gz//description/roboboat/roboboat.xacro
[17.455s] -- Symlinking: /home/tugmirk/Desktop/garp-test/install/workspace_gz/share/workspace_gz//launch/simulation.launch.py
[17.465s] -- Symlinking: /home/tugmirk/Desktop/garp-test/install/workspace_gz/share/workspace_gz//models/buoys/marker_buoy_black/materials/textures/MarkerBuoy_Base_Color.png
[17.475s] -- Symlinking: /home/tugmirk/Desktop/garp-test/install/workspace_gz/share/workspace_gz//models/buoys/marker_buoy_black/materials/textures/MarkerBuoy_Roughness.png
[17.485s] -- Symlinking: /home/tugmirk/Desktop/garp-test/install/workspace_gz/share/workspace_gz//models/buoys/marker_buoy_black/meshes/marker_buoy.dae
[17.495s] -- Symlinking: /home/tugmirk/Desktop/garp-test/install/workspace_gz/share/workspace_gz//models/buoys/marker_buoy_black/model.config
[17.505s] -- Symlinking: /home/tugmirk/Desktop/garp-test/install/workspace_gz/share/workspace_gz//models/buoys/marker_buoy_black/model.sdf
[17.515s] -- Symlinking: /home/tugmirk/Desktop/garp-test/install/workspace_gz/share/workspace_gz//models/buoys/marker_buoy_green/materials/textures/MarkerBuoy_Base_Color.png
[17.525s] -- Symlinking: /home/tugmirk/Desktop/garp-test/install/workspace_gz/share/workspace_gz//models/buoys/marker_buoy_green/materials/textures/MarkerBuoy_Roughness.png
[17.535s] -- Symlinking: /home/tugmirk/Desktop/garp-test/install/workspace_gz/share/workspace_gz//models/buoys/marker_buoy_green/meshes/marker_buoy.dae
[17.545s] -- Symlinking: /home/tugmirk/Desktop/garp-test/install/workspace_gz/share/workspace_gz//models/buoys/marker_buoy_green/model.config
[17.556s] -- Symlinking: /home/tugmirk/Desktop/garp-test/install/workspace_gz/share/workspace_gz//models/buoys/marker_buoy_green/model.sdf
[17.567s] -- Symlinking: /home/tugmirk/Desktop/garp-test/install/workspace_gz/share/workspace_gz//models/buoys/marker_buoy_orange/materials/textures/MarkerBuoy_Base_Color.png
[17.577s] -- Symlinking: /home/tugmirk/Desktop/garp-test/install/workspace_gz/share/workspace_gz//models/buoys/marker_buoy_orange/materials/textures/MarkerBuoy_Roughness.png
[17.589s] -- Symlinking: /home/tugmirk/Desktop/garp-test/install/workspace_gz/share/workspace_gz//models/buoys/marker_buoy_orange/meshes/marker_buoy.dae
[17.599s] -- Symlinking: /home/tugmirk/Desktop/garp-test/install/workspace_gz/share/workspace_gz//models/buoys/marker_buoy_orange/model.config
[17.609s] -- Symlinking: /home/tugmirk/Desktop/garp-test/install/workspace_gz/share/workspace_gz//models/buoys/marker_buoy_orange/model.sdf
[17.619s] -- Symlinking: /home/tugmirk/Desktop/garp-test/install/workspace_gz/share/workspace_gz//models/buoys/marker_buoy_red/materials/textures/MarkerBuoy_Base_Color.png
[17.629s] -- Symlinking: /home/tugmirk/Desktop/garp-test/install/workspace_gz/share/workspace_gz//models/buoys/marker_buoy_red/materials/textures/MarkerBuoy_Roughness.png
[17.639s] -- Symlinking: /home/tugmirk/Desktop/garp-test/install/workspace_gz/share/workspace_gz//models/buoys/marker_buoy_red/meshes/marker_buoy.dae
[17.648s] -- Symlinking: /home/tugmirk/Desktop/garp-test/install/workspace_gz/share/workspace_gz//models/buoys/marker_buoy_red/model.config
[17.660s] -- Symlinking: /home/tugmirk/Desktop/garp-test/install/workspace_gz/share/workspace_gz//models/buoys/marker_buoy_red/model.sdf
[17.670s] -- Symlinking: /home/tugmirk/Desktop/garp-test/install/workspace_gz/share/workspace_gz//models/buoys/marker_buoy_yellow/materials/textures/MarkerBuoy_Base_Color.png
[17.680s] -- Symlinking: /home/tugmirk/Desktop/garp-test/install/workspace_gz/share/workspace_gz//models/buoys/marker_buoy_yellow/materials/textures/MarkerBuoy_Roughness.png
[17.690s] -- Symlinking: /home/tugmirk/Desktop/garp-test/install/workspace_gz/share/workspace_gz//models/buoys/marker_buoy_yellow/meshes/marker_buoy.dae
[17.699s] -- Symlinking: /home/tugmirk/Desktop/garp-test/install/workspace_gz/share/workspace_gz//models/buoys/marker_buoy_yellow/model.config
[17.710s] -- Symlinking: /home/tugmirk/Desktop/garp-test/install/workspace_gz/share/workspace_gz//models/buoys/marker_buoy_yellow/model.sdf
[17.720s] -- Symlinking: /home/tugmirk/Desktop/garp-test/install/workspace_gz/share/workspace_gz//models/buoys/round_buoy_orange/materials/textures/RoundBarrierBuoy_Base_Color.png
[17.730s] -- Symlinking: /home/tugmirk/Desktop/garp-test/install/workspace_gz/share/workspace_gz//models/buoys/round_buoy_orange/materials/textures/RoundBarrierBuoy_Roughness.png
[17.739s] -- Symlinking: /home/tugmirk/Desktop/garp-test/install/workspace_gz/share/workspace_gz//models/buoys/round_buoy_orange/meshes/round_buoy.dae
[17.750s] -- Symlinking: /home/tugmirk/Desktop/garp-test/install/workspace_gz/share/workspace_gz//models/buoys/round_buoy_orange/model.config
[17.760s] -- Symlinking: /home/tugmirk/Desktop/garp-test/install/workspace_gz/share/workspace_gz//models/buoys/round_buoy_orange/model.sdf
[17.771s] -- Symlinking: /home/tugmirk/Desktop/garp-test/install/workspace_gz/share/workspace_gz//models/roboboat/materials/textures/roboboat_albedo.png
[17.784s] -- Symlinking: /home/tugmirk/Desktop/garp-test/install/workspace_gz/share/workspace_gz//models/roboboat/materials/textures/roboboat_metalness.png
[17.796s] -- Symlinking: /home/tugmirk/Desktop/garp-test/install/workspace_gz/share/workspace_gz//models/roboboat/materials/textures/roboboat_normal.png
[17.807s] -- Symlinking: /home/tugmirk/Desktop/garp-test/install/workspace_gz/share/workspace_gz//models/roboboat/materials/textures/roboboat_roughness.png
[17.818s] -- Symlinking: /home/tugmirk/Desktop/garp-test/install/workspace_gz/share/workspace_gz//models/roboboat/materials/textures/thruster_albedo.png
[17.828s] -- Symlinking: /home/tugmirk/Desktop/garp-test/install/workspace_gz/share/workspace_gz//models/roboboat/materials/textures/thruster_roughness.png
[17.839s] -- Symlinking: /home/tugmirk/Desktop/garp-test/install/workspace_gz/share/workspace_gz//models/roboboat/meshes/housing.dae
[17.853s] -- Symlinking: /home/tugmirk/Desktop/garp-test/install/workspace_gz/share/workspace_gz//models/roboboat/meshes/mount.dae
[17.865s] -- Symlinking: /home/tugmirk/Desktop/garp-test/install/workspace_gz/share/workspace_gz//models/roboboat/meshes/prop.dae
[17.876s] -- Symlinking: /home/tugmirk/Desktop/garp-test/install/workspace_gz/share/workspace_gz//models/roboboat/meshes/roboboat.dae
[17.888s] -- Symlinking: /home/tugmirk/Desktop/garp-test/install/workspace_gz/share/workspace_gz//models/roboboat/sensors/camera/materials/textures/camera.png
[17.899s] -- Symlinking: /home/tugmirk/Desktop/garp-test/install/workspace_gz/share/workspace_gz//models/roboboat/sensors/camera/materials/textures/camera_albedo.png
[17.911s] -- Symlinking: /home/tugmirk/Desktop/garp-test/install/workspace_gz/share/workspace_gz//models/roboboat/sensors/camera/materials/textures/camera_metalness.png
[17.922s] -- Symlinking: /home/tugmirk/Desktop/garp-test/install/workspace_gz/share/workspace_gz//models/roboboat/sensors/camera/materials/textures/camera_normal.png
[17.933s] -- Symlinking: /home/tugmirk/Desktop/garp-test/install/workspace_gz/share/workspace_gz//models/roboboat/sensors/camera/materials/textures/camera_roughness.png
[17.945s] -- Symlinking: /home/tugmirk/Desktop/garp-test/install/workspace_gz/share/workspace_gz//models/roboboat/sensors/camera/meshes/camera.dae
[17.956s] -- Symlinking: /home/tugmirk/Desktop/garp-test/install/workspace_gz/share/workspace_gz//models/roboboat/sensors/camera/meshes/camera_albedo.png
[17.968s] -- Symlinking: /home/tugmirk/Desktop/garp-test/install/workspace_gz/share/workspace_gz//models/roboboat/sensors/camera_post/materials/textures/post_albedo.png
[17.979s] -- Symlinking: /home/tugmirk/Desktop/garp-test/install/workspace_gz/share/workspace_gz//models/roboboat/sensors/camera_post/meshes/post.dae
[17.991s] -- Symlinking: /home/tugmirk/Desktop/garp-test/install/workspace_gz/share/workspace_gz//models/roboboat/sensors/camera_post/meshes/post_albedo.jpg
[18.002s] -- Symlinking: /home/tugmirk/Desktop/garp-test/install/workspace_gz/share/workspace_gz//models/roboboat/sensors/drybox/materials/textures/drybox_albedo.png
[18.013s] -- Symlinking: /home/tugmirk/Desktop/garp-test/install/workspace_gz/share/workspace_gz//models/roboboat/sensors/drybox/materials/textures/drybox_roughness.png
[18.024s] -- Symlinking: /home/tugmirk/Desktop/garp-test/install/workspace_gz/share/workspace_gz//models/roboboat/sensors/drybox/meshes/drybox.dae
[18.035s] -- Symlinking: /home/tugmirk/Desktop/garp-test/install/workspace_gz/share/workspace_gz//models/roboboat/sensors/gps/materials/textures/gps_albedo.png
[18.045s] -- Symlinking: /home/tugmirk/Desktop/garp-test/install/workspace_gz/share/workspace_gz//models/roboboat/sensors/gps/meshes/gps.dae
[18.055s] -- Symlinking: /home/tugmirk/Desktop/garp-test/install/workspace_gz/share/workspace_gz//models/roboboat/sensors/gps/meshes/gps_albedo.png
[18.066s] -- Symlinking: /home/tugmirk/Desktop/garp-test/install/workspace_gz/share/workspace_gz//models/roboboat/sensors/lidar/materials/textures/lidar.png
[18.077s] -- Symlinking: /home/tugmirk/Desktop/garp-test/install/workspace_gz/share/workspace_gz//models/roboboat/sensors/lidar/materials/textures/lidar_albedo.png
[18.088s] -- Symlinking: /home/tugmirk/Desktop/garp-test/install/workspace_gz/share/workspace_gz//models/roboboat/sensors/lidar/materials/textures/lidar_metalness.png
[18.098s] -- Symlinking: /home/tugmirk/Desktop/garp-test/install/workspace_gz/share/workspace_gz//models/roboboat/sensors/lidar/materials/textures/lidar_normal.png
[18.109s] -- Symlinking: /home/tugmirk/Desktop/garp-test/install/workspace_gz/share/workspace_gz//models/roboboat/sensors/lidar/materials/textures/lidar_roughness.png
[18.121s] -- Symlinking: /home/tugmirk/Desktop/garp-test/install/workspace_gz/share/workspace_gz//models/roboboat/sensors/lidar/meshes/lidar.dae
[18.132s] -- Symlinking: /home/tugmirk/Desktop/garp-test/install/workspace_gz/share/workspace_gz//models/roboboat/sensors/lidar/meshes/lidar_albedo.png
[18.143s] -- Symlinking: /home/tugmirk/Desktop/garp-test/install/workspace_gz/share/workspace_gz//models/roboboat/sensors/lidar_post/materials/textures/post_albedo.png
[18.153s] -- Symlinking: /home/tugmirk/Desktop/garp-test/install/workspace_gz/share/workspace_gz//models/roboboat/sensors/lidar_post/meshes/post.dae
[18.163s] -- Symlinking: /home/tugmirk/Desktop/garp-test/install/workspace_gz/share/workspace_gz//models/roboboat/sensors/lidar_post/meshes/post_albedo.jpg
[18.173s] -- Symlinking: /home/tugmirk/Desktop/garp-test/install/workspace_gz/share/workspace_gz//models/waves/materials/programs/GerstnerWaves_fs_330.glsl
[18.183s] -- Symlinking: /home/tugmirk/Desktop/garp-test/install/workspace_gz/share/workspace_gz//models/waves/materials/programs/GerstnerWaves_vs_330.glsl
[18.192s] -- Symlinking: /home/tugmirk/Desktop/garp-test/install/workspace_gz/share/workspace_gz//models/waves/materials/textures/skybox_lowres.dds
[18.202s] -- Symlinking: /home/tugmirk/Desktop/garp-test/install/workspace_gz/share/workspace_gz//models/waves/materials/textures/wave_normals.dds
[18.213s] -- Symlinking: /home/tugmirk/Desktop/garp-test/install/workspace_gz/share/workspace_gz//models/waves/meshes/waterlow.dae
[18.224s] -- Symlinking: /home/tugmirk/Desktop/garp-test/install/workspace_gz/share/workspace_gz//models/waves/model.config
[18.235s] -- Symlinking: /home/tugmirk/Desktop/garp-test/install/workspace_gz/share/workspace_gz//models/waves/model.sdf
[18.246s] -- Symlinking: /home/tugmirk/Desktop/garp-test/install/workspace_gz/share/workspace_gz//worlds/world.sdf
[18.257s] -- Up-to-date symlink: /home/tugmirk/Desktop/garp-test/install/workspace_gz/share/workspace_gz/environment/library_path.sh
[18.257s] -- Symlinking: /home/tugmirk/Desktop/garp-test/install/workspace_gz/share/workspace_gz/environment/library_path.dsv
[18.268s] -- Symlinking: /home/tugmirk/Desktop/garp-test/install/workspace_gz/share/ament_index/resource_index/package_run_dependencies/workspace_gz
[18.279s] -- Symlinking: /home/tugmirk/Desktop/garp-test/install/workspace_gz/share/ament_index/resource_index/parent_prefix_path/workspace_gz
[18.290s] -- Up-to-date symlink: /home/tugmirk/Desktop/garp-test/install/workspace_gz/share/workspace_gz/environment/ament_prefix_path.sh
[18.290s] -- Symlinking: /home/tugmirk/Desktop/garp-test/install/workspace_gz/share/workspace_gz/environment/ament_prefix_path.dsv
[18.301s] -- Up-to-date symlink: /home/tugmirk/Desktop/garp-test/install/workspace_gz/share/workspace_gz/environment/path.sh
[18.301s] -- Symlinking: /home/tugmirk/Desktop/garp-test/install/workspace_gz/share/workspace_gz/environment/path.dsv
[18.311s] -- Symlinking: /home/tugmirk/Desktop/garp-test/install/workspace_gz/share/workspace_gz/local_setup.bash
[18.323s] -- Symlinking: /home/tugmirk/Desktop/garp-test/install/workspace_gz/share/workspace_gz/local_setup.sh
[18.333s] -- Symlinking: /home/tugmirk/Desktop/garp-test/install/workspace_gz/share/workspace_gz/local_setup.zsh
[18.344s] -- Symlinking: /home/tugmirk/Desktop/garp-test/install/workspace_gz/share/workspace_gz/local_setup.dsv
[18.357s] -- Symlinking: /home/tugmirk/Desktop/garp-test/install/workspace_gz/share/workspace_gz/package.dsv
[18.367s] -- Symlinking: /home/tugmirk/Desktop/garp-test/install/workspace_gz/share/ament_index/resource_index/packages/workspace_gz
[18.378s] -- Symlinking: /home/tugmirk/Desktop/garp-test/install/workspace_gz/share/workspace_gz/cmake/ament_cmake_export_libraries-extras.cmake
[18.389s] -- Symlinking: /home/tugmirk/Desktop/garp-test/install/workspace_gz/share/workspace_gz/cmake/ament_cmake_export_dependencies-extras.cmake
[18.400s] -- Symlinking: /home/tugmirk/Desktop/garp-test/install/workspace_gz/share/workspace_gz/cmake/workspace_gzConfig.cmake
[18.411s] -- Symlinking: /home/tugmirk/Desktop/garp-test/install/workspace_gz/share/workspace_gz/cmake/workspace_gzConfig-version.cmake
[18.423s] -- Symlinking: /home/tugmirk/Desktop/garp-test/install/workspace_gz/share/workspace_gz/package.xml
[18.436s] Invoked command in '/home/tugmirk/Desktop/garp-test/build/workspace_gz' returned '0': CMAKE_PREFIX_PATH=${CMAKE_PREFIX_PATH}:/home/tugmirk/Desktop/garp-test/install/workspace_ros:/home/tugmirk/Desktop/garp-test/install/workspace_nav:/opt/ros/jazzy DEBUGINFOD_URLS=https://debuginfod.ubuntu.com /usr/bin/cmake --install /home/tugmirk/Desktop/garp-test/build/workspace_gz
