[0.467s] DEBUG:colcon:Command line arguments: ['/usr/bin/colcon', 'build', '--packages-select', 'workspace_gz', '--symlink-install']
[0.468s] DEBUG:colcon:Parsed command line arguments: Namespace(log_base=None, log_level=None, verb_name='build', build_base='build', install_base='install', merge_install=False, symlink_install=True, test_result_base=None, continue_on_error=False, executor='parallel', parallel_workers=8, event_handlers=None, ignore_user_meta=False, metas=['./colcon.meta'], base_paths=['.'], packages_ignore=None, packages_ignore_regex=None, paths=None, packages_up_to=None, packages_up_to_regex=None, packages_above=None, packages_above_and_dependencies=None, packages_above_depth=None, packages_select_by_dep=None, packages_skip_by_dep=None, packages_skip_up_to=None, packages_select_build_failed=False, packages_skip_build_finished=False, packages_select_test_failures=False, packages_skip_test_passed=False, packages_select=['workspace_gz'], packages_skip=None, packages_select_regex=None, packages_skip_regex=None, packages_start=None, packages_end=None, allow_overriding=[], cmake_args=None, cmake_target=None, cmake_target_skip_unavailable=False, cmake_clean_cache=False, cmake_clean_first=False, cmake_force_configure=False, ament_cmake_args=None, catkin_cmake_args=None, catkin_skip_building_tests=False, mixin_files=None, mixin=None, verb_parser=<colcon_mixin.mixin.mixin_argument.MixinArgumentDecorator object at 0x742bb9b8caf0>, verb_extension=<colcon_core.verb.build.BuildVerb object at 0x742bb9b8c580>, main=<bound method BuildVerb.main of <colcon_core.verb.build.BuildVerb object at 0x742bb9b8c580>>, mixin_verb=('build',))
[0.990s] Level 1:colcon.colcon_core.package_discovery:discover_packages(colcon_meta) check parameters
[0.990s] Level 1:colcon.colcon_core.package_discovery:discover_packages(recursive) check parameters
[0.990s] Level 1:colcon.colcon_core.package_discovery:discover_packages(ignore) check parameters
[0.990s] Level 1:colcon.colcon_core.package_discovery:discover_packages(path) check parameters
[0.990s] Level 1:colcon.colcon_core.package_discovery:discover_packages(colcon_meta) discover
[0.990s] Level 1:colcon.colcon_core.package_discovery:discover_packages(recursive) discover
[0.991s] INFO:colcon.colcon_core.package_discovery:Crawling recursively for packages in '/home/aliomacc/sti_usv'
[0.991s] Level 1:colcon.colcon_core.package_identification:_identify(.) by extensions ['ignore', 'ignore_ament_install']
[0.991s] Level 1:colcon.colcon_core.package_identification:_identify(.) by extension 'ignore'
[0.991s] Level 1:colcon.colcon_core.package_identification:_identify(.) by extension 'ignore_ament_install'
[0.991s] Level 1:colcon.colcon_core.package_identification:_identify(.) by extensions ['colcon_pkg']
[0.991s] Level 1:colcon.colcon_core.package_identification:_identify(.) by extension 'colcon_pkg'
[0.991s] Level 1:colcon.colcon_core.package_identification:_identify(.) by extensions ['colcon_meta']
[0.991s] Level 1:colcon.colcon_core.package_identification:_identify(.) by extension 'colcon_meta'
[0.991s] Level 1:colcon.colcon_core.package_identification:_identify(.) by extensions ['ros']
[0.991s] Level 1:colcon.colcon_core.package_identification:_identify(.) by extension 'ros'
[1.010s] Level 1:colcon.colcon_core.package_identification:_identify(.) by extensions ['cmake', 'python']
[1.010s] Level 1:colcon.colcon_core.package_identification:_identify(.) by extension 'cmake'
[1.010s] Level 1:colcon.colcon_core.package_identification:_identify(.) by extension 'python'
[1.011s] Level 1:colcon.colcon_core.package_identification:_identify(.) by extensions ['python_setup_py']
[1.011s] Level 1:colcon.colcon_core.package_identification:_identify(.) by extension 'python_setup_py'
[1.011s] Level 1:colcon.colcon_core.package_identification:_identify(build) by extensions ['ignore', 'ignore_ament_install']
[1.011s] Level 1:colcon.colcon_core.package_identification:_identify(build) by extension 'ignore'
[1.011s] Level 1:colcon.colcon_core.package_identification:_identify(build) ignored
[1.011s] Level 1:colcon.colcon_core.package_identification:_identify(install) by extensions ['ignore', 'ignore_ament_install']
[1.011s] Level 1:colcon.colcon_core.package_identification:_identify(install) by extension 'ignore'
[1.011s] Level 1:colcon.colcon_core.package_identification:_identify(install) ignored
[1.011s] Level 1:colcon.colcon_core.package_identification:_identify(log) by extensions ['ignore', 'ignore_ament_install']
[1.012s] Level 1:colcon.colcon_core.package_identification:_identify(log) by extension 'ignore'
[1.012s] Level 1:colcon.colcon_core.package_identification:_identify(log) ignored
[1.012s] Level 1:colcon.colcon_core.package_identification:_identify(src) by extensions ['ignore', 'ignore_ament_install']
[1.012s] Level 1:colcon.colcon_core.package_identification:_identify(src) by extension 'ignore'
[1.012s] Level 1:colcon.colcon_core.package_identification:_identify(src) by extension 'ignore_ament_install'
[1.012s] Level 1:colcon.colcon_core.package_identification:_identify(src) by extensions ['colcon_pkg']
[1.012s] Level 1:colcon.colcon_core.package_identification:_identify(src) by extension 'colcon_pkg'
[1.012s] Level 1:colcon.colcon_core.package_identification:_identify(src) by extensions ['colcon_meta']
[1.012s] Level 1:colcon.colcon_core.package_identification:_identify(src) by extension 'colcon_meta'
[1.012s] Level 1:colcon.colcon_core.package_identification:_identify(src) by extensions ['ros']
[1.012s] Level 1:colcon.colcon_core.package_identification:_identify(src) by extension 'ros'
[1.012s] Level 1:colcon.colcon_core.package_identification:_identify(src) by extensions ['cmake', 'python']
[1.012s] Level 1:colcon.colcon_core.package_identification:_identify(src) by extension 'cmake'
[1.013s] Level 1:colcon.colcon_core.package_identification:_identify(src) by extension 'python'
[1.013s] Level 1:colcon.colcon_core.package_identification:_identify(src) by extensions ['python_setup_py']
[1.013s] Level 1:colcon.colcon_core.package_identification:_identify(src) by extension 'python_setup_py'
[1.013s] Level 1:colcon.colcon_core.package_identification:_identify(src/usv_sim) by extensions ['ignore', 'ignore_ament_install']
[1.013s] Level 1:colcon.colcon_core.package_identification:_identify(src/usv_sim) by extension 'ignore'
[1.013s] Level 1:colcon.colcon_core.package_identification:_identify(src/usv_sim) by extension 'ignore_ament_install'
[1.013s] Level 1:colcon.colcon_core.package_identification:_identify(src/usv_sim) by extensions ['colcon_pkg']
[1.013s] Level 1:colcon.colcon_core.package_identification:_identify(src/usv_sim) by extension 'colcon_pkg'
[1.013s] Level 1:colcon.colcon_core.package_identification:_identify(src/usv_sim) by extensions ['colcon_meta']
[1.013s] Level 1:colcon.colcon_core.package_identification:_identify(src/usv_sim) by extension 'colcon_meta'
[1.013s] Level 1:colcon.colcon_core.package_identification:_identify(src/usv_sim) by extensions ['ros']
[1.013s] Level 1:colcon.colcon_core.package_identification:_identify(src/usv_sim) by extension 'ros'
[1.013s] Level 1:colcon.colcon_core.package_identification:_identify(src/usv_sim) by extensions ['cmake', 'python']
[1.014s] Level 1:colcon.colcon_core.package_identification:_identify(src/usv_sim) by extension 'cmake'
[1.014s] Level 1:colcon.colcon_core.package_identification:_identify(src/usv_sim) by extension 'python'
[1.014s] Level 1:colcon.colcon_core.package_identification:_identify(src/usv_sim) by extensions ['python_setup_py']
[1.014s] Level 1:colcon.colcon_core.package_identification:_identify(src/usv_sim) by extension 'python_setup_py'
[1.014s] Level 1:colcon.colcon_core.package_identification:_identify(src/usv_sim/__pycache__) by extensions ['ignore', 'ignore_ament_install']
[1.014s] Level 1:colcon.colcon_core.package_identification:_identify(src/usv_sim/__pycache__) by extension 'ignore'
[1.014s] Level 1:colcon.colcon_core.package_identification:_identify(src/usv_sim/__pycache__) by extension 'ignore_ament_install'
[1.014s] Level 1:colcon.colcon_core.package_identification:_identify(src/usv_sim/__pycache__) by extensions ['colcon_pkg']
[1.014s] Level 1:colcon.colcon_core.package_identification:_identify(src/usv_sim/__pycache__) by extension 'colcon_pkg'
[1.014s] Level 1:colcon.colcon_core.package_identification:_identify(src/usv_sim/__pycache__) by extensions ['colcon_meta']
[1.014s] Level 1:colcon.colcon_core.package_identification:_identify(src/usv_sim/__pycache__) by extension 'colcon_meta'
[1.014s] Level 1:colcon.colcon_core.package_identification:_identify(src/usv_sim/__pycache__) by extensions ['ros']
[1.014s] Level 1:colcon.colcon_core.package_identification:_identify(src/usv_sim/__pycache__) by extension 'ros'
[1.015s] Level 1:colcon.colcon_core.package_identification:_identify(src/usv_sim/__pycache__) by extensions ['cmake', 'python']
[1.015s] Level 1:colcon.colcon_core.package_identification:_identify(src/usv_sim/__pycache__) by extension 'cmake'
[1.015s] Level 1:colcon.colcon_core.package_identification:_identify(src/usv_sim/__pycache__) by extension 'python'
[1.015s] Level 1:colcon.colcon_core.package_identification:_identify(src/usv_sim/__pycache__) by extensions ['python_setup_py']
[1.015s] Level 1:colcon.colcon_core.package_identification:_identify(src/usv_sim/__pycache__) by extension 'python_setup_py'
[1.015s] Level 1:colcon.colcon_core.package_identification:_identify(src/usv_sim/workspace_gz) by extensions ['ignore', 'ignore_ament_install']
[1.015s] Level 1:colcon.colcon_core.package_identification:_identify(src/usv_sim/workspace_gz) by extension 'ignore'
[1.015s] Level 1:colcon.colcon_core.package_identification:_identify(src/usv_sim/workspace_gz) by extension 'ignore_ament_install'
[1.015s] Level 1:colcon.colcon_core.package_identification:_identify(src/usv_sim/workspace_gz) by extensions ['colcon_pkg']
[1.015s] Level 1:colcon.colcon_core.package_identification:_identify(src/usv_sim/workspace_gz) by extension 'colcon_pkg'
[1.015s] Level 1:colcon.colcon_core.package_identification:_identify(src/usv_sim/workspace_gz) by extensions ['colcon_meta']
[1.015s] Level 1:colcon.colcon_core.package_identification:_identify(src/usv_sim/workspace_gz) by extension 'colcon_meta'
[1.015s] Level 1:colcon.colcon_core.package_identification:_identify(src/usv_sim/workspace_gz) by extensions ['ros']
[1.015s] Level 1:colcon.colcon_core.package_identification:_identify(src/usv_sim/workspace_gz) by extension 'ros'
[1.033s] DEBUG:colcon.colcon_core.package_identification:Package 'src/usv_sim/workspace_gz' with type 'ros.ament_cmake' and name 'workspace_gz'
[1.033s] Level 1:colcon.colcon_core.package_identification:_identify(src/usv_sim/workspace_nav) by extensions ['ignore', 'ignore_ament_install']
[1.033s] Level 1:colcon.colcon_core.package_identification:_identify(src/usv_sim/workspace_nav) by extension 'ignore'
[1.033s] Level 1:colcon.colcon_core.package_identification:_identify(src/usv_sim/workspace_nav) by extension 'ignore_ament_install'
[1.033s] Level 1:colcon.colcon_core.package_identification:_identify(src/usv_sim/workspace_nav) by extensions ['colcon_pkg']
[1.033s] Level 1:colcon.colcon_core.package_identification:_identify(src/usv_sim/workspace_nav) by extension 'colcon_pkg'
[1.033s] Level 1:colcon.colcon_core.package_identification:_identify(src/usv_sim/workspace_nav) by extensions ['colcon_meta']
[1.033s] Level 1:colcon.colcon_core.package_identification:_identify(src/usv_sim/workspace_nav) by extension 'colcon_meta'
[1.033s] Level 1:colcon.colcon_core.package_identification:_identify(src/usv_sim/workspace_nav) by extensions ['ros']
[1.034s] Level 1:colcon.colcon_core.package_identification:_identify(src/usv_sim/workspace_nav) by extension 'ros'
[1.036s] DEBUG:colcon.colcon_core.package_identification:Package 'src/usv_sim/workspace_nav' with type 'ros.ament_python' and name 'workspace_nav'
[1.036s] Level 1:colcon.colcon_core.package_identification:_identify(src/usv_sim/workspace_ros) by extensions ['ignore', 'ignore_ament_install']
[1.036s] Level 1:colcon.colcon_core.package_identification:_identify(src/usv_sim/workspace_ros) by extension 'ignore'
[1.037s] Level 1:colcon.colcon_core.package_identification:_identify(src/usv_sim/workspace_ros) by extension 'ignore_ament_install'
[1.037s] Level 1:colcon.colcon_core.package_identification:_identify(src/usv_sim/workspace_ros) by extensions ['colcon_pkg']
[1.037s] Level 1:colcon.colcon_core.package_identification:_identify(src/usv_sim/workspace_ros) by extension 'colcon_pkg'
[1.037s] Level 1:colcon.colcon_core.package_identification:_identify(src/usv_sim/workspace_ros) by extensions ['colcon_meta']
[1.037s] Level 1:colcon.colcon_core.package_identification:_identify(src/usv_sim/workspace_ros) by extension 'colcon_meta'
[1.037s] Level 1:colcon.colcon_core.package_identification:_identify(src/usv_sim/workspace_ros) by extensions ['ros']
[1.037s] Level 1:colcon.colcon_core.package_identification:_identify(src/usv_sim/workspace_ros) by extension 'ros'
[1.040s] DEBUG:colcon.colcon_core.package_identification:Package 'src/usv_sim/workspace_ros' with type 'ros.ament_python' and name 'workspace_ros'
[1.040s] Level 1:colcon.colcon_core.package_discovery:discover_packages(recursive) using defaults
[1.040s] Level 1:colcon.colcon_core.package_discovery:discover_packages(ignore) discover
[1.040s] Level 1:colcon.colcon_core.package_discovery:discover_packages(ignore) using defaults
[1.040s] Level 1:colcon.colcon_core.package_discovery:discover_packages(path) discover
[1.040s] Level 1:colcon.colcon_core.package_discovery:discover_packages(path) using defaults
[1.079s] INFO:colcon.colcon_core.package_selection:Skipping not selected package 'workspace_nav' in 'src/usv_sim/workspace_nav'
[1.080s] INFO:colcon.colcon_core.package_selection:Skipping not selected package 'workspace_ros' in 'src/usv_sim/workspace_ros'
[1.080s] Level 1:colcon.colcon_core.package_discovery:discover_packages(prefix_path) check parameters
[1.080s] Level 1:colcon.colcon_core.package_discovery:discover_packages(prefix_path) discover
[1.090s] DEBUG:colcon.colcon_installed_package_information.package_discovery:Found 4 installed packages in /home/aliomacc/turtlebot3_ws/install
[1.095s] DEBUG:colcon.colcon_installed_package_information.package_discovery:Found 6 installed packages in /home/aliomacc/ros2_ws/install
[1.097s] DEBUG:colcon.colcon_installed_package_information.package_discovery:Found 450 installed packages in /opt/ros/humble
[1.101s] Level 1:colcon.colcon_core.package_discovery:discover_packages(prefix_path) using defaults
[1.263s] Level 5:colcon.colcon_core.verb:set package 'workspace_gz' build argument 'cmake_args' from command line to 'None'
[1.263s] Level 5:colcon.colcon_core.verb:set package 'workspace_gz' build argument 'cmake_target' from command line to 'None'
[1.263s] Level 5:colcon.colcon_core.verb:set package 'workspace_gz' build argument 'cmake_target_skip_unavailable' from command line to 'False'
[1.263s] Level 5:colcon.colcon_core.verb:set package 'workspace_gz' build argument 'cmake_clean_cache' from command line to 'False'
[1.263s] Level 5:colcon.colcon_core.verb:set package 'workspace_gz' build argument 'cmake_clean_first' from command line to 'False'
[1.263s] Level 5:colcon.colcon_core.verb:set package 'workspace_gz' build argument 'cmake_force_configure' from command line to 'False'
[1.263s] Level 5:colcon.colcon_core.verb:set package 'workspace_gz' build argument 'ament_cmake_args' from command line to 'None'
[1.263s] Level 5:colcon.colcon_core.verb:set package 'workspace_gz' build argument 'catkin_cmake_args' from command line to 'None'
[1.263s] Level 5:colcon.colcon_core.verb:set package 'workspace_gz' build argument 'catkin_skip_building_tests' from command line to 'False'
[1.264s] DEBUG:colcon.colcon_core.verb:Building package 'workspace_gz' with the following arguments: {'ament_cmake_args': None, 'build_base': '/home/aliomacc/sti_usv/build/workspace_gz', 'catkin_cmake_args': None, 'catkin_skip_building_tests': False, 'cmake_args': None, 'cmake_clean_cache': False, 'cmake_clean_first': False, 'cmake_force_configure': False, 'cmake_target': None, 'cmake_target_skip_unavailable': False, 'install_base': '/home/aliomacc/sti_usv/install/workspace_gz', 'merge_install': False, 'path': '/home/aliomacc/sti_usv/src/usv_sim/workspace_gz', 'symlink_install': True, 'test_result_base': None}
[1.264s] INFO:colcon.colcon_core.executor:Executing jobs using 'parallel' executor
[1.266s] DEBUG:colcon.colcon_parallel_executor.executor.parallel:run_until_complete
[1.266s] INFO:colcon.colcon_ros.task.ament_cmake.build:Building ROS package in '/home/aliomacc/sti_usv/src/usv_sim/workspace_gz' with build type 'ament_cmake'
[1.266s] INFO:colcon.colcon_cmake.task.cmake.build:Building CMake package in '/home/aliomacc/sti_usv/src/usv_sim/workspace_gz'
[1.274s] INFO:colcon.colcon_core.plugin_system:Skipping extension 'colcon_core.shell.bat': Not used on non-Windows systems
[1.274s] INFO:colcon.colcon_core.shell:Skip shell extension 'powershell' for command environment: Not usable outside of PowerShell
[1.274s] DEBUG:colcon.colcon_core.shell:Skip shell extension 'dsv' for command environment
[1.298s] DEBUG:colcon.colcon_core.event_handler.log_command:Invoking command in '/home/aliomacc/sti_usv/build/workspace_gz': CMAKE_PREFIX_PATH=${CMAKE_PREFIX_PATH}:/home/aliomacc/ros2_ws/install/actions_py:/home/aliomacc/ros2_ws/install/lifecycle_py:/opt/ros/humble /usr/bin/cmake --build /home/aliomacc/sti_usv/build/workspace_gz -- -j8 -l8
[2.742s] DEBUG:colcon.colcon_core.event_handler.log_command:Invoked command in '/home/aliomacc/sti_usv/build/workspace_gz' returned '0': CMAKE_PREFIX_PATH=${CMAKE_PREFIX_PATH}:/home/aliomacc/ros2_ws/install/actions_py:/home/aliomacc/ros2_ws/install/lifecycle_py:/opt/ros/humble /usr/bin/cmake --build /home/aliomacc/sti_usv/build/workspace_gz -- -j8 -l8
[2.762s] DEBUG:colcon.colcon_core.event_handler.log_command:Invoking command in '/home/aliomacc/sti_usv/build/workspace_gz': CMAKE_PREFIX_PATH=${CMAKE_PREFIX_PATH}:/home/aliomacc/ros2_ws/install/actions_py:/home/aliomacc/ros2_ws/install/lifecycle_py:/opt/ros/humble /usr/bin/cmake --install /home/aliomacc/sti_usv/build/workspace_gz
[2.907s] Level 1:colcon.colcon_core.environment:create_environment_scripts_only(workspace_gz)
[2.908s] DEBUG:colcon.colcon_core.event_handler.log_command:Invoked command in '/home/aliomacc/sti_usv/build/workspace_gz' returned '0': CMAKE_PREFIX_PATH=${CMAKE_PREFIX_PATH}:/home/aliomacc/ros2_ws/install/actions_py:/home/aliomacc/ros2_ws/install/lifecycle_py:/opt/ros/humble /usr/bin/cmake --install /home/aliomacc/sti_usv/build/workspace_gz
[2.918s] Level 1:colcon.colcon_core.environment:checking '/home/aliomacc/sti_usv/install/workspace_gz' for CMake module files
[2.919s] Level 1:colcon.colcon_core.environment:checking '/home/aliomacc/sti_usv/install/workspace_gz' for CMake config files
[2.920s] Level 1:colcon.colcon_core.shell:create_environment_hook('workspace_gz', 'cmake_prefix_path')
[2.921s] INFO:colcon.colcon_core.shell:Creating environment hook '/home/aliomacc/sti_usv/install/workspace_gz/share/workspace_gz/hook/cmake_prefix_path.ps1'
[2.923s] INFO:colcon.colcon_core.shell:Creating environment descriptor '/home/aliomacc/sti_usv/install/workspace_gz/share/workspace_gz/hook/cmake_prefix_path.dsv'
[2.924s] INFO:colcon.colcon_core.shell:Creating environment hook '/home/aliomacc/sti_usv/install/workspace_gz/share/workspace_gz/hook/cmake_prefix_path.sh'
[2.926s] Level 1:colcon.colcon_core.environment:checking '/home/aliomacc/sti_usv/install/workspace_gz/lib'
[2.926s] Level 1:colcon.colcon_core.environment:checking '/home/aliomacc/sti_usv/install/workspace_gz/bin'
[2.926s] Level 1:colcon.colcon_core.environment:checking '/home/aliomacc/sti_usv/install/workspace_gz/lib/pkgconfig/workspace_gz.pc'
[2.927s] Level 1:colcon.colcon_core.environment:checking '/home/aliomacc/sti_usv/install/workspace_gz/lib/python3.10/site-packages'
[2.927s] Level 1:colcon.colcon_core.environment:checking '/home/aliomacc/sti_usv/install/workspace_gz/bin'
[2.928s] INFO:colcon.colcon_core.shell:Creating package script '/home/aliomacc/sti_usv/install/workspace_gz/share/workspace_gz/package.ps1'
[2.930s] INFO:colcon.colcon_core.shell:Creating package descriptor '/home/aliomacc/sti_usv/install/workspace_gz/share/workspace_gz/package.dsv'
[2.931s] INFO:colcon.colcon_core.shell:Creating package script '/home/aliomacc/sti_usv/install/workspace_gz/share/workspace_gz/package.sh'
[2.933s] INFO:colcon.colcon_core.shell:Creating package script '/home/aliomacc/sti_usv/install/workspace_gz/share/workspace_gz/package.bash'
[2.937s] INFO:colcon.colcon_core.shell:Creating package script '/home/aliomacc/sti_usv/install/workspace_gz/share/workspace_gz/package.zsh'
[2.939s] Level 1:colcon.colcon_core.environment:create_file_with_runtime_dependencies(/home/aliomacc/sti_usv/install/workspace_gz/share/colcon-core/packages/workspace_gz)
[2.941s] Level 1:colcon.colcon_core.environment:create_environment_scripts_only(workspace_gz)
[2.941s] Level 1:colcon.colcon_core.environment:checking '/home/aliomacc/sti_usv/install/workspace_gz' for CMake module files
[2.942s] Level 1:colcon.colcon_core.environment:checking '/home/aliomacc/sti_usv/install/workspace_gz' for CMake config files
[2.943s] Level 1:colcon.colcon_core.shell:create_environment_hook('workspace_gz', 'cmake_prefix_path')
[2.943s] INFO:colcon.colcon_core.shell:Creating environment hook '/home/aliomacc/sti_usv/install/workspace_gz/share/workspace_gz/hook/cmake_prefix_path.ps1'
[2.944s] INFO:colcon.colcon_core.shell:Creating environment descriptor '/home/aliomacc/sti_usv/install/workspace_gz/share/workspace_gz/hook/cmake_prefix_path.dsv'
[2.945s] INFO:colcon.colcon_core.shell:Creating environment hook '/home/aliomacc/sti_usv/install/workspace_gz/share/workspace_gz/hook/cmake_prefix_path.sh'
[2.946s] Level 1:colcon.colcon_core.environment:checking '/home/aliomacc/sti_usv/install/workspace_gz/lib'
[2.946s] Level 1:colcon.colcon_core.environment:checking '/home/aliomacc/sti_usv/install/workspace_gz/bin'
[2.946s] Level 1:colcon.colcon_core.environment:checking '/home/aliomacc/sti_usv/install/workspace_gz/lib/pkgconfig/workspace_gz.pc'
[2.947s] Level 1:colcon.colcon_core.environment:checking '/home/aliomacc/sti_usv/install/workspace_gz/lib/python3.10/site-packages'
[2.947s] Level 1:colcon.colcon_core.environment:checking '/home/aliomacc/sti_usv/install/workspace_gz/bin'
[2.948s] INFO:colcon.colcon_core.shell:Creating package script '/home/aliomacc/sti_usv/install/workspace_gz/share/workspace_gz/package.ps1'
[2.949s] INFO:colcon.colcon_core.shell:Creating package descriptor '/home/aliomacc/sti_usv/install/workspace_gz/share/workspace_gz/package.dsv'
[2.950s] INFO:colcon.colcon_core.shell:Creating package script '/home/aliomacc/sti_usv/install/workspace_gz/share/workspace_gz/package.sh'
[2.951s] INFO:colcon.colcon_core.shell:Creating package script '/home/aliomacc/sti_usv/install/workspace_gz/share/workspace_gz/package.bash'
[2.951s] INFO:colcon.colcon_core.shell:Creating package script '/home/aliomacc/sti_usv/install/workspace_gz/share/workspace_gz/package.zsh'
[2.952s] Level 1:colcon.colcon_core.environment:create_file_with_runtime_dependencies(/home/aliomacc/sti_usv/install/workspace_gz/share/colcon-core/packages/workspace_gz)
[2.952s] DEBUG:colcon.colcon_parallel_executor.executor.parallel:closing loop
[2.953s] DEBUG:colcon.colcon_parallel_executor.executor.parallel:loop closed
[2.953s] DEBUG:colcon.colcon_parallel_executor.executor.parallel:run_until_complete finished with '0'
[2.953s] DEBUG:colcon.colcon_core.event_reactor:joining thread
[2.975s] INFO:colcon.colcon_core.plugin_system:Skipping extension 'colcon_notification.desktop_notification.terminal_notifier': Not used on non-Darwin systems
[2.975s] INFO:colcon.colcon_core.plugin_system:Skipping extension 'colcon_notification.desktop_notification.win32': Not used on non-Windows systems
[2.976s] INFO:colcon.colcon_notification.desktop_notification:Sending desktop notification using 'notify2'
[3.017s] DEBUG:colcon.colcon_core.event_reactor:joined thread
[3.018s] INFO:colcon.colcon_core.shell:Creating prefix script '/home/aliomacc/sti_usv/install/local_setup.ps1'
[3.022s] INFO:colcon.colcon_core.shell:Creating prefix util module '/home/aliomacc/sti_usv/install/_local_setup_util_ps1.py'
[3.028s] INFO:colcon.colcon_core.shell:Creating prefix chain script '/home/aliomacc/sti_usv/install/setup.ps1'
[3.032s] INFO:colcon.colcon_core.shell:Creating prefix script '/home/aliomacc/sti_usv/install/local_setup.sh'
[3.035s] INFO:colcon.colcon_core.shell:Creating prefix util module '/home/aliomacc/sti_usv/install/_local_setup_util_sh.py'
[3.037s] INFO:colcon.colcon_core.shell:Creating prefix chain script '/home/aliomacc/sti_usv/install/setup.sh'
[3.043s] INFO:colcon.colcon_core.shell:Creating prefix script '/home/aliomacc/sti_usv/install/local_setup.bash'
[3.047s] INFO:colcon.colcon_core.shell:Creating prefix chain script '/home/aliomacc/sti_usv/install/setup.bash'
[3.053s] INFO:colcon.colcon_core.shell:Creating prefix script '/home/aliomacc/sti_usv/install/local_setup.zsh'
[3.055s] INFO:colcon.colcon_core.shell:Creating prefix chain script '/home/aliomacc/sti_usv/install/setup.zsh'
