[0.405s] Invoking command in '/home/tugmirk/Desktop/garp-test/build/workspace_ros': DEBUGINFOD_URLS=https://debuginfod.ubuntu.com PYTHONPATH=/home/tugmirk/Desktop/garp-test/build/workspace_ros/prefix_override:/usr/lib/python3/dist-packages/colcon_core/task/python/colcon_distutils_commands:/home/tugmirk/Desktop/garp-test/install/workspace_ros/lib/python3.12/site-packages:${PYTHONPATH} /usr/bin/python3 -W ignore:setup.py install is deprecated -W ignore:easy_install command is deprecated setup.py develop --editable --build-directory /home/tugmirk/Desktop/garp-test/build/workspace_ros/build --no-deps symlink_data
[0.564s] running develop
[0.662s] running egg_info
[0.671s] writing workspace_ros.egg-info/PKG-INFO
[0.671s] writing dependency_links to workspace_ros.egg-info/dependency_links.txt
[0.671s] writing entry points to workspace_ros.egg-info/entry_points.txt
[0.671s] writing requirements to workspace_ros.egg-info/requires.txt
[0.671s] writing top-level names to workspace_ros.egg-info/top_level.txt
[0.690s] reading manifest file 'workspace_ros.egg-info/SOURCES.txt'
[0.691s] writing manifest file 'workspace_ros.egg-info/SOURCES.txt'
[0.701s] running build_ext
[0.701s] Creating /home/tugmirk/Desktop/garp-test/install/workspace_ros/lib/python3.12/site-packages/workspace-ros.egg-link (link to .)
[0.701s] Installing autonomous_nav script to /home/tugmirk/Desktop/garp-test/install/workspace_ros/lib/workspace_ros
[0.701s] Installing converter script to /home/tugmirk/Desktop/garp-test/install/workspace_ros/lib/workspace_ros
[0.701s] Installing gps_covariance_repub script to /home/tugmirk/Desktop/garp-test/install/workspace_ros/lib/workspace_ros
[0.701s] Installing imu_covariance_repub script to /home/tugmirk/Desktop/garp-test/install/workspace_ros/lib/workspace_ros
[0.701s] Installing kamikaze script to /home/tugmirk/Desktop/garp-test/install/workspace_ros/lib/workspace_ros
[0.701s] Installing lidar_processor script to /home/tugmirk/Desktop/garp-test/install/workspace_ros/lib/workspace_ros
[0.702s] Installing manual_control script to /home/tugmirk/Desktop/garp-test/install/workspace_ros/lib/workspace_ros
[0.702s] Installing obstacle_avoidance script to /home/tugmirk/Desktop/garp-test/install/workspace_ros/lib/workspace_ros
[0.702s] Installing obstacle_detector script to /home/tugmirk/Desktop/garp-test/install/workspace_ros/lib/workspace_ros
[0.702s] Installing static_transform_publisher script to /home/tugmirk/Desktop/garp-test/install/workspace_ros/lib/workspace_ros
[0.702s] Installing target_buoy script to /home/tugmirk/Desktop/garp-test/install/workspace_ros/lib/workspace_ros
[0.702s] Installing velocity_arbiter script to /home/tugmirk/Desktop/garp-test/install/workspace_ros/lib/workspace_ros
[0.702s] Installing velocity_smoother script to /home/tugmirk/Desktop/garp-test/install/workspace_ros/lib/workspace_ros
[0.702s] Installing wasd_teleop script to /home/tugmirk/Desktop/garp-test/install/workspace_ros/lib/workspace_ros
[0.702s] 
[0.702s] Installed /home/tugmirk/Desktop/garp-test/build/workspace_ros
[0.702s] running symlink_data
[0.702s] symbolically linking /home/tugmirk/Desktop/garp-test/build/workspace_ros/config/pid_params.yaml -> /home/tugmirk/Desktop/garp-test/install/workspace_ros/share/workspace_ros/config
[0.702s] symbolically linking /home/tugmirk/Desktop/garp-test/build/workspace_ros/scripts/pid_controller.py -> /home/tugmirk/Desktop/garp-test/install/workspace_ros/share/workspace_ros/scripts
[0.702s] symbolically linking /home/tugmirk/Desktop/garp-test/build/workspace_ros/scripts/velocity_smoother.py -> /home/tugmirk/Desktop/garp-test/install/workspace_ros/share/workspace_ros/scripts
[0.702s] symbolically linking /home/tugmirk/Desktop/garp-test/build/workspace_ros/scripts/velocity_arbiter.py -> /home/tugmirk/Desktop/garp-test/install/workspace_ros/share/workspace_ros/scripts
[0.717s] Invoked command in '/home/tugmirk/Desktop/garp-test/build/workspace_ros' returned '0': DEBUGINFOD_URLS=https://debuginfod.ubuntu.com PYTHONPATH=/home/tugmirk/Desktop/garp-test/build/workspace_ros/prefix_override:/usr/lib/python3/dist-packages/colcon_core/task/python/colcon_distutils_commands:/home/tugmirk/Desktop/garp-test/install/workspace_ros/lib/python3.12/site-packages:${PYTHONPATH} /usr/bin/python3 -W ignore:setup.py install is deprecated -W ignore:easy_install command is deprecated setup.py develop --editable --build-directory /home/tugmirk/Desktop/garp-test/build/workspace_ros/build --no-deps symlink_data
