running develop
running egg_info
creating workspace_nav.egg-info
writing workspace_nav.egg-info/PKG-INFO
writing dependency_links to workspace_nav.egg-info/dependency_links.txt
writing entry points to workspace_nav.egg-info/entry_points.txt
writing requirements to workspace_nav.egg-info/requires.txt
writing top-level names to workspace_nav.egg-info/top_level.txt
writing manifest file 'workspace_nav.egg-info/SOURCES.txt'
reading manifest file 'workspace_nav.egg-info/SOURCES.txt'
writing manifest file 'workspace_nav.egg-info/SOURCES.txt'
running build_ext
Creating /home/aliomacc/sti_usv/install/workspace_nav/lib/python3.10/site-packages/workspace-nav.egg-link (link to .)
Installing gate_goal_publisher script to /home/aliomacc/sti_usv/install/workspace_nav/lib/workspace_nav
Installing local_goal_bridge script to /home/aliomacc/sti_usv/install/workspace_nav/lib/workspace_nav
Installing mission_manager script to /home/aliomacc/sti_usv/install/workspace_nav/lib/workspace_nav
Installing parkour_navigation script to /home/aliomacc/sti_usv/install/workspace_nav/lib/workspace_nav
Installing yolo_detector script to /home/aliomacc/sti_usv/install/workspace_nav/lib/workspace_nav

Installed /home/aliomacc/sti_usv/build/workspace_nav
running symlink_data
creating /home/aliomacc/sti_usv/install/workspace_nav/share/ament_index
creating /home/aliomacc/sti_usv/install/workspace_nav/share/ament_index/resource_index
creating /home/aliomacc/sti_usv/install/workspace_nav/share/ament_index/resource_index/packages
symbolically linking /home/aliomacc/sti_usv/build/workspace_nav/resource/workspace_nav -> /home/aliomacc/sti_usv/install/workspace_nav/share/ament_index/resource_index/packages
symbolically linking /home/aliomacc/sti_usv/build/workspace_nav/package.xml -> /home/aliomacc/sti_usv/install/workspace_nav/share/workspace_nav
creating /home/aliomacc/sti_usv/install/workspace_nav/share/workspace_nav/config
symbolically linking /home/aliomacc/sti_usv/build/workspace_nav/config/mission_manager_params.yaml -> /home/aliomacc/sti_usv/install/workspace_nav/share/workspace_nav/config
symbolically linking /home/aliomacc/sti_usv/build/workspace_nav/config/ekf_fusion.yaml -> /home/aliomacc/sti_usv/install/workspace_nav/share/workspace_nav/config
symbolically linking /home/aliomacc/sti_usv/build/workspace_nav/config/map.yaml -> /home/aliomacc/sti_usv/install/workspace_nav/share/workspace_nav/config
symbolically linking /home/aliomacc/sti_usv/build/workspace_nav/config/nav2_params.yaml -> /home/aliomacc/sti_usv/install/workspace_nav/share/workspace_nav/config
symbolically linking /home/aliomacc/sti_usv/build/workspace_nav/config/parkour_nav.yaml -> /home/aliomacc/sti_usv/install/workspace_nav/share/workspace_nav/config
symbolically linking /home/aliomacc/sti_usv/build/workspace_nav/config/nav2_params_usv_pure.yaml -> /home/aliomacc/sti_usv/install/workspace_nav/share/workspace_nav/config
creating /home/aliomacc/sti_usv/install/workspace_nav/share/workspace_nav/launch
symbolically linking /home/aliomacc/sti_usv/build/workspace_nav/launch/usv_autonomy.launch.py -> /home/aliomacc/sti_usv/install/workspace_nav/share/workspace_nav/launch
symbolically linking /home/aliomacc/sti_usv/build/workspace_nav/launch/nav2.launch.py -> /home/aliomacc/sti_usv/install/workspace_nav/share/workspace_nav/launch
symbolically linking /home/aliomacc/sti_usv/build/workspace_nav/launch/parkour_nav.launch.py -> /home/aliomacc/sti_usv/install/workspace_nav/share/workspace_nav/launch
creating /home/aliomacc/sti_usv/install/workspace_nav/share/workspace_nav/scripts
symbolically linking /home/aliomacc/sti_usv/build/workspace_nav/scripts/autotune_mppi.py -> /home/aliomacc/sti_usv/install/workspace_nav/share/workspace_nav/scripts
symbolically linking /home/aliomacc/sti_usv/build/workspace_nav/scripts/mola_parkur_aigasyon.py -> /home/aliomacc/sti_usv/install/workspace_nav/share/workspace_nav/scripts
symbolically linking /home/aliomacc/sti_usv/build/workspace_nav/scripts/parkour2_virtual_centerline.py -> /home/aliomacc/sti_usv/install/workspace_nav/share/workspace_nav/scripts
symbolically linking /home/aliomacc/sti_usv/build/workspace_nav/scripts/final_parkour_navigator.py -> /home/aliomacc/sti_usv/install/workspace_nav/share/workspace_nav/scripts
symbolically linking /home/aliomacc/sti_usv/build/workspace_nav/scripts/parkour_navigation.py -> /home/aliomacc/sti_usv/install/workspace_nav/share/workspace_nav/scripts
symbolically linking /home/aliomacc/sti_usv/build/workspace_nav/scripts/yolo_detector.py -> /home/aliomacc/sti_usv/install/workspace_nav/share/workspace_nav/scripts
symbolically linking /home/aliomacc/sti_usv/build/workspace_nav/scripts/son_hal.py -> /home/aliomacc/sti_usv/install/workspace_nav/share/workspace_nav/scripts
symbolically linking /home/aliomacc/sti_usv/build/workspace_nav/scripts/mission_manager.py -> /home/aliomacc/sti_usv/install/workspace_nav/share/workspace_nav/scripts
symbolically linking /home/aliomacc/sti_usv/build/workspace_nav/scripts/ultimate_parkour_navigator.py -> /home/aliomacc/sti_usv/install/workspace_nav/share/workspace_nav/scripts
symbolically linking /home/aliomacc/sti_usv/build/workspace_nav/scripts/lidar_debug.py -> /home/aliomacc/sti_usv/install/workspace_nav/share/workspace_nav/scripts
symbolically linking /home/aliomacc/sti_usv/build/workspace_nav/scripts/parkour2_deneme.py -> /home/aliomacc/sti_usv/install/workspace_nav/share/workspace_nav/scripts
symbolically linking /home/aliomacc/sti_usv/build/workspace_nav/scripts/gate_goal_publisher.py -> /home/aliomacc/sti_usv/install/workspace_nav/share/workspace_nav/scripts
symbolically linking /home/aliomacc/sti_usv/build/workspace_nav/scripts/local_goal_bridge.py -> /home/aliomacc/sti_usv/install/workspace_nav/share/workspace_nav/scripts
symbolically linking /home/aliomacc/sti_usv/build/workspace_nav/scripts/kamikaze_control_real.py -> /home/aliomacc/sti_usv/install/workspace_nav/share/workspace_nav/scripts
symbolically linking /home/aliomacc/sti_usv/build/workspace_nav/scripts/kamikaze_control.py -> /home/aliomacc/sti_usv/install/workspace_nav/share/workspace_nav/scripts
symbolically linking /home/aliomacc/sti_usv/build/workspace_nav/scripts/pid_En_iyi.py -> /home/aliomacc/sti_usv/install/workspace_nav/share/workspace_nav/scripts
symbolically linking /home/aliomacc/sti_usv/build/workspace_nav/scripts/__init__.py -> /home/aliomacc/sti_usv/install/workspace_nav/share/workspace_nav/scripts
symbolically linking /home/aliomacc/sti_usv/build/workspace_nav/scripts/test_emergency_detection.py -> /home/aliomacc/sti_usv/install/workspace_nav/share/workspace_nav/scripts
creating /home/aliomacc/sti_usv/install/workspace_nav/share/workspace_nav/map
symbolically linking /home/aliomacc/sti_usv/build/workspace_nav/map/map.pgm -> /home/aliomacc/sti_usv/install/workspace_nav/share/workspace_nav/map
