[1.592s] Invoking command in '/home/aliomacc/sti_usv/build/workspace_nav': PYTHONPATH=/home/aliomacc/sti_usv/build/workspace_nav/prefix_override:/usr/lib/python3/dist-packages/colcon_core/task/python/colcon_distutils_commands:/home/aliomacc/sti_usv/install/workspace_nav/lib/python3.10/site-packages:${PYTHONPATH} /usr/bin/python3 -W ignore:setup.py install is deprecated -W ignore:easy_install command is deprecated setup.py develop --editable --build-directory /home/aliomacc/sti_usv/build/workspace_nav/build --no-deps symlink_data
[2.126s] running develop
[2.563s] running egg_info
[2.563s] creating workspace_nav.egg-info
[2.563s] writing workspace_nav.egg-info/PKG-INFO
[2.564s] writing dependency_links to workspace_nav.egg-info/dependency_links.txt
[2.564s] writing entry points to workspace_nav.egg-info/entry_points.txt
[2.564s] writing requirements to workspace_nav.egg-info/requires.txt
[2.564s] writing top-level names to workspace_nav.egg-info/top_level.txt
[2.565s] writing manifest file 'workspace_nav.egg-info/SOURCES.txt'
[2.569s] reading manifest file 'workspace_nav.egg-info/SOURCES.txt'
[2.570s] writing manifest file 'workspace_nav.egg-info/SOURCES.txt'
[2.573s] running build_ext
[2.573s] Creating /home/aliomacc/sti_usv/install/workspace_nav/lib/python3.10/site-packages/workspace-nav.egg-link (link to .)
[2.575s] Installing gate_goal_publisher script to /home/aliomacc/sti_usv/install/workspace_nav/lib/workspace_nav
[2.575s] Installing local_goal_bridge script to /home/aliomacc/sti_usv/install/workspace_nav/lib/workspace_nav
[2.575s] Installing mission_manager script to /home/aliomacc/sti_usv/install/workspace_nav/lib/workspace_nav
[2.575s] Installing parkour_navigation script to /home/aliomacc/sti_usv/install/workspace_nav/lib/workspace_nav
[2.575s] Installing yolo_detector script to /home/aliomacc/sti_usv/install/workspace_nav/lib/workspace_nav
[2.576s] 
[2.576s] Installed /home/aliomacc/sti_usv/build/workspace_nav
[2.576s] running symlink_data
[2.576s] creating /home/aliomacc/sti_usv/install/workspace_nav/share/ament_index
[2.576s] creating /home/aliomacc/sti_usv/install/workspace_nav/share/ament_index/resource_index
[2.576s] creating /home/aliomacc/sti_usv/install/workspace_nav/share/ament_index/resource_index/packages
[2.576s] symbolically linking /home/aliomacc/sti_usv/build/workspace_nav/resource/workspace_nav -> /home/aliomacc/sti_usv/install/workspace_nav/share/ament_index/resource_index/packages
[2.576s] symbolically linking /home/aliomacc/sti_usv/build/workspace_nav/package.xml -> /home/aliomacc/sti_usv/install/workspace_nav/share/workspace_nav
[2.576s] creating /home/aliomacc/sti_usv/install/workspace_nav/share/workspace_nav/config
[2.576s] symbolically linking /home/aliomacc/sti_usv/build/workspace_nav/config/mission_manager_params.yaml -> /home/aliomacc/sti_usv/install/workspace_nav/share/workspace_nav/config
[2.577s] symbolically linking /home/aliomacc/sti_usv/build/workspace_nav/config/ekf_fusion.yaml -> /home/aliomacc/sti_usv/install/workspace_nav/share/workspace_nav/config
[2.577s] symbolically linking /home/aliomacc/sti_usv/build/workspace_nav/config/map.yaml -> /home/aliomacc/sti_usv/install/workspace_nav/share/workspace_nav/config
[2.577s] symbolically linking /home/aliomacc/sti_usv/build/workspace_nav/config/nav2_params.yaml -> /home/aliomacc/sti_usv/install/workspace_nav/share/workspace_nav/config
[2.577s] symbolically linking /home/aliomacc/sti_usv/build/workspace_nav/config/parkour_nav.yaml -> /home/aliomacc/sti_usv/install/workspace_nav/share/workspace_nav/config
[2.577s] symbolically linking /home/aliomacc/sti_usv/build/workspace_nav/config/nav2_params_usv_pure.yaml -> /home/aliomacc/sti_usv/install/workspace_nav/share/workspace_nav/config
[2.577s] creating /home/aliomacc/sti_usv/install/workspace_nav/share/workspace_nav/launch
[2.577s] symbolically linking /home/aliomacc/sti_usv/build/workspace_nav/launch/usv_autonomy.launch.py -> /home/aliomacc/sti_usv/install/workspace_nav/share/workspace_nav/launch
[2.577s] symbolically linking /home/aliomacc/sti_usv/build/workspace_nav/launch/nav2.launch.py -> /home/aliomacc/sti_usv/install/workspace_nav/share/workspace_nav/launch
[2.577s] symbolically linking /home/aliomacc/sti_usv/build/workspace_nav/launch/parkour_nav.launch.py -> /home/aliomacc/sti_usv/install/workspace_nav/share/workspace_nav/launch
[2.578s] creating /home/aliomacc/sti_usv/install/workspace_nav/share/workspace_nav/scripts
[2.578s] symbolically linking /home/aliomacc/sti_usv/build/workspace_nav/scripts/autotune_mppi.py -> /home/aliomacc/sti_usv/install/workspace_nav/share/workspace_nav/scripts
[2.578s] symbolically linking /home/aliomacc/sti_usv/build/workspace_nav/scripts/mola_parkur_aigasyon.py -> /home/aliomacc/sti_usv/install/workspace_nav/share/workspace_nav/scripts
[2.578s] symbolically linking /home/aliomacc/sti_usv/build/workspace_nav/scripts/parkour2_virtual_centerline.py -> /home/aliomacc/sti_usv/install/workspace_nav/share/workspace_nav/scripts
[2.578s] symbolically linking /home/aliomacc/sti_usv/build/workspace_nav/scripts/final_parkour_navigator.py -> /home/aliomacc/sti_usv/install/workspace_nav/share/workspace_nav/scripts
[2.578s] symbolically linking /home/aliomacc/sti_usv/build/workspace_nav/scripts/parkour_navigation.py -> /home/aliomacc/sti_usv/install/workspace_nav/share/workspace_nav/scripts
[2.578s] symbolically linking /home/aliomacc/sti_usv/build/workspace_nav/scripts/yolo_detector.py -> /home/aliomacc/sti_usv/install/workspace_nav/share/workspace_nav/scripts
[2.578s] symbolically linking /home/aliomacc/sti_usv/build/workspace_nav/scripts/son_hal.py -> /home/aliomacc/sti_usv/install/workspace_nav/share/workspace_nav/scripts
[2.579s] symbolically linking /home/aliomacc/sti_usv/build/workspace_nav/scripts/mission_manager.py -> /home/aliomacc/sti_usv/install/workspace_nav/share/workspace_nav/scripts
[2.579s] symbolically linking /home/aliomacc/sti_usv/build/workspace_nav/scripts/ultimate_parkour_navigator.py -> /home/aliomacc/sti_usv/install/workspace_nav/share/workspace_nav/scripts
[2.579s] symbolically linking /home/aliomacc/sti_usv/build/workspace_nav/scripts/lidar_debug.py -> /home/aliomacc/sti_usv/install/workspace_nav/share/workspace_nav/scripts
[2.579s] symbolically linking /home/aliomacc/sti_usv/build/workspace_nav/scripts/parkour2_deneme.py -> /home/aliomacc/sti_usv/install/workspace_nav/share/workspace_nav/scripts
[2.579s] symbolically linking /home/aliomacc/sti_usv/build/workspace_nav/scripts/gate_goal_publisher.py -> /home/aliomacc/sti_usv/install/workspace_nav/share/workspace_nav/scripts
[2.579s] symbolically linking /home/aliomacc/sti_usv/build/workspace_nav/scripts/local_goal_bridge.py -> /home/aliomacc/sti_usv/install/workspace_nav/share/workspace_nav/scripts
[2.579s] symbolically linking /home/aliomacc/sti_usv/build/workspace_nav/scripts/kamikaze_control_real.py -> /home/aliomacc/sti_usv/install/workspace_nav/share/workspace_nav/scripts
[2.579s] symbolically linking /home/aliomacc/sti_usv/build/workspace_nav/scripts/kamikaze_control.py -> /home/aliomacc/sti_usv/install/workspace_nav/share/workspace_nav/scripts
[2.580s] symbolically linking /home/aliomacc/sti_usv/build/workspace_nav/scripts/pid_En_iyi.py -> /home/aliomacc/sti_usv/install/workspace_nav/share/workspace_nav/scripts
[2.580s] symbolically linking /home/aliomacc/sti_usv/build/workspace_nav/scripts/__init__.py -> /home/aliomacc/sti_usv/install/workspace_nav/share/workspace_nav/scripts
[2.580s] symbolically linking /home/aliomacc/sti_usv/build/workspace_nav/scripts/test_emergency_detection.py -> /home/aliomacc/sti_usv/install/workspace_nav/share/workspace_nav/scripts
[2.580s] creating /home/aliomacc/sti_usv/install/workspace_nav/share/workspace_nav/map
[2.580s] symbolically linking /home/aliomacc/sti_usv/build/workspace_nav/map/map.pgm -> /home/aliomacc/sti_usv/install/workspace_nav/share/workspace_nav/map
[2.660s] Invoked command in '/home/aliomacc/sti_usv/build/workspace_nav' returned '0': PYTHONPATH=/home/aliomacc/sti_usv/build/workspace_nav/prefix_override:/usr/lib/python3/dist-packages/colcon_core/task/python/colcon_distutils_commands:/home/aliomacc/sti_usv/install/workspace_nav/lib/python3.10/site-packages:${PYTHONPATH} /usr/bin/python3 -W ignore:setup.py install is deprecated -W ignore:easy_install command is deprecated setup.py develop --editable --build-directory /home/aliomacc/sti_usv/build/workspace_nav/build --no-deps symlink_data
