[0.298s] DEBUG:colcon:Command line arguments: ['/usr/bin/colcon', 'build', '--packages-select', 'workspace_gz']
[0.298s] DEBUG:colcon:Parsed command line arguments: Namespace(log_base=None, log_level=None, verb_name='build', build_base='build', install_base='install', merge_install=False, symlink_install=False, test_result_base=None, continue_on_error=False, executor='parallel', parallel_workers=8, event_handlers=None, ignore_user_meta=False, metas=['./colcon.meta'], base_paths=['.'], packages_ignore=None, packages_ignore_regex=None, paths=None, packages_up_to=None, packages_up_to_regex=None, packages_above=None, packages_above_and_dependencies=None, packages_above_depth=None, packages_select_by_dep=None, packages_skip_by_dep=None, packages_skip_up_to=None, packages_select_build_failed=False, packages_skip_build_finished=False, packages_select_test_failures=False, packages_skip_test_passed=False, packages_select=['workspace_gz'], packages_skip=None, packages_select_regex=None, packages_skip_regex=None, packages_start=None, packages_end=None, allow_overriding=[], cmake_args=None, cmake_target=None, cmake_target_skip_unavailable=False, cmake_clean_cache=False, cmake_clean_first=False, cmake_force_configure=False, ament_cmake_args=None, catkin_cmake_args=None, catkin_skip_building_tests=False, mixin_files=None, mixin=None, verb_parser=<colcon_mixin.mixin.mixin_argument.MixinArgumentDecorator object at 0x796e2549ca60>, verb_extension=<colcon_core.verb.build.BuildVerb object at 0x796e2549c4f0>, main=<bound method BuildVerb.main of <colcon_core.verb.build.BuildVerb object at 0x796e2549c4f0>>, mixin_verb=('build',))
[0.642s] Level 1:colcon.colcon_core.package_discovery:discover_packages(colcon_meta) check parameters
[0.642s] Level 1:colcon.colcon_core.package_discovery:discover_packages(recursive) check parameters
[0.642s] Level 1:colcon.colcon_core.package_discovery:discover_packages(ignore) check parameters
[0.642s] Level 1:colcon.colcon_core.package_discovery:discover_packages(path) check parameters
[0.643s] Level 1:colcon.colcon_core.package_discovery:discover_packages(colcon_meta) discover
[0.643s] Level 1:colcon.colcon_core.package_discovery:discover_packages(recursive) discover
[0.643s] INFO:colcon.colcon_core.package_discovery:Crawling recursively for packages in '/home/aliomacc/sti_usv'
[0.643s] Level 1:colcon.colcon_core.package_identification:_identify(.) by extensions ['ignore', 'ignore_ament_install']
[0.643s] Level 1:colcon.colcon_core.package_identification:_identify(.) by extension 'ignore'
[0.643s] Level 1:colcon.colcon_core.package_identification:_identify(.) by extension 'ignore_ament_install'
[0.643s] Level 1:colcon.colcon_core.package_identification:_identify(.) by extensions ['colcon_pkg']
[0.643s] Level 1:colcon.colcon_core.package_identification:_identify(.) by extension 'colcon_pkg'
[0.643s] Level 1:colcon.colcon_core.package_identification:_identify(.) by extensions ['colcon_meta']
[0.643s] Level 1:colcon.colcon_core.package_identification:_identify(.) by extension 'colcon_meta'
[0.643s] Level 1:colcon.colcon_core.package_identification:_identify(.) by extensions ['ros']
[0.643s] Level 1:colcon.colcon_core.package_identification:_identify(.) by extension 'ros'
[0.676s] Level 1:colcon.colcon_core.package_identification:_identify(.) by extensions ['cmake', 'python']
[0.676s] Level 1:colcon.colcon_core.package_identification:_identify(.) by extension 'cmake'
[0.676s] Level 1:colcon.colcon_core.package_identification:_identify(.) by extension 'python'
[0.677s] Level 1:colcon.colcon_core.package_identification:_identify(.) by extensions ['python_setup_py']
[0.677s] Level 1:colcon.colcon_core.package_identification:_identify(.) by extension 'python_setup_py'
[0.677s] Level 1:colcon.colcon_core.package_identification:_identify(build) by extensions ['ignore', 'ignore_ament_install']
[0.677s] Level 1:colcon.colcon_core.package_identification:_identify(build) by extension 'ignore'
[0.677s] Level 1:colcon.colcon_core.package_identification:_identify(build) ignored
[0.678s] Level 1:colcon.colcon_core.package_identification:_identify(install) by extensions ['ignore', 'ignore_ament_install']
[0.678s] Level 1:colcon.colcon_core.package_identification:_identify(install) by extension 'ignore'
[0.678s] Level 1:colcon.colcon_core.package_identification:_identify(install) ignored
[0.679s] Level 1:colcon.colcon_core.package_identification:_identify(log) by extensions ['ignore', 'ignore_ament_install']
[0.679s] Level 1:colcon.colcon_core.package_identification:_identify(log) by extension 'ignore'
[0.679s] Level 1:colcon.colcon_core.package_identification:_identify(log) ignored
[0.679s] Level 1:colcon.colcon_core.package_identification:_identify(src) by extensions ['ignore', 'ignore_ament_install']
[0.679s] Level 1:colcon.colcon_core.package_identification:_identify(src) by extension 'ignore'
[0.679s] Level 1:colcon.colcon_core.package_identification:_identify(src) by extension 'ignore_ament_install'
[0.679s] Level 1:colcon.colcon_core.package_identification:_identify(src) by extensions ['colcon_pkg']
[0.680s] Level 1:colcon.colcon_core.package_identification:_identify(src) by extension 'colcon_pkg'
[0.680s] Level 1:colcon.colcon_core.package_identification:_identify(src) by extensions ['colcon_meta']
[0.680s] Level 1:colcon.colcon_core.package_identification:_identify(src) by extension 'colcon_meta'
[0.680s] Level 1:colcon.colcon_core.package_identification:_identify(src) by extensions ['ros']
[0.680s] Level 1:colcon.colcon_core.package_identification:_identify(src) by extension 'ros'
[0.680s] Level 1:colcon.colcon_core.package_identification:_identify(src) by extensions ['cmake', 'python']
[0.680s] Level 1:colcon.colcon_core.package_identification:_identify(src) by extension 'cmake'
[0.680s] Level 1:colcon.colcon_core.package_identification:_identify(src) by extension 'python'
[0.680s] Level 1:colcon.colcon_core.package_identification:_identify(src) by extensions ['python_setup_py']
[0.680s] Level 1:colcon.colcon_core.package_identification:_identify(src) by extension 'python_setup_py'
[0.681s] Level 1:colcon.colcon_core.package_identification:_identify(src/usv_sim) by extensions ['ignore', 'ignore_ament_install']
[0.681s] Level 1:colcon.colcon_core.package_identification:_identify(src/usv_sim) by extension 'ignore'
[0.681s] Level 1:colcon.colcon_core.package_identification:_identify(src/usv_sim) by extension 'ignore_ament_install'
[0.681s] Level 1:colcon.colcon_core.package_identification:_identify(src/usv_sim) by extensions ['colcon_pkg']
[0.681s] Level 1:colcon.colcon_core.package_identification:_identify(src/usv_sim) by extension 'colcon_pkg'
[0.681s] Level 1:colcon.colcon_core.package_identification:_identify(src/usv_sim) by extensions ['colcon_meta']
[0.681s] Level 1:colcon.colcon_core.package_identification:_identify(src/usv_sim) by extension 'colcon_meta'
[0.681s] Level 1:colcon.colcon_core.package_identification:_identify(src/usv_sim) by extensions ['ros']
[0.681s] Level 1:colcon.colcon_core.package_identification:_identify(src/usv_sim) by extension 'ros'
[0.682s] Level 1:colcon.colcon_core.package_identification:_identify(src/usv_sim) by extensions ['cmake', 'python']
[0.682s] Level 1:colcon.colcon_core.package_identification:_identify(src/usv_sim) by extension 'cmake'
[0.682s] Level 1:colcon.colcon_core.package_identification:_identify(src/usv_sim) by extension 'python'
[0.682s] Level 1:colcon.colcon_core.package_identification:_identify(src/usv_sim) by extensions ['python_setup_py']
[0.682s] Level 1:colcon.colcon_core.package_identification:_identify(src/usv_sim) by extension 'python_setup_py'
[0.682s] Level 1:colcon.colcon_core.package_identification:_identify(src/usv_sim/__pycache__) by extensions ['ignore', 'ignore_ament_install']
[0.683s] Level 1:colcon.colcon_core.package_identification:_identify(src/usv_sim/__pycache__) by extension 'ignore'
[0.684s] Level 1:colcon.colcon_core.package_identification:_identify(src/usv_sim/__pycache__) by extension 'ignore_ament_install'
[0.684s] Level 1:colcon.colcon_core.package_identification:_identify(src/usv_sim/__pycache__) by extensions ['colcon_pkg']
[0.684s] Level 1:colcon.colcon_core.package_identification:_identify(src/usv_sim/__pycache__) by extension 'colcon_pkg'
[0.684s] Level 1:colcon.colcon_core.package_identification:_identify(src/usv_sim/__pycache__) by extensions ['colcon_meta']
[0.684s] Level 1:colcon.colcon_core.package_identification:_identify(src/usv_sim/__pycache__) by extension 'colcon_meta'
[0.685s] Level 1:colcon.colcon_core.package_identification:_identify(src/usv_sim/__pycache__) by extensions ['ros']
[0.685s] Level 1:colcon.colcon_core.package_identification:_identify(src/usv_sim/__pycache__) by extension 'ros'
[0.685s] Level 1:colcon.colcon_core.package_identification:_identify(src/usv_sim/__pycache__) by extensions ['cmake', 'python']
[0.685s] Level 1:colcon.colcon_core.package_identification:_identify(src/usv_sim/__pycache__) by extension 'cmake'
[0.685s] Level 1:colcon.colcon_core.package_identification:_identify(src/usv_sim/__pycache__) by extension 'python'
[0.685s] Level 1:colcon.colcon_core.package_identification:_identify(src/usv_sim/__pycache__) by extensions ['python_setup_py']
[0.685s] Level 1:colcon.colcon_core.package_identification:_identify(src/usv_sim/__pycache__) by extension 'python_setup_py'
[0.686s] Level 1:colcon.colcon_core.package_identification:_identify(src/usv_sim/workspace_gz) by extensions ['ignore', 'ignore_ament_install']
[0.687s] Level 1:colcon.colcon_core.package_identification:_identify(src/usv_sim/workspace_gz) by extension 'ignore'
[0.687s] Level 1:colcon.colcon_core.package_identification:_identify(src/usv_sim/workspace_gz) by extension 'ignore_ament_install'
[0.688s] Level 1:colcon.colcon_core.package_identification:_identify(src/usv_sim/workspace_gz) by extensions ['colcon_pkg']
[0.688s] Level 1:colcon.colcon_core.package_identification:_identify(src/usv_sim/workspace_gz) by extension 'colcon_pkg'
[0.688s] Level 1:colcon.colcon_core.package_identification:_identify(src/usv_sim/workspace_gz) by extensions ['colcon_meta']
[0.688s] Level 1:colcon.colcon_core.package_identification:_identify(src/usv_sim/workspace_gz) by extension 'colcon_meta'
[0.688s] Level 1:colcon.colcon_core.package_identification:_identify(src/usv_sim/workspace_gz) by extensions ['ros']
[0.688s] Level 1:colcon.colcon_core.package_identification:_identify(src/usv_sim/workspace_gz) by extension 'ros'
[0.723s] DEBUG:colcon.colcon_core.package_identification:Package 'src/usv_sim/workspace_gz' with type 'ros.ament_cmake' and name 'workspace_gz'
[0.723s] Level 1:colcon.colcon_core.package_identification:_identify(src/usv_sim/workspace_nav) by extensions ['ignore', 'ignore_ament_install']
[0.723s] Level 1:colcon.colcon_core.package_identification:_identify(src/usv_sim/workspace_nav) by extension 'ignore'
[0.723s] Level 1:colcon.colcon_core.package_identification:_identify(src/usv_sim/workspace_nav) by extension 'ignore_ament_install'
[0.724s] Level 1:colcon.colcon_core.package_identification:_identify(src/usv_sim/workspace_nav) by extensions ['colcon_pkg']
[0.724s] Level 1:colcon.colcon_core.package_identification:_identify(src/usv_sim/workspace_nav) by extension 'colcon_pkg'
[0.724s] Level 1:colcon.colcon_core.package_identification:_identify(src/usv_sim/workspace_nav) by extensions ['colcon_meta']
[0.724s] Level 1:colcon.colcon_core.package_identification:_identify(src/usv_sim/workspace_nav) by extension 'colcon_meta'
[0.724s] Level 1:colcon.colcon_core.package_identification:_identify(src/usv_sim/workspace_nav) by extensions ['ros']
[0.724s] Level 1:colcon.colcon_core.package_identification:_identify(src/usv_sim/workspace_nav) by extension 'ros'
[0.727s] DEBUG:colcon.colcon_core.package_identification:Package 'src/usv_sim/workspace_nav' with type 'ros.ament_python' and name 'workspace_nav'
[0.727s] Level 1:colcon.colcon_core.package_identification:_identify(src/usv_sim/workspace_ros) by extensions ['ignore', 'ignore_ament_install']
[0.727s] Level 1:colcon.colcon_core.package_identification:_identify(src/usv_sim/workspace_ros) by extension 'ignore'
[0.727s] Level 1:colcon.colcon_core.package_identification:_identify(src/usv_sim/workspace_ros) by extension 'ignore_ament_install'
[0.727s] Level 1:colcon.colcon_core.package_identification:_identify(src/usv_sim/workspace_ros) by extensions ['colcon_pkg']
[0.727s] Level 1:colcon.colcon_core.package_identification:_identify(src/usv_sim/workspace_ros) by extension 'colcon_pkg'
[0.728s] Level 1:colcon.colcon_core.package_identification:_identify(src/usv_sim/workspace_ros) by extensions ['colcon_meta']
[0.728s] Level 1:colcon.colcon_core.package_identification:_identify(src/usv_sim/workspace_ros) by extension 'colcon_meta'
[0.728s] Level 1:colcon.colcon_core.package_identification:_identify(src/usv_sim/workspace_ros) by extensions ['ros']
[0.728s] Level 1:colcon.colcon_core.package_identification:_identify(src/usv_sim/workspace_ros) by extension 'ros'
[0.731s] DEBUG:colcon.colcon_core.package_identification:Package 'src/usv_sim/workspace_ros' with type 'ros.ament_python' and name 'workspace_ros'
[0.731s] Level 1:colcon.colcon_core.package_discovery:discover_packages(recursive) using defaults
[0.731s] Level 1:colcon.colcon_core.package_discovery:discover_packages(ignore) discover
[0.731s] Level 1:colcon.colcon_core.package_discovery:discover_packages(ignore) using defaults
[0.731s] Level 1:colcon.colcon_core.package_discovery:discover_packages(path) discover
[0.731s] Level 1:colcon.colcon_core.package_discovery:discover_packages(path) using defaults
[0.777s] INFO:colcon.colcon_core.package_selection:Skipping not selected package 'workspace_nav' in 'src/usv_sim/workspace_nav'
[0.777s] INFO:colcon.colcon_core.package_selection:Skipping not selected package 'workspace_ros' in 'src/usv_sim/workspace_ros'
[0.777s] Level 1:colcon.colcon_core.package_discovery:discover_packages(prefix_path) check parameters
[0.777s] Level 1:colcon.colcon_core.package_discovery:discover_packages(prefix_path) discover
[0.784s] DEBUG:colcon.colcon_installed_package_information.package_discovery:Found 4 installed packages in /home/aliomacc/turtlebot3_ws/install
[0.786s] DEBUG:colcon.colcon_installed_package_information.package_discovery:Found 6 installed packages in /home/aliomacc/ros2_ws/install
[0.789s] DEBUG:colcon.colcon_installed_package_information.package_discovery:Found 450 installed packages in /opt/ros/humble
[0.793s] Level 1:colcon.colcon_core.package_discovery:discover_packages(prefix_path) using defaults
[0.888s] Level 5:colcon.colcon_core.verb:set package 'workspace_gz' build argument 'cmake_args' from command line to 'None'
[0.888s] Level 5:colcon.colcon_core.verb:set package 'workspace_gz' build argument 'cmake_target' from command line to 'None'
[0.888s] Level 5:colcon.colcon_core.verb:set package 'workspace_gz' build argument 'cmake_target_skip_unavailable' from command line to 'False'
[0.888s] Level 5:colcon.colcon_core.verb:set package 'workspace_gz' build argument 'cmake_clean_cache' from command line to 'False'
[0.888s] Level 5:colcon.colcon_core.verb:set package 'workspace_gz' build argument 'cmake_clean_first' from command line to 'False'
[0.888s] Level 5:colcon.colcon_core.verb:set package 'workspace_gz' build argument 'cmake_force_configure' from command line to 'False'
[0.888s] Level 5:colcon.colcon_core.verb:set package 'workspace_gz' build argument 'ament_cmake_args' from command line to 'None'
[0.888s] Level 5:colcon.colcon_core.verb:set package 'workspace_gz' build argument 'catkin_cmake_args' from command line to 'None'
[0.888s] Level 5:colcon.colcon_core.verb:set package 'workspace_gz' build argument 'catkin_skip_building_tests' from command line to 'False'
[0.888s] DEBUG:colcon.colcon_core.verb:Building package 'workspace_gz' with the following arguments: {'ament_cmake_args': None, 'build_base': '/home/aliomacc/sti_usv/build/workspace_gz', 'catkin_cmake_args': None, 'catkin_skip_building_tests': False, 'cmake_args': None, 'cmake_clean_cache': False, 'cmake_clean_first': False, 'cmake_force_configure': False, 'cmake_target': None, 'cmake_target_skip_unavailable': False, 'install_base': '/home/aliomacc/sti_usv/install/workspace_gz', 'merge_install': False, 'path': '/home/aliomacc/sti_usv/src/usv_sim/workspace_gz', 'symlink_install': False, 'test_result_base': None}
[0.889s] INFO:colcon.colcon_core.executor:Executing jobs using 'parallel' executor
[0.893s] DEBUG:colcon.colcon_parallel_executor.executor.parallel:run_until_complete
[0.894s] INFO:colcon.colcon_ros.task.ament_cmake.build:Building ROS package in '/home/aliomacc/sti_usv/src/usv_sim/workspace_gz' with build type 'ament_cmake'
[0.894s] INFO:colcon.colcon_cmake.task.cmake.build:Building CMake package in '/home/aliomacc/sti_usv/src/usv_sim/workspace_gz'
[0.897s] INFO:colcon.colcon_core.plugin_system:Skipping extension 'colcon_core.shell.bat': Not used on non-Windows systems
[0.897s] INFO:colcon.colcon_core.shell:Skip shell extension 'powershell' for command environment: Not usable outside of PowerShell
[0.897s] DEBUG:colcon.colcon_core.shell:Skip shell extension 'dsv' for command environment
[0.923s] DEBUG:colcon.colcon_core.event_handler.log_command:Invoking command in '/home/aliomacc/sti_usv/build/workspace_gz': CMAKE_PREFIX_PATH=${CMAKE_PREFIX_PATH}:/home/aliomacc/ros2_ws/install/actions_py:/home/aliomacc/ros2_ws/install/lifecycle_py:/opt/ros/humble /usr/bin/cmake --build /home/aliomacc/sti_usv/build/workspace_gz -- -j8 -l8
[92.035s] DEBUG:colcon.colcon_core.event_handler.log_command:Invoked command in '/home/aliomacc/sti_usv/build/workspace_gz' returned '2': CMAKE_PREFIX_PATH=${CMAKE_PREFIX_PATH}:/home/aliomacc/ros2_ws/install/actions_py:/home/aliomacc/ros2_ws/install/lifecycle_py:/opt/ros/humble /usr/bin/cmake --build /home/aliomacc/sti_usv/build/workspace_gz -- -j8 -l8
[92.036s] Level 1:colcon.colcon_core.environment:create_environment_scripts_only(workspace_gz)
[92.041s] Level 1:colcon.colcon_core.environment:checking '/home/aliomacc/sti_usv/install/workspace_gz' for CMake module files
[92.042s] Level 1:colcon.colcon_core.environment:checking '/home/aliomacc/sti_usv/install/workspace_gz' for CMake config files
[92.045s] Level 1:colcon.colcon_core.environment:checking '/home/aliomacc/sti_usv/install/workspace_gz/bin'
[92.046s] Level 1:colcon.colcon_core.environment:checking '/home/aliomacc/sti_usv/install/workspace_gz/lib/pkgconfig/workspace_gz.pc'
[92.047s] Level 1:colcon.colcon_core.environment:checking '/home/aliomacc/sti_usv/install/workspace_gz/lib/python3.10/site-packages'
[92.049s] Level 1:colcon.colcon_core.environment:checking '/home/aliomacc/sti_usv/install/workspace_gz/bin'
[92.050s] INFO:colcon.colcon_core.shell:Creating package script '/home/aliomacc/sti_usv/install/workspace_gz/share/workspace_gz/package.ps1'
[92.053s] INFO:colcon.colcon_core.shell:Creating package descriptor '/home/aliomacc/sti_usv/install/workspace_gz/share/workspace_gz/package.dsv'
[92.055s] INFO:colcon.colcon_core.shell:Creating package script '/home/aliomacc/sti_usv/install/workspace_gz/share/workspace_gz/package.sh'
[92.059s] INFO:colcon.colcon_core.shell:Creating package script '/home/aliomacc/sti_usv/install/workspace_gz/share/workspace_gz/package.bash'
[92.061s] INFO:colcon.colcon_core.shell:Creating package script '/home/aliomacc/sti_usv/install/workspace_gz/share/workspace_gz/package.zsh'
[92.063s] Level 1:colcon.colcon_core.environment:create_file_with_runtime_dependencies(/home/aliomacc/sti_usv/install/workspace_gz/share/colcon-core/packages/workspace_gz)
[92.075s] DEBUG:colcon.colcon_parallel_executor.executor.parallel:closing loop
[92.075s] DEBUG:colcon.colcon_parallel_executor.executor.parallel:loop closed
[92.076s] DEBUG:colcon.colcon_parallel_executor.executor.parallel:run_until_complete finished with '2'
[92.076s] DEBUG:colcon.colcon_core.event_reactor:joining thread
[92.093s] INFO:colcon.colcon_core.plugin_system:Skipping extension 'colcon_notification.desktop_notification.terminal_notifier': Not used on non-Darwin systems
[92.093s] INFO:colcon.colcon_core.plugin_system:Skipping extension 'colcon_notification.desktop_notification.win32': Not used on non-Windows systems
[92.093s] INFO:colcon.colcon_notification.desktop_notification:Sending desktop notification using 'notify2'
[92.133s] DEBUG:colcon.colcon_core.event_reactor:joined thread
[92.134s] INFO:colcon.colcon_core.shell:Creating prefix script '/home/aliomacc/sti_usv/install/local_setup.ps1'
[92.137s] INFO:colcon.colcon_core.shell:Creating prefix util module '/home/aliomacc/sti_usv/install/_local_setup_util_ps1.py'
[92.142s] INFO:colcon.colcon_core.shell:Creating prefix chain script '/home/aliomacc/sti_usv/install/setup.ps1'
[92.149s] INFO:colcon.colcon_core.shell:Creating prefix script '/home/aliomacc/sti_usv/install/local_setup.sh'
[92.153s] INFO:colcon.colcon_core.shell:Creating prefix util module '/home/aliomacc/sti_usv/install/_local_setup_util_sh.py'
[92.156s] INFO:colcon.colcon_core.shell:Creating prefix chain script '/home/aliomacc/sti_usv/install/setup.sh'
[92.159s] INFO:colcon.colcon_core.shell:Creating prefix script '/home/aliomacc/sti_usv/install/local_setup.bash'
[92.162s] INFO:colcon.colcon_core.shell:Creating prefix chain script '/home/aliomacc/sti_usv/install/setup.bash'
[92.167s] INFO:colcon.colcon_core.shell:Creating prefix script '/home/aliomacc/sti_usv/install/local_setup.zsh'
[92.168s] INFO:colcon.colcon_core.shell:Creating prefix chain script '/home/aliomacc/sti_usv/install/setup.zsh'
