[0.272s] DEBUG:colcon:Command line arguments: ['/usr/bin/colcon', 'build']
[0.273s] DEBUG:colcon:Parsed command line arguments: Namespace(log_base=None, log_level=None, verb_name='build', build_base='build', install_base='install', merge_install=False, symlink_install=False, test_result_base=None, continue_on_error=False, executor='parallel', parallel_workers=8, event_handlers=None, ignore_user_meta=False, metas=['./colcon.meta'], base_paths=['.'], packages_ignore=None, packages_ignore_regex=None, paths=None, packages_up_to=None, packages_up_to_regex=None, packages_above=None, packages_above_and_dependencies=None, packages_above_depth=None, packages_select_by_dep=None, packages_skip_by_dep=None, packages_skip_up_to=None, packages_select_build_failed=False, packages_skip_build_finished=False, packages_select_test_failures=False, packages_skip_test_passed=False, packages_select=None, packages_skip=None, packages_select_regex=None, packages_skip_regex=None, packages_start=None, packages_end=None, allow_overriding=[], cmake_args=None, cmake_target=None, cmake_target_skip_unavailable=False, cmake_clean_cache=False, cmake_clean_first=False, cmake_force_configure=False, ament_cmake_args=None, catkin_cmake_args=None, catkin_skip_building_tests=False, mixin_files=None, mixin=None, verb_parser=<colcon_mixin.mixin.mixin_argument.MixinArgumentDecorator object at 0x7dfd282a7170>, verb_extension=<colcon_core.verb.build.BuildVerb object at 0x7dfd283c7bf0>, main=<bound method BuildVerb.main of <colcon_core.verb.build.BuildVerb object at 0x7dfd283c7bf0>>, mixin_verb=('build',))
[0.364s] Level 1:colcon.colcon_core.package_discovery:discover_packages(colcon_meta) check parameters
[0.364s] Level 1:colcon.colcon_core.package_discovery:discover_packages(recursive) check parameters
[0.364s] Level 1:colcon.colcon_core.package_discovery:discover_packages(ignore) check parameters
[0.364s] Level 1:colcon.colcon_core.package_discovery:discover_packages(path) check parameters
[0.364s] Level 1:colcon.colcon_core.package_discovery:discover_packages(colcon_meta) discover
[0.365s] Level 1:colcon.colcon_core.package_discovery:discover_packages(recursive) discover
[0.365s] INFO:colcon.colcon_core.package_discovery:Crawling recursively for packages in '/home/aliomac/garp-test'
[0.365s] Level 1:colcon.colcon_core.package_identification:_identify(.) by extensions ['ignore', 'ignore_ament_install']
[0.366s] Level 1:colcon.colcon_core.package_identification:_identify(.) by extension 'ignore'
[0.366s] Level 1:colcon.colcon_core.package_identification:_identify(.) by extension 'ignore_ament_install'
[0.366s] Level 1:colcon.colcon_core.package_identification:_identify(.) by extensions ['colcon_pkg']
[0.366s] Level 1:colcon.colcon_core.package_identification:_identify(.) by extension 'colcon_pkg'
[0.366s] Level 1:colcon.colcon_core.package_identification:_identify(.) by extensions ['colcon_meta']
[0.366s] Level 1:colcon.colcon_core.package_identification:_identify(.) by extension 'colcon_meta'
[0.366s] Level 1:colcon.colcon_core.package_identification:_identify(.) by extensions ['ros']
[0.366s] Level 1:colcon.colcon_core.package_identification:_identify(.) by extension 'ros'
[0.429s] Level 1:colcon.colcon_core.package_identification:_identify(.) by extensions ['cmake', 'python']
[0.429s] Level 1:colcon.colcon_core.package_identification:_identify(.) by extension 'cmake'
[0.429s] Level 1:colcon.colcon_core.package_identification:_identify(.) by extension 'python'
[0.429s] Level 1:colcon.colcon_core.package_identification:_identify(.) by extensions ['python_setup_py']
[0.429s] Level 1:colcon.colcon_core.package_identification:_identify(.) by extension 'python_setup_py'
[0.430s] Level 1:colcon.colcon_core.package_identification:_identify(build) by extensions ['ignore', 'ignore_ament_install']
[0.430s] Level 1:colcon.colcon_core.package_identification:_identify(build) by extension 'ignore'
[0.430s] Level 1:colcon.colcon_core.package_identification:_identify(build) ignored
[0.431s] Level 1:colcon.colcon_core.package_identification:_identify(install) by extensions ['ignore', 'ignore_ament_install']
[0.431s] Level 1:colcon.colcon_core.package_identification:_identify(install) by extension 'ignore'
[0.431s] Level 1:colcon.colcon_core.package_identification:_identify(install) ignored
[0.431s] Level 1:colcon.colcon_core.package_identification:_identify(log) by extensions ['ignore', 'ignore_ament_install']
[0.431s] Level 1:colcon.colcon_core.package_identification:_identify(log) by extension 'ignore'
[0.431s] Level 1:colcon.colcon_core.package_identification:_identify(log) ignored
[0.431s] Level 1:colcon.colcon_core.package_identification:_identify(workspace_gz) by extensions ['ignore', 'ignore_ament_install']
[0.432s] Level 1:colcon.colcon_core.package_identification:_identify(workspace_gz) by extension 'ignore'
[0.432s] Level 1:colcon.colcon_core.package_identification:_identify(workspace_gz) by extension 'ignore_ament_install'
[0.432s] Level 1:colcon.colcon_core.package_identification:_identify(workspace_gz) by extensions ['colcon_pkg']
[0.432s] Level 1:colcon.colcon_core.package_identification:_identify(workspace_gz) by extension 'colcon_pkg'
[0.432s] Level 1:colcon.colcon_core.package_identification:_identify(workspace_gz) by extensions ['colcon_meta']
[0.432s] Level 1:colcon.colcon_core.package_identification:_identify(workspace_gz) by extension 'colcon_meta'
[0.432s] Level 1:colcon.colcon_core.package_identification:_identify(workspace_gz) by extensions ['ros']
[0.432s] Level 1:colcon.colcon_core.package_identification:_identify(workspace_gz) by extension 'ros'
[0.442s] DEBUG:colcon.colcon_core.package_identification:Package 'workspace_gz' with type 'ros.ament_cmake' and name 'workspace_gz'
[0.442s] Level 1:colcon.colcon_core.package_identification:_identify(workspace_nav) by extensions ['ignore', 'ignore_ament_install']
[0.442s] Level 1:colcon.colcon_core.package_identification:_identify(workspace_nav) by extension 'ignore'
[0.442s] Level 1:colcon.colcon_core.package_identification:_identify(workspace_nav) by extension 'ignore_ament_install'
[0.443s] Level 1:colcon.colcon_core.package_identification:_identify(workspace_nav) by extensions ['colcon_pkg']
[0.443s] Level 1:colcon.colcon_core.package_identification:_identify(workspace_nav) by extension 'colcon_pkg'
[0.443s] Level 1:colcon.colcon_core.package_identification:_identify(workspace_nav) by extensions ['colcon_meta']
[0.443s] Level 1:colcon.colcon_core.package_identification:_identify(workspace_nav) by extension 'colcon_meta'
[0.443s] Level 1:colcon.colcon_core.package_identification:_identify(workspace_nav) by extensions ['ros']
[0.443s] Level 1:colcon.colcon_core.package_identification:_identify(workspace_nav) by extension 'ros'
[0.445s] DEBUG:colcon.colcon_core.package_identification:Package 'workspace_nav' with type 'ros.ament_python' and name 'workspace_nav'
[0.446s] Level 1:colcon.colcon_core.package_identification:_identify(workspace_ros) by extensions ['ignore', 'ignore_ament_install']
[0.446s] Level 1:colcon.colcon_core.package_identification:_identify(workspace_ros) by extension 'ignore'
[0.446s] Level 1:colcon.colcon_core.package_identification:_identify(workspace_ros) by extension 'ignore_ament_install'
[0.446s] Level 1:colcon.colcon_core.package_identification:_identify(workspace_ros) by extensions ['colcon_pkg']
[0.446s] Level 1:colcon.colcon_core.package_identification:_identify(workspace_ros) by extension 'colcon_pkg'
[0.446s] Level 1:colcon.colcon_core.package_identification:_identify(workspace_ros) by extensions ['colcon_meta']
[0.446s] Level 1:colcon.colcon_core.package_identification:_identify(workspace_ros) by extension 'colcon_meta'
[0.446s] Level 1:colcon.colcon_core.package_identification:_identify(workspace_ros) by extensions ['ros']
[0.446s] Level 1:colcon.colcon_core.package_identification:_identify(workspace_ros) by extension 'ros'
[0.450s] DEBUG:colcon.colcon_core.package_identification:Package 'workspace_ros' with type 'ros.ament_python' and name 'workspace_ros'
[0.450s] Level 1:colcon.colcon_core.package_discovery:discover_packages(recursive) using defaults
[0.450s] Level 1:colcon.colcon_core.package_discovery:discover_packages(ignore) discover
[0.450s] Level 1:colcon.colcon_core.package_discovery:discover_packages(ignore) using defaults
[0.450s] Level 1:colcon.colcon_core.package_discovery:discover_packages(path) discover
[0.450s] Level 1:colcon.colcon_core.package_discovery:discover_packages(path) using defaults
[0.498s] Level 1:colcon.colcon_core.package_discovery:discover_packages(prefix_path) check parameters
[0.498s] Level 1:colcon.colcon_core.package_discovery:discover_packages(prefix_path) discover
[0.506s] DEBUG:colcon.colcon_installed_package_information.package_discovery:Found 3 installed packages in /home/aliomac/garp-test/install
[0.507s] DEBUG:colcon.colcon_installed_package_information.package_discovery:Found 8 installed packages in /home/aliomac/vrx_ws/install
[0.508s] DEBUG:colcon.colcon_installed_package_information.package_discovery:Found 6 installed packages in /home/aliomac/thesis_USV_gazebo/install
[0.511s] DEBUG:colcon.colcon_installed_package_information.package_discovery:Found 418 installed packages in /opt/ros/jazzy
[0.515s] Level 1:colcon.colcon_core.package_discovery:discover_packages(prefix_path) using defaults
[0.643s] Level 5:colcon.colcon_core.verb:set package 'workspace_gz' build argument 'cmake_args' from command line to 'None'
[0.643s] Level 5:colcon.colcon_core.verb:set package 'workspace_gz' build argument 'cmake_target' from command line to 'None'
[0.643s] Level 5:colcon.colcon_core.verb:set package 'workspace_gz' build argument 'cmake_target_skip_unavailable' from command line to 'False'
[0.643s] Level 5:colcon.colcon_core.verb:set package 'workspace_gz' build argument 'cmake_clean_cache' from command line to 'False'
[0.643s] Level 5:colcon.colcon_core.verb:set package 'workspace_gz' build argument 'cmake_clean_first' from command line to 'False'
[0.643s] Level 5:colcon.colcon_core.verb:set package 'workspace_gz' build argument 'cmake_force_configure' from command line to 'False'
[0.643s] Level 5:colcon.colcon_core.verb:set package 'workspace_gz' build argument 'ament_cmake_args' from command line to 'None'
[0.643s] Level 5:colcon.colcon_core.verb:set package 'workspace_gz' build argument 'catkin_cmake_args' from command line to 'None'
[0.644s] Level 5:colcon.colcon_core.verb:set package 'workspace_gz' build argument 'catkin_skip_building_tests' from command line to 'False'
[0.644s] DEBUG:colcon.colcon_core.verb:Building package 'workspace_gz' with the following arguments: {'ament_cmake_args': None, 'build_base': '/home/aliomac/garp-test/build/workspace_gz', 'catkin_cmake_args': None, 'catkin_skip_building_tests': False, 'cmake_args': None, 'cmake_clean_cache': False, 'cmake_clean_first': False, 'cmake_force_configure': False, 'cmake_target': None, 'cmake_target_skip_unavailable': False, 'install_base': '/home/aliomac/garp-test/install/workspace_gz', 'merge_install': False, 'path': '/home/aliomac/garp-test/workspace_gz', 'symlink_install': False, 'test_result_base': None}
[0.644s] Level 5:colcon.colcon_core.verb:set package 'workspace_nav' build argument 'cmake_args' from command line to 'None'
[0.644s] Level 5:colcon.colcon_core.verb:set package 'workspace_nav' build argument 'cmake_target' from command line to 'None'
[0.644s] Level 5:colcon.colcon_core.verb:set package 'workspace_nav' build argument 'cmake_target_skip_unavailable' from command line to 'False'
[0.644s] Level 5:colcon.colcon_core.verb:set package 'workspace_nav' build argument 'cmake_clean_cache' from command line to 'False'
[0.645s] Level 5:colcon.colcon_core.verb:set package 'workspace_nav' build argument 'cmake_clean_first' from command line to 'False'
[0.645s] Level 5:colcon.colcon_core.verb:set package 'workspace_nav' build argument 'cmake_force_configure' from command line to 'False'
[0.645s] Level 5:colcon.colcon_core.verb:set package 'workspace_nav' build argument 'ament_cmake_args' from command line to 'None'
[0.645s] Level 5:colcon.colcon_core.verb:set package 'workspace_nav' build argument 'catkin_cmake_args' from command line to 'None'
[0.645s] Level 5:colcon.colcon_core.verb:set package 'workspace_nav' build argument 'catkin_skip_building_tests' from command line to 'False'
[0.645s] DEBUG:colcon.colcon_core.verb:Building package 'workspace_nav' with the following arguments: {'ament_cmake_args': None, 'build_base': '/home/aliomac/garp-test/build/workspace_nav', 'catkin_cmake_args': None, 'catkin_skip_building_tests': False, 'cmake_args': None, 'cmake_clean_cache': False, 'cmake_clean_first': False, 'cmake_force_configure': False, 'cmake_target': None, 'cmake_target_skip_unavailable': False, 'install_base': '/home/aliomac/garp-test/install/workspace_nav', 'merge_install': False, 'path': '/home/aliomac/garp-test/workspace_nav', 'symlink_install': False, 'test_result_base': None}
[0.645s] Level 5:colcon.colcon_core.verb:set package 'workspace_ros' build argument 'cmake_args' from command line to 'None'
[0.646s] Level 5:colcon.colcon_core.verb:set package 'workspace_ros' build argument 'cmake_target' from command line to 'None'
[0.646s] Level 5:colcon.colcon_core.verb:set package 'workspace_ros' build argument 'cmake_target_skip_unavailable' from command line to 'False'
[0.646s] Level 5:colcon.colcon_core.verb:set package 'workspace_ros' build argument 'cmake_clean_cache' from command line to 'False'
[0.646s] Level 5:colcon.colcon_core.verb:set package 'workspace_ros' build argument 'cmake_clean_first' from command line to 'False'
[0.646s] Level 5:colcon.colcon_core.verb:set package 'workspace_ros' build argument 'cmake_force_configure' from command line to 'False'
[0.646s] Level 5:colcon.colcon_core.verb:set package 'workspace_ros' build argument 'ament_cmake_args' from command line to 'None'
[0.646s] Level 5:colcon.colcon_core.verb:set package 'workspace_ros' build argument 'catkin_cmake_args' from command line to 'None'
[0.646s] Level 5:colcon.colcon_core.verb:set package 'workspace_ros' build argument 'catkin_skip_building_tests' from command line to 'False'
[0.646s] DEBUG:colcon.colcon_core.verb:Building package 'workspace_ros' with the following arguments: {'ament_cmake_args': None, 'build_base': '/home/aliomac/garp-test/build/workspace_ros', 'catkin_cmake_args': None, 'catkin_skip_building_tests': False, 'cmake_args': None, 'cmake_clean_cache': False, 'cmake_clean_first': False, 'cmake_force_configure': False, 'cmake_target': None, 'cmake_target_skip_unavailable': False, 'install_base': '/home/aliomac/garp-test/install/workspace_ros', 'merge_install': False, 'path': '/home/aliomac/garp-test/workspace_ros', 'symlink_install': False, 'test_result_base': None}
[0.647s] INFO:colcon.colcon_core.executor:Executing jobs using 'parallel' executor
[0.648s] DEBUG:colcon.colcon_parallel_executor.executor.parallel:run_until_complete
[0.650s] INFO:colcon.colcon_ros.task.ament_cmake.build:Building ROS package in '/home/aliomac/garp-test/workspace_gz' with build type 'ament_cmake'
[0.651s] INFO:colcon.colcon_cmake.task.cmake.build:Building CMake package in '/home/aliomac/garp-test/workspace_gz'
[0.662s] INFO:colcon.colcon_core.plugin_system:Skipping extension 'colcon_core.shell.bat': Not used on non-Windows systems
[0.663s] INFO:colcon.colcon_core.shell:Skip shell extension 'powershell' for command environment: Not usable outside of PowerShell
[0.663s] DEBUG:colcon.colcon_core.shell:Skip shell extension 'dsv' for command environment
[0.684s] INFO:colcon.colcon_ros.task.ament_python.build:Building ROS package in '/home/aliomac/garp-test/workspace_nav' with build type 'ament_python'
[0.686s] Level 1:colcon.colcon_core.shell:create_environment_hook('workspace_nav', 'ament_prefix_path')
[0.688s] INFO:colcon.colcon_core.shell:Creating environment hook '/home/aliomac/garp-test/install/workspace_nav/share/workspace_nav/hook/ament_prefix_path.ps1'
[0.690s] INFO:colcon.colcon_core.shell:Creating environment descriptor '/home/aliomac/garp-test/install/workspace_nav/share/workspace_nav/hook/ament_prefix_path.dsv'
[0.691s] INFO:colcon.colcon_core.shell:Creating environment hook '/home/aliomac/garp-test/install/workspace_nav/share/workspace_nav/hook/ament_prefix_path.sh'
[0.694s] INFO:colcon.colcon_core.shell:Skip shell extension 'powershell' for command environment: Not usable outside of PowerShell
[0.695s] DEBUG:colcon.colcon_core.shell:Skip shell extension 'dsv' for command environment
[0.708s] INFO:colcon.colcon_ros.task.ament_python.build:Building ROS package in '/home/aliomac/garp-test/workspace_ros' with build type 'ament_python'
[0.708s] Level 1:colcon.colcon_core.shell:create_environment_hook('workspace_ros', 'ament_prefix_path')
[0.709s] INFO:colcon.colcon_core.shell:Creating environment hook '/home/aliomac/garp-test/install/workspace_ros/share/workspace_ros/hook/ament_prefix_path.ps1'
[0.710s] INFO:colcon.colcon_core.shell:Creating environment descriptor '/home/aliomac/garp-test/install/workspace_ros/share/workspace_ros/hook/ament_prefix_path.dsv'
[0.711s] INFO:colcon.colcon_core.shell:Creating environment hook '/home/aliomac/garp-test/install/workspace_ros/share/workspace_ros/hook/ament_prefix_path.sh'
[0.713s] INFO:colcon.colcon_core.shell:Skip shell extension 'powershell' for command environment: Not usable outside of PowerShell
[0.714s] DEBUG:colcon.colcon_core.shell:Skip shell extension 'dsv' for command environment
[0.733s] DEBUG:colcon.colcon_core.event_handler.log_command:Invoking command in '/home/aliomac/garp-test/build/workspace_gz': CMAKE_PREFIX_PATH=${CMAKE_PREFIX_PATH}:/home/aliomac/garp-test/install/workspace_ros:/home/aliomac/garp-test/install/workspace_nav:/opt/ros/jazzy DEBUGINFOD_URLS=https://debuginfod.ubuntu.com /usr/bin/cmake /home/aliomac/garp-test/workspace_gz -DCMAKE_INSTALL_PREFIX=/home/aliomac/garp-test/install/workspace_gz
[1.325s] INFO:colcon.colcon_core.task.python.build:Building Python package in '/home/aliomac/garp-test/workspace_nav'
[1.325s] INFO:colcon.colcon_core.shell:Skip shell extension 'powershell' for command environment: Not usable outside of PowerShell
[1.325s] DEBUG:colcon.colcon_core.shell:Skip shell extension 'dsv' for command environment
[1.991s] INFO:colcon.colcon_core.task.python.build:Building Python package in '/home/aliomac/garp-test/workspace_ros'
[1.992s] INFO:colcon.colcon_core.shell:Skip shell extension 'powershell' for command environment: Not usable outside of PowerShell
[1.993s] DEBUG:colcon.colcon_core.shell:Skip shell extension 'dsv' for command environment
[3.786s] DEBUG:colcon.colcon_core.event_handler.log_command:Invoking command in '/home/aliomac/garp-test/build/workspace_nav': DEBUGINFOD_URLS=https://debuginfod.ubuntu.com PYTHONPATH=/home/aliomac/garp-test/build/workspace_nav/prefix_override:/usr/lib/python3/dist-packages/colcon_core/task/python/colcon_distutils_commands:/home/aliomac/garp-test/install/workspace_nav/lib/python3.12/site-packages:${PYTHONPATH} /usr/bin/python3 -W ignore:setup.py install is deprecated -W ignore:easy_install command is deprecated setup.py develop --uninstall --editable --build-directory /home/aliomac/garp-test/build/workspace_nav/build
[3.805s] DEBUG:colcon.colcon_core.event_handler.log_command:Invoking command in '/home/aliomac/garp-test/build/workspace_ros': DEBUGINFOD_URLS=https://debuginfod.ubuntu.com PYTHONPATH=/home/aliomac/garp-test/build/workspace_ros/prefix_override:/usr/lib/python3/dist-packages/colcon_core/task/python/colcon_distutils_commands:/home/aliomac/garp-test/install/workspace_ros/lib/python3.12/site-packages:${PYTHONPATH} /usr/bin/python3 -W ignore:setup.py install is deprecated -W ignore:easy_install command is deprecated setup.py develop --uninstall --editable --build-directory /home/aliomac/garp-test/build/workspace_ros/build
[4.677s] DEBUG:colcon.colcon_core.event_handler.log_command:Invoked command in '/home/aliomac/garp-test/build/workspace_gz' returned '0': CMAKE_PREFIX_PATH=${CMAKE_PREFIX_PATH}:/home/aliomac/garp-test/install/workspace_ros:/home/aliomac/garp-test/install/workspace_nav:/opt/ros/jazzy DEBUGINFOD_URLS=https://debuginfod.ubuntu.com /usr/bin/cmake /home/aliomac/garp-test/workspace_gz -DCMAKE_INSTALL_PREFIX=/home/aliomac/garp-test/install/workspace_gz
[4.681s] DEBUG:colcon.colcon_core.event_handler.log_command:Invoking command in '/home/aliomac/garp-test/build/workspace_gz': CMAKE_PREFIX_PATH=${CMAKE_PREFIX_PATH}:/home/aliomac/garp-test/install/workspace_ros:/home/aliomac/garp-test/install/workspace_nav:/opt/ros/jazzy DEBUGINFOD_URLS=https://debuginfod.ubuntu.com /usr/bin/cmake --build /home/aliomac/garp-test/build/workspace_gz -- -j8 -l8
[5.201s] DEBUG:colcon.colcon_core.event_handler.log_command:Invoked command in '/home/aliomac/garp-test/build/workspace_ros' returned '0': DEBUGINFOD_URLS=https://debuginfod.ubuntu.com PYTHONPATH=/home/aliomac/garp-test/build/workspace_ros/prefix_override:/usr/lib/python3/dist-packages/colcon_core/task/python/colcon_distutils_commands:/home/aliomac/garp-test/install/workspace_ros/lib/python3.12/site-packages:${PYTHONPATH} /usr/bin/python3 -W ignore:setup.py install is deprecated -W ignore:easy_install command is deprecated setup.py develop --uninstall --editable --build-directory /home/aliomac/garp-test/build/workspace_ros/build
[5.206s] DEBUG:colcon.colcon_core.event_handler.log_command:Invoking command in '/home/aliomac/garp-test/workspace_ros': DEBUGINFOD_URLS=https://debuginfod.ubuntu.com PYTHONPATH=/home/aliomac/garp-test/build/workspace_ros/prefix_override:/usr/lib/python3/dist-packages/colcon_core/task/python/colcon_distutils_commands:/home/aliomac/garp-test/install/workspace_ros/lib/python3.12/site-packages:${PYTHONPATH} /usr/bin/python3 -W ignore:setup.py install is deprecated -W ignore:easy_install command is deprecated setup.py egg_info --egg-base ../build/workspace_ros build --build-base /home/aliomac/garp-test/build/workspace_ros/build install --record /home/aliomac/garp-test/build/workspace_ros/install.log --single-version-externally-managed install_data --force
[5.233s] DEBUG:colcon.colcon_core.event_handler.log_command:Invoked command in '/home/aliomac/garp-test/build/workspace_nav' returned '0': DEBUGINFOD_URLS=https://debuginfod.ubuntu.com PYTHONPATH=/home/aliomac/garp-test/build/workspace_nav/prefix_override:/usr/lib/python3/dist-packages/colcon_core/task/python/colcon_distutils_commands:/home/aliomac/garp-test/install/workspace_nav/lib/python3.12/site-packages:${PYTHONPATH} /usr/bin/python3 -W ignore:setup.py install is deprecated -W ignore:easy_install command is deprecated setup.py develop --uninstall --editable --build-directory /home/aliomac/garp-test/build/workspace_nav/build
[5.236s] DEBUG:colcon.colcon_core.event_handler.log_command:Invoking command in '/home/aliomac/garp-test/workspace_nav': DEBUGINFOD_URLS=https://debuginfod.ubuntu.com PYTHONPATH=/home/aliomac/garp-test/build/workspace_nav/prefix_override:/usr/lib/python3/dist-packages/colcon_core/task/python/colcon_distutils_commands:/home/aliomac/garp-test/install/workspace_nav/lib/python3.12/site-packages:${PYTHONPATH} /usr/bin/python3 -W ignore:setup.py install is deprecated -W ignore:easy_install command is deprecated setup.py egg_info --egg-base ../build/workspace_nav build --build-base /home/aliomac/garp-test/build/workspace_nav/build install --record /home/aliomac/garp-test/build/workspace_nav/install.log --single-version-externally-managed install_data --force
[6.665s] DEBUG:colcon.colcon_core.event_handler.log_command:Invoked command in '/home/aliomac/garp-test/build/workspace_gz' returned '0': CMAKE_PREFIX_PATH=${CMAKE_PREFIX_PATH}:/home/aliomac/garp-test/install/workspace_ros:/home/aliomac/garp-test/install/workspace_nav:/opt/ros/jazzy DEBUGINFOD_URLS=https://debuginfod.ubuntu.com /usr/bin/cmake --build /home/aliomac/garp-test/build/workspace_gz -- -j8 -l8
[6.722s] DEBUG:colcon.colcon_core.event_handler.log_command:Invoking command in '/home/aliomac/garp-test/build/workspace_gz': CMAKE_PREFIX_PATH=${CMAKE_PREFIX_PATH}:/home/aliomac/garp-test/install/workspace_ros:/home/aliomac/garp-test/install/workspace_nav:/opt/ros/jazzy DEBUGINFOD_URLS=https://debuginfod.ubuntu.com /usr/bin/cmake --install /home/aliomac/garp-test/build/workspace_gz
[7.053s] Level 1:colcon.colcon_core.environment:create_environment_scripts_only(workspace_gz)
[7.055s] DEBUG:colcon.colcon_core.event_handler.log_command:Invoked command in '/home/aliomac/garp-test/build/workspace_gz' returned '0': CMAKE_PREFIX_PATH=${CMAKE_PREFIX_PATH}:/home/aliomac/garp-test/install/workspace_ros:/home/aliomac/garp-test/install/workspace_nav:/opt/ros/jazzy DEBUGINFOD_URLS=https://debuginfod.ubuntu.com /usr/bin/cmake --install /home/aliomac/garp-test/build/workspace_gz
[7.085s] Level 1:colcon.colcon_core.environment:checking '/home/aliomac/garp-test/install/workspace_gz' for CMake module files
[7.087s] Level 1:colcon.colcon_core.environment:checking '/home/aliomac/garp-test/install/workspace_gz' for CMake config files
[7.099s] Level 1:colcon.colcon_core.shell:create_environment_hook('workspace_gz', 'cmake_prefix_path')
[7.099s] INFO:colcon.colcon_core.shell:Creating environment hook '/home/aliomac/garp-test/install/workspace_gz/share/workspace_gz/hook/cmake_prefix_path.ps1'
[7.102s] INFO:colcon.colcon_core.shell:Creating environment descriptor '/home/aliomac/garp-test/install/workspace_gz/share/workspace_gz/hook/cmake_prefix_path.dsv'
[7.104s] INFO:colcon.colcon_core.shell:Creating environment hook '/home/aliomac/garp-test/install/workspace_gz/share/workspace_gz/hook/cmake_prefix_path.sh'
[7.106s] Level 1:colcon.colcon_core.environment:checking '/home/aliomac/garp-test/install/workspace_gz/lib'
[7.106s] Level 1:colcon.colcon_core.shell:create_environment_hook('workspace_gz', 'ld_library_path_lib')
[7.107s] INFO:colcon.colcon_core.shell:Creating environment hook '/home/aliomac/garp-test/install/workspace_gz/share/workspace_gz/hook/ld_library_path_lib.ps1'
[7.108s] INFO:colcon.colcon_core.shell:Creating environment descriptor '/home/aliomac/garp-test/install/workspace_gz/share/workspace_gz/hook/ld_library_path_lib.dsv'
[7.109s] INFO:colcon.colcon_core.shell:Creating environment hook '/home/aliomac/garp-test/install/workspace_gz/share/workspace_gz/hook/ld_library_path_lib.sh'
[7.110s] Level 1:colcon.colcon_core.environment:checking '/home/aliomac/garp-test/install/workspace_gz/bin'
[7.110s] Level 1:colcon.colcon_core.environment:checking '/home/aliomac/garp-test/install/workspace_gz/lib/pkgconfig/workspace_gz.pc'
[7.110s] Level 1:colcon.colcon_core.environment:checking '/home/aliomac/garp-test/install/workspace_gz/lib/python3.12/site-packages'
[7.111s] Level 1:colcon.colcon_core.environment:checking '/home/aliomac/garp-test/install/workspace_gz/bin'
[7.112s] INFO:colcon.colcon_core.shell:Creating package script '/home/aliomac/garp-test/install/workspace_gz/share/workspace_gz/package.ps1'
[7.114s] INFO:colcon.colcon_core.shell:Creating package descriptor '/home/aliomac/garp-test/install/workspace_gz/share/workspace_gz/package.dsv'
[7.116s] INFO:colcon.colcon_core.shell:Creating package script '/home/aliomac/garp-test/install/workspace_gz/share/workspace_gz/package.sh'
[7.119s] INFO:colcon.colcon_core.shell:Creating package script '/home/aliomac/garp-test/install/workspace_gz/share/workspace_gz/package.bash'
[7.125s] INFO:colcon.colcon_core.shell:Creating package script '/home/aliomac/garp-test/install/workspace_gz/share/workspace_gz/package.zsh'
[7.126s] Level 1:colcon.colcon_core.environment:create_file_with_runtime_dependencies(/home/aliomac/garp-test/install/workspace_gz/share/colcon-core/packages/workspace_gz)
[7.129s] Level 1:colcon.colcon_core.environment:create_environment_scripts_only(workspace_gz)
[7.129s] Level 1:colcon.colcon_core.environment:checking '/home/aliomac/garp-test/install/workspace_gz' for CMake module files
[7.131s] Level 1:colcon.colcon_core.environment:checking '/home/aliomac/garp-test/install/workspace_gz' for CMake config files
[7.136s] Level 1:colcon.colcon_core.shell:create_environment_hook('workspace_gz', 'cmake_prefix_path')
[7.140s] INFO:colcon.colcon_core.shell:Creating environment hook '/home/aliomac/garp-test/install/workspace_gz/share/workspace_gz/hook/cmake_prefix_path.ps1'
[7.141s] INFO:colcon.colcon_core.shell:Creating environment descriptor '/home/aliomac/garp-test/install/workspace_gz/share/workspace_gz/hook/cmake_prefix_path.dsv'
[7.142s] INFO:colcon.colcon_core.shell:Creating environment hook '/home/aliomac/garp-test/install/workspace_gz/share/workspace_gz/hook/cmake_prefix_path.sh'
[7.143s] Level 1:colcon.colcon_core.environment:checking '/home/aliomac/garp-test/install/workspace_gz/lib'
[7.143s] Level 1:colcon.colcon_core.shell:create_environment_hook('workspace_gz', 'ld_library_path_lib')
[7.144s] INFO:colcon.colcon_core.shell:Creating environment hook '/home/aliomac/garp-test/install/workspace_gz/share/workspace_gz/hook/ld_library_path_lib.ps1'
[7.149s] INFO:colcon.colcon_core.shell:Creating environment descriptor '/home/aliomac/garp-test/install/workspace_gz/share/workspace_gz/hook/ld_library_path_lib.dsv'
[7.150s] INFO:colcon.colcon_core.shell:Creating environment hook '/home/aliomac/garp-test/install/workspace_gz/share/workspace_gz/hook/ld_library_path_lib.sh'
[7.151s] Level 1:colcon.colcon_core.environment:checking '/home/aliomac/garp-test/install/workspace_gz/bin'
[7.151s] Level 1:colcon.colcon_core.environment:checking '/home/aliomac/garp-test/install/workspace_gz/lib/pkgconfig/workspace_gz.pc'
[7.152s] Level 1:colcon.colcon_core.environment:checking '/home/aliomac/garp-test/install/workspace_gz/lib/python3.12/site-packages'
[7.156s] Level 1:colcon.colcon_core.environment:checking '/home/aliomac/garp-test/install/workspace_gz/bin'
[7.157s] INFO:colcon.colcon_core.shell:Creating package script '/home/aliomac/garp-test/install/workspace_gz/share/workspace_gz/package.ps1'
[7.164s] INFO:colcon.colcon_core.shell:Creating package descriptor '/home/aliomac/garp-test/install/workspace_gz/share/workspace_gz/package.dsv'
[7.169s] INFO:colcon.colcon_core.shell:Creating package script '/home/aliomac/garp-test/install/workspace_gz/share/workspace_gz/package.sh'
[7.171s] INFO:colcon.colcon_core.shell:Creating package script '/home/aliomac/garp-test/install/workspace_gz/share/workspace_gz/package.bash'
[7.172s] INFO:colcon.colcon_core.shell:Creating package script '/home/aliomac/garp-test/install/workspace_gz/share/workspace_gz/package.zsh'
[7.174s] Level 1:colcon.colcon_core.environment:create_file_with_runtime_dependencies(/home/aliomac/garp-test/install/workspace_gz/share/colcon-core/packages/workspace_gz)
[7.300s] Level 1:colcon.colcon_core.environment:checking '/home/aliomac/garp-test/install/workspace_nav' for CMake module files
[7.301s] Level 1:colcon.colcon_core.environment:checking '/home/aliomac/garp-test/install/workspace_nav' for CMake config files
[7.309s] DEBUG:colcon.colcon_core.event_handler.log_command:Invoked command in '/home/aliomac/garp-test/workspace_nav' returned '0': DEBUGINFOD_URLS=https://debuginfod.ubuntu.com PYTHONPATH=/home/aliomac/garp-test/build/workspace_nav/prefix_override:/usr/lib/python3/dist-packages/colcon_core/task/python/colcon_distutils_commands:/home/aliomac/garp-test/install/workspace_nav/lib/python3.12/site-packages:${PYTHONPATH} /usr/bin/python3 -W ignore:setup.py install is deprecated -W ignore:easy_install command is deprecated setup.py egg_info --egg-base ../build/workspace_nav build --build-base /home/aliomac/garp-test/build/workspace_nav/build install --record /home/aliomac/garp-test/build/workspace_nav/install.log --single-version-externally-managed install_data --force
[7.310s] Level 1:colcon.colcon_core.environment:checking '/home/aliomac/garp-test/install/workspace_nav/lib'
[7.311s] Level 1:colcon.colcon_core.environment:checking '/home/aliomac/garp-test/install/workspace_nav/bin'
[7.311s] Level 1:colcon.colcon_core.environment:checking '/home/aliomac/garp-test/install/workspace_nav/lib/pkgconfig/workspace_nav.pc'
[7.311s] Level 1:colcon.colcon_core.environment:checking '/home/aliomac/garp-test/install/workspace_nav/lib/python3.12/site-packages'
[7.312s] Level 1:colcon.colcon_core.shell:create_environment_hook('workspace_nav', 'pythonpath')
[7.316s] INFO:colcon.colcon_core.shell:Creating environment hook '/home/aliomac/garp-test/install/workspace_nav/share/workspace_nav/hook/pythonpath.ps1'
[7.317s] INFO:colcon.colcon_core.shell:Creating environment descriptor '/home/aliomac/garp-test/install/workspace_nav/share/workspace_nav/hook/pythonpath.dsv'
[7.318s] INFO:colcon.colcon_core.shell:Creating environment hook '/home/aliomac/garp-test/install/workspace_nav/share/workspace_nav/hook/pythonpath.sh'
[7.321s] Level 1:colcon.colcon_core.environment:checking '/home/aliomac/garp-test/install/workspace_nav/bin'
[7.322s] Level 1:colcon.colcon_core.environment:create_environment_scripts_only(workspace_nav)
[7.323s] INFO:colcon.colcon_core.shell:Creating package script '/home/aliomac/garp-test/install/workspace_nav/share/workspace_nav/package.ps1'
[7.325s] INFO:colcon.colcon_core.shell:Creating package descriptor '/home/aliomac/garp-test/install/workspace_nav/share/workspace_nav/package.dsv'
[7.326s] INFO:colcon.colcon_core.shell:Creating package script '/home/aliomac/garp-test/install/workspace_nav/share/workspace_nav/package.sh'
[7.326s] INFO:colcon.colcon_core.shell:Creating package script '/home/aliomac/garp-test/install/workspace_nav/share/workspace_nav/package.bash'
[7.328s] INFO:colcon.colcon_core.shell:Creating package script '/home/aliomac/garp-test/install/workspace_nav/share/workspace_nav/package.zsh'
[7.330s] Level 1:colcon.colcon_core.environment:create_file_with_runtime_dependencies(/home/aliomac/garp-test/install/workspace_nav/share/colcon-core/packages/workspace_nav)
[8.017s] Level 1:colcon.colcon_core.environment:checking '/home/aliomac/garp-test/install/workspace_ros' for CMake module files
[8.018s] Level 1:colcon.colcon_core.environment:checking '/home/aliomac/garp-test/install/workspace_ros' for CMake config files
[8.023s] Level 1:colcon.colcon_core.environment:checking '/home/aliomac/garp-test/install/workspace_ros/lib'
[8.024s] Level 1:colcon.colcon_core.environment:checking '/home/aliomac/garp-test/install/workspace_ros/bin'
[8.024s] Level 1:colcon.colcon_core.environment:checking '/home/aliomac/garp-test/install/workspace_ros/lib/pkgconfig/workspace_ros.pc'
[8.024s] Level 1:colcon.colcon_core.environment:checking '/home/aliomac/garp-test/install/workspace_ros/lib/python3.12/site-packages'
[8.025s] Level 1:colcon.colcon_core.shell:create_environment_hook('workspace_ros', 'pythonpath')
[8.026s] INFO:colcon.colcon_core.shell:Creating environment hook '/home/aliomac/garp-test/install/workspace_ros/share/workspace_ros/hook/pythonpath.ps1'
[8.026s] DEBUG:colcon.colcon_core.event_handler.log_command:Invoked command in '/home/aliomac/garp-test/workspace_ros' returned '0': DEBUGINFOD_URLS=https://debuginfod.ubuntu.com PYTHONPATH=/home/aliomac/garp-test/build/workspace_ros/prefix_override:/usr/lib/python3/dist-packages/colcon_core/task/python/colcon_distutils_commands:/home/aliomac/garp-test/install/workspace_ros/lib/python3.12/site-packages:${PYTHONPATH} /usr/bin/python3 -W ignore:setup.py install is deprecated -W ignore:easy_install command is deprecated setup.py egg_info --egg-base ../build/workspace_ros build --build-base /home/aliomac/garp-test/build/workspace_ros/build install --record /home/aliomac/garp-test/build/workspace_ros/install.log --single-version-externally-managed install_data --force
[8.027s] INFO:colcon.colcon_core.shell:Creating environment descriptor '/home/aliomac/garp-test/install/workspace_ros/share/workspace_ros/hook/pythonpath.dsv'
[8.029s] INFO:colcon.colcon_core.shell:Creating environment hook '/home/aliomac/garp-test/install/workspace_ros/share/workspace_ros/hook/pythonpath.sh'
[8.030s] Level 1:colcon.colcon_core.environment:checking '/home/aliomac/garp-test/install/workspace_ros/bin'
[8.030s] Level 1:colcon.colcon_core.environment:create_environment_scripts_only(workspace_ros)
[8.031s] INFO:colcon.colcon_core.shell:Creating package script '/home/aliomac/garp-test/install/workspace_ros/share/workspace_ros/package.ps1'
[8.034s] INFO:colcon.colcon_core.shell:Creating package descriptor '/home/aliomac/garp-test/install/workspace_ros/share/workspace_ros/package.dsv'
[8.036s] INFO:colcon.colcon_core.shell:Creating package script '/home/aliomac/garp-test/install/workspace_ros/share/workspace_ros/package.sh'
[8.037s] INFO:colcon.colcon_core.shell:Creating package script '/home/aliomac/garp-test/install/workspace_ros/share/workspace_ros/package.bash'
[8.038s] INFO:colcon.colcon_core.shell:Creating package script '/home/aliomac/garp-test/install/workspace_ros/share/workspace_ros/package.zsh'
[8.039s] Level 1:colcon.colcon_core.environment:create_file_with_runtime_dependencies(/home/aliomac/garp-test/install/workspace_ros/share/colcon-core/packages/workspace_ros)
[8.041s] DEBUG:colcon.colcon_parallel_executor.executor.parallel:closing loop
[8.042s] DEBUG:colcon.colcon_parallel_executor.executor.parallel:loop closed
[8.042s] DEBUG:colcon.colcon_parallel_executor.executor.parallel:run_until_complete finished with '0'
[8.042s] DEBUG:colcon.colcon_core.event_reactor:joining thread
[8.095s] INFO:colcon.colcon_core.plugin_system:Skipping extension 'colcon_notification.desktop_notification.terminal_notifier': Not used on non-Darwin systems
[8.096s] INFO:colcon.colcon_core.plugin_system:Skipping extension 'colcon_notification.desktop_notification.win32': Not used on non-Windows systems
[8.096s] INFO:colcon.colcon_notification.desktop_notification:Sending desktop notification using 'notify2'
[8.159s] DEBUG:colcon.colcon_core.event_reactor:joined thread
[8.162s] INFO:colcon.colcon_core.shell:Creating prefix script '/home/aliomac/garp-test/install/local_setup.ps1'
[8.171s] INFO:colcon.colcon_core.shell:Creating prefix util module '/home/aliomac/garp-test/install/_local_setup_util_ps1.py'
[8.184s] INFO:colcon.colcon_core.shell:Creating prefix chain script '/home/aliomac/garp-test/install/setup.ps1'
[8.193s] INFO:colcon.colcon_core.shell:Creating prefix script '/home/aliomac/garp-test/install/local_setup.sh'
[8.196s] INFO:colcon.colcon_core.shell:Creating prefix util module '/home/aliomac/garp-test/install/_local_setup_util_sh.py'
[8.207s] INFO:colcon.colcon_core.shell:Creating prefix chain script '/home/aliomac/garp-test/install/setup.sh'
[8.218s] INFO:colcon.colcon_core.shell:Creating prefix script '/home/aliomac/garp-test/install/local_setup.bash'
[8.225s] INFO:colcon.colcon_core.shell:Creating prefix chain script '/home/aliomac/garp-test/install/setup.bash'
[8.241s] INFO:colcon.colcon_core.shell:Creating prefix script '/home/aliomac/garp-test/install/local_setup.zsh'
[8.247s] INFO:colcon.colcon_core.shell:Creating prefix chain script '/home/aliomac/garp-test/install/setup.zsh'
