[0.125s] DEBUG:colcon:Command line arguments: ['/usr/bin/colcon', 'build', '--symlink-install', '--packages-select', 'workspace_gz']
[0.125s] DEBUG:colcon:Parsed command line arguments: Namespace(log_base=None, log_level=None, verb_name='build', build_base='build', install_base='install', merge_install=False, symlink_install=True, test_result_base=None, continue_on_error=False, executor='parallel', parallel_workers=20, event_handlers=None, ignore_user_meta=False, metas=['./colcon.meta'], base_paths=['.'], packages_ignore=None, packages_ignore_regex=None, paths=None, packages_up_to=None, packages_up_to_regex=None, packages_above=None, packages_above_and_dependencies=None, packages_above_depth=None, packages_select_by_dep=None, packages_skip_by_dep=None, packages_skip_up_to=None, packages_select_build_failed=False, packages_skip_build_finished=False, packages_select_test_failures=False, packages_skip_test_passed=False, packages_select=['workspace_gz'], packages_skip=None, packages_select_regex=None, packages_skip_regex=None, packages_start=None, packages_end=None, allow_overriding=[], cmake_args=None, cmake_target=None, cmake_target_skip_unavailable=False, cmake_clean_cache=False, cmake_clean_first=False, cmake_force_configure=False, ament_cmake_args=None, catkin_cmake_args=None, catkin_skip_building_tests=False, mixin_files=None, mixin=None, verb_parser=<colcon_mixin.mixin.mixin_argument.MixinArgumentDecorator object at 0x79c287b87590>, verb_extension=<colcon_core.verb.build.BuildVerb object at 0x79c287b87230>, main=<bound method BuildVerb.main of <colcon_core.verb.build.BuildVerb object at 0x79c287b87230>>, mixin_verb=('build',))
[0.157s] Level 1:colcon.colcon_core.package_discovery:discover_packages(colcon_meta) check parameters
[0.157s] Level 1:colcon.colcon_core.package_discovery:discover_packages(recursive) check parameters
[0.157s] Level 1:colcon.colcon_core.package_discovery:discover_packages(ignore) check parameters
[0.157s] Level 1:colcon.colcon_core.package_discovery:discover_packages(path) check parameters
[0.157s] Level 1:colcon.colcon_core.package_discovery:discover_packages(colcon_meta) discover
[0.157s] Level 1:colcon.colcon_core.package_discovery:discover_packages(recursive) discover
[0.157s] INFO:colcon.colcon_core.package_discovery:Crawling recursively for packages in '/home/ngen/yildiz_ws/src/YILDIZ-USV'
[0.157s] Level 1:colcon.colcon_core.package_identification:_identify(.) by extensions ['ignore', 'ignore_ament_install']
[0.157s] Level 1:colcon.colcon_core.package_identification:_identify(.) by extension 'ignore'
[0.157s] Level 1:colcon.colcon_core.package_identification:_identify(.) by extension 'ignore_ament_install'
[0.157s] Level 1:colcon.colcon_core.package_identification:_identify(.) by extensions ['colcon_pkg']
[0.157s] Level 1:colcon.colcon_core.package_identification:_identify(.) by extension 'colcon_pkg'
[0.157s] Level 1:colcon.colcon_core.package_identification:_identify(.) by extensions ['colcon_meta']
[0.157s] Level 1:colcon.colcon_core.package_identification:_identify(.) by extension 'colcon_meta'
[0.157s] Level 1:colcon.colcon_core.package_identification:_identify(.) by extensions ['ros']
[0.157s] Level 1:colcon.colcon_core.package_identification:_identify(.) by extension 'ros'
[0.181s] Level 1:colcon.colcon_core.package_identification:_identify(.) by extensions ['cmake', 'python']
[0.181s] Level 1:colcon.colcon_core.package_identification:_identify(.) by extension 'cmake'
[0.181s] Level 1:colcon.colcon_core.package_identification:_identify(.) by extension 'python'
[0.182s] Level 1:colcon.colcon_core.package_identification:_identify(.) by extensions ['python_setup_py']
[0.182s] Level 1:colcon.colcon_core.package_identification:_identify(.) by extension 'python_setup_py'
[0.182s] Level 1:colcon.colcon_core.package_identification:_identify(build) by extensions ['ignore', 'ignore_ament_install']
[0.182s] Level 1:colcon.colcon_core.package_identification:_identify(build) by extension 'ignore'
[0.182s] Level 1:colcon.colcon_core.package_identification:_identify(build) ignored
[0.182s] Level 1:colcon.colcon_core.package_identification:_identify(images) by extensions ['ignore', 'ignore_ament_install']
[0.182s] Level 1:colcon.colcon_core.package_identification:_identify(images) by extension 'ignore'
[0.182s] Level 1:colcon.colcon_core.package_identification:_identify(images) by extension 'ignore_ament_install'
[0.182s] Level 1:colcon.colcon_core.package_identification:_identify(images) by extensions ['colcon_pkg']
[0.182s] Level 1:colcon.colcon_core.package_identification:_identify(images) by extension 'colcon_pkg'
[0.182s] Level 1:colcon.colcon_core.package_identification:_identify(images) by extensions ['colcon_meta']
[0.182s] Level 1:colcon.colcon_core.package_identification:_identify(images) by extension 'colcon_meta'
[0.182s] Level 1:colcon.colcon_core.package_identification:_identify(images) by extensions ['ros']
[0.182s] Level 1:colcon.colcon_core.package_identification:_identify(images) by extension 'ros'
[0.182s] Level 1:colcon.colcon_core.package_identification:_identify(images) by extensions ['cmake', 'python']
[0.182s] Level 1:colcon.colcon_core.package_identification:_identify(images) by extension 'cmake'
[0.182s] Level 1:colcon.colcon_core.package_identification:_identify(images) by extension 'python'
[0.182s] Level 1:colcon.colcon_core.package_identification:_identify(images) by extensions ['python_setup_py']
[0.182s] Level 1:colcon.colcon_core.package_identification:_identify(images) by extension 'python_setup_py'
[0.182s] Level 1:colcon.colcon_core.package_identification:_identify(install) by extensions ['ignore', 'ignore_ament_install']
[0.182s] Level 1:colcon.colcon_core.package_identification:_identify(install) by extension 'ignore'
[0.182s] Level 1:colcon.colcon_core.package_identification:_identify(install) ignored
[0.182s] Level 1:colcon.colcon_core.package_identification:_identify(log) by extensions ['ignore', 'ignore_ament_install']
[0.182s] Level 1:colcon.colcon_core.package_identification:_identify(log) by extension 'ignore'
[0.182s] Level 1:colcon.colcon_core.package_identification:_identify(log) ignored
[0.182s] Level 1:colcon.colcon_core.package_identification:_identify(workspace_gz) by extensions ['ignore', 'ignore_ament_install']
[0.182s] Level 1:colcon.colcon_core.package_identification:_identify(workspace_gz) by extension 'ignore'
[0.182s] Level 1:colcon.colcon_core.package_identification:_identify(workspace_gz) by extension 'ignore_ament_install'
[0.183s] Level 1:colcon.colcon_core.package_identification:_identify(workspace_gz) by extensions ['colcon_pkg']
[0.183s] Level 1:colcon.colcon_core.package_identification:_identify(workspace_gz) by extension 'colcon_pkg'
[0.183s] Level 1:colcon.colcon_core.package_identification:_identify(workspace_gz) by extensions ['colcon_meta']
[0.183s] Level 1:colcon.colcon_core.package_identification:_identify(workspace_gz) by extension 'colcon_meta'
[0.183s] Level 1:colcon.colcon_core.package_identification:_identify(workspace_gz) by extensions ['ros']
[0.183s] Level 1:colcon.colcon_core.package_identification:_identify(workspace_gz) by extension 'ros'
[0.186s] DEBUG:colcon.colcon_core.package_identification:Package 'workspace_gz' with type 'ros.ament_cmake' and name 'workspace_gz'
[0.186s] Level 1:colcon.colcon_core.package_identification:_identify(workspace_nav) by extensions ['ignore', 'ignore_ament_install']
[0.186s] Level 1:colcon.colcon_core.package_identification:_identify(workspace_nav) by extension 'ignore'
[0.186s] Level 1:colcon.colcon_core.package_identification:_identify(workspace_nav) by extension 'ignore_ament_install'
[0.186s] Level 1:colcon.colcon_core.package_identification:_identify(workspace_nav) by extensions ['colcon_pkg']
[0.186s] Level 1:colcon.colcon_core.package_identification:_identify(workspace_nav) by extension 'colcon_pkg'
[0.186s] Level 1:colcon.colcon_core.package_identification:_identify(workspace_nav) by extensions ['colcon_meta']
[0.186s] Level 1:colcon.colcon_core.package_identification:_identify(workspace_nav) by extension 'colcon_meta'
[0.186s] Level 1:colcon.colcon_core.package_identification:_identify(workspace_nav) by extensions ['ros']
[0.186s] Level 1:colcon.colcon_core.package_identification:_identify(workspace_nav) by extension 'ros'
[0.187s] DEBUG:colcon.colcon_core.package_identification:Package 'workspace_nav' with type 'ros.ament_python' and name 'workspace_nav'
[0.187s] Level 1:colcon.colcon_core.package_identification:_identify(workspace_ros) by extensions ['ignore', 'ignore_ament_install']
[0.187s] Level 1:colcon.colcon_core.package_identification:_identify(workspace_ros) by extension 'ignore'
[0.187s] Level 1:colcon.colcon_core.package_identification:_identify(workspace_ros) by extension 'ignore_ament_install'
[0.187s] Level 1:colcon.colcon_core.package_identification:_identify(workspace_ros) by extensions ['colcon_pkg']
[0.187s] Level 1:colcon.colcon_core.package_identification:_identify(workspace_ros) by extension 'colcon_pkg'
[0.187s] Level 1:colcon.colcon_core.package_identification:_identify(workspace_ros) by extensions ['colcon_meta']
[0.188s] Level 1:colcon.colcon_core.package_identification:_identify(workspace_ros) by extension 'colcon_meta'
[0.188s] Level 1:colcon.colcon_core.package_identification:_identify(workspace_ros) by extensions ['ros']
[0.188s] Level 1:colcon.colcon_core.package_identification:_identify(workspace_ros) by extension 'ros'
[0.189s] DEBUG:colcon.colcon_core.package_identification:Package 'workspace_ros' with type 'ros.ament_python' and name 'workspace_ros'
[0.189s] Level 1:colcon.colcon_core.package_discovery:discover_packages(recursive) using defaults
[0.189s] Level 1:colcon.colcon_core.package_discovery:discover_packages(ignore) discover
[0.189s] Level 1:colcon.colcon_core.package_discovery:discover_packages(ignore) using defaults
[0.189s] Level 1:colcon.colcon_core.package_discovery:discover_packages(path) discover
[0.189s] Level 1:colcon.colcon_core.package_discovery:discover_packages(path) using defaults
[0.206s] INFO:colcon.colcon_core.package_selection:Skipping not selected package 'workspace_nav' in 'workspace_nav'
[0.206s] INFO:colcon.colcon_core.package_selection:Skipping not selected package 'workspace_ros' in 'workspace_ros'
[0.206s] Level 1:colcon.colcon_core.package_discovery:discover_packages(prefix_path) check parameters
[0.206s] Level 1:colcon.colcon_core.package_discovery:discover_packages(prefix_path) discover
[0.208s] DEBUG:colcon.colcon_installed_package_information.package_discovery:Found 3 installed packages in /home/ngen/yildiz_ws/src/YILDIZ-USV/install
[0.209s] DEBUG:colcon.colcon_installed_package_information.package_discovery:Found 427 installed packages in /opt/ros/jazzy
[0.210s] Level 1:colcon.colcon_core.package_discovery:discover_packages(prefix_path) using defaults
[0.252s] Level 5:colcon.colcon_core.verb:set package 'workspace_gz' build argument 'cmake_args' from command line to 'None'
[0.252s] Level 5:colcon.colcon_core.verb:set package 'workspace_gz' build argument 'cmake_target' from command line to 'None'
[0.252s] Level 5:colcon.colcon_core.verb:set package 'workspace_gz' build argument 'cmake_target_skip_unavailable' from command line to 'False'
[0.252s] Level 5:colcon.colcon_core.verb:set package 'workspace_gz' build argument 'cmake_clean_cache' from command line to 'False'
[0.252s] Level 5:colcon.colcon_core.verb:set package 'workspace_gz' build argument 'cmake_clean_first' from command line to 'False'
[0.252s] Level 5:colcon.colcon_core.verb:set package 'workspace_gz' build argument 'cmake_force_configure' from command line to 'False'
[0.252s] Level 5:colcon.colcon_core.verb:set package 'workspace_gz' build argument 'ament_cmake_args' from command line to 'None'
[0.252s] Level 5:colcon.colcon_core.verb:set package 'workspace_gz' build argument 'catkin_cmake_args' from command line to 'None'
[0.252s] Level 5:colcon.colcon_core.verb:set package 'workspace_gz' build argument 'catkin_skip_building_tests' from command line to 'False'
[0.252s] DEBUG:colcon.colcon_core.verb:Building package 'workspace_gz' with the following arguments: {'ament_cmake_args': None, 'build_base': '/home/ngen/yildiz_ws/src/YILDIZ-USV/build/workspace_gz', 'catkin_cmake_args': None, 'catkin_skip_building_tests': False, 'cmake_args': None, 'cmake_clean_cache': False, 'cmake_clean_first': False, 'cmake_force_configure': False, 'cmake_target': None, 'cmake_target_skip_unavailable': False, 'install_base': '/home/ngen/yildiz_ws/src/YILDIZ-USV/install/workspace_gz', 'merge_install': False, 'path': '/home/ngen/yildiz_ws/src/YILDIZ-USV/workspace_gz', 'symlink_install': True, 'test_result_base': None}
[0.252s] INFO:colcon.colcon_core.executor:Executing jobs using 'parallel' executor
[0.253s] DEBUG:colcon.colcon_parallel_executor.executor.parallel:run_until_complete
[0.253s] INFO:colcon.colcon_ros.task.ament_cmake.build:Building ROS package in '/home/ngen/yildiz_ws/src/YILDIZ-USV/workspace_gz' with build type 'ament_cmake'
[0.253s] INFO:colcon.colcon_cmake.task.cmake.build:Building CMake package in '/home/ngen/yildiz_ws/src/YILDIZ-USV/workspace_gz'
[0.256s] INFO:colcon.colcon_core.plugin_system:Skipping extension 'colcon_core.shell.bat': Not used on non-Windows systems
[0.256s] INFO:colcon.colcon_core.shell:Skip shell extension 'powershell' for command environment: Not usable outside of PowerShell
[0.256s] DEBUG:colcon.colcon_core.shell:Skip shell extension 'dsv' for command environment
[0.265s] DEBUG:colcon.colcon_core.event_handler.log_command:Invoking command in '/home/ngen/yildiz_ws/src/YILDIZ-USV/build/workspace_gz': CMAKE_PREFIX_PATH=${CMAKE_PREFIX_PATH}:/home/ngen/yildiz_ws/src/YILDIZ-USV/install/workspace_ros:/home/ngen/yildiz_ws/src/YILDIZ-USV/install/workspace_nav:/opt/ros/jazzy DEBUGINFOD_URLS=https://debuginfod.ubuntu.com /usr/bin/cmake --build /home/ngen/yildiz_ws/src/YILDIZ-USV/build/workspace_gz -- -j20 -l20
[0.378s] DEBUG:colcon.colcon_core.event_handler.log_command:Invoked command in '/home/ngen/yildiz_ws/src/YILDIZ-USV/build/workspace_gz' returned '0': CMAKE_PREFIX_PATH=${CMAKE_PREFIX_PATH}:/home/ngen/yildiz_ws/src/YILDIZ-USV/install/workspace_ros:/home/ngen/yildiz_ws/src/YILDIZ-USV/install/workspace_nav:/opt/ros/jazzy DEBUGINFOD_URLS=https://debuginfod.ubuntu.com /usr/bin/cmake --build /home/ngen/yildiz_ws/src/YILDIZ-USV/build/workspace_gz -- -j20 -l20
[0.386s] DEBUG:colcon.colcon_core.event_handler.log_command:Invoking command in '/home/ngen/yildiz_ws/src/YILDIZ-USV/build/workspace_gz': CMAKE_PREFIX_PATH=${CMAKE_PREFIX_PATH}:/home/ngen/yildiz_ws/src/YILDIZ-USV/install/workspace_ros:/home/ngen/yildiz_ws/src/YILDIZ-USV/install/workspace_nav:/opt/ros/jazzy DEBUGINFOD_URLS=https://debuginfod.ubuntu.com /usr/bin/cmake --install /home/ngen/yildiz_ws/src/YILDIZ-USV/build/workspace_gz
[0.414s] Level 1:colcon.colcon_core.environment:create_environment_scripts_only(workspace_gz)
[0.414s] DEBUG:colcon.colcon_core.event_handler.log_command:Invoked command in '/home/ngen/yildiz_ws/src/YILDIZ-USV/build/workspace_gz' returned '0': CMAKE_PREFIX_PATH=${CMAKE_PREFIX_PATH}:/home/ngen/yildiz_ws/src/YILDIZ-USV/install/workspace_ros:/home/ngen/yildiz_ws/src/YILDIZ-USV/install/workspace_nav:/opt/ros/jazzy DEBUGINFOD_URLS=https://debuginfod.ubuntu.com /usr/bin/cmake --install /home/ngen/yildiz_ws/src/YILDIZ-USV/build/workspace_gz
[0.417s] Level 1:colcon.colcon_core.environment:checking '/home/ngen/yildiz_ws/src/YILDIZ-USV/install/workspace_gz' for CMake module files
[0.417s] Level 1:colcon.colcon_core.environment:checking '/home/ngen/yildiz_ws/src/YILDIZ-USV/install/workspace_gz' for CMake config files
[0.419s] Level 1:colcon.colcon_core.shell:create_environment_hook('workspace_gz', 'cmake_prefix_path')
[0.419s] INFO:colcon.colcon_core.shell:Creating environment hook '/home/ngen/yildiz_ws/src/YILDIZ-USV/install/workspace_gz/share/workspace_gz/hook/cmake_prefix_path.ps1'
[0.420s] INFO:colcon.colcon_core.shell:Creating environment descriptor '/home/ngen/yildiz_ws/src/YILDIZ-USV/install/workspace_gz/share/workspace_gz/hook/cmake_prefix_path.dsv'
[0.421s] INFO:colcon.colcon_core.shell:Creating environment hook '/home/ngen/yildiz_ws/src/YILDIZ-USV/install/workspace_gz/share/workspace_gz/hook/cmake_prefix_path.sh'
[0.421s] Level 1:colcon.colcon_core.environment:checking '/home/ngen/yildiz_ws/src/YILDIZ-USV/install/workspace_gz/lib'
[0.421s] Level 1:colcon.colcon_core.shell:create_environment_hook('workspace_gz', 'ld_library_path_lib')
[0.422s] INFO:colcon.colcon_core.shell:Creating environment hook '/home/ngen/yildiz_ws/src/YILDIZ-USV/install/workspace_gz/share/workspace_gz/hook/ld_library_path_lib.ps1'
[0.422s] INFO:colcon.colcon_core.shell:Creating environment descriptor '/home/ngen/yildiz_ws/src/YILDIZ-USV/install/workspace_gz/share/workspace_gz/hook/ld_library_path_lib.dsv'
[0.422s] INFO:colcon.colcon_core.shell:Creating environment hook '/home/ngen/yildiz_ws/src/YILDIZ-USV/install/workspace_gz/share/workspace_gz/hook/ld_library_path_lib.sh'
[0.422s] Level 1:colcon.colcon_core.environment:checking '/home/ngen/yildiz_ws/src/YILDIZ-USV/install/workspace_gz/bin'
[0.422s] Level 1:colcon.colcon_core.environment:checking '/home/ngen/yildiz_ws/src/YILDIZ-USV/install/workspace_gz/lib/pkgconfig/workspace_gz.pc'
[0.422s] Level 1:colcon.colcon_core.environment:checking '/home/ngen/yildiz_ws/src/YILDIZ-USV/install/workspace_gz/lib/python3.12/site-packages'
[0.423s] Level 1:colcon.colcon_core.environment:checking '/home/ngen/yildiz_ws/src/YILDIZ-USV/install/workspace_gz/bin'
[0.423s] INFO:colcon.colcon_core.shell:Creating package script '/home/ngen/yildiz_ws/src/YILDIZ-USV/install/workspace_gz/share/workspace_gz/package.ps1'
[0.424s] INFO:colcon.colcon_core.shell:Creating package descriptor '/home/ngen/yildiz_ws/src/YILDIZ-USV/install/workspace_gz/share/workspace_gz/package.dsv'
[0.425s] INFO:colcon.colcon_core.shell:Creating package script '/home/ngen/yildiz_ws/src/YILDIZ-USV/install/workspace_gz/share/workspace_gz/package.sh'
[0.425s] INFO:colcon.colcon_core.shell:Creating package script '/home/ngen/yildiz_ws/src/YILDIZ-USV/install/workspace_gz/share/workspace_gz/package.bash'
[0.425s] INFO:colcon.colcon_core.shell:Creating package script '/home/ngen/yildiz_ws/src/YILDIZ-USV/install/workspace_gz/share/workspace_gz/package.zsh'
[0.426s] Level 1:colcon.colcon_core.environment:create_file_with_runtime_dependencies(/home/ngen/yildiz_ws/src/YILDIZ-USV/install/workspace_gz/share/colcon-core/packages/workspace_gz)
[0.426s] Level 1:colcon.colcon_core.environment:create_environment_scripts_only(workspace_gz)
[0.426s] Level 1:colcon.colcon_core.environment:checking '/home/ngen/yildiz_ws/src/YILDIZ-USV/install/workspace_gz' for CMake module files
[0.427s] Level 1:colcon.colcon_core.environment:checking '/home/ngen/yildiz_ws/src/YILDIZ-USV/install/workspace_gz' for CMake config files
[0.428s] Level 1:colcon.colcon_core.shell:create_environment_hook('workspace_gz', 'cmake_prefix_path')
[0.428s] INFO:colcon.colcon_core.shell:Creating environment hook '/home/ngen/yildiz_ws/src/YILDIZ-USV/install/workspace_gz/share/workspace_gz/hook/cmake_prefix_path.ps1'
[0.428s] INFO:colcon.colcon_core.shell:Creating environment descriptor '/home/ngen/yildiz_ws/src/YILDIZ-USV/install/workspace_gz/share/workspace_gz/hook/cmake_prefix_path.dsv'
[0.428s] INFO:colcon.colcon_core.shell:Creating environment hook '/home/ngen/yildiz_ws/src/YILDIZ-USV/install/workspace_gz/share/workspace_gz/hook/cmake_prefix_path.sh'
[0.428s] Level 1:colcon.colcon_core.environment:checking '/home/ngen/yildiz_ws/src/YILDIZ-USV/install/workspace_gz/lib'
[0.428s] Level 1:colcon.colcon_core.shell:create_environment_hook('workspace_gz', 'ld_library_path_lib')
[0.429s] INFO:colcon.colcon_core.shell:Creating environment hook '/home/ngen/yildiz_ws/src/YILDIZ-USV/install/workspace_gz/share/workspace_gz/hook/ld_library_path_lib.ps1'
[0.429s] INFO:colcon.colcon_core.shell:Creating environment descriptor '/home/ngen/yildiz_ws/src/YILDIZ-USV/install/workspace_gz/share/workspace_gz/hook/ld_library_path_lib.dsv'
[0.429s] INFO:colcon.colcon_core.shell:Creating environment hook '/home/ngen/yildiz_ws/src/YILDIZ-USV/install/workspace_gz/share/workspace_gz/hook/ld_library_path_lib.sh'
[0.429s] Level 1:colcon.colcon_core.environment:checking '/home/ngen/yildiz_ws/src/YILDIZ-USV/install/workspace_gz/bin'
[0.429s] Level 1:colcon.colcon_core.environment:checking '/home/ngen/yildiz_ws/src/YILDIZ-USV/install/workspace_gz/lib/pkgconfig/workspace_gz.pc'
[0.429s] Level 1:colcon.colcon_core.environment:checking '/home/ngen/yildiz_ws/src/YILDIZ-USV/install/workspace_gz/lib/python3.12/site-packages'
[0.430s] Level 1:colcon.colcon_core.environment:checking '/home/ngen/yildiz_ws/src/YILDIZ-USV/install/workspace_gz/bin'
[0.430s] INFO:colcon.colcon_core.shell:Creating package script '/home/ngen/yildiz_ws/src/YILDIZ-USV/install/workspace_gz/share/workspace_gz/package.ps1'
[0.430s] INFO:colcon.colcon_core.shell:Creating package descriptor '/home/ngen/yildiz_ws/src/YILDIZ-USV/install/workspace_gz/share/workspace_gz/package.dsv'
[0.431s] INFO:colcon.colcon_core.shell:Creating package script '/home/ngen/yildiz_ws/src/YILDIZ-USV/install/workspace_gz/share/workspace_gz/package.sh'
[0.431s] INFO:colcon.colcon_core.shell:Creating package script '/home/ngen/yildiz_ws/src/YILDIZ-USV/install/workspace_gz/share/workspace_gz/package.bash'
[0.432s] INFO:colcon.colcon_core.shell:Creating package script '/home/ngen/yildiz_ws/src/YILDIZ-USV/install/workspace_gz/share/workspace_gz/package.zsh'
[0.432s] Level 1:colcon.colcon_core.environment:create_file_with_runtime_dependencies(/home/ngen/yildiz_ws/src/YILDIZ-USV/install/workspace_gz/share/colcon-core/packages/workspace_gz)
[0.432s] DEBUG:colcon.colcon_parallel_executor.executor.parallel:closing loop
[0.433s] DEBUG:colcon.colcon_parallel_executor.executor.parallel:loop closed
[0.433s] DEBUG:colcon.colcon_parallel_executor.executor.parallel:run_until_complete finished with '0'
[0.433s] DEBUG:colcon.colcon_core.event_reactor:joining thread
[0.438s] INFO:colcon.colcon_core.plugin_system:Skipping extension 'colcon_notification.desktop_notification.terminal_notifier': Not used on non-Darwin systems
[0.438s] INFO:colcon.colcon_core.plugin_system:Skipping extension 'colcon_notification.desktop_notification.win32': Not used on non-Windows systems
[0.438s] INFO:colcon.colcon_notification.desktop_notification:Sending desktop notification using 'notify2'
[0.450s] DEBUG:colcon.colcon_core.event_reactor:joined thread
[0.450s] INFO:colcon.colcon_core.shell:Creating prefix script '/home/ngen/yildiz_ws/src/YILDIZ-USV/install/local_setup.ps1'
[0.451s] INFO:colcon.colcon_core.shell:Creating prefix util module '/home/ngen/yildiz_ws/src/YILDIZ-USV/install/_local_setup_util_ps1.py'
[0.452s] INFO:colcon.colcon_core.shell:Creating prefix chain script '/home/ngen/yildiz_ws/src/YILDIZ-USV/install/setup.ps1'
[0.453s] INFO:colcon.colcon_core.shell:Creating prefix script '/home/ngen/yildiz_ws/src/YILDIZ-USV/install/local_setup.sh'
[0.453s] INFO:colcon.colcon_core.shell:Creating prefix util module '/home/ngen/yildiz_ws/src/YILDIZ-USV/install/_local_setup_util_sh.py'
[0.454s] INFO:colcon.colcon_core.shell:Creating prefix chain script '/home/ngen/yildiz_ws/src/YILDIZ-USV/install/setup.sh'
[0.455s] INFO:colcon.colcon_core.shell:Creating prefix script '/home/ngen/yildiz_ws/src/YILDIZ-USV/install/local_setup.bash'
[0.455s] INFO:colcon.colcon_core.shell:Creating prefix chain script '/home/ngen/yildiz_ws/src/YILDIZ-USV/install/setup.bash'
[0.456s] INFO:colcon.colcon_core.shell:Creating prefix script '/home/ngen/yildiz_ws/src/YILDIZ-USV/install/local_setup.zsh'
[0.456s] INFO:colcon.colcon_core.shell:Creating prefix chain script '/home/ngen/yildiz_ws/src/YILDIZ-USV/install/setup.zsh'
