/home/ngen/yildiz_ws/src/YILDIZ-USV/install/workspace_ros/lib/python3.12/site-packages/scripts/static_transform_publisher.py
/home/ngen/yildiz_ws/src/YILDIZ-USV/install/workspace_ros/lib/python3.12/site-packages/scripts/converter.py
/home/ngen/yildiz_ws/src/YILDIZ-USV/install/workspace_ros/lib/python3.12/site-packages/scripts/__init__.py
/home/ngen/yildiz_ws/src/YILDIZ-USV/install/workspace_ros/lib/python3.12/site-packages/scripts/lidar_processor.py
/home/ngen/yildiz_ws/src/YILDIZ-USV/install/workspace_ros/lib/python3.12/site-packages/scripts/imu_covariance_repub.py
/home/ngen/yildiz_ws/src/YILDIZ-USV/install/workspace_ros/lib/python3.12/site-packages/scripts/kamikaze.py
/home/ngen/yildiz_ws/src/YILDIZ-USV/install/workspace_ros/lib/python3.12/site-packages/scripts/gps_covariance_repub.py
/home/ngen/yildiz_ws/src/YILDIZ-USV/install/workspace_ros/lib/python3.12/site-packages/scripts/target_buoy.py
/home/ngen/yildiz_ws/src/YILDIZ-USV/install/workspace_ros/lib/python3.12/site-packages/scripts/manual_control.py
/home/ngen/yildiz_ws/src/YILDIZ-USV/install/workspace_ros/lib/python3.12/site-packages/scripts/__pycache__/static_transform_publisher.cpython-312.pyc
/home/ngen/yildiz_ws/src/YILDIZ-USV/install/workspace_ros/lib/python3.12/site-packages/scripts/__pycache__/converter.cpython-312.pyc
/home/ngen/yildiz_ws/src/YILDIZ-USV/install/workspace_ros/lib/python3.12/site-packages/scripts/__pycache__/__init__.cpython-312.pyc
/home/ngen/yildiz_ws/src/YILDIZ-USV/install/workspace_ros/lib/python3.12/site-packages/scripts/__pycache__/lidar_processor.cpython-312.pyc
/home/ngen/yildiz_ws/src/YILDIZ-USV/install/workspace_ros/lib/python3.12/site-packages/scripts/__pycache__/imu_covariance_repub.cpython-312.pyc
/home/ngen/yildiz_ws/src/YILDIZ-USV/install/workspace_ros/lib/python3.12/site-packages/scripts/__pycache__/kamikaze.cpython-312.pyc
/home/ngen/yildiz_ws/src/YILDIZ-USV/install/workspace_ros/lib/python3.12/site-packages/scripts/__pycache__/gps_covariance_repub.cpython-312.pyc
/home/ngen/yildiz_ws/src/YILDIZ-USV/install/workspace_ros/lib/python3.12/site-packages/scripts/__pycache__/target_buoy.cpython-312.pyc
/home/ngen/yildiz_ws/src/YILDIZ-USV/install/workspace_ros/lib/python3.12/site-packages/scripts/__pycache__/manual_control.cpython-312.pyc
/home/ngen/yildiz_ws/src/YILDIZ-USV/install/workspace_ros/share/ament_index/resource_index/packages/workspace_ros
/home/ngen/yildiz_ws/src/YILDIZ-USV/install/workspace_ros/share/workspace_ros/package.xml
/home/ngen/yildiz_ws/src/YILDIZ-USV/install/workspace_ros/share/workspace_ros/config/static_transform.yaml
/home/ngen/yildiz_ws/src/YILDIZ-USV/install/workspace_ros/share/workspace_ros/config/ekf.yaml
/home/ngen/yildiz_ws/src/YILDIZ-USV/install/workspace_ros/share/workspace_ros/config/lidar_rviz.rviz
/home/ngen/yildiz_ws/src/YILDIZ-USV/install/workspace_ros/share/workspace_ros/config/kiss_icp.yaml
/home/ngen/yildiz_ws/src/YILDIZ-USV/install/workspace_ros/share/workspace_ros/config/navsat.yaml
/home/ngen/yildiz_ws/src/YILDIZ-USV/install/workspace_ros/share/workspace_ros/config/lidar_filter.yaml
/home/ngen/yildiz_ws/src/YILDIZ-USV/install/workspace_ros/share/workspace_ros/launch/localization.launch.py
/home/ngen/yildiz_ws/src/YILDIZ-USV/install/workspace_ros/share/workspace_ros/launch/mola_slam.launch.py
/home/ngen/yildiz_ws/src/YILDIZ-USV/install/workspace_ros/share/workspace_ros/launch/kiss_icp.launch.py
/home/ngen/yildiz_ws/src/YILDIZ-USV/install/workspace_ros/share/workspace_ros/launch/lidar_filter.launch.py
/home/ngen/yildiz_ws/src/YILDIZ-USV/install/workspace_ros/share/workspace_ros/scripts/static_transform_publisher.py
/home/ngen/yildiz_ws/src/YILDIZ-USV/install/workspace_ros/share/workspace_ros/scripts/converter.py
/home/ngen/yildiz_ws/src/YILDIZ-USV/install/workspace_ros/share/workspace_ros/scripts/__init__.py
/home/ngen/yildiz_ws/src/YILDIZ-USV/install/workspace_ros/share/workspace_ros/scripts/lidar_processor.py
/home/ngen/yildiz_ws/src/YILDIZ-USV/install/workspace_ros/share/workspace_ros/scripts/imu_covariance_repub.py
/home/ngen/yildiz_ws/src/YILDIZ-USV/install/workspace_ros/share/workspace_ros/scripts/kamikaze.py
/home/ngen/yildiz_ws/src/YILDIZ-USV/install/workspace_ros/share/workspace_ros/scripts/gps_covariance_repub.py
/home/ngen/yildiz_ws/src/YILDIZ-USV/install/workspace_ros/share/workspace_ros/scripts/target_buoy.py
/home/ngen/yildiz_ws/src/YILDIZ-USV/install/workspace_ros/share/workspace_ros/scripts/manual_control.py
/home/ngen/yildiz_ws/src/YILDIZ-USV/install/workspace_ros/share/workspace_ros/YOLOv11/YOLOv11.pt
/home/ngen/yildiz_ws/src/YILDIZ-USV/install/workspace_ros/lib/python3.12/site-packages/workspace_ros-0.0.0-py3.12.egg-info/top_level.txt
/home/ngen/yildiz_ws/src/YILDIZ-USV/install/workspace_ros/lib/python3.12/site-packages/workspace_ros-0.0.0-py3.12.egg-info/PKG-INFO
/home/ngen/yildiz_ws/src/YILDIZ-USV/install/workspace_ros/lib/python3.12/site-packages/workspace_ros-0.0.0-py3.12.egg-info/requires.txt
/home/ngen/yildiz_ws/src/YILDIZ-USV/install/workspace_ros/lib/python3.12/site-packages/workspace_ros-0.0.0-py3.12.egg-info/SOURCES.txt
/home/ngen/yildiz_ws/src/YILDIZ-USV/install/workspace_ros/lib/python3.12/site-packages/workspace_ros-0.0.0-py3.12.egg-info/entry_points.txt
/home/ngen/yildiz_ws/src/YILDIZ-USV/install/workspace_ros/lib/python3.12/site-packages/workspace_ros-0.0.0-py3.12.egg-info/dependency_links.txt
/home/ngen/yildiz_ws/src/YILDIZ-USV/install/workspace_ros/lib/python3.12/site-packages/workspace_ros-0.0.0-py3.12.egg-info/zip-safe
/home/ngen/yildiz_ws/src/YILDIZ-USV/install/workspace_ros/lib/workspace_ros/converter
/home/ngen/yildiz_ws/src/YILDIZ-USV/install/workspace_ros/lib/workspace_ros/gps_covariance_repub
/home/ngen/yildiz_ws/src/YILDIZ-USV/install/workspace_ros/lib/workspace_ros/imu_covariance_repub
/home/ngen/yildiz_ws/src/YILDIZ-USV/install/workspace_ros/lib/workspace_ros/kamikaze
/home/ngen/yildiz_ws/src/YILDIZ-USV/install/workspace_ros/lib/workspace_ros/lidar_processor
/home/ngen/yildiz_ws/src/YILDIZ-USV/install/workspace_ros/lib/workspace_ros/manual_control
/home/ngen/yildiz_ws/src/YILDIZ-USV/install/workspace_ros/lib/workspace_ros/static_transform_publisher
/home/ngen/yildiz_ws/src/YILDIZ-USV/install/workspace_ros/lib/workspace_ros/target_buoy
