[0.014s] Invoking command in '/home/ngen/yildiz_ws/src/YILDIZ-USV/build/workspace_gz': CMAKE_PREFIX_PATH=${CMAKE_PREFIX_PATH}:/opt/ros/jazzy DEBUGINFOD_URLS=https://debuginfod.ubuntu.com /usr/bin/cmake /home/ngen/yildiz_ws/src/YILDIZ-USV/workspace_gz -DCMAKE_INSTALL_PREFIX=/home/ngen/yildiz_ws/src/YILDIZ-USV/install/workspace_gz
[0.158s] -- Found ament_cmake: 2.5.4 (/opt/ros/jazzy/share/ament_cmake/cmake)
[0.197s] -- Override CMake install command with custom implementation using symlinks instead of copying resources
[0.210s] -- Looking for gz-sim8 -- found version 8.10.0
[0.217s] -- Searching for dependencies of gz-sim8
[0.218s] -- Looking for sdformat14 -- found version 14.8.0
[0.218s] -- Searching for dependencies of sdformat14
[0.222s] -- Checking for module 'tinyxml2'
[0.234s] --   Found tinyxml2, version 10.0.0
[0.261s] -- Looking for gz-math7 -- found version 7.5.2
[0.262s] -- Searching for dependencies of gz-math7
[0.262s] -- Looking for gz-utils2 -- found version 2.2.1
[0.262s] -- Searching for dependencies of gz-utils2
[0.264s] -- Looking for gz-utils2 -- found version 2.2.1
[0.265s] -- Searching for dependencies of gz-utils2
[0.265s] -- Searching for <gz-utils2> component [cli]
[0.265s] -- Looking for gz-utils2-cli -- found version 2.2.1
[0.265s] -- Searching for dependencies of gz-utils2-cli
[0.267s] -- Looking for gz-plugin2 -- found version 2.0.4
[0.267s] -- Searching for dependencies of gz-plugin2
[0.267s] -- Looking for gz-utils2 -- found version 2.2.1
[0.268s] -- Searching for <gz-plugin2> component [loader]
[0.268s] -- Looking for gz-plugin2-loader -- found version 2.0.4
[0.269s] -- Searching for dependencies of gz-plugin2-loader
[0.269s] -- Searching for <gz-plugin2> component [register]
[0.270s] -- Looking for gz-plugin2-register -- found version 2.0.4
[0.270s] -- Searching for dependencies of gz-plugin2-register
[0.271s] -- Looking for gz-transport13 -- found version 13.5.0
[0.271s] -- Searching for dependencies of gz-transport13
[0.300s] -- Config-file not installed for ZeroMQ -- checking for pkg-config
[0.304s] -- Checking for module 'libzmq >= 4'
[0.316s] --   Found libzmq, version 4.3.5
[0.353s] -- Checking for module 'uuid'
[0.364s] --   Found uuid, version 2.39.3
[0.393s] -- Looking for gz-utils2 -- found version 2.2.1
[0.393s] -- Looking for gz-msgs10 -- found version 10.3.2
[0.393s] -- Searching for dependencies of gz-msgs10
[0.411s] -- Looking for gz-utils2 -- found version 2.2.1
[0.411s] -- Looking for gz-math7 -- found version 7.5.2
[0.420s] -- Searching for <gz-transport13> component [log]
[0.420s] -- Looking for gz-transport13-log -- found version 13.5.0
[0.420s] -- Searching for dependencies of gz-transport13-log
[0.421s] -- Searching for <gz-transport13> component [parameters]
[0.421s] -- Looking for gz-transport13-parameters -- found version 13.5.0
[0.421s] -- Searching for dependencies of gz-transport13-parameters
[0.422s] -- Looking for gz-msgs10 -- found version 10.3.2
[0.422s] -- Looking for gz-common5 -- found version 5.7.1
[0.422s] -- Searching for dependencies of gz-common5
[0.423s] -- Looking for gz-utils2 -- found version 2.2.1
[0.423s] -- Looking for dlfcn.h - found
[0.423s] -- Looking for libdl - found
[0.431s] -- Searching for <gz-common5> component [av]
[0.431s] -- Looking for gz-common5-av -- found version 5.7.1
[0.432s] -- Searching for dependencies of gz-common5-av
[0.437s] -- Checking for module 'libswscale'
[0.450s] --   Found libswscale, version 7.5.100
[0.486s] -- Checking for module 'libavdevice >= 56.4.100'
[0.500s] --   Found libavdevice, version 60.3.100
[0.546s] -- Checking for module 'libavformat'
[0.559s] --   Found libavformat, version 60.16.100
[0.595s] -- Checking for module 'libavcodec'
[0.609s] --   Found libavcodec, version 60.31.102
[0.645s] -- Checking for module 'libavutil'
[0.658s] --   Found libavutil, version 58.29.100
[0.691s] -- Searching for <gz-common5> component [events]
[0.692s] -- Looking for gz-common5-events -- found version 5.7.1
[0.693s] -- Searching for dependencies of gz-common5-events
[0.693s] -- Looking for gz-math7 -- found version 7.5.2
[0.693s] -- Searching for <gz-common5> component [graphics]
[0.694s] -- Looking for gz-common5-graphics -- found version 5.7.1
[0.694s] -- Searching for dependencies of gz-common5-graphics
[0.694s] -- Looking for gz-math7 -- found version 7.5.2
[0.697s] -- Searching for <gz-common5> component [io]
[0.697s] -- Looking for gz-common5-io -- found version 5.7.1
[0.697s] -- Searching for dependencies of gz-common5-io
[0.698s] -- Searching for <gz-common5> component [profiler]
[0.698s] -- Looking for gz-common5-profiler -- found version 5.7.1
[0.698s] -- Searching for dependencies of gz-common5-profiler
[0.699s] -- Looking for gz-fuel_tools9 -- found version 9.1.1
[0.699s] -- Searching for dependencies of gz-fuel_tools9
[0.745s] -- Checking for module 'jsoncpp'
[0.757s] --   Found jsoncpp, version 1.9.5
[0.799s] -- Checking for module 'yaml-0.1'
[0.811s] --   Found yaml-0.1, version 0.2.5
[0.846s] -- Checking for module 'libzip'
[0.859s] --   Found libzip, version 1.7.3
[0.888s] -- Looking for gz-utils2 -- found version 2.2.1
[0.888s] -- Looking for gz-common5 -- found version 5.7.1
[0.888s] -- Searching for dependencies of gz-common5
[0.888s] -- Looking for gz-utils2 -- found version 2.2.1
[0.888s] -- Looking for dlfcn.h - found
[0.888s] -- Looking for libdl - found
[0.895s] -- Searching for <gz-common5> component [testing]
[0.896s] -- Looking for gz-common5-testing -- found version 5.7.1
[0.896s] -- Searching for dependencies of gz-common5-testing
[0.897s] -- Looking for gz-math7 -- found version 7.5.2
[0.897s] -- Looking for gz-msgs10 -- found version 10.3.2
[0.899s] -- Looking for gz-gui8 -- found version 8.4.0
[0.899s] -- Searching for dependencies of gz-gui8
[0.922s] -- Looking for gz-utils2 -- found version 2.2.1
[0.923s] -- Looking for gz-math7 -- found version 7.5.2
[0.923s] -- Looking for gz-common5 -- found version 5.7.1
[0.923s] -- Looking for gz-plugin2 -- found version 2.0.4
[0.923s] -- Looking for gz-transport13 -- found version 13.5.0
[0.924s] -- Looking for gz-rendering8 -- found version 8.2.2
[0.924s] -- Searching for dependencies of gz-rendering8
[0.924s] -- Looking for gz-math7 -- found version 7.5.2
[0.924s] -- Searching for dependencies of gz-math7
[0.924s] -- Looking for gz-utils2 -- found version 2.2.1
[0.924s] -- Searching for <gz-math7> component [eigen3]
[0.926s] -- Looking for gz-math7-eigen3 -- found version 7.5.2
[0.926s] -- Searching for dependencies of gz-math7-eigen3
[0.928s] -- Looking for gz-common5 -- found version 5.7.1
[0.928s] -- Searching for dependencies of gz-common5
[0.928s] -- Looking for gz-utils2 -- found version 2.2.1
[0.928s] -- Looking for dlfcn.h - found
[0.928s] -- Looking for libdl - found
[0.935s] -- Searching for <gz-common5> component [graphics]
[0.935s] -- Searching for <gz-common5> component [events]
[0.936s] -- Searching for <gz-common5> component [geospatial]
[0.936s] -- Looking for gz-common5-geospatial -- found version 5.7.1
[0.936s] -- Searching for dependencies of gz-common5-geospatial
[0.937s] -- Looking for gz-math7 -- found version 7.5.2
[0.937s] -- Looking for gz-common5 -- found version 5.7.1
[0.939s] -- Looking for gz-plugin2 -- found version 2.0.4
[0.939s] -- Searching for dependencies of gz-plugin2
[0.939s] -- Looking for gz-utils2 -- found version 2.2.1
[0.939s] -- Searching for <gz-plugin2> component [all]
[0.940s] -- Looking for all libraries of gz-plugin2 -- found version 2.0.4
[0.941s] -- Looking for gz-plugin2 -- found version 2.0.4
[0.942s] -- Looking for gz-utils2 -- found version 2.2.1
[0.945s] -- Looking for gz-msgs10 -- found version 10.3.2
[0.966s] -- Looking for gz-physics7 -- found version 7.6.0
[0.966s] -- Searching for dependencies of gz-physics7
[0.966s] -- Looking for gz-common5 -- found version 5.7.1
[0.967s] -- Looking for gz-math7 -- found version 7.5.2
[0.967s] -- Looking for gz-plugin2 -- found version 2.0.4
[0.967s] -- Looking for gz-utils2 -- found version 2.2.1
[0.968s] -- Searching for <gz-physics7> component [heightmap]
[0.969s] -- Looking for gz-physics7-heightmap -- found version 7.6.0
[0.969s] -- Searching for dependencies of gz-physics7-heightmap
[0.969s] -- Looking for gz-common5 -- found version 5.7.1
[0.970s] -- Searching for <gz-physics7> component [mesh]
[0.971s] -- Looking for gz-physics7-mesh -- found version 7.6.0
[0.971s] -- Searching for dependencies of gz-physics7-mesh
[0.971s] -- Looking for gz-common5 -- found version 5.7.1
[0.972s] -- Searching for <gz-physics7> component [sdf]
[0.972s] -- Looking for gz-physics7-sdf -- found version 7.6.0
[0.972s] -- Searching for dependencies of gz-physics7-sdf
[0.972s] -- Looking for sdformat14 -- found version 14.8.0
[0.973s] -- Looking for gz-sensors8 -- found version 8.2.2
[0.973s] -- Searching for dependencies of gz-sensors8
[0.990s] -- Looking for gz-math7 -- found version 7.5.2
[0.990s] -- Looking for gz-common5 -- found version 5.7.1
[0.990s] -- Looking for gz-transport13 -- found version 13.5.0
[0.991s] -- Looking for gz-rendering8 -- found version 8.2.2
[0.991s] -- Looking for gz-msgs10 -- found version 10.3.2
[0.991s] -- Looking for sdformat14 -- found version 14.8.0
[0.992s] -- Searching for <gz-sensors8> component [air_pressure]
[0.993s] -- Looking for gz-sensors8-air_pressure -- found version 8.2.2
[0.993s] -- Searching for dependencies of gz-sensors8-air_pressure
[0.993s] -- Searching for <gz-sensors8> component [air_speed]
[0.994s] -- Looking for gz-sensors8-air_speed -- found version 8.2.2
[0.994s] -- Searching for dependencies of gz-sensors8-air_speed
[0.995s] -- Searching for <gz-sensors8> component [altimeter]
[0.995s] -- Looking for gz-sensors8-altimeter -- found version 8.2.2
[0.995s] -- Searching for dependencies of gz-sensors8-altimeter
[0.996s] -- Searching for <gz-sensors8> component [imu]
[0.997s] -- Looking for gz-sensors8-imu -- found version 8.2.2
[0.997s] -- Searching for dependencies of gz-sensors8-imu
[0.997s] -- Searching for <gz-sensors8> component [force_torque]
[0.998s] -- Looking for gz-sensors8-force_torque -- found version 8.2.2
[0.998s] -- Searching for dependencies of gz-sensors8-force_torque
[0.998s] -- Searching for <gz-sensors8> component [logical_camera]
[0.999s] -- Looking for gz-sensors8-logical_camera -- found version 8.2.2
[0.999s] -- Searching for dependencies of gz-sensors8-logical_camera
[1.000s] -- Searching for <gz-sensors8> component [magnetometer]
[1.000s] -- Looking for gz-sensors8-magnetometer -- found version 8.2.2
[1.000s] -- Searching for dependencies of gz-sensors8-magnetometer
[1.001s] -- Searching for <gz-sensors8> component [navsat]
[1.002s] -- Looking for gz-sensors8-navsat -- found version 8.2.2
[1.002s] -- Searching for dependencies of gz-sensors8-navsat
[1.003s] -- Searching for <gz-sensors8> component [dvl]
[1.003s] -- Looking for gz-sensors8-dvl -- found version 8.2.2
[1.004s] -- Searching for dependencies of gz-sensors8-dvl
[1.004s] -- Looking for gz-sensors8 -- found version 8.2.2
[1.004s] -- Searching for dependencies of gz-sensors8
[1.026s] -- Looking for gz-math7 -- found version 7.5.2
[1.026s] -- Looking for gz-common5 -- found version 5.7.1
[1.027s] -- Looking for gz-transport13 -- found version 13.5.0
[1.027s] -- Looking for gz-rendering8 -- found version 8.2.2
[1.028s] -- Looking for gz-msgs10 -- found version 10.3.2
[1.028s] -- Looking for sdformat14 -- found version 14.8.0
[1.028s] -- Searching for <gz-sensors8> component [rendering]
[1.029s] -- Looking for gz-sensors8-rendering -- found version 8.2.2
[1.029s] -- Searching for dependencies of gz-sensors8-rendering
[1.031s] -- Searching for <gz-sensors8> component [rendering]
[1.031s] -- Searching for <gz-sensors8> component [lidar]
[1.031s] -- Looking for gz-sensors8-lidar -- found version 8.2.2
[1.031s] -- Searching for dependencies of gz-sensors8-lidar
[1.032s] -- Looking for gz-sensors8 -- found version 8.2.2
[1.032s] -- Searching for <gz-sensors8> component [gpu_lidar]
[1.033s] -- Looking for gz-sensors8-gpu_lidar -- found version 8.2.2
[1.033s] -- Searching for dependencies of gz-sensors8-gpu_lidar
[1.034s] -- Looking for gz-sensors8 -- found version 8.2.2
[1.035s] -- Searching for <gz-sensors8> component [camera]
[1.035s] -- Looking for gz-sensors8-camera -- found version 8.2.2
[1.035s] -- Searching for dependencies of gz-sensors8-camera
[1.035s] -- Looking for gz-sensors8 -- found version 8.2.2
[1.036s] -- Searching for <gz-sensors8> component [boundingbox_camera]
[1.037s] -- Looking for gz-sensors8-boundingbox_camera -- found version 8.2.2
[1.037s] -- Searching for dependencies of gz-sensors8-boundingbox_camera
[1.037s] -- Searching for <gz-sensors8> component [segmentation_camera]
[1.038s] -- Looking for gz-sensors8-segmentation_camera -- found version 8.2.2
[1.038s] -- Searching for dependencies of gz-sensors8-segmentation_camera
[1.039s] -- Searching for <gz-sensors8> component [depth_camera]
[1.039s] -- Looking for gz-sensors8-depth_camera -- found version 8.2.2
[1.039s] -- Searching for dependencies of gz-sensors8-depth_camera
[1.040s] -- Looking for gz-sensors8 -- found version 8.2.2
[1.040s] -- Searching for <gz-sensors8> component [rgbd_camera]
[1.041s] -- Looking for gz-sensors8-rgbd_camera -- found version 8.2.2
[1.041s] -- Searching for dependencies of gz-sensors8-rgbd_camera
[1.041s] -- Looking for gz-sensors8 -- found version 8.2.2
[1.042s] -- Searching for <gz-sensors8> component [thermal_camera]
[1.043s] -- Looking for gz-sensors8-thermal_camera -- found version 8.2.2
[1.043s] -- Searching for dependencies of gz-sensors8-thermal_camera
[1.043s] -- Looking for gz-sensors8 -- found version 8.2.2
[1.044s] -- Searching for <gz-sensors8> component [wide_angle_camera]
[1.045s] -- Looking for gz-sensors8-wide_angle_camera -- found version 8.2.2
[1.045s] -- Searching for dependencies of gz-sensors8-wide_angle_camera
[1.046s] -- Looking for gz-rendering8 -- found version 8.2.2
[1.047s] -- Looking for gz-math7 -- found version 7.5.2
[1.047s] -- Looking for gz-utils2 -- found version 2.2.1
[1.066s] -- Looking for gz-common5 -- found version 5.7.1
[1.066s] -- Looking for gz-math7 -- found version 7.5.2
[1.067s] -- Looking for gz-transport13 -- found version 13.5.0
[1.067s] -- Looking for gz-plugin2 -- found version 2.0.4
[1.067s] -- Looking for gz-rendering8 -- found version 8.2.2
[1.067s] -- Looking for gz-sensors8 -- found version 8.2.2
[1.068s] -- Looking for gz-utils2 -- found version 2.2.1
[1.068s] -- Looking for sdformat14 -- found version 14.8.0
[1.069s] -- Found std_msgs: 5.3.6 (/opt/ros/jazzy/share/std_msgs/cmake)
[1.090s] -- Found rosidl_generator_c: 4.6.6 (/opt/ros/jazzy/share/rosidl_generator_c/cmake)
[1.098s] -- Found rosidl_generator_cpp: 4.6.6 (/opt/ros/jazzy/share/rosidl_generator_cpp/cmake)
[1.111s] -- Using all available rosidl_typesupport_c: rosidl_typesupport_fastrtps_c;rosidl_typesupport_introspection_c
[1.124s] -- Using all available rosidl_typesupport_cpp: rosidl_typesupport_fastrtps_cpp;rosidl_typesupport_introspection_cpp
[1.149s] -- Looking for gz-msgs10 -- found version 10.3.2
[1.149s] -- Looking for gz-fuel_tools9 -- found version 9.1.1
[1.226s] -- Configuring done (1.2s)
[1.317s] -- Generating done (0.1s)
[1.333s] -- Build files have been written to: /home/ngen/yildiz_ws/src/YILDIZ-USV/build/workspace_gz
[1.342s] Invoked command in '/home/ngen/yildiz_ws/src/YILDIZ-USV/build/workspace_gz' returned '0': CMAKE_PREFIX_PATH=${CMAKE_PREFIX_PATH}:/opt/ros/jazzy DEBUGINFOD_URLS=https://debuginfod.ubuntu.com /usr/bin/cmake /home/ngen/yildiz_ws/src/YILDIZ-USV/workspace_gz -DCMAKE_INSTALL_PREFIX=/home/ngen/yildiz_ws/src/YILDIZ-USV/install/workspace_gz
[1.343s] Invoking command in '/home/ngen/yildiz_ws/src/YILDIZ-USV/build/workspace_gz': CMAKE_PREFIX_PATH=${CMAKE_PREFIX_PATH}:/opt/ros/jazzy DEBUGINFOD_URLS=https://debuginfod.ubuntu.com /usr/bin/cmake --build /home/ngen/yildiz_ws/src/YILDIZ-USV/build/workspace_gz -- -j20 -l20
[1.395s] [  8%] Built target ScoringPlugin
[1.396s] [  8%] Built target Waves
[1.424s] [ 14%] Built target StationkeepingScoringPlugin
[1.425s] [ 20%] Built target WayfindingScoringPlugin
[1.454s] [ 25%] Built target WaveVisual
[1.455s] [ 29%] Built target WildlifeScoringPlugin
[1.481s] [ 33%] Built target USVWind
[1.482s] [ 41%] Built target PolyhedraBuoyancyDrag
[1.508s] [ 47%] Built target SimpleHydrodynamics
[1.508s] [ 50%] Built target Surface
[1.532s] [ 54%] Built target ScanDockScoringPlugin
[1.554s] [ 58%] Built target PublisherPlugin
[1.580s] [ 62%] Built target PlacardPlugin
[1.599s] [ 66%] Built target PerceptionScoringPlugin
[1.622s] [ 70%] Built target GymkhanaScoringPlugin
[1.645s] [ 75%] Built target NavigationScoringPlugin
[1.667s] [ 79%] Built target LightBuoyPlugin
[1.688s] [ 83%] Built target BallShooterPlugin
[1.711s] [ 87%] Built target AcousticPingerPlugin
[1.736s] [ 93%] Built target AcousticTrackingScoringPlugin
[1.761s] [100%] Built target AcousticPerceptionScoringPlugin
[1.772s] Invoked command in '/home/ngen/yildiz_ws/src/YILDIZ-USV/build/workspace_gz' returned '0': CMAKE_PREFIX_PATH=${CMAKE_PREFIX_PATH}:/opt/ros/jazzy DEBUGINFOD_URLS=https://debuginfod.ubuntu.com /usr/bin/cmake --build /home/ngen/yildiz_ws/src/YILDIZ-USV/build/workspace_gz -- -j20 -l20
[1.782s] Invoking command in '/home/ngen/yildiz_ws/src/YILDIZ-USV/build/workspace_gz': CMAKE_PREFIX_PATH=${CMAKE_PREFIX_PATH}:/opt/ros/jazzy DEBUGINFOD_URLS=https://debuginfod.ubuntu.com /usr/bin/cmake --install /home/ngen/yildiz_ws/src/YILDIZ-USV/build/workspace_gz
[1.787s] -- Install configuration: ""
[1.788s] -- Execute custom install script
[1.788s] -- Up-to-date symlink: /home/ngen/yildiz_ws/src/YILDIZ-USV/install/workspace_gz/lib/libWaves.so
[1.788s] -- Up-to-date symlink: /home/ngen/yildiz_ws/src/YILDIZ-USV/install/workspace_gz/lib/libPolyhedraBuoyancyDrag.so
[1.788s] -- Up-to-date symlink: /home/ngen/yildiz_ws/src/YILDIZ-USV/install/workspace_gz/lib/libScoringPlugin.so
[1.788s] -- Up-to-date symlink: /home/ngen/yildiz_ws/src/YILDIZ-USV/install/workspace_gz/lib/libStationkeepingScoringPlugin.so
[1.788s] -- Up-to-date symlink: /home/ngen/yildiz_ws/src/YILDIZ-USV/install/workspace_gz/lib/libWayfindingScoringPlugin.so
[1.788s] -- Up-to-date symlink: /home/ngen/yildiz_ws/src/YILDIZ-USV/install/workspace_gz/lib/libAcousticPerceptionScoringPlugin.so
[1.789s] -- Up-to-date symlink: /home/ngen/yildiz_ws/src/YILDIZ-USV/install/workspace_gz/lib/libAcousticTrackingScoringPlugin.so
[1.789s] -- Up-to-date symlink: /home/ngen/yildiz_ws/src/YILDIZ-USV/install/workspace_gz/lib/libAcousticPingerPlugin.so
[1.789s] -- Up-to-date symlink: /home/ngen/yildiz_ws/src/YILDIZ-USV/install/workspace_gz/lib/libBallShooterPlugin.so
[1.789s] -- Up-to-date symlink: /home/ngen/yildiz_ws/src/YILDIZ-USV/install/workspace_gz/lib/libLightBuoyPlugin.so
[1.789s] -- Up-to-date symlink: /home/ngen/yildiz_ws/src/YILDIZ-USV/install/workspace_gz/lib/libNavigationScoringPlugin.so
[1.789s] -- Up-to-date symlink: /home/ngen/yildiz_ws/src/YILDIZ-USV/install/workspace_gz/lib/libGymkhanaScoringPlugin.so
[1.789s] -- Up-to-date symlink: /home/ngen/yildiz_ws/src/YILDIZ-USV/install/workspace_gz/lib/libPerceptionScoringPlugin.so
[1.789s] -- Up-to-date symlink: /home/ngen/yildiz_ws/src/YILDIZ-USV/install/workspace_gz/lib/libPlacardPlugin.so
[1.789s] -- Up-to-date symlink: /home/ngen/yildiz_ws/src/YILDIZ-USV/install/workspace_gz/lib/libPublisherPlugin.so
[1.789s] -- Up-to-date symlink: /home/ngen/yildiz_ws/src/YILDIZ-USV/install/workspace_gz/lib/libScanDockScoringPlugin.so
[1.789s] -- Up-to-date symlink: /home/ngen/yildiz_ws/src/YILDIZ-USV/install/workspace_gz/lib/libSimpleHydrodynamics.so
[1.790s] -- Up-to-date symlink: /home/ngen/yildiz_ws/src/YILDIZ-USV/install/workspace_gz/lib/libSurface.so
[1.790s] -- Up-to-date symlink: /home/ngen/yildiz_ws/src/YILDIZ-USV/install/workspace_gz/lib/libUSVWind.so
[1.790s] -- Up-to-date symlink: /home/ngen/yildiz_ws/src/YILDIZ-USV/install/workspace_gz/lib/libWaveVisual.so
[1.790s] -- Up-to-date symlink: /home/ngen/yildiz_ws/src/YILDIZ-USV/install/workspace_gz/lib/libWildlifeScoringPlugin.so
[1.790s] -- Up-to-date symlink: /home/ngen/yildiz_ws/src/YILDIZ-USV/install/workspace_gz/share/workspace_gz//description/roboboat/roboboat.xacro
[1.790s] -- Up-to-date symlink: /home/ngen/yildiz_ws/src/YILDIZ-USV/install/workspace_gz/share/workspace_gz//launch/simulation.launch.py
[1.791s] -- Up-to-date symlink: /home/ngen/yildiz_ws/src/YILDIZ-USV/install/workspace_gz/share/workspace_gz//models/buoys/marker_buoy_black/materials/textures/MarkerBuoy_Base_Color.png
[1.791s] -- Up-to-date symlink: /home/ngen/yildiz_ws/src/YILDIZ-USV/install/workspace_gz/share/workspace_gz//models/buoys/marker_buoy_black/materials/textures/MarkerBuoy_Roughness.png
[1.791s] -- Up-to-date symlink: /home/ngen/yildiz_ws/src/YILDIZ-USV/install/workspace_gz/share/workspace_gz//models/buoys/marker_buoy_black/meshes/marker_buoy.dae
[1.791s] -- Up-to-date symlink: /home/ngen/yildiz_ws/src/YILDIZ-USV/install/workspace_gz/share/workspace_gz//models/buoys/marker_buoy_black/model.config
[1.791s] -- Up-to-date symlink: /home/ngen/yildiz_ws/src/YILDIZ-USV/install/workspace_gz/share/workspace_gz//models/buoys/marker_buoy_black/model.sdf
[1.792s] -- Up-to-date symlink: /home/ngen/yildiz_ws/src/YILDIZ-USV/install/workspace_gz/share/workspace_gz//models/buoys/marker_buoy_green/materials/textures/MarkerBuoy_Base_Color.png
[1.792s] -- Up-to-date symlink: /home/ngen/yildiz_ws/src/YILDIZ-USV/install/workspace_gz/share/workspace_gz//models/buoys/marker_buoy_green/materials/textures/MarkerBuoy_Roughness.png
[1.792s] -- Up-to-date symlink: /home/ngen/yildiz_ws/src/YILDIZ-USV/install/workspace_gz/share/workspace_gz//models/buoys/marker_buoy_green/meshes/marker_buoy.dae
[1.792s] -- Up-to-date symlink: /home/ngen/yildiz_ws/src/YILDIZ-USV/install/workspace_gz/share/workspace_gz//models/buoys/marker_buoy_green/model.config
[1.792s] -- Up-to-date symlink: /home/ngen/yildiz_ws/src/YILDIZ-USV/install/workspace_gz/share/workspace_gz//models/buoys/marker_buoy_green/model.sdf
[1.792s] -- Up-to-date symlink: /home/ngen/yildiz_ws/src/YILDIZ-USV/install/workspace_gz/share/workspace_gz//models/buoys/marker_buoy_orange/materials/textures/MarkerBuoy_Base_Color.png
[1.792s] -- Up-to-date symlink: /home/ngen/yildiz_ws/src/YILDIZ-USV/install/workspace_gz/share/workspace_gz//models/buoys/marker_buoy_orange/materials/textures/MarkerBuoy_Roughness.png
[1.792s] -- Up-to-date symlink: /home/ngen/yildiz_ws/src/YILDIZ-USV/install/workspace_gz/share/workspace_gz//models/buoys/marker_buoy_orange/meshes/marker_buoy.dae
[1.792s] -- Up-to-date symlink: /home/ngen/yildiz_ws/src/YILDIZ-USV/install/workspace_gz/share/workspace_gz//models/buoys/marker_buoy_orange/model.config
[1.792s] -- Up-to-date symlink: /home/ngen/yildiz_ws/src/YILDIZ-USV/install/workspace_gz/share/workspace_gz//models/buoys/marker_buoy_orange/model.sdf
[1.792s] -- Up-to-date symlink: /home/ngen/yildiz_ws/src/YILDIZ-USV/install/workspace_gz/share/workspace_gz//models/buoys/marker_buoy_red/materials/textures/MarkerBuoy_Base_Color.png
[1.792s] -- Up-to-date symlink: /home/ngen/yildiz_ws/src/YILDIZ-USV/install/workspace_gz/share/workspace_gz//models/buoys/marker_buoy_red/materials/textures/MarkerBuoy_Roughness.png
[1.792s] -- Up-to-date symlink: /home/ngen/yildiz_ws/src/YILDIZ-USV/install/workspace_gz/share/workspace_gz//models/buoys/marker_buoy_red/meshes/marker_buoy.dae
[1.792s] -- Up-to-date symlink: /home/ngen/yildiz_ws/src/YILDIZ-USV/install/workspace_gz/share/workspace_gz//models/buoys/marker_buoy_red/model.config
[1.792s] -- Up-to-date symlink: /home/ngen/yildiz_ws/src/YILDIZ-USV/install/workspace_gz/share/workspace_gz//models/buoys/marker_buoy_red/model.sdf
[1.792s] -- Up-to-date symlink: /home/ngen/yildiz_ws/src/YILDIZ-USV/install/workspace_gz/share/workspace_gz//models/buoys/marker_buoy_yellow/materials/textures/MarkerBuoy_Base_Color.png
[1.792s] -- Up-to-date symlink: /home/ngen/yildiz_ws/src/YILDIZ-USV/install/workspace_gz/share/workspace_gz//models/buoys/marker_buoy_yellow/materials/textures/MarkerBuoy_Roughness.png
[1.792s] -- Up-to-date symlink: /home/ngen/yildiz_ws/src/YILDIZ-USV/install/workspace_gz/share/workspace_gz//models/buoys/marker_buoy_yellow/meshes/marker_buoy.dae
[1.792s] -- Up-to-date symlink: /home/ngen/yildiz_ws/src/YILDIZ-USV/install/workspace_gz/share/workspace_gz//models/buoys/marker_buoy_yellow/model.config
[1.793s] -- Up-to-date symlink: /home/ngen/yildiz_ws/src/YILDIZ-USV/install/workspace_gz/share/workspace_gz//models/buoys/marker_buoy_yellow/model.sdf
[1.793s] -- Up-to-date symlink: /home/ngen/yildiz_ws/src/YILDIZ-USV/install/workspace_gz/share/workspace_gz//models/buoys/round_buoy_orange/materials/textures/RoundBarrierBuoy_Base_Color.png
[1.793s] -- Up-to-date symlink: /home/ngen/yildiz_ws/src/YILDIZ-USV/install/workspace_gz/share/workspace_gz//models/buoys/round_buoy_orange/materials/textures/RoundBarrierBuoy_Roughness.png
[1.793s] -- Up-to-date symlink: /home/ngen/yildiz_ws/src/YILDIZ-USV/install/workspace_gz/share/workspace_gz//models/buoys/round_buoy_orange/meshes/round_buoy.dae
[1.793s] -- Up-to-date symlink: /home/ngen/yildiz_ws/src/YILDIZ-USV/install/workspace_gz/share/workspace_gz//models/buoys/round_buoy_orange/model.config
[1.793s] -- Up-to-date symlink: /home/ngen/yildiz_ws/src/YILDIZ-USV/install/workspace_gz/share/workspace_gz//models/buoys/round_buoy_orange/model.sdf
[1.793s] -- Up-to-date symlink: /home/ngen/yildiz_ws/src/YILDIZ-USV/install/workspace_gz/share/workspace_gz//models/roboboat/materials/textures/roboboat_albedo.png
[1.793s] -- Up-to-date symlink: /home/ngen/yildiz_ws/src/YILDIZ-USV/install/workspace_gz/share/workspace_gz//models/roboboat/materials/textures/roboboat_metalness.png
[1.793s] -- Up-to-date symlink: /home/ngen/yildiz_ws/src/YILDIZ-USV/install/workspace_gz/share/workspace_gz//models/roboboat/materials/textures/roboboat_normal.png
[1.793s] -- Up-to-date symlink: /home/ngen/yildiz_ws/src/YILDIZ-USV/install/workspace_gz/share/workspace_gz//models/roboboat/materials/textures/roboboat_roughness.png
[1.793s] -- Up-to-date symlink: /home/ngen/yildiz_ws/src/YILDIZ-USV/install/workspace_gz/share/workspace_gz//models/roboboat/materials/textures/thruster_albedo.png
[1.793s] -- Up-to-date symlink: /home/ngen/yildiz_ws/src/YILDIZ-USV/install/workspace_gz/share/workspace_gz//models/roboboat/materials/textures/thruster_roughness.png
[1.793s] -- Up-to-date symlink: /home/ngen/yildiz_ws/src/YILDIZ-USV/install/workspace_gz/share/workspace_gz//models/roboboat/meshes/housing.dae
[1.793s] -- Up-to-date symlink: /home/ngen/yildiz_ws/src/YILDIZ-USV/install/workspace_gz/share/workspace_gz//models/roboboat/meshes/mount.dae
[1.793s] -- Up-to-date symlink: /home/ngen/yildiz_ws/src/YILDIZ-USV/install/workspace_gz/share/workspace_gz//models/roboboat/meshes/prop.dae
[1.793s] -- Up-to-date symlink: /home/ngen/yildiz_ws/src/YILDIZ-USV/install/workspace_gz/share/workspace_gz//models/roboboat/meshes/roboboat.dae
[1.793s] -- Up-to-date symlink: /home/ngen/yildiz_ws/src/YILDIZ-USV/install/workspace_gz/share/workspace_gz//models/roboboat/sensors/camera/materials/textures/camera.png
[1.793s] -- Up-to-date symlink: /home/ngen/yildiz_ws/src/YILDIZ-USV/install/workspace_gz/share/workspace_gz//models/roboboat/sensors/camera/materials/textures/camera_albedo.png
[1.793s] -- Up-to-date symlink: /home/ngen/yildiz_ws/src/YILDIZ-USV/install/workspace_gz/share/workspace_gz//models/roboboat/sensors/camera/materials/textures/camera_metalness.png
[1.793s] -- Up-to-date symlink: /home/ngen/yildiz_ws/src/YILDIZ-USV/install/workspace_gz/share/workspace_gz//models/roboboat/sensors/camera/materials/textures/camera_normal.png
[1.794s] -- Up-to-date symlink: /home/ngen/yildiz_ws/src/YILDIZ-USV/install/workspace_gz/share/workspace_gz//models/roboboat/sensors/camera/materials/textures/camera_roughness.png
[1.794s] -- Up-to-date symlink: /home/ngen/yildiz_ws/src/YILDIZ-USV/install/workspace_gz/share/workspace_gz//models/roboboat/sensors/camera/meshes/camera.dae
[1.794s] -- Up-to-date symlink: /home/ngen/yildiz_ws/src/YILDIZ-USV/install/workspace_gz/share/workspace_gz//models/roboboat/sensors/camera/meshes/camera_albedo.png
[1.794s] -- Up-to-date symlink: /home/ngen/yildiz_ws/src/YILDIZ-USV/install/workspace_gz/share/workspace_gz//models/roboboat/sensors/camera_post/materials/textures/post_albedo.png
[1.794s] -- Up-to-date symlink: /home/ngen/yildiz_ws/src/YILDIZ-USV/install/workspace_gz/share/workspace_gz//models/roboboat/sensors/camera_post/meshes/post.dae
[1.794s] -- Up-to-date symlink: /home/ngen/yildiz_ws/src/YILDIZ-USV/install/workspace_gz/share/workspace_gz//models/roboboat/sensors/camera_post/meshes/post_albedo.jpg
[1.794s] -- Up-to-date symlink: /home/ngen/yildiz_ws/src/YILDIZ-USV/install/workspace_gz/share/workspace_gz//models/roboboat/sensors/drybox/materials/textures/drybox_albedo.png
[1.794s] -- Up-to-date symlink: /home/ngen/yildiz_ws/src/YILDIZ-USV/install/workspace_gz/share/workspace_gz//models/roboboat/sensors/drybox/materials/textures/drybox_roughness.png
[1.794s] -- Up-to-date symlink: /home/ngen/yildiz_ws/src/YILDIZ-USV/install/workspace_gz/share/workspace_gz//models/roboboat/sensors/drybox/meshes/drybox.dae
[1.794s] -- Up-to-date symlink: /home/ngen/yildiz_ws/src/YILDIZ-USV/install/workspace_gz/share/workspace_gz//models/roboboat/sensors/gps/materials/textures/gps_albedo.png
[1.794s] -- Up-to-date symlink: /home/ngen/yildiz_ws/src/YILDIZ-USV/install/workspace_gz/share/workspace_gz//models/roboboat/sensors/gps/meshes/gps.dae
[1.794s] -- Up-to-date symlink: /home/ngen/yildiz_ws/src/YILDIZ-USV/install/workspace_gz/share/workspace_gz//models/roboboat/sensors/gps/meshes/gps_albedo.png
[1.794s] -- Up-to-date symlink: /home/ngen/yildiz_ws/src/YILDIZ-USV/install/workspace_gz/share/workspace_gz//models/roboboat/sensors/lidar/materials/textures/lidar.png
[1.794s] -- Up-to-date symlink: /home/ngen/yildiz_ws/src/YILDIZ-USV/install/workspace_gz/share/workspace_gz//models/roboboat/sensors/lidar/materials/textures/lidar_albedo.png
[1.794s] -- Up-to-date symlink: /home/ngen/yildiz_ws/src/YILDIZ-USV/install/workspace_gz/share/workspace_gz//models/roboboat/sensors/lidar/materials/textures/lidar_metalness.png
[1.794s] -- Up-to-date symlink: /home/ngen/yildiz_ws/src/YILDIZ-USV/install/workspace_gz/share/workspace_gz//models/roboboat/sensors/lidar/materials/textures/lidar_normal.png
[1.794s] -- Up-to-date symlink: /home/ngen/yildiz_ws/src/YILDIZ-USV/install/workspace_gz/share/workspace_gz//models/roboboat/sensors/lidar/materials/textures/lidar_roughness.png
[1.795s] -- Up-to-date symlink: /home/ngen/yildiz_ws/src/YILDIZ-USV/install/workspace_gz/share/workspace_gz//models/roboboat/sensors/lidar/meshes/lidar.dae
[1.795s] -- Up-to-date symlink: /home/ngen/yildiz_ws/src/YILDIZ-USV/install/workspace_gz/share/workspace_gz//models/roboboat/sensors/lidar/meshes/lidar_albedo.png
[1.795s] -- Up-to-date symlink: /home/ngen/yildiz_ws/src/YILDIZ-USV/install/workspace_gz/share/workspace_gz//models/roboboat/sensors/lidar_post/materials/textures/post_albedo.png
[1.795s] -- Up-to-date symlink: /home/ngen/yildiz_ws/src/YILDIZ-USV/install/workspace_gz/share/workspace_gz//models/roboboat/sensors/lidar_post/meshes/post.dae
[1.795s] -- Up-to-date symlink: /home/ngen/yildiz_ws/src/YILDIZ-USV/install/workspace_gz/share/workspace_gz//models/roboboat/sensors/lidar_post/meshes/post_albedo.jpg
[1.795s] -- Up-to-date symlink: /home/ngen/yildiz_ws/src/YILDIZ-USV/install/workspace_gz/share/workspace_gz//models/waves/materials/programs/GerstnerWaves_fs_330.glsl
[1.795s] -- Up-to-date symlink: /home/ngen/yildiz_ws/src/YILDIZ-USV/install/workspace_gz/share/workspace_gz//models/waves/materials/programs/GerstnerWaves_vs_330.glsl
[1.795s] -- Up-to-date symlink: /home/ngen/yildiz_ws/src/YILDIZ-USV/install/workspace_gz/share/workspace_gz//models/waves/materials/textures/skybox_lowres.dds
[1.795s] -- Up-to-date symlink: /home/ngen/yildiz_ws/src/YILDIZ-USV/install/workspace_gz/share/workspace_gz//models/waves/materials/textures/wave_normals.dds
[1.795s] -- Up-to-date symlink: /home/ngen/yildiz_ws/src/YILDIZ-USV/install/workspace_gz/share/workspace_gz//models/waves/meshes/waterlow.dae
[1.795s] -- Up-to-date symlink: /home/ngen/yildiz_ws/src/YILDIZ-USV/install/workspace_gz/share/workspace_gz//models/waves/model.config
[1.795s] -- Up-to-date symlink: /home/ngen/yildiz_ws/src/YILDIZ-USV/install/workspace_gz/share/workspace_gz//models/waves/model.sdf
[1.795s] -- Up-to-date symlink: /home/ngen/yildiz_ws/src/YILDIZ-USV/install/workspace_gz/share/workspace_gz//worlds/world.sdf
[1.795s] -- Up-to-date symlink: /home/ngen/yildiz_ws/src/YILDIZ-USV/install/workspace_gz/share/workspace_gz/environment/library_path.sh
[1.795s] -- Up-to-date symlink: /home/ngen/yildiz_ws/src/YILDIZ-USV/install/workspace_gz/share/workspace_gz/environment/library_path.dsv
[1.796s] -- Up-to-date symlink: /home/ngen/yildiz_ws/src/YILDIZ-USV/install/workspace_gz/share/ament_index/resource_index/package_run_dependencies/workspace_gz
[1.796s] -- Up-to-date symlink: /home/ngen/yildiz_ws/src/YILDIZ-USV/install/workspace_gz/share/ament_index/resource_index/parent_prefix_path/workspace_gz
[1.796s] -- Up-to-date symlink: /home/ngen/yildiz_ws/src/YILDIZ-USV/install/workspace_gz/share/workspace_gz/environment/ament_prefix_path.sh
[1.796s] -- Up-to-date symlink: /home/ngen/yildiz_ws/src/YILDIZ-USV/install/workspace_gz/share/workspace_gz/environment/ament_prefix_path.dsv
[1.796s] -- Up-to-date symlink: /home/ngen/yildiz_ws/src/YILDIZ-USV/install/workspace_gz/share/workspace_gz/environment/path.sh
[1.796s] -- Up-to-date symlink: /home/ngen/yildiz_ws/src/YILDIZ-USV/install/workspace_gz/share/workspace_gz/environment/path.dsv
[1.796s] -- Up-to-date symlink: /home/ngen/yildiz_ws/src/YILDIZ-USV/install/workspace_gz/share/workspace_gz/local_setup.bash
[1.796s] -- Up-to-date symlink: /home/ngen/yildiz_ws/src/YILDIZ-USV/install/workspace_gz/share/workspace_gz/local_setup.sh
[1.796s] -- Up-to-date symlink: /home/ngen/yildiz_ws/src/YILDIZ-USV/install/workspace_gz/share/workspace_gz/local_setup.zsh
[1.796s] -- Up-to-date symlink: /home/ngen/yildiz_ws/src/YILDIZ-USV/install/workspace_gz/share/workspace_gz/local_setup.dsv
[1.796s] -- Symlinking: /home/ngen/yildiz_ws/src/YILDIZ-USV/install/workspace_gz/share/workspace_gz/package.dsv
[1.805s] -- Up-to-date symlink: /home/ngen/yildiz_ws/src/YILDIZ-USV/install/workspace_gz/share/ament_index/resource_index/packages/workspace_gz
[1.805s] -- Up-to-date symlink: /home/ngen/yildiz_ws/src/YILDIZ-USV/install/workspace_gz/share/workspace_gz/cmake/ament_cmake_export_libraries-extras.cmake
[1.805s] -- Up-to-date symlink: /home/ngen/yildiz_ws/src/YILDIZ-USV/install/workspace_gz/share/workspace_gz/cmake/ament_cmake_export_dependencies-extras.cmake
[1.805s] -- Up-to-date symlink: /home/ngen/yildiz_ws/src/YILDIZ-USV/install/workspace_gz/share/workspace_gz/cmake/workspace_gzConfig.cmake
[1.805s] -- Up-to-date symlink: /home/ngen/yildiz_ws/src/YILDIZ-USV/install/workspace_gz/share/workspace_gz/cmake/workspace_gzConfig-version.cmake
[1.805s] -- Up-to-date symlink: /home/ngen/yildiz_ws/src/YILDIZ-USV/install/workspace_gz/share/workspace_gz/package.xml
[1.807s] Invoked command in '/home/ngen/yildiz_ws/src/YILDIZ-USV/build/workspace_gz' returned '0': CMAKE_PREFIX_PATH=${CMAKE_PREFIX_PATH}:/opt/ros/jazzy DEBUGINFOD_URLS=https://debuginfod.ubuntu.com /usr/bin/cmake --install /home/ngen/yildiz_ws/src/YILDIZ-USV/build/workspace_gz
