[1.015s] DEBUG:colcon:Command line arguments: ['/usr/bin/colcon', 'build', '--packages-select', 'workspace_gz', '--symlink-install']
[1.016s] DEBUG:colcon:Parsed command line arguments: Namespace(log_base=None, log_level=None, verb_name='build', build_base='build', install_base='install', merge_install=False, symlink_install=True, test_result_base=None, continue_on_error=False, executor='parallel', parallel_workers=8, event_handlers=None, ignore_user_meta=False, metas=['./colcon.meta'], base_paths=['.'], packages_ignore=None, packages_ignore_regex=None, paths=None, packages_up_to=None, packages_up_to_regex=None, packages_above=None, packages_above_and_dependencies=None, packages_above_depth=None, packages_select_by_dep=None, packages_skip_by_dep=None, packages_skip_up_to=None, packages_select_build_failed=False, packages_skip_build_finished=False, packages_select_test_failures=False, packages_skip_test_passed=False, packages_select=['workspace_gz'], packages_skip=None, packages_select_regex=None, packages_skip_regex=None, packages_start=None, packages_end=None, allow_overriding=[], cmake_args=None, cmake_target=None, cmake_target_skip_unavailable=False, cmake_clean_cache=False, cmake_clean_first=False, cmake_force_configure=False, ament_cmake_args=None, catkin_cmake_args=None, catkin_skip_building_tests=False, mixin_files=None, mixin=None, verb_parser=<colcon_mixin.mixin.mixin_argument.MixinArgumentDecorator object at 0x757aad4731d0>, verb_extension=<colcon_core.verb.build.BuildVerb object at 0x757aad5c7680>, main=<bound method BuildVerb.main of <colcon_core.verb.build.BuildVerb object at 0x757aad5c7680>>, mixin_verb=('build',))
[1.255s] Level 1:colcon.colcon_core.package_discovery:discover_packages(colcon_meta) check parameters
[1.255s] Level 1:colcon.colcon_core.package_discovery:discover_packages(recursive) check parameters
[1.256s] Level 1:colcon.colcon_core.package_discovery:discover_packages(ignore) check parameters
[1.256s] Level 1:colcon.colcon_core.package_discovery:discover_packages(path) check parameters
[1.256s] Level 1:colcon.colcon_core.package_discovery:discover_packages(colcon_meta) discover
[1.259s] Level 1:colcon.colcon_core.package_discovery:discover_packages(recursive) discover
[1.259s] INFO:colcon.colcon_core.package_discovery:Crawling recursively for packages in '/home/aliomac/garp-test'
[1.260s] Level 1:colcon.colcon_core.package_identification:_identify(.) by extensions ['ignore', 'ignore_ament_install']
[1.260s] Level 1:colcon.colcon_core.package_identification:_identify(.) by extension 'ignore'
[1.260s] Level 1:colcon.colcon_core.package_identification:_identify(.) by extension 'ignore_ament_install'
[1.260s] Level 1:colcon.colcon_core.package_identification:_identify(.) by extensions ['colcon_pkg']
[1.260s] Level 1:colcon.colcon_core.package_identification:_identify(.) by extension 'colcon_pkg'
[1.260s] Level 1:colcon.colcon_core.package_identification:_identify(.) by extensions ['colcon_meta']
[1.260s] Level 1:colcon.colcon_core.package_identification:_identify(.) by extension 'colcon_meta'
[1.260s] Level 1:colcon.colcon_core.package_identification:_identify(.) by extensions ['ros']
[1.260s] Level 1:colcon.colcon_core.package_identification:_identify(.) by extension 'ros'
[1.408s] Level 1:colcon.colcon_core.package_identification:_identify(.) by extensions ['cmake', 'python']
[1.408s] Level 1:colcon.colcon_core.package_identification:_identify(.) by extension 'cmake'
[1.408s] Level 1:colcon.colcon_core.package_identification:_identify(.) by extension 'python'
[1.408s] Level 1:colcon.colcon_core.package_identification:_identify(.) by extensions ['python_setup_py']
[1.409s] Level 1:colcon.colcon_core.package_identification:_identify(.) by extension 'python_setup_py'
[1.413s] Level 1:colcon.colcon_core.package_identification:_identify(build) by extensions ['ignore', 'ignore_ament_install']
[1.414s] Level 1:colcon.colcon_core.package_identification:_identify(build) by extension 'ignore'
[1.414s] Level 1:colcon.colcon_core.package_identification:_identify(build) ignored
[1.415s] Level 1:colcon.colcon_core.package_identification:_identify(install) by extensions ['ignore', 'ignore_ament_install']
[1.416s] Level 1:colcon.colcon_core.package_identification:_identify(install) by extension 'ignore'
[1.416s] Level 1:colcon.colcon_core.package_identification:_identify(install) ignored
[1.416s] Level 1:colcon.colcon_core.package_identification:_identify(log) by extensions ['ignore', 'ignore_ament_install']
[1.416s] Level 1:colcon.colcon_core.package_identification:_identify(log) by extension 'ignore'
[1.416s] Level 1:colcon.colcon_core.package_identification:_identify(log) ignored
[1.416s] Level 1:colcon.colcon_core.package_identification:_identify(workspace_gz) by extensions ['ignore', 'ignore_ament_install']
[1.417s] Level 1:colcon.colcon_core.package_identification:_identify(workspace_gz) by extension 'ignore'
[1.417s] Level 1:colcon.colcon_core.package_identification:_identify(workspace_gz) by extension 'ignore_ament_install'
[1.417s] Level 1:colcon.colcon_core.package_identification:_identify(workspace_gz) by extensions ['colcon_pkg']
[1.417s] Level 1:colcon.colcon_core.package_identification:_identify(workspace_gz) by extension 'colcon_pkg'
[1.417s] Level 1:colcon.colcon_core.package_identification:_identify(workspace_gz) by extensions ['colcon_meta']
[1.417s] Level 1:colcon.colcon_core.package_identification:_identify(workspace_gz) by extension 'colcon_meta'
[1.417s] Level 1:colcon.colcon_core.package_identification:_identify(workspace_gz) by extensions ['ros']
[1.417s] Level 1:colcon.colcon_core.package_identification:_identify(workspace_gz) by extension 'ros'
[1.432s] DEBUG:colcon.colcon_core.package_identification:Package 'workspace_gz' with type 'ros.ament_cmake' and name 'workspace_gz'
[1.436s] Level 1:colcon.colcon_core.package_identification:_identify(workspace_nav) by extensions ['ignore', 'ignore_ament_install']
[1.436s] Level 1:colcon.colcon_core.package_identification:_identify(workspace_nav) by extension 'ignore'
[1.437s] Level 1:colcon.colcon_core.package_identification:_identify(workspace_nav) by extension 'ignore_ament_install'
[1.437s] Level 1:colcon.colcon_core.package_identification:_identify(workspace_nav) by extensions ['colcon_pkg']
[1.437s] Level 1:colcon.colcon_core.package_identification:_identify(workspace_nav) by extension 'colcon_pkg'
[1.437s] Level 1:colcon.colcon_core.package_identification:_identify(workspace_nav) by extensions ['colcon_meta']
[1.437s] Level 1:colcon.colcon_core.package_identification:_identify(workspace_nav) by extension 'colcon_meta'
[1.437s] Level 1:colcon.colcon_core.package_identification:_identify(workspace_nav) by extensions ['ros']
[1.437s] Level 1:colcon.colcon_core.package_identification:_identify(workspace_nav) by extension 'ros'
[1.440s] DEBUG:colcon.colcon_core.package_identification:Package 'workspace_nav' with type 'ros.ament_python' and name 'workspace_nav'
[1.445s] Level 1:colcon.colcon_core.package_identification:_identify(workspace_ros) by extensions ['ignore', 'ignore_ament_install']
[1.445s] Level 1:colcon.colcon_core.package_identification:_identify(workspace_ros) by extension 'ignore'
[1.445s] Level 1:colcon.colcon_core.package_identification:_identify(workspace_ros) by extension 'ignore_ament_install'
[1.445s] Level 1:colcon.colcon_core.package_identification:_identify(workspace_ros) by extensions ['colcon_pkg']
[1.445s] Level 1:colcon.colcon_core.package_identification:_identify(workspace_ros) by extension 'colcon_pkg'
[1.445s] Level 1:colcon.colcon_core.package_identification:_identify(workspace_ros) by extensions ['colcon_meta']
[1.445s] Level 1:colcon.colcon_core.package_identification:_identify(workspace_ros) by extension 'colcon_meta'
[1.445s] Level 1:colcon.colcon_core.package_identification:_identify(workspace_ros) by extensions ['ros']
[1.445s] Level 1:colcon.colcon_core.package_identification:_identify(workspace_ros) by extension 'ros'
[1.450s] DEBUG:colcon.colcon_core.package_identification:Package 'workspace_ros' with type 'ros.ament_python' and name 'workspace_ros'
[1.451s] Level 1:colcon.colcon_core.package_discovery:discover_packages(recursive) using defaults
[1.451s] Level 1:colcon.colcon_core.package_discovery:discover_packages(ignore) discover
[1.452s] Level 1:colcon.colcon_core.package_discovery:discover_packages(ignore) using defaults
[1.454s] Level 1:colcon.colcon_core.package_discovery:discover_packages(path) discover
[1.454s] Level 1:colcon.colcon_core.package_discovery:discover_packages(path) using defaults
[1.613s] INFO:colcon.colcon_core.package_selection:Skipping not selected package 'workspace_nav' in 'workspace_nav'
[1.613s] INFO:colcon.colcon_core.package_selection:Skipping not selected package 'workspace_ros' in 'workspace_ros'
[1.617s] Level 1:colcon.colcon_core.package_discovery:discover_packages(prefix_path) check parameters
[1.618s] Level 1:colcon.colcon_core.package_discovery:discover_packages(prefix_path) discover
[1.631s] WARNING:colcon.colcon_ros.prefix_path.ament:The path '/home/aliomac/garp-test/install/kiss_icp' in the environment variable AMENT_PREFIX_PATH doesn't exist
[1.634s] WARNING:colcon.colcon_ros.prefix_path.catkin:The path '/home/aliomac/garp-test/install/kiss_icp' in the environment variable CMAKE_PREFIX_PATH doesn't exist
[1.648s] DEBUG:colcon.colcon_installed_package_information.package_discovery:Found 3 installed packages in /home/aliomac/garp-test/install
[1.656s] DEBUG:colcon.colcon_installed_package_information.package_discovery:Found 8 installed packages in /home/aliomac/vrx_ws/install
[1.661s] DEBUG:colcon.colcon_installed_package_information.package_discovery:Found 6 installed packages in /home/aliomac/thesis_USV_gazebo/install
[1.674s] DEBUG:colcon.colcon_installed_package_information.package_discovery:Found 418 installed packages in /opt/ros/jazzy
[1.681s] Level 1:colcon.colcon_core.package_discovery:discover_packages(prefix_path) using defaults
[2.149s] Level 5:colcon.colcon_core.verb:set package 'workspace_gz' build argument 'cmake_args' from command line to 'None'
[2.150s] Level 5:colcon.colcon_core.verb:set package 'workspace_gz' build argument 'cmake_target' from command line to 'None'
[2.150s] Level 5:colcon.colcon_core.verb:set package 'workspace_gz' build argument 'cmake_target_skip_unavailable' from command line to 'False'
[2.150s] Level 5:colcon.colcon_core.verb:set package 'workspace_gz' build argument 'cmake_clean_cache' from command line to 'False'
[2.150s] Level 5:colcon.colcon_core.verb:set package 'workspace_gz' build argument 'cmake_clean_first' from command line to 'False'
[2.150s] Level 5:colcon.colcon_core.verb:set package 'workspace_gz' build argument 'cmake_force_configure' from command line to 'False'
[2.150s] Level 5:colcon.colcon_core.verb:set package 'workspace_gz' build argument 'ament_cmake_args' from command line to 'None'
[2.151s] Level 5:colcon.colcon_core.verb:set package 'workspace_gz' build argument 'catkin_cmake_args' from command line to 'None'
[2.151s] Level 5:colcon.colcon_core.verb:set package 'workspace_gz' build argument 'catkin_skip_building_tests' from command line to 'False'
[2.151s] DEBUG:colcon.colcon_core.verb:Building package 'workspace_gz' with the following arguments: {'ament_cmake_args': None, 'build_base': '/home/aliomac/garp-test/build/workspace_gz', 'catkin_cmake_args': None, 'catkin_skip_building_tests': False, 'cmake_args': None, 'cmake_clean_cache': False, 'cmake_clean_first': False, 'cmake_force_configure': False, 'cmake_target': None, 'cmake_target_skip_unavailable': False, 'install_base': '/home/aliomac/garp-test/install/workspace_gz', 'merge_install': False, 'path': '/home/aliomac/garp-test/workspace_gz', 'symlink_install': True, 'test_result_base': None}
[2.152s] INFO:colcon.colcon_core.executor:Executing jobs using 'parallel' executor
[2.162s] DEBUG:colcon.colcon_parallel_executor.executor.parallel:run_until_complete
[2.162s] INFO:colcon.colcon_ros.task.ament_cmake.build:Building ROS package in '/home/aliomac/garp-test/workspace_gz' with build type 'ament_cmake'
[2.163s] INFO:colcon.colcon_cmake.task.cmake.build:Building CMake package in '/home/aliomac/garp-test/workspace_gz'
[2.197s] INFO:colcon.colcon_core.plugin_system:Skipping extension 'colcon_core.shell.bat': Not used on non-Windows systems
[2.199s] INFO:colcon.colcon_core.shell:Skip shell extension 'powershell' for command environment: Not usable outside of PowerShell
[2.199s] DEBUG:colcon.colcon_core.shell:Skip shell extension 'dsv' for command environment
[2.279s] DEBUG:colcon.colcon_core.event_handler.log_command:Invoking command in '/home/aliomac/garp-test/build/workspace_gz': CMAKE_PREFIX_PATH=${CMAKE_PREFIX_PATH}:/home/aliomac/garp-test/install/workspace_ros:/home/aliomac/garp-test/install/workspace_nav:/opt/ros/jazzy DEBUGINFOD_URLS=https://debuginfod.ubuntu.com /usr/bin/cmake /home/aliomac/garp-test/workspace_gz -DAMENT_CMAKE_SYMLINK_INSTALL=1 -DCMAKE_INSTALL_PREFIX=/home/aliomac/garp-test/install/workspace_gz
[12.192s] DEBUG:colcon.colcon_core.event_handler.log_command:Invoked command in '/home/aliomac/garp-test/build/workspace_gz' returned '0': CMAKE_PREFIX_PATH=${CMAKE_PREFIX_PATH}:/home/aliomac/garp-test/install/workspace_ros:/home/aliomac/garp-test/install/workspace_nav:/opt/ros/jazzy DEBUGINFOD_URLS=https://debuginfod.ubuntu.com /usr/bin/cmake /home/aliomac/garp-test/workspace_gz -DAMENT_CMAKE_SYMLINK_INSTALL=1 -DCMAKE_INSTALL_PREFIX=/home/aliomac/garp-test/install/workspace_gz
[12.193s] DEBUG:colcon.colcon_core.event_handler.log_command:Invoking command in '/home/aliomac/garp-test/build/workspace_gz': CMAKE_PREFIX_PATH=${CMAKE_PREFIX_PATH}:/home/aliomac/garp-test/install/workspace_ros:/home/aliomac/garp-test/install/workspace_nav:/opt/ros/jazzy DEBUGINFOD_URLS=https://debuginfod.ubuntu.com /usr/bin/cmake --build /home/aliomac/garp-test/build/workspace_gz -- -j8 -l8
[50.728s] DEBUG:colcon.colcon_core.event_handler.log_command:Invoked command in '/home/aliomac/garp-test/build/workspace_gz' returned '0': CMAKE_PREFIX_PATH=${CMAKE_PREFIX_PATH}:/home/aliomac/garp-test/install/workspace_ros:/home/aliomac/garp-test/install/workspace_nav:/opt/ros/jazzy DEBUGINFOD_URLS=https://debuginfod.ubuntu.com /usr/bin/cmake --build /home/aliomac/garp-test/build/workspace_gz -- -j8 -l8
[50.760s] DEBUG:colcon.colcon_core.event_handler.log_command:Invoking command in '/home/aliomac/garp-test/build/workspace_gz': CMAKE_PREFIX_PATH=${CMAKE_PREFIX_PATH}:/home/aliomac/garp-test/install/workspace_ros:/home/aliomac/garp-test/install/workspace_nav:/opt/ros/jazzy DEBUGINFOD_URLS=https://debuginfod.ubuntu.com /usr/bin/cmake --install /home/aliomac/garp-test/build/workspace_gz
[57.346s] Level 1:colcon.colcon_core.environment:create_environment_scripts_only(workspace_gz)
[57.347s] DEBUG:colcon.colcon_core.event_handler.log_command:Invoked command in '/home/aliomac/garp-test/build/workspace_gz' returned '0': CMAKE_PREFIX_PATH=${CMAKE_PREFIX_PATH}:/home/aliomac/garp-test/install/workspace_ros:/home/aliomac/garp-test/install/workspace_nav:/opt/ros/jazzy DEBUGINFOD_URLS=https://debuginfod.ubuntu.com /usr/bin/cmake --install /home/aliomac/garp-test/build/workspace_gz
[57.374s] Level 1:colcon.colcon_core.environment:checking '/home/aliomac/garp-test/install/workspace_gz' for CMake module files
[57.383s] Level 1:colcon.colcon_core.environment:checking '/home/aliomac/garp-test/install/workspace_gz' for CMake config files
[57.414s] Level 1:colcon.colcon_core.shell:create_environment_hook('workspace_gz', 'cmake_prefix_path')
[57.415s] INFO:colcon.colcon_core.shell:Creating environment hook '/home/aliomac/garp-test/install/workspace_gz/share/workspace_gz/hook/cmake_prefix_path.ps1'
[57.418s] INFO:colcon.colcon_core.shell:Creating environment descriptor '/home/aliomac/garp-test/install/workspace_gz/share/workspace_gz/hook/cmake_prefix_path.dsv'
[57.421s] INFO:colcon.colcon_core.shell:Creating environment hook '/home/aliomac/garp-test/install/workspace_gz/share/workspace_gz/hook/cmake_prefix_path.sh'
[57.426s] Level 1:colcon.colcon_core.environment:checking '/home/aliomac/garp-test/install/workspace_gz/lib'
[57.430s] Level 1:colcon.colcon_core.shell:create_environment_hook('workspace_gz', 'ld_library_path_lib')
[57.430s] INFO:colcon.colcon_core.shell:Creating environment hook '/home/aliomac/garp-test/install/workspace_gz/share/workspace_gz/hook/ld_library_path_lib.ps1'
[57.431s] INFO:colcon.colcon_core.shell:Creating environment descriptor '/home/aliomac/garp-test/install/workspace_gz/share/workspace_gz/hook/ld_library_path_lib.dsv'
[57.432s] INFO:colcon.colcon_core.shell:Creating environment hook '/home/aliomac/garp-test/install/workspace_gz/share/workspace_gz/hook/ld_library_path_lib.sh'
[57.432s] Level 1:colcon.colcon_core.environment:checking '/home/aliomac/garp-test/install/workspace_gz/bin'
[57.432s] Level 1:colcon.colcon_core.environment:checking '/home/aliomac/garp-test/install/workspace_gz/lib/pkgconfig/workspace_gz.pc'
[57.437s] Level 1:colcon.colcon_core.environment:checking '/home/aliomac/garp-test/install/workspace_gz/lib/python3.12/site-packages'
[57.438s] Level 1:colcon.colcon_core.environment:checking '/home/aliomac/garp-test/install/workspace_gz/bin'
[57.438s] INFO:colcon.colcon_core.shell:Creating package script '/home/aliomac/garp-test/install/workspace_gz/share/workspace_gz/package.ps1'
[57.440s] INFO:colcon.colcon_core.shell:Creating package descriptor '/home/aliomac/garp-test/install/workspace_gz/share/workspace_gz/package.dsv'
[57.440s] INFO:colcon.colcon_core.shell:Creating package script '/home/aliomac/garp-test/install/workspace_gz/share/workspace_gz/package.sh'
[57.445s] INFO:colcon.colcon_core.shell:Creating package script '/home/aliomac/garp-test/install/workspace_gz/share/workspace_gz/package.bash'
[57.450s] INFO:colcon.colcon_core.shell:Creating package script '/home/aliomac/garp-test/install/workspace_gz/share/workspace_gz/package.zsh'
[57.455s] Level 1:colcon.colcon_core.environment:create_file_with_runtime_dependencies(/home/aliomac/garp-test/install/workspace_gz/share/colcon-core/packages/workspace_gz)
[57.456s] Level 1:colcon.colcon_core.environment:create_environment_scripts_only(workspace_gz)
[57.458s] Level 1:colcon.colcon_core.environment:checking '/home/aliomac/garp-test/install/workspace_gz' for CMake module files
[57.459s] Level 1:colcon.colcon_core.environment:checking '/home/aliomac/garp-test/install/workspace_gz' for CMake config files
[57.468s] Level 1:colcon.colcon_core.shell:create_environment_hook('workspace_gz', 'cmake_prefix_path')
[57.469s] INFO:colcon.colcon_core.shell:Creating environment hook '/home/aliomac/garp-test/install/workspace_gz/share/workspace_gz/hook/cmake_prefix_path.ps1'
[57.470s] INFO:colcon.colcon_core.shell:Creating environment descriptor '/home/aliomac/garp-test/install/workspace_gz/share/workspace_gz/hook/cmake_prefix_path.dsv'
[57.470s] INFO:colcon.colcon_core.shell:Creating environment hook '/home/aliomac/garp-test/install/workspace_gz/share/workspace_gz/hook/cmake_prefix_path.sh'
[57.472s] Level 1:colcon.colcon_core.environment:checking '/home/aliomac/garp-test/install/workspace_gz/lib'
[57.475s] Level 1:colcon.colcon_core.shell:create_environment_hook('workspace_gz', 'ld_library_path_lib')
[57.476s] INFO:colcon.colcon_core.shell:Creating environment hook '/home/aliomac/garp-test/install/workspace_gz/share/workspace_gz/hook/ld_library_path_lib.ps1'
[57.477s] INFO:colcon.colcon_core.shell:Creating environment descriptor '/home/aliomac/garp-test/install/workspace_gz/share/workspace_gz/hook/ld_library_path_lib.dsv'
[57.478s] INFO:colcon.colcon_core.shell:Creating environment hook '/home/aliomac/garp-test/install/workspace_gz/share/workspace_gz/hook/ld_library_path_lib.sh'
[57.479s] Level 1:colcon.colcon_core.environment:checking '/home/aliomac/garp-test/install/workspace_gz/bin'
[57.479s] Level 1:colcon.colcon_core.environment:checking '/home/aliomac/garp-test/install/workspace_gz/lib/pkgconfig/workspace_gz.pc'
[57.482s] Level 1:colcon.colcon_core.environment:checking '/home/aliomac/garp-test/install/workspace_gz/lib/python3.12/site-packages'
[57.482s] Level 1:colcon.colcon_core.environment:checking '/home/aliomac/garp-test/install/workspace_gz/bin'
[57.483s] INFO:colcon.colcon_core.shell:Creating package script '/home/aliomac/garp-test/install/workspace_gz/share/workspace_gz/package.ps1'
[57.489s] INFO:colcon.colcon_core.shell:Creating package descriptor '/home/aliomac/garp-test/install/workspace_gz/share/workspace_gz/package.dsv'
[57.495s] INFO:colcon.colcon_core.shell:Creating package script '/home/aliomac/garp-test/install/workspace_gz/share/workspace_gz/package.sh'
[57.501s] INFO:colcon.colcon_core.shell:Creating package script '/home/aliomac/garp-test/install/workspace_gz/share/workspace_gz/package.bash'
[57.505s] INFO:colcon.colcon_core.shell:Creating package script '/home/aliomac/garp-test/install/workspace_gz/share/workspace_gz/package.zsh'
[57.509s] Level 1:colcon.colcon_core.environment:create_file_with_runtime_dependencies(/home/aliomac/garp-test/install/workspace_gz/share/colcon-core/packages/workspace_gz)
[57.509s] DEBUG:colcon.colcon_parallel_executor.executor.parallel:closing loop
[57.510s] DEBUG:colcon.colcon_parallel_executor.executor.parallel:loop closed
[57.510s] DEBUG:colcon.colcon_parallel_executor.executor.parallel:run_until_complete finished with '0'
[57.510s] DEBUG:colcon.colcon_core.event_reactor:joining thread
[57.537s] INFO:colcon.colcon_core.plugin_system:Skipping extension 'colcon_notification.desktop_notification.terminal_notifier': Not used on non-Darwin systems
[57.537s] INFO:colcon.colcon_core.plugin_system:Skipping extension 'colcon_notification.desktop_notification.win32': Not used on non-Windows systems
[57.538s] INFO:colcon.colcon_notification.desktop_notification:Sending desktop notification using 'notify2'
[57.566s] DEBUG:colcon.colcon_core.event_reactor:joined thread
[57.566s] INFO:colcon.colcon_core.shell:Creating prefix script '/home/aliomac/garp-test/install/local_setup.ps1'
[57.573s] INFO:colcon.colcon_core.shell:Creating prefix util module '/home/aliomac/garp-test/install/_local_setup_util_ps1.py'
[57.581s] INFO:colcon.colcon_core.shell:Creating prefix chain script '/home/aliomac/garp-test/install/setup.ps1'
[57.596s] INFO:colcon.colcon_core.shell:Creating prefix script '/home/aliomac/garp-test/install/local_setup.sh'
[57.603s] INFO:colcon.colcon_core.shell:Creating prefix util module '/home/aliomac/garp-test/install/_local_setup_util_sh.py'
[57.606s] INFO:colcon.colcon_core.shell:Creating prefix chain script '/home/aliomac/garp-test/install/setup.sh'
[57.613s] INFO:colcon.colcon_core.shell:Creating prefix script '/home/aliomac/garp-test/install/local_setup.bash'
[57.618s] INFO:colcon.colcon_core.shell:Creating prefix chain script '/home/aliomac/garp-test/install/setup.bash'
[57.626s] INFO:colcon.colcon_core.shell:Creating prefix script '/home/aliomac/garp-test/install/local_setup.zsh'
[57.628s] INFO:colcon.colcon_core.shell:Creating prefix chain script '/home/aliomac/garp-test/install/setup.zsh'
