[0.906s] Invoking command in '/home/ngen/yildiz_ws/src/YILDIZ-USV/workspace_nav': DEBUGINFOD_URLS=https://debuginfod.ubuntu.com PYTHONPATH=/home/ngen/yildiz_ws/src/YILDIZ-USV/build/workspace_nav/prefix_override:/usr/lib/python3/dist-packages/colcon_core/task/python/colcon_distutils_commands:/home/ngen/yildiz_ws/src/YILDIZ-USV/install/workspace_nav/lib/python3.12/site-packages:${PYTHONPATH} /usr/bin/python3 -W ignore:setup.py install is deprecated -W ignore:easy_install command is deprecated setup.py egg_info --egg-base ../build/workspace_nav build --build-base /home/ngen/yildiz_ws/src/YILDIZ-USV/build/workspace_nav/build install --record /home/ngen/yildiz_ws/src/YILDIZ-USV/build/workspace_nav/install.log --single-version-externally-managed install_data
[1.145s] running egg_info
[1.162s] writing ../build/workspace_nav/workspace_nav.egg-info/PKG-INFO
[1.162s] writing dependency_links to ../build/workspace_nav/workspace_nav.egg-info/dependency_links.txt
[1.163s] writing entry points to ../build/workspace_nav/workspace_nav.egg-info/entry_points.txt
[1.163s] writing requirements to ../build/workspace_nav/workspace_nav.egg-info/requires.txt
[1.163s] writing top-level names to ../build/workspace_nav/workspace_nav.egg-info/top_level.txt
[1.202s] reading manifest file '../build/workspace_nav/workspace_nav.egg-info/SOURCES.txt'
[1.204s] writing manifest file '../build/workspace_nav/workspace_nav.egg-info/SOURCES.txt'
[1.204s] running build
[1.204s] running build_py
[1.205s] running install
[1.211s] running install_lib
[1.232s] running install_data
[1.232s] running install_egg_info
[1.253s] removing '/home/ngen/yildiz_ws/src/YILDIZ-USV/install/workspace_nav/lib/python3.12/site-packages/workspace_nav-0.0.0-py3.12.egg-info' (and everything under it)
[1.254s] Copying ../build/workspace_nav/workspace_nav.egg-info to /home/ngen/yildiz_ws/src/YILDIZ-USV/install/workspace_nav/lib/python3.12/site-packages/workspace_nav-0.0.0-py3.12.egg-info
[1.255s] running install_scripts
[1.385s] Installing waypoint_transform script to /home/ngen/yildiz_ws/src/YILDIZ-USV/install/workspace_nav/lib/workspace_nav
[1.385s] Installing waypoint_with_state script to /home/ngen/yildiz_ws/src/YILDIZ-USV/install/workspace_nav/lib/workspace_nav
[1.385s] writing list of installed files to '/home/ngen/yildiz_ws/src/YILDIZ-USV/build/workspace_nav/install.log'
[1.409s] Invoked command in '/home/ngen/yildiz_ws/src/YILDIZ-USV/workspace_nav' returned '0': DEBUGINFOD_URLS=https://debuginfod.ubuntu.com PYTHONPATH=/home/ngen/yildiz_ws/src/YILDIZ-USV/build/workspace_nav/prefix_override:/usr/lib/python3/dist-packages/colcon_core/task/python/colcon_distutils_commands:/home/ngen/yildiz_ws/src/YILDIZ-USV/install/workspace_nav/lib/python3.12/site-packages:${PYTHONPATH} /usr/bin/python3 -W ignore:setup.py install is deprecated -W ignore:easy_install command is deprecated setup.py egg_info --egg-base ../build/workspace_nav build --build-base /home/ngen/yildiz_ws/src/YILDIZ-USV/build/workspace_nav/build install --record /home/ngen/yildiz_ws/src/YILDIZ-USV/build/workspace_nav/install.log --single-version-externally-managed install_data
