[0.453s] Invoking command in '/home/tugmirk/Desktop/garp-test/build/workspace_nav': DEBUGINFOD_URLS=https://debuginfod.ubuntu.com PYTHONPATH=/home/tugmirk/Desktop/garp-test/build/workspace_nav/prefix_override:/usr/lib/python3/dist-packages/colcon_core/task/python/colcon_distutils_commands:/home/tugmirk/Desktop/garp-test/install/workspace_nav/lib/python3.12/site-packages:${PYTHONPATH} /usr/bin/python3 -W ignore:setup.py install is deprecated -W ignore:easy_install command is deprecated setup.py develop --editable --build-directory /home/tugmirk/Desktop/garp-test/build/workspace_nav/build --no-deps symlink_data --force
[0.648s] running develop
[0.756s] running egg_info
[0.767s] writing workspace_nav.egg-info/PKG-INFO
[0.767s] writing dependency_links to workspace_nav.egg-info/dependency_links.txt
[0.767s] writing entry points to workspace_nav.egg-info/entry_points.txt
[0.767s] writing requirements to workspace_nav.egg-info/requires.txt
[0.767s] writing top-level names to workspace_nav.egg-info/top_level.txt
[0.791s] reading manifest file 'workspace_nav.egg-info/SOURCES.txt'
[0.791s] writing manifest file 'workspace_nav.egg-info/SOURCES.txt'
[0.803s] running build_ext
[0.803s] Creating /home/tugmirk/Desktop/garp-test/install/workspace_nav/lib/python3.12/site-packages/workspace-nav.egg-link (link to .)
[0.804s] Installing waypoint_transform script to /home/tugmirk/Desktop/garp-test/install/workspace_nav/lib/workspace_nav
[0.804s] Installing waypoint_with_state script to /home/tugmirk/Desktop/garp-test/install/workspace_nav/lib/workspace_nav
[0.804s] 
[0.804s] Installed /home/tugmirk/Desktop/garp-test/build/workspace_nav
[0.804s] running symlink_data
[0.804s] symbolically linking /home/tugmirk/Desktop/garp-test/build/workspace_nav/resource/workspace_nav -> /home/tugmirk/Desktop/garp-test/install/workspace_nav/share/ament_index/resource_index/packages
[0.805s] symbolically linking /home/tugmirk/Desktop/garp-test/build/workspace_nav/package.xml -> /home/tugmirk/Desktop/garp-test/install/workspace_nav/share/workspace_nav
[0.805s] symbolically linking /home/tugmirk/Desktop/garp-test/build/workspace_nav/config/nav2_params.yaml -> /home/tugmirk/Desktop/garp-test/install/workspace_nav/share/workspace_nav/config
[0.805s] symbolically linking /home/tugmirk/Desktop/garp-test/build/workspace_nav/config/map.yaml -> /home/tugmirk/Desktop/garp-test/install/workspace_nav/share/workspace_nav/config
[0.805s] symbolically linking /home/tugmirk/Desktop/garp-test/build/workspace_nav/launch/nav2.launch.py -> /home/tugmirk/Desktop/garp-test/install/workspace_nav/share/workspace_nav/launch
[0.805s] symbolically linking /home/tugmirk/Desktop/garp-test/build/workspace_nav/scripts/waypoint_transform.py -> /home/tugmirk/Desktop/garp-test/install/workspace_nav/share/workspace_nav/scripts
[0.805s] symbolically linking /home/tugmirk/Desktop/garp-test/build/workspace_nav/scripts/__init__.py -> /home/tugmirk/Desktop/garp-test/install/workspace_nav/share/workspace_nav/scripts
[0.805s] symbolically linking /home/tugmirk/Desktop/garp-test/build/workspace_nav/scripts/waypoint_with_state.py -> /home/tugmirk/Desktop/garp-test/install/workspace_nav/share/workspace_nav/scripts
[0.805s] symbolically linking /home/tugmirk/Desktop/garp-test/build/workspace_nav/map/map.pgm -> /home/tugmirk/Desktop/garp-test/install/workspace_nav/share/workspace_nav/map
[0.825s] Invoked command in '/home/tugmirk/Desktop/garp-test/build/workspace_nav' returned '0': DEBUGINFOD_URLS=https://debuginfod.ubuntu.com PYTHONPATH=/home/tugmirk/Desktop/garp-test/build/workspace_nav/prefix_override:/usr/lib/python3/dist-packages/colcon_core/task/python/colcon_distutils_commands:/home/tugmirk/Desktop/garp-test/install/workspace_nav/lib/python3.12/site-packages:${PYTHONPATH} /usr/bin/python3 -W ignore:setup.py install is deprecated -W ignore:easy_install command is deprecated setup.py develop --editable --build-directory /home/tugmirk/Desktop/garp-test/build/workspace_nav/build --no-deps symlink_data --force
