[0.015s] Invoking command in '/home/ngen/yildiz_ws/src/YILDIZ-USV/build/workspace_gz': CMAKE_PREFIX_PATH=${CMAKE_PREFIX_PATH}:/opt/ros/jazzy DEBUGINFOD_URLS=https://debuginfod.ubuntu.com /usr/bin/cmake /home/ngen/yildiz_ws/src/YILDIZ-USV/workspace_gz -DCMAKE_INSTALL_PREFIX=/home/ngen/yildiz_ws/src/YILDIZ-USV/install/workspace_gz
[0.152s] -- The C compiler identification is GNU 13.3.0
[0.184s] -- The CXX compiler identification is GNU 13.3.0
[0.205s] -- Detecting C compiler ABI info
[0.291s] -- Detecting C compiler ABI info - done
[0.298s] -- Check for working C compiler: /usr/bin/cc - skipped
[0.299s] -- Detecting C compile features
[0.299s] -- Detecting C compile features - done
[0.309s] -- Detecting CXX compiler ABI info
[0.392s] -- Detecting CXX compiler ABI info - done
[0.400s] -- Check for working CXX compiler: /usr/bin/c++ - skipped
[0.400s] -- Detecting CXX compile features
[0.400s] -- Detecting CXX compile features - done
[0.415s] -- Found ament_cmake: 2.5.4 (/opt/ros/jazzy/share/ament_cmake/cmake)
[0.551s] -- Found Python3: /usr/bin/python3 (found version "3.12.3") found components: Interpreter 
[0.674s] -- Looking for gz-sim8 -- found version 8.10.0
[0.685s] -- Searching for dependencies of gz-sim8
[0.687s] -- Looking for sdformat14 -- found version 14.8.0
[0.687s] -- Searching for dependencies of sdformat14
[0.695s] -- Checking for module 'tinyxml2'
[0.712s] --   Found tinyxml2, version 10.0.0
[0.752s] -- Looking for gz-math7 -- found version 7.5.2
[0.752s] -- Searching for dependencies of gz-math7
[0.754s] -- Looking for gz-utils2 -- found version 2.2.1
[0.754s] -- Searching for dependencies of gz-utils2
[0.756s] -- Looking for gz-utils2 -- found version 2.2.1
[0.756s] -- Searching for dependencies of gz-utils2
[0.756s] -- Searching for <gz-utils2> component [cli]
[0.757s] -- Looking for gz-utils2-cli -- found version 2.2.1
[0.757s] -- Searching for dependencies of gz-utils2-cli
[0.760s] -- Looking for gz-plugin2 -- found version 2.0.4
[0.760s] -- Searching for dependencies of gz-plugin2
[0.760s] -- Looking for gz-utils2 -- found version 2.2.1
[0.761s] -- Searching for <gz-plugin2> component [loader]
[0.763s] -- Looking for gz-plugin2-loader -- found version 2.0.4
[0.763s] -- Searching for dependencies of gz-plugin2-loader
[0.764s] -- Searching for <gz-plugin2> component [register]
[0.765s] -- Looking for gz-plugin2-register -- found version 2.0.4
[0.765s] -- Searching for dependencies of gz-plugin2-register
[0.767s] -- Looking for gz-transport13 -- found version 13.5.0
[0.767s] -- Searching for dependencies of gz-transport13
[0.891s] -- Found Protobuf: /usr/lib/x86_64-linux-gnu/libprotobuf.so (found version "3.21.12") 
[0.905s] -- Config-file not installed for ZeroMQ -- checking for pkg-config
[0.909s] -- Checking for module 'libzmq >= 4'
[0.925s] --   Found libzmq, version 4.3.5
[0.968s] -- Found ZeroMQ: TRUE (Required is at least version "4") 
[0.974s] -- Checking for module 'uuid'
[0.989s] --   Found uuid, version 2.39.3
[1.024s] -- Found UUID: TRUE  
[1.024s] -- Looking for gz-utils2 -- found version 2.2.1
[1.026s] -- Looking for gz-msgs10 -- found version 10.3.2
[1.026s] -- Searching for dependencies of gz-msgs10
[1.047s] -- Looking for gz-utils2 -- found version 2.2.1
[1.047s] -- Looking for gz-math7 -- found version 7.5.2
[1.057s] -- Searching for <gz-transport13> component [log]
[1.059s] -- Looking for gz-transport13-log -- found version 13.5.0
[1.059s] -- Searching for dependencies of gz-transport13-log
[1.060s] -- Searching for <gz-transport13> component [parameters]
[1.061s] -- Looking for gz-transport13-parameters -- found version 13.5.0
[1.061s] -- Searching for dependencies of gz-transport13-parameters
[1.062s] -- Looking for gz-msgs10 -- found version 10.3.2
[1.065s] -- Looking for gz-common5 -- found version 5.7.1
[1.065s] -- Searching for dependencies of gz-common5
[1.066s] -- Looking for gz-utils2 -- found version 2.2.1
[1.066s] -- Looking for dlfcn.h - found
[1.067s] -- Looking for libdl - found
[1.069s] -- Found DL: TRUE  
[1.076s] -- Searching for <gz-common5> component [av]
[1.078s] -- Looking for gz-common5-av -- found version 5.7.1
[1.078s] -- Searching for dependencies of gz-common5-av
[1.083s] -- Checking for module 'libswscale'
[1.099s] --   Found libswscale, version 7.5.100
[1.134s] -- Found SWSCALE: TRUE  
[1.140s] -- Checking for module 'libavdevice >= 56.4.100'
[1.154s] --   Found libavdevice, version 60.3.100
[1.205s] -- Found AVDEVICE: TRUE (Required is at least version "56.4.100") 
[1.211s] -- Checking for module 'libavformat'
[1.228s] --   Found libavformat, version 60.16.100
[1.263s] -- Found AVFORMAT: TRUE  
[1.267s] -- Checking for module 'libavcodec'
[1.281s] --   Found libavcodec, version 60.31.102
[1.313s] -- Found AVCODEC: TRUE  
[1.318s] -- Checking for module 'libavutil'
[1.331s] --   Found libavutil, version 58.29.100
[1.363s] -- Found AVUTIL: TRUE  
[1.364s] -- Searching for <gz-common5> component [events]
[1.365s] -- Looking for gz-common5-events -- found version 5.7.1
[1.366s] -- Searching for dependencies of gz-common5-events
[1.366s] -- Looking for gz-math7 -- found version 7.5.2
[1.366s] -- Searching for <gz-common5> component [graphics]
[1.368s] -- Looking for gz-common5-graphics -- found version 5.7.1
[1.368s] -- Searching for dependencies of gz-common5-graphics
[1.368s] -- Looking for gz-math7 -- found version 7.5.2
[1.373s] -- Found GzAssimp: TRUE (found version "5.3.0") 
[1.373s] -- Searching for <gz-common5> component [io]
[1.374s] -- Looking for gz-common5-io -- found version 5.7.1
[1.375s] -- Searching for dependencies of gz-common5-io
[1.375s] -- Searching for <gz-common5> component [profiler]
[1.376s] -- Looking for gz-common5-profiler -- found version 5.7.1
[1.376s] -- Searching for dependencies of gz-common5-profiler
[1.378s] -- Looking for gz-fuel_tools9 -- found version 9.1.1
[1.378s] -- Searching for dependencies of gz-fuel_tools9
[1.450s] -- Found CURL: /usr/lib/x86_64-linux-gnu/libcurl.so (found version "8.5.0")  
[1.458s] -- Checking for module 'jsoncpp'
[1.470s] --   Found jsoncpp, version 1.9.5
[1.502s] -- Found JSONCPP: TRUE  
[1.516s] -- Checking for module 'yaml-0.1'
[1.529s] --   Found yaml-0.1, version 0.2.5
[1.558s] -- Found YAML: TRUE  
[1.562s] -- Checking for module 'libzip'
[1.574s] --   Found libzip, version 1.7.3
[1.604s] -- Found ZIP: TRUE  
[1.604s] -- Looking for gz-utils2 -- found version 2.2.1
[1.605s] -- Looking for gz-common5 -- found version 5.7.1
[1.605s] -- Searching for dependencies of gz-common5
[1.605s] -- Looking for gz-utils2 -- found version 2.2.1
[1.605s] -- Looking for dlfcn.h - found
[1.605s] -- Looking for libdl - found
[1.611s] -- Searching for <gz-common5> component [testing]
[1.612s] -- Looking for gz-common5-testing -- found version 5.7.1
[1.612s] -- Searching for dependencies of gz-common5-testing
[1.613s] -- Looking for gz-math7 -- found version 7.5.2
[1.613s] -- Looking for gz-msgs10 -- found version 10.3.2
[1.616s] -- Looking for gz-gui8 -- found version 8.4.0
[1.616s] -- Searching for dependencies of gz-gui8
[1.635s] -- Looking for gz-utils2 -- found version 2.2.1
[1.635s] -- Looking for gz-math7 -- found version 7.5.2
[1.635s] -- Looking for gz-common5 -- found version 5.7.1
[1.636s] -- Looking for gz-plugin2 -- found version 2.0.4
[1.636s] -- Looking for gz-transport13 -- found version 13.5.0
[1.638s] -- Looking for gz-rendering8 -- found version 8.2.2
[1.638s] -- Searching for dependencies of gz-rendering8
[1.638s] -- Looking for gz-math7 -- found version 7.5.2
[1.638s] -- Searching for dependencies of gz-math7
[1.638s] -- Looking for gz-utils2 -- found version 2.2.1
[1.638s] -- Searching for <gz-math7> component [eigen3]
[1.640s] -- Looking for gz-math7-eigen3 -- found version 7.5.2
[1.640s] -- Searching for dependencies of gz-math7-eigen3
[1.648s] -- Looking for gz-common5 -- found version 5.7.1
[1.648s] -- Searching for dependencies of gz-common5
[1.648s] -- Looking for gz-utils2 -- found version 2.2.1
[1.648s] -- Looking for dlfcn.h - found
[1.648s] -- Looking for libdl - found
[1.655s] -- Searching for <gz-common5> component [graphics]
[1.655s] -- Searching for <gz-common5> component [events]
[1.655s] -- Searching for <gz-common5> component [geospatial]
[1.657s] -- Looking for gz-common5-geospatial -- found version 5.7.1
[1.657s] -- Searching for dependencies of gz-common5-geospatial
[1.657s] -- Looking for gz-math7 -- found version 7.5.2
[1.657s] -- Looking for gz-common5 -- found version 5.7.1
[1.658s] -- Looking for gz-plugin2 -- found version 2.0.4
[1.658s] -- Searching for dependencies of gz-plugin2
[1.658s] -- Looking for gz-utils2 -- found version 2.2.1
[1.659s] -- Searching for <gz-plugin2> component [all]
[1.660s] -- Looking for all libraries of gz-plugin2 -- found version 2.0.4
[1.660s] -- Looking for gz-plugin2 -- found version 2.0.4
[1.661s] -- Looking for gz-utils2 -- found version 2.2.1
[1.670s] -- Found OpenGL: /usr/lib/x86_64-linux-gnu/libOpenGL.so  found components: OpenGL 
[1.672s] -- Looking for gz-msgs10 -- found version 10.3.2
[1.701s] -- Looking for gz-physics7 -- found version 7.6.0
[1.701s] -- Searching for dependencies of gz-physics7
[1.701s] -- Looking for gz-common5 -- found version 5.7.1
[1.701s] -- Looking for gz-math7 -- found version 7.5.2
[1.702s] -- Looking for gz-plugin2 -- found version 2.0.4
[1.702s] -- Looking for gz-utils2 -- found version 2.2.1
[1.703s] -- Searching for <gz-physics7> component [heightmap]
[1.704s] -- Looking for gz-physics7-heightmap -- found version 7.6.0
[1.704s] -- Searching for dependencies of gz-physics7-heightmap
[1.704s] -- Looking for gz-common5 -- found version 5.7.1
[1.705s] -- Searching for <gz-physics7> component [mesh]
[1.706s] -- Looking for gz-physics7-mesh -- found version 7.6.0
[1.706s] -- Searching for dependencies of gz-physics7-mesh
[1.706s] -- Looking for gz-common5 -- found version 5.7.1
[1.707s] -- Searching for <gz-physics7> component [sdf]
[1.708s] -- Looking for gz-physics7-sdf -- found version 7.6.0
[1.708s] -- Searching for dependencies of gz-physics7-sdf
[1.708s] -- Looking for sdformat14 -- found version 14.8.0
[1.711s] -- Looking for gz-sensors8 -- found version 8.2.2
[1.711s] -- Searching for dependencies of gz-sensors8
[1.726s] -- Looking for gz-math7 -- found version 7.5.2
[1.727s] -- Looking for gz-common5 -- found version 5.7.1
[1.727s] -- Looking for gz-transport13 -- found version 13.5.0
[1.727s] -- Looking for gz-rendering8 -- found version 8.2.2
[1.727s] -- Looking for gz-msgs10 -- found version 10.3.2
[1.727s] -- Looking for sdformat14 -- found version 14.8.0
[1.728s] -- Searching for <gz-sensors8> component [air_pressure]
[1.730s] -- Looking for gz-sensors8-air_pressure -- found version 8.2.2
[1.730s] -- Searching for dependencies of gz-sensors8-air_pressure
[1.731s] -- Searching for <gz-sensors8> component [air_speed]
[1.732s] -- Looking for gz-sensors8-air_speed -- found version 8.2.2
[1.732s] -- Searching for dependencies of gz-sensors8-air_speed
[1.732s] -- Searching for <gz-sensors8> component [altimeter]
[1.733s] -- Looking for gz-sensors8-altimeter -- found version 8.2.2
[1.733s] -- Searching for dependencies of gz-sensors8-altimeter
[1.734s] -- Searching for <gz-sensors8> component [imu]
[1.735s] -- Looking for gz-sensors8-imu -- found version 8.2.2
[1.735s] -- Searching for dependencies of gz-sensors8-imu
[1.735s] -- Searching for <gz-sensors8> component [force_torque]
[1.736s] -- Looking for gz-sensors8-force_torque -- found version 8.2.2
[1.736s] -- Searching for dependencies of gz-sensors8-force_torque
[1.737s] -- Searching for <gz-sensors8> component [logical_camera]
[1.737s] -- Looking for gz-sensors8-logical_camera -- found version 8.2.2
[1.737s] -- Searching for dependencies of gz-sensors8-logical_camera
[1.738s] -- Searching for <gz-sensors8> component [magnetometer]
[1.739s] -- Looking for gz-sensors8-magnetometer -- found version 8.2.2
[1.739s] -- Searching for dependencies of gz-sensors8-magnetometer
[1.739s] -- Searching for <gz-sensors8> component [navsat]
[1.740s] -- Looking for gz-sensors8-navsat -- found version 8.2.2
[1.740s] -- Searching for dependencies of gz-sensors8-navsat
[1.741s] -- Searching for <gz-sensors8> component [dvl]
[1.741s] -- Looking for gz-sensors8-dvl -- found version 8.2.2
[1.742s] -- Searching for dependencies of gz-sensors8-dvl
[1.742s] -- Looking for gz-sensors8 -- found version 8.2.2
[1.742s] -- Searching for dependencies of gz-sensors8
[1.757s] -- Looking for gz-math7 -- found version 7.5.2
[1.757s] -- Looking for gz-common5 -- found version 5.7.1
[1.757s] -- Looking for gz-transport13 -- found version 13.5.0
[1.757s] -- Looking for gz-rendering8 -- found version 8.2.2
[1.757s] -- Looking for gz-msgs10 -- found version 10.3.2
[1.758s] -- Looking for sdformat14 -- found version 14.8.0
[1.758s] -- Searching for <gz-sensors8> component [rendering]
[1.759s] -- Looking for gz-sensors8-rendering -- found version 8.2.2
[1.759s] -- Searching for dependencies of gz-sensors8-rendering
[1.760s] -- Searching for <gz-sensors8> component [rendering]
[1.760s] -- Searching for <gz-sensors8> component [lidar]
[1.761s] -- Looking for gz-sensors8-lidar -- found version 8.2.2
[1.761s] -- Searching for dependencies of gz-sensors8-lidar
[1.761s] -- Looking for gz-sensors8 -- found version 8.2.2
[1.761s] -- Searching for <gz-sensors8> component [gpu_lidar]
[1.762s] -- Looking for gz-sensors8-gpu_lidar -- found version 8.2.2
[1.762s] -- Searching for dependencies of gz-sensors8-gpu_lidar
[1.763s] -- Looking for gz-sensors8 -- found version 8.2.2
[1.763s] -- Searching for <gz-sensors8> component [camera]
[1.765s] -- Looking for gz-sensors8-camera -- found version 8.2.2
[1.765s] -- Searching for dependencies of gz-sensors8-camera
[1.765s] -- Looking for gz-sensors8 -- found version 8.2.2
[1.766s] -- Searching for <gz-sensors8> component [boundingbox_camera]
[1.766s] -- Looking for gz-sensors8-boundingbox_camera -- found version 8.2.2
[1.766s] -- Searching for dependencies of gz-sensors8-boundingbox_camera
[1.767s] -- Searching for <gz-sensors8> component [segmentation_camera]
[1.768s] -- Looking for gz-sensors8-segmentation_camera -- found version 8.2.2
[1.768s] -- Searching for dependencies of gz-sensors8-segmentation_camera
[1.768s] -- Searching for <gz-sensors8> component [depth_camera]
[1.769s] -- Looking for gz-sensors8-depth_camera -- found version 8.2.2
[1.769s] -- Searching for dependencies of gz-sensors8-depth_camera
[1.769s] -- Looking for gz-sensors8 -- found version 8.2.2
[1.770s] -- Searching for <gz-sensors8> component [rgbd_camera]
[1.771s] -- Looking for gz-sensors8-rgbd_camera -- found version 8.2.2
[1.771s] -- Searching for dependencies of gz-sensors8-rgbd_camera
[1.771s] -- Looking for gz-sensors8 -- found version 8.2.2
[1.772s] -- Searching for <gz-sensors8> component [thermal_camera]
[1.773s] -- Looking for gz-sensors8-thermal_camera -- found version 8.2.2
[1.773s] -- Searching for dependencies of gz-sensors8-thermal_camera
[1.773s] -- Looking for gz-sensors8 -- found version 8.2.2
[1.774s] -- Searching for <gz-sensors8> component [wide_angle_camera]
[1.775s] -- Looking for gz-sensors8-wide_angle_camera -- found version 8.2.2
[1.775s] -- Searching for dependencies of gz-sensors8-wide_angle_camera
[1.776s] -- Looking for gz-rendering8 -- found version 8.2.2
[1.776s] -- Looking for gz-math7 -- found version 7.5.2
[1.776s] -- Looking for gz-utils2 -- found version 2.2.1
[1.792s] -- Looking for gz-common5 -- found version 5.7.1
[1.792s] -- Looking for gz-math7 -- found version 7.5.2
[1.793s] -- Looking for gz-transport13 -- found version 13.5.0
[1.793s] -- Looking for gz-plugin2 -- found version 2.0.4
[1.793s] -- Looking for gz-rendering8 -- found version 8.2.2
[1.793s] -- Looking for gz-sensors8 -- found version 8.2.2
[1.794s] -- Looking for gz-utils2 -- found version 2.2.1
[1.794s] -- Looking for sdformat14 -- found version 14.8.0
[1.797s] -- Found std_msgs: 5.3.6 (/opt/ros/jazzy/share/std_msgs/cmake)
[1.838s] -- Found rosidl_generator_c: 4.6.6 (/opt/ros/jazzy/share/rosidl_generator_c/cmake)
[1.852s] -- Found rosidl_generator_cpp: 4.6.6 (/opt/ros/jazzy/share/rosidl_generator_cpp/cmake)
[1.872s] -- Using all available rosidl_typesupport_c: rosidl_typesupport_fastrtps_c;rosidl_typesupport_introspection_c
[1.891s] -- Using all available rosidl_typesupport_cpp: rosidl_typesupport_fastrtps_cpp;rosidl_typesupport_introspection_cpp
[1.923s] -- Looking for gz-msgs10 -- found version 10.3.2
[1.923s] -- Looking for gz-fuel_tools9 -- found version 9.1.1
[1.990s] -- Configuring done (2.0s)
[2.075s] -- Generating done (0.1s)
[2.093s] -- Build files have been written to: /home/ngen/yildiz_ws/src/YILDIZ-USV/build/workspace_gz
[2.103s] Invoked command in '/home/ngen/yildiz_ws/src/YILDIZ-USV/build/workspace_gz' returned '0': CMAKE_PREFIX_PATH=${CMAKE_PREFIX_PATH}:/opt/ros/jazzy DEBUGINFOD_URLS=https://debuginfod.ubuntu.com /usr/bin/cmake /home/ngen/yildiz_ws/src/YILDIZ-USV/workspace_gz -DCMAKE_INSTALL_PREFIX=/home/ngen/yildiz_ws/src/YILDIZ-USV/install/workspace_gz
[2.105s] Invoking command in '/home/ngen/yildiz_ws/src/YILDIZ-USV/build/workspace_gz': CMAKE_PREFIX_PATH=${CMAKE_PREFIX_PATH}:/opt/ros/jazzy DEBUGINFOD_URLS=https://debuginfod.ubuntu.com /usr/bin/cmake --build /home/ngen/yildiz_ws/src/YILDIZ-USV/build/workspace_gz -- -j20 -l20
[2.147s] [  2%] [32mBuilding CXX object CMakeFiles/ScoringPlugin.dir/plugins/ScoringPlugin.cc.o[0m
[2.147s] [  4%] [32mBuilding CXX object CMakeFiles/Waves.dir/plugins/Wavefield.cc.o[0m
[4.528s] [  6%] [32m[1mLinking CXX shared library libWaves.so[0m
[4.721s] [  6%] Built target Waves
[4.740s] [  8%] [32mBuilding CXX object CMakeFiles/PolyhedraBuoyancyDrag.dir/plugins/PolyhedronVolume.cc.o[0m
[4.741s] [ 12%] [32mBuilding CXX object CMakeFiles/PolyhedraBuoyancyDrag.dir/plugins/ShapeVolume.cc.o[0m
[4.741s] [ 12%] [32mBuilding CXX object CMakeFiles/PolyhedraBuoyancyDrag.dir/plugins/PolyhedraBuoyancyDrag.cc.o[0m
[5.463s] [ 14%] [32m[1mLinking CXX shared library libScoringPlugin.so[0m
[5.630s] [ 14%] Built target ScoringPlugin
[5.655s] [ 20%] [32mBuilding CXX object CMakeFiles/AcousticPerceptionScoringPlugin.dir/plugins/AcousticPerceptionScoringPlugin.cc.o[0m
[5.655s] [ 20%] [32mBuilding CXX object CMakeFiles/StationkeepingScoringPlugin.dir/plugins/StationkeepingScoringPlugin.cc.o[0m
[5.655s] [ 20%] [32mBuilding CXX object CMakeFiles/WayfindingScoringPlugin.dir/plugins/WayfindingScoringPlugin.cc.o[0m
[5.655s] [ 25%] [32mBuilding CXX object CMakeFiles/BallShooterPlugin.dir/plugins/BallShooterPlugin.cc.o[0m
[5.655s] [ 27%] [32mBuilding CXX object CMakeFiles/AcousticPingerPlugin.dir/plugins/AcousticPingerPlugin.cc.o[0m
[5.655s] [ 27%] [32mBuilding CXX object CMakeFiles/USVWind.dir/plugins/USVWind.cc.o[0m
[5.656s] [ 29%] [32mBuilding CXX object CMakeFiles/GymkhanaScoringPlugin.dir/plugins/GymkhanaScoringPlugin.cc.o[0m
[5.656s] [ 31%] [32mBuilding CXX object CMakeFiles/PerceptionScoringPlugin.dir/plugins/PerceptionScoringPlugin.cc.o[0m
[5.657s] [ 33%] [32mBuilding CXX object CMakeFiles/ScanDockScoringPlugin.dir/plugins/ScanDockScoringPlugin.cc.o[0m
[5.658s] [ 37%] [32mBuilding CXX object CMakeFiles/NavigationScoringPlugin.dir/plugins/NavigationScoringPlugin.cc.o[0m
[5.658s] [ 39%] [32mBuilding CXX object CMakeFiles/SimpleHydrodynamics.dir/plugins/SimpleHydrodynamics.cc.o[0m
[5.659s] [ 41%] [32mBuilding CXX object CMakeFiles/Surface.dir/plugins/Surface.cc.o[0m
[5.659s] [ 43%] [32mBuilding CXX object CMakeFiles/AcousticTrackingScoringPlugin.dir/plugins/AcousticTrackingScoringPlugin.cc.o[0m
[5.661s] [ 43%] [32mBuilding CXX object CMakeFiles/WaveVisual.dir/plugins/WaveVisual.cc.o[0m
[5.661s] [ 47%] [32mBuilding CXX object CMakeFiles/LightBuoyPlugin.dir/plugins/LightBuoyPlugin.cc.o[0m
[5.661s] [ 50%] [32mBuilding CXX object CMakeFiles/PlacardPlugin.dir/plugins/PlacardPlugin.cc.o[0m
[5.661s] [ 50%] [32mBuilding CXX object CMakeFiles/WildlifeScoringPlugin.dir/plugins/WildlifeScoringPlugin.cc.o[0m
[5.662s] [ 52%] [32mBuilding CXX object CMakeFiles/PublisherPlugin.dir/plugins/PublisherPlugin.cc.o[0m
[6.042s] [ 54%] [32mBuilding CXX object CMakeFiles/AcousticTrackingScoringPlugin.dir/plugins/WaypointMarkers.cc.o[0m
[12.401s] [ 56%] [32mBuilding CXX object CMakeFiles/StationkeepingScoringPlugin.dir/plugins/WaypointMarkers.cc.o[0m
[12.405s] [ 58%] [32m[1mLinking CXX shared library libPublisherPlugin.so[0m
[12.875s] [ 60%] [32m[1mLinking CXX shared library libPolyhedraBuoyancyDrag.so[0m
[12.895s] [ 60%] Built target PublisherPlugin
[12.907s] [ 62%] [32mBuilding CXX object CMakeFiles/WayfindingScoringPlugin.dir/plugins/WaypointMarkers.cc.o[0m
[13.011s] [ 64%] [32m[1mLinking CXX shared library libLightBuoyPlugin.so[0m
[13.367s] [ 64%] Built target PolyhedraBuoyancyDrag
[13.384s] [ 66%] [32m[1mLinking CXX shared library libGymkhanaScoringPlugin.so[0m
[13.384s] [ 68%] [32mBuilding CXX object CMakeFiles/AcousticPerceptionScoringPlugin.dir/plugins/WaypointMarkers.cc.o[0m
[13.448s] [ 68%] Built target LightBuoyPlugin
[13.793s] [ 68%] Built target GymkhanaScoringPlugin
[14.019s] [ 70%] [32m[1mLinking CXX shared library libSurface.so[0m
[14.507s] [ 70%] Built target Surface
[14.598s] [ 72%] [32m[1mLinking CXX shared library libSimpleHydrodynamics.so[0m
[14.660s] [ 75%] [32m[1mLinking CXX shared library libPlacardPlugin.so[0m
[15.008s] [ 75%] Built target SimpleHydrodynamics
[15.066s] [ 75%] Built target PlacardPlugin
[15.388s] [ 77%] [32m[1mLinking CXX shared library libPerceptionScoringPlugin.so[0m
[15.559s] [ 79%] [32m[1mLinking CXX shared library libAcousticPingerPlugin.so[0m
[15.577s] [ 81%] [32m[1mLinking CXX shared library libWildlifeScoringPlugin.so[0m
[15.752s] [ 81%] Built target PerceptionScoringPlugin
[15.874s] [ 81%] Built target WildlifeScoringPlugin
[15.899s] [ 81%] Built target AcousticPingerPlugin
[16.062s] [ 83%] [32m[1mLinking CXX shared library libNavigationScoringPlugin.so[0m
[16.150s] [ 85%] [32m[1mLinking CXX shared library libAcousticTrackingScoringPlugin.so[0m
[16.307s] [ 85%] Built target NavigationScoringPlugin
[16.407s] [ 85%] Built target AcousticTrackingScoringPlugin
[16.561s] [ 87%] [32m[1mLinking CXX shared library libScanDockScoringPlugin.so[0m
[16.791s] [ 89%] [32m[1mLinking CXX shared library libBallShooterPlugin.so[0m
[16.827s] [ 89%] Built target ScanDockScoringPlugin
[16.837s] [ 91%] [32m[1mLinking CXX shared library libWaveVisual.so[0m
[16.941s] [ 93%] [32m[1mLinking CXX shared library libStationkeepingScoringPlugin.so[0m
[17.013s] [ 95%] [32m[1mLinking CXX shared library libWayfindingScoringPlugin.so[0m
[17.073s] [ 95%] Built target BallShooterPlugin
[17.076s] [ 95%] Built target WaveVisual
[17.195s] [ 95%] Built target StationkeepingScoringPlugin
[17.262s] [ 95%] Built target WayfindingScoringPlugin
[17.328s] [ 97%] [32m[1mLinking CXX shared library libUSVWind.so[0m
[17.473s] [100%] [32m[1mLinking CXX shared library libAcousticPerceptionScoringPlugin.so[0m
[17.502s] [100%] Built target USVWind
[17.631s] [100%] Built target AcousticPerceptionScoringPlugin
[17.686s] Invoked command in '/home/ngen/yildiz_ws/src/YILDIZ-USV/build/workspace_gz' returned '0': CMAKE_PREFIX_PATH=${CMAKE_PREFIX_PATH}:/opt/ros/jazzy DEBUGINFOD_URLS=https://debuginfod.ubuntu.com /usr/bin/cmake --build /home/ngen/yildiz_ws/src/YILDIZ-USV/build/workspace_gz -- -j20 -l20
[17.726s] Invoking command in '/home/ngen/yildiz_ws/src/YILDIZ-USV/build/workspace_gz': CMAKE_PREFIX_PATH=${CMAKE_PREFIX_PATH}:/opt/ros/jazzy DEBUGINFOD_URLS=https://debuginfod.ubuntu.com /usr/bin/cmake --install /home/ngen/yildiz_ws/src/YILDIZ-USV/build/workspace_gz
[17.734s] -- Install configuration: ""
[17.735s] -- Installing: /home/ngen/yildiz_ws/src/YILDIZ-USV/install/workspace_gz/lib/libWaves.so
[17.736s] -- Set non-toolchain portion of runtime path of "/home/ngen/yildiz_ws/src/YILDIZ-USV/install/workspace_gz/lib/libWaves.so" to ""
[17.736s] -- Installing: /home/ngen/yildiz_ws/src/YILDIZ-USV/install/workspace_gz/lib/libPolyhedraBuoyancyDrag.so
[17.737s] -- Set non-toolchain portion of runtime path of "/home/ngen/yildiz_ws/src/YILDIZ-USV/install/workspace_gz/lib/libPolyhedraBuoyancyDrag.so" to ""
[17.737s] -- Installing: /home/ngen/yildiz_ws/src/YILDIZ-USV/install/workspace_gz/lib/libScoringPlugin.so
[17.739s] -- Set non-toolchain portion of runtime path of "/home/ngen/yildiz_ws/src/YILDIZ-USV/install/workspace_gz/lib/libScoringPlugin.so" to ""
[17.739s] -- Installing: /home/ngen/yildiz_ws/src/YILDIZ-USV/install/workspace_gz/lib/libStationkeepingScoringPlugin.so
[17.740s] -- Set non-toolchain portion of runtime path of "/home/ngen/yildiz_ws/src/YILDIZ-USV/install/workspace_gz/lib/libStationkeepingScoringPlugin.so" to ""
[17.740s] -- Installing: /home/ngen/yildiz_ws/src/YILDIZ-USV/install/workspace_gz/lib/libWayfindingScoringPlugin.so
[17.741s] -- Set non-toolchain portion of runtime path of "/home/ngen/yildiz_ws/src/YILDIZ-USV/install/workspace_gz/lib/libWayfindingScoringPlugin.so" to ""
[17.741s] -- Installing: /home/ngen/yildiz_ws/src/YILDIZ-USV/install/workspace_gz/lib/libAcousticPerceptionScoringPlugin.so
[17.742s] -- Set non-toolchain portion of runtime path of "/home/ngen/yildiz_ws/src/YILDIZ-USV/install/workspace_gz/lib/libAcousticPerceptionScoringPlugin.so" to ""
[17.742s] -- Installing: /home/ngen/yildiz_ws/src/YILDIZ-USV/install/workspace_gz/lib/libAcousticTrackingScoringPlugin.so
[17.743s] -- Set non-toolchain portion of runtime path of "/home/ngen/yildiz_ws/src/YILDIZ-USV/install/workspace_gz/lib/libAcousticTrackingScoringPlugin.so" to ""
[17.743s] -- Installing: /home/ngen/yildiz_ws/src/YILDIZ-USV/install/workspace_gz/lib/libAcousticPingerPlugin.so
[17.744s] -- Set non-toolchain portion of runtime path of "/home/ngen/yildiz_ws/src/YILDIZ-USV/install/workspace_gz/lib/libAcousticPingerPlugin.so" to ""
[17.744s] -- Installing: /home/ngen/yildiz_ws/src/YILDIZ-USV/install/workspace_gz/lib/libBallShooterPlugin.so
[17.745s] -- Set non-toolchain portion of runtime path of "/home/ngen/yildiz_ws/src/YILDIZ-USV/install/workspace_gz/lib/libBallShooterPlugin.so" to ""
[17.745s] -- Installing: /home/ngen/yildiz_ws/src/YILDIZ-USV/install/workspace_gz/lib/libLightBuoyPlugin.so
[17.746s] -- Set non-toolchain portion of runtime path of "/home/ngen/yildiz_ws/src/YILDIZ-USV/install/workspace_gz/lib/libLightBuoyPlugin.so" to ""
[17.746s] -- Installing: /home/ngen/yildiz_ws/src/YILDIZ-USV/install/workspace_gz/lib/libNavigationScoringPlugin.so
[17.747s] -- Set non-toolchain portion of runtime path of "/home/ngen/yildiz_ws/src/YILDIZ-USV/install/workspace_gz/lib/libNavigationScoringPlugin.so" to ""
[17.747s] -- Installing: /home/ngen/yildiz_ws/src/YILDIZ-USV/install/workspace_gz/lib/libGymkhanaScoringPlugin.so
[17.747s] -- Set non-toolchain portion of runtime path of "/home/ngen/yildiz_ws/src/YILDIZ-USV/install/workspace_gz/lib/libGymkhanaScoringPlugin.so" to ""
[17.747s] -- Installing: /home/ngen/yildiz_ws/src/YILDIZ-USV/install/workspace_gz/lib/libPerceptionScoringPlugin.so
[17.748s] -- Set non-toolchain portion of runtime path of "/home/ngen/yildiz_ws/src/YILDIZ-USV/install/workspace_gz/lib/libPerceptionScoringPlugin.so" to ""
[17.748s] -- Installing: /home/ngen/yildiz_ws/src/YILDIZ-USV/install/workspace_gz/lib/libPlacardPlugin.so
[17.749s] -- Set non-toolchain portion of runtime path of "/home/ngen/yildiz_ws/src/YILDIZ-USV/install/workspace_gz/lib/libPlacardPlugin.so" to ""
[17.749s] -- Installing: /home/ngen/yildiz_ws/src/YILDIZ-USV/install/workspace_gz/lib/libPublisherPlugin.so
[17.750s] -- Set non-toolchain portion of runtime path of "/home/ngen/yildiz_ws/src/YILDIZ-USV/install/workspace_gz/lib/libPublisherPlugin.so" to ""
[17.750s] -- Installing: /home/ngen/yildiz_ws/src/YILDIZ-USV/install/workspace_gz/lib/libScanDockScoringPlugin.so
[17.751s] -- Set non-toolchain portion of runtime path of "/home/ngen/yildiz_ws/src/YILDIZ-USV/install/workspace_gz/lib/libScanDockScoringPlugin.so" to ""
[17.751s] -- Installing: /home/ngen/yildiz_ws/src/YILDIZ-USV/install/workspace_gz/lib/libSimpleHydrodynamics.so
[17.751s] -- Set non-toolchain portion of runtime path of "/home/ngen/yildiz_ws/src/YILDIZ-USV/install/workspace_gz/lib/libSimpleHydrodynamics.so" to ""
[17.751s] -- Installing: /home/ngen/yildiz_ws/src/YILDIZ-USV/install/workspace_gz/lib/libSurface.so
[17.752s] -- Set non-toolchain portion of runtime path of "/home/ngen/yildiz_ws/src/YILDIZ-USV/install/workspace_gz/lib/libSurface.so" to ""
[17.752s] -- Installing: /home/ngen/yildiz_ws/src/YILDIZ-USV/install/workspace_gz/lib/libUSVWind.so
[17.753s] -- Set non-toolchain portion of runtime path of "/home/ngen/yildiz_ws/src/YILDIZ-USV/install/workspace_gz/lib/libUSVWind.so" to ""
[17.753s] -- Installing: /home/ngen/yildiz_ws/src/YILDIZ-USV/install/workspace_gz/lib/libWaveVisual.so
[17.754s] -- Set non-toolchain portion of runtime path of "/home/ngen/yildiz_ws/src/YILDIZ-USV/install/workspace_gz/lib/libWaveVisual.so" to ""
[17.754s] -- Installing: /home/ngen/yildiz_ws/src/YILDIZ-USV/install/workspace_gz/lib/libWildlifeScoringPlugin.so
[17.755s] -- Set non-toolchain portion of runtime path of "/home/ngen/yildiz_ws/src/YILDIZ-USV/install/workspace_gz/lib/libWildlifeScoringPlugin.so" to ""
[17.755s] -- Installing: /home/ngen/yildiz_ws/src/YILDIZ-USV/install/workspace_gz/share/workspace_gz//description
[17.756s] -- Installing: /home/ngen/yildiz_ws/src/YILDIZ-USV/install/workspace_gz/share/workspace_gz//description/roboboat
[17.756s] -- Installing: /home/ngen/yildiz_ws/src/YILDIZ-USV/install/workspace_gz/share/workspace_gz//description/roboboat/roboboat.xacro
[17.756s] -- Installing: /home/ngen/yildiz_ws/src/YILDIZ-USV/install/workspace_gz/share/workspace_gz//launch
[17.756s] -- Installing: /home/ngen/yildiz_ws/src/YILDIZ-USV/install/workspace_gz/share/workspace_gz//launch/simulation.launch.py
[17.757s] -- Installing: /home/ngen/yildiz_ws/src/YILDIZ-USV/install/workspace_gz/share/workspace_gz//models
[17.757s] -- Installing: /home/ngen/yildiz_ws/src/YILDIZ-USV/install/workspace_gz/share/workspace_gz//models/waves
[17.757s] -- Installing: /home/ngen/yildiz_ws/src/YILDIZ-USV/install/workspace_gz/share/workspace_gz//models/waves/meshes
[17.757s] -- Installing: /home/ngen/yildiz_ws/src/YILDIZ-USV/install/workspace_gz/share/workspace_gz//models/waves/meshes/waterlow.dae
[17.771s] -- Installing: /home/ngen/yildiz_ws/src/YILDIZ-USV/install/workspace_gz/share/workspace_gz//models/waves/model.sdf
[17.772s] -- Installing: /home/ngen/yildiz_ws/src/YILDIZ-USV/install/workspace_gz/share/workspace_gz//models/waves/materials
[17.772s] -- Installing: /home/ngen/yildiz_ws/src/YILDIZ-USV/install/workspace_gz/share/workspace_gz//models/waves/materials/textures
[17.772s] -- Installing: /home/ngen/yildiz_ws/src/YILDIZ-USV/install/workspace_gz/share/workspace_gz//models/waves/materials/textures/skybox_lowres.dds
[17.773s] -- Installing: /home/ngen/yildiz_ws/src/YILDIZ-USV/install/workspace_gz/share/workspace_gz//models/waves/materials/textures/wave_normals.dds
[17.774s] -- Installing: /home/ngen/yildiz_ws/src/YILDIZ-USV/install/workspace_gz/share/workspace_gz//models/waves/materials/programs
[17.774s] -- Installing: /home/ngen/yildiz_ws/src/YILDIZ-USV/install/workspace_gz/share/workspace_gz//models/waves/materials/programs/GerstnerWaves_fs_330.glsl
[17.774s] -- Installing: /home/ngen/yildiz_ws/src/YILDIZ-USV/install/workspace_gz/share/workspace_gz//models/waves/materials/programs/GerstnerWaves_vs_330.glsl
[17.774s] -- Installing: /home/ngen/yildiz_ws/src/YILDIZ-USV/install/workspace_gz/share/workspace_gz//models/waves/model.config
[17.774s] -- Installing: /home/ngen/yildiz_ws/src/YILDIZ-USV/install/workspace_gz/share/workspace_gz//models/buoys
[17.774s] -- Installing: /home/ngen/yildiz_ws/src/YILDIZ-USV/install/workspace_gz/share/workspace_gz//models/buoys/marker_buoy_orange
[17.774s] -- Installing: /home/ngen/yildiz_ws/src/YILDIZ-USV/install/workspace_gz/share/workspace_gz//models/buoys/marker_buoy_orange/meshes
[17.775s] -- Installing: /home/ngen/yildiz_ws/src/YILDIZ-USV/install/workspace_gz/share/workspace_gz//models/buoys/marker_buoy_orange/meshes/marker_buoy.dae
[17.775s] -- Installing: /home/ngen/yildiz_ws/src/YILDIZ-USV/install/workspace_gz/share/workspace_gz//models/buoys/marker_buoy_orange/model.sdf
[17.775s] -- Installing: /home/ngen/yildiz_ws/src/YILDIZ-USV/install/workspace_gz/share/workspace_gz//models/buoys/marker_buoy_orange/materials
[17.775s] -- Installing: /home/ngen/yildiz_ws/src/YILDIZ-USV/install/workspace_gz/share/workspace_gz//models/buoys/marker_buoy_orange/materials/textures
[17.775s] -- Installing: /home/ngen/yildiz_ws/src/YILDIZ-USV/install/workspace_gz/share/workspace_gz//models/buoys/marker_buoy_orange/materials/textures/MarkerBuoy_Base_Color.png
[17.777s] -- Installing: /home/ngen/yildiz_ws/src/YILDIZ-USV/install/workspace_gz/share/workspace_gz//models/buoys/marker_buoy_orange/materials/textures/MarkerBuoy_Roughness.png
[17.778s] -- Installing: /home/ngen/yildiz_ws/src/YILDIZ-USV/install/workspace_gz/share/workspace_gz//models/buoys/marker_buoy_orange/model.config
[17.779s] -- Installing: /home/ngen/yildiz_ws/src/YILDIZ-USV/install/workspace_gz/share/workspace_gz//models/buoys/marker_buoy_black
[17.779s] -- Installing: /home/ngen/yildiz_ws/src/YILDIZ-USV/install/workspace_gz/share/workspace_gz//models/buoys/marker_buoy_black/meshes
[17.779s] -- Installing: /home/ngen/yildiz_ws/src/YILDIZ-USV/install/workspace_gz/share/workspace_gz//models/buoys/marker_buoy_black/meshes/marker_buoy.dae
[17.779s] -- Installing: /home/ngen/yildiz_ws/src/YILDIZ-USV/install/workspace_gz/share/workspace_gz//models/buoys/marker_buoy_black/model.sdf
[17.779s] -- Installing: /home/ngen/yildiz_ws/src/YILDIZ-USV/install/workspace_gz/share/workspace_gz//models/buoys/marker_buoy_black/materials
[17.779s] -- Installing: /home/ngen/yildiz_ws/src/YILDIZ-USV/install/workspace_gz/share/workspace_gz//models/buoys/marker_buoy_black/materials/textures
[17.779s] -- Installing: /home/ngen/yildiz_ws/src/YILDIZ-USV/install/workspace_gz/share/workspace_gz//models/buoys/marker_buoy_black/materials/textures/MarkerBuoy_Base_Color.png
[17.781s] -- Installing: /home/ngen/yildiz_ws/src/YILDIZ-USV/install/workspace_gz/share/workspace_gz//models/buoys/marker_buoy_black/materials/textures/MarkerBuoy_Roughness.png
[17.782s] -- Installing: /home/ngen/yildiz_ws/src/YILDIZ-USV/install/workspace_gz/share/workspace_gz//models/buoys/marker_buoy_black/model.config
[17.782s] -- Installing: /home/ngen/yildiz_ws/src/YILDIZ-USV/install/workspace_gz/share/workspace_gz//models/buoys/marker_buoy_yellow
[17.782s] -- Installing: /home/ngen/yildiz_ws/src/YILDIZ-USV/install/workspace_gz/share/workspace_gz//models/buoys/marker_buoy_yellow/meshes
[17.782s] -- Installing: /home/ngen/yildiz_ws/src/YILDIZ-USV/install/workspace_gz/share/workspace_gz//models/buoys/marker_buoy_yellow/meshes/marker_buoy.dae
[17.783s] -- Installing: /home/ngen/yildiz_ws/src/YILDIZ-USV/install/workspace_gz/share/workspace_gz//models/buoys/marker_buoy_yellow/model.sdf
[17.783s] -- Installing: /home/ngen/yildiz_ws/src/YILDIZ-USV/install/workspace_gz/share/workspace_gz//models/buoys/marker_buoy_yellow/materials
[17.783s] -- Installing: /home/ngen/yildiz_ws/src/YILDIZ-USV/install/workspace_gz/share/workspace_gz//models/buoys/marker_buoy_yellow/materials/textures
[17.783s] -- Installing: /home/ngen/yildiz_ws/src/YILDIZ-USV/install/workspace_gz/share/workspace_gz//models/buoys/marker_buoy_yellow/materials/textures/MarkerBuoy_Base_Color.png
[17.785s] -- Installing: /home/ngen/yildiz_ws/src/YILDIZ-USV/install/workspace_gz/share/workspace_gz//models/buoys/marker_buoy_yellow/materials/textures/MarkerBuoy_Roughness.png
[17.786s] -- Installing: /home/ngen/yildiz_ws/src/YILDIZ-USV/install/workspace_gz/share/workspace_gz//models/buoys/marker_buoy_yellow/model.config
[17.786s] -- Installing: /home/ngen/yildiz_ws/src/YILDIZ-USV/install/workspace_gz/share/workspace_gz//models/buoys/marker_buoy_green
[17.786s] -- Installing: /home/ngen/yildiz_ws/src/YILDIZ-USV/install/workspace_gz/share/workspace_gz//models/buoys/marker_buoy_green/meshes
[17.786s] -- Installing: /home/ngen/yildiz_ws/src/YILDIZ-USV/install/workspace_gz/share/workspace_gz//models/buoys/marker_buoy_green/meshes/marker_buoy.dae
[17.786s] -- Installing: /home/ngen/yildiz_ws/src/YILDIZ-USV/install/workspace_gz/share/workspace_gz//models/buoys/marker_buoy_green/model.sdf
[17.786s] -- Installing: /home/ngen/yildiz_ws/src/YILDIZ-USV/install/workspace_gz/share/workspace_gz//models/buoys/marker_buoy_green/materials
[17.786s] -- Installing: /home/ngen/yildiz_ws/src/YILDIZ-USV/install/workspace_gz/share/workspace_gz//models/buoys/marker_buoy_green/materials/textures
[17.787s] -- Installing: /home/ngen/yildiz_ws/src/YILDIZ-USV/install/workspace_gz/share/workspace_gz//models/buoys/marker_buoy_green/materials/textures/MarkerBuoy_Base_Color.png
[17.788s] -- Installing: /home/ngen/yildiz_ws/src/YILDIZ-USV/install/workspace_gz/share/workspace_gz//models/buoys/marker_buoy_green/materials/textures/MarkerBuoy_Roughness.png
[17.789s] -- Installing: /home/ngen/yildiz_ws/src/YILDIZ-USV/install/workspace_gz/share/workspace_gz//models/buoys/marker_buoy_green/model.config
[17.789s] -- Installing: /home/ngen/yildiz_ws/src/YILDIZ-USV/install/workspace_gz/share/workspace_gz//models/buoys/round_buoy_orange
[17.789s] -- Installing: /home/ngen/yildiz_ws/src/YILDIZ-USV/install/workspace_gz/share/workspace_gz//models/buoys/round_buoy_orange/meshes
[17.789s] -- Installing: /home/ngen/yildiz_ws/src/YILDIZ-USV/install/workspace_gz/share/workspace_gz//models/buoys/round_buoy_orange/meshes/round_buoy.dae
[17.790s] -- Installing: /home/ngen/yildiz_ws/src/YILDIZ-USV/install/workspace_gz/share/workspace_gz//models/buoys/round_buoy_orange/model.sdf
[17.790s] -- Installing: /home/ngen/yildiz_ws/src/YILDIZ-USV/install/workspace_gz/share/workspace_gz//models/buoys/round_buoy_orange/materials
[17.790s] -- Installing: /home/ngen/yildiz_ws/src/YILDIZ-USV/install/workspace_gz/share/workspace_gz//models/buoys/round_buoy_orange/materials/textures
[17.790s] -- Installing: /home/ngen/yildiz_ws/src/YILDIZ-USV/install/workspace_gz/share/workspace_gz//models/buoys/round_buoy_orange/materials/textures/RoundBarrierBuoy_Base_Color.png
[17.792s] -- Installing: /home/ngen/yildiz_ws/src/YILDIZ-USV/install/workspace_gz/share/workspace_gz//models/buoys/round_buoy_orange/materials/textures/RoundBarrierBuoy_Roughness.png
[17.793s] -- Installing: /home/ngen/yildiz_ws/src/YILDIZ-USV/install/workspace_gz/share/workspace_gz//models/buoys/round_buoy_orange/model.config
[17.793s] -- Installing: /home/ngen/yildiz_ws/src/YILDIZ-USV/install/workspace_gz/share/workspace_gz//models/buoys/marker_buoy_red
[17.793s] -- Installing: /home/ngen/yildiz_ws/src/YILDIZ-USV/install/workspace_gz/share/workspace_gz//models/buoys/marker_buoy_red/meshes
[17.793s] -- Installing: /home/ngen/yildiz_ws/src/YILDIZ-USV/install/workspace_gz/share/workspace_gz//models/buoys/marker_buoy_red/meshes/marker_buoy.dae
[17.794s] -- Installing: /home/ngen/yildiz_ws/src/YILDIZ-USV/install/workspace_gz/share/workspace_gz//models/buoys/marker_buoy_red/model.sdf
[17.794s] -- Installing: /home/ngen/yildiz_ws/src/YILDIZ-USV/install/workspace_gz/share/workspace_gz//models/buoys/marker_buoy_red/materials
[17.794s] -- Installing: /home/ngen/yildiz_ws/src/YILDIZ-USV/install/workspace_gz/share/workspace_gz//models/buoys/marker_buoy_red/materials/textures
[17.794s] -- Installing: /home/ngen/yildiz_ws/src/YILDIZ-USV/install/workspace_gz/share/workspace_gz//models/buoys/marker_buoy_red/materials/textures/MarkerBuoy_Base_Color.png
[17.796s] -- Installing: /home/ngen/yildiz_ws/src/YILDIZ-USV/install/workspace_gz/share/workspace_gz//models/buoys/marker_buoy_red/materials/textures/MarkerBuoy_Roughness.png
[17.796s] -- Installing: /home/ngen/yildiz_ws/src/YILDIZ-USV/install/workspace_gz/share/workspace_gz//models/buoys/marker_buoy_red/model.config
[17.796s] -- Installing: /home/ngen/yildiz_ws/src/YILDIZ-USV/install/workspace_gz/share/workspace_gz//models/roboboat
[17.796s] -- Installing: /home/ngen/yildiz_ws/src/YILDIZ-USV/install/workspace_gz/share/workspace_gz//models/roboboat/meshes
[17.796s] -- Installing: /home/ngen/yildiz_ws/src/YILDIZ-USV/install/workspace_gz/share/workspace_gz//models/roboboat/meshes/prop.dae
[17.797s] -- Installing: /home/ngen/yildiz_ws/src/YILDIZ-USV/install/workspace_gz/share/workspace_gz//models/roboboat/meshes/housing.dae
[17.797s] -- Installing: /home/ngen/yildiz_ws/src/YILDIZ-USV/install/workspace_gz/share/workspace_gz//models/roboboat/meshes/roboboat.dae
[17.799s] -- Installing: /home/ngen/yildiz_ws/src/YILDIZ-USV/install/workspace_gz/share/workspace_gz//models/roboboat/meshes/mount.dae
[17.800s] -- Installing: /home/ngen/yildiz_ws/src/YILDIZ-USV/install/workspace_gz/share/workspace_gz//models/roboboat/sensors
[17.800s] -- Installing: /home/ngen/yildiz_ws/src/YILDIZ-USV/install/workspace_gz/share/workspace_gz//models/roboboat/sensors/lidar_post
[17.800s] -- Installing: /home/ngen/yildiz_ws/src/YILDIZ-USV/install/workspace_gz/share/workspace_gz//models/roboboat/sensors/lidar_post/meshes
[17.800s] -- Installing: /home/ngen/yildiz_ws/src/YILDIZ-USV/install/workspace_gz/share/workspace_gz//models/roboboat/sensors/lidar_post/meshes/post_albedo.jpg
[17.800s] -- Installing: /home/ngen/yildiz_ws/src/YILDIZ-USV/install/workspace_gz/share/workspace_gz//models/roboboat/sensors/lidar_post/meshes/post.dae
[17.800s] -- Installing: /home/ngen/yildiz_ws/src/YILDIZ-USV/install/workspace_gz/share/workspace_gz//models/roboboat/sensors/lidar_post/materials
[17.800s] -- Installing: /home/ngen/yildiz_ws/src/YILDIZ-USV/install/workspace_gz/share/workspace_gz//models/roboboat/sensors/lidar_post/materials/textures
[17.800s] -- Installing: /home/ngen/yildiz_ws/src/YILDIZ-USV/install/workspace_gz/share/workspace_gz//models/roboboat/sensors/lidar_post/materials/textures/post_albedo.png
[17.801s] -- Installing: /home/ngen/yildiz_ws/src/YILDIZ-USV/install/workspace_gz/share/workspace_gz//models/roboboat/sensors/camera_post
[17.801s] -- Installing: /home/ngen/yildiz_ws/src/YILDIZ-USV/install/workspace_gz/share/workspace_gz//models/roboboat/sensors/camera_post/meshes
[17.801s] -- Installing: /home/ngen/yildiz_ws/src/YILDIZ-USV/install/workspace_gz/share/workspace_gz//models/roboboat/sensors/camera_post/meshes/post_albedo.jpg
[17.801s] -- Installing: /home/ngen/yildiz_ws/src/YILDIZ-USV/install/workspace_gz/share/workspace_gz//models/roboboat/sensors/camera_post/meshes/post.dae
[17.801s] -- Installing: /home/ngen/yildiz_ws/src/YILDIZ-USV/install/workspace_gz/share/workspace_gz//models/roboboat/sensors/camera_post/materials
[17.801s] -- Installing: /home/ngen/yildiz_ws/src/YILDIZ-USV/install/workspace_gz/share/workspace_gz//models/roboboat/sensors/camera_post/materials/textures
[17.801s] -- Installing: /home/ngen/yildiz_ws/src/YILDIZ-USV/install/workspace_gz/share/workspace_gz//models/roboboat/sensors/camera_post/materials/textures/post_albedo.png
[17.801s] -- Installing: /home/ngen/yildiz_ws/src/YILDIZ-USV/install/workspace_gz/share/workspace_gz//models/roboboat/sensors/camera
[17.802s] -- Installing: /home/ngen/yildiz_ws/src/YILDIZ-USV/install/workspace_gz/share/workspace_gz//models/roboboat/sensors/camera/meshes
[17.802s] -- Installing: /home/ngen/yildiz_ws/src/YILDIZ-USV/install/workspace_gz/share/workspace_gz//models/roboboat/sensors/camera/meshes/camera.dae
[17.802s] -- Installing: /home/ngen/yildiz_ws/src/YILDIZ-USV/install/workspace_gz/share/workspace_gz//models/roboboat/sensors/camera/meshes/camera_albedo.png
[17.802s] -- Installing: /home/ngen/yildiz_ws/src/YILDIZ-USV/install/workspace_gz/share/workspace_gz//models/roboboat/sensors/camera/materials
[17.802s] -- Installing: /home/ngen/yildiz_ws/src/YILDIZ-USV/install/workspace_gz/share/workspace_gz//models/roboboat/sensors/camera/materials/textures
[17.803s] -- Installing: /home/ngen/yildiz_ws/src/YILDIZ-USV/install/workspace_gz/share/workspace_gz//models/roboboat/sensors/camera/materials/textures/camera_normal.png
[17.803s] -- Installing: /home/ngen/yildiz_ws/src/YILDIZ-USV/install/workspace_gz/share/workspace_gz//models/roboboat/sensors/camera/materials/textures/camera.png
[17.804s] -- Installing: /home/ngen/yildiz_ws/src/YILDIZ-USV/install/workspace_gz/share/workspace_gz//models/roboboat/sensors/camera/materials/textures/camera_albedo.png
[17.804s] -- Installing: /home/ngen/yildiz_ws/src/YILDIZ-USV/install/workspace_gz/share/workspace_gz//models/roboboat/sensors/camera/materials/textures/camera_metalness.png
[17.805s] -- Installing: /home/ngen/yildiz_ws/src/YILDIZ-USV/install/workspace_gz/share/workspace_gz//models/roboboat/sensors/camera/materials/textures/camera_roughness.png
[17.805s] -- Installing: /home/ngen/yildiz_ws/src/YILDIZ-USV/install/workspace_gz/share/workspace_gz//models/roboboat/sensors/lidar
[17.805s] -- Installing: /home/ngen/yildiz_ws/src/YILDIZ-USV/install/workspace_gz/share/workspace_gz//models/roboboat/sensors/lidar/meshes
[17.805s] -- Installing: /home/ngen/yildiz_ws/src/YILDIZ-USV/install/workspace_gz/share/workspace_gz//models/roboboat/sensors/lidar/meshes/lidar.dae
[17.806s] -- Installing: /home/ngen/yildiz_ws/src/YILDIZ-USV/install/workspace_gz/share/workspace_gz//models/roboboat/sensors/lidar/meshes/lidar_albedo.png
[17.807s] -- Installing: /home/ngen/yildiz_ws/src/YILDIZ-USV/install/workspace_gz/share/workspace_gz//models/roboboat/sensors/lidar/materials
[17.807s] -- Installing: /home/ngen/yildiz_ws/src/YILDIZ-USV/install/workspace_gz/share/workspace_gz//models/roboboat/sensors/lidar/materials/textures
[17.808s] -- Installing: /home/ngen/yildiz_ws/src/YILDIZ-USV/install/workspace_gz/share/workspace_gz//models/roboboat/sensors/lidar/materials/textures/lidar_roughness.png
[17.809s] -- Installing: /home/ngen/yildiz_ws/src/YILDIZ-USV/install/workspace_gz/share/workspace_gz//models/roboboat/sensors/lidar/materials/textures/lidar_metalness.png
[17.809s] -- Installing: /home/ngen/yildiz_ws/src/YILDIZ-USV/install/workspace_gz/share/workspace_gz//models/roboboat/sensors/lidar/materials/textures/lidar_albedo.png
[17.810s] -- Installing: /home/ngen/yildiz_ws/src/YILDIZ-USV/install/workspace_gz/share/workspace_gz//models/roboboat/sensors/lidar/materials/textures/lidar_normal.png
[17.810s] -- Installing: /home/ngen/yildiz_ws/src/YILDIZ-USV/install/workspace_gz/share/workspace_gz//models/roboboat/sensors/lidar/materials/textures/lidar.png
[17.811s] -- Installing: /home/ngen/yildiz_ws/src/YILDIZ-USV/install/workspace_gz/share/workspace_gz//models/roboboat/sensors/gps
[17.811s] -- Installing: /home/ngen/yildiz_ws/src/YILDIZ-USV/install/workspace_gz/share/workspace_gz//models/roboboat/sensors/gps/meshes
[17.811s] -- Installing: /home/ngen/yildiz_ws/src/YILDIZ-USV/install/workspace_gz/share/workspace_gz//models/roboboat/sensors/gps/meshes/gps.dae
[17.812s] -- Installing: /home/ngen/yildiz_ws/src/YILDIZ-USV/install/workspace_gz/share/workspace_gz//models/roboboat/sensors/gps/meshes/gps_albedo.png
[17.813s] -- Installing: /home/ngen/yildiz_ws/src/YILDIZ-USV/install/workspace_gz/share/workspace_gz//models/roboboat/sensors/gps/materials
[17.813s] -- Installing: /home/ngen/yildiz_ws/src/YILDIZ-USV/install/workspace_gz/share/workspace_gz//models/roboboat/sensors/gps/materials/textures
[17.813s] -- Installing: /home/ngen/yildiz_ws/src/YILDIZ-USV/install/workspace_gz/share/workspace_gz//models/roboboat/sensors/gps/materials/textures/gps_albedo.png
[17.814s] -- Installing: /home/ngen/yildiz_ws/src/YILDIZ-USV/install/workspace_gz/share/workspace_gz//models/roboboat/sensors/drybox
[17.814s] -- Installing: /home/ngen/yildiz_ws/src/YILDIZ-USV/install/workspace_gz/share/workspace_gz//models/roboboat/sensors/drybox/meshes
[17.814s] -- Installing: /home/ngen/yildiz_ws/src/YILDIZ-USV/install/workspace_gz/share/workspace_gz//models/roboboat/sensors/drybox/meshes/drybox.dae
[17.815s] -- Installing: /home/ngen/yildiz_ws/src/YILDIZ-USV/install/workspace_gz/share/workspace_gz//models/roboboat/sensors/drybox/materials
[17.815s] -- Installing: /home/ngen/yildiz_ws/src/YILDIZ-USV/install/workspace_gz/share/workspace_gz//models/roboboat/sensors/drybox/materials/textures
[17.815s] -- Installing: /home/ngen/yildiz_ws/src/YILDIZ-USV/install/workspace_gz/share/workspace_gz//models/roboboat/sensors/drybox/materials/textures/drybox_roughness.png
[17.825s] -- Installing: /home/ngen/yildiz_ws/src/YILDIZ-USV/install/workspace_gz/share/workspace_gz//models/roboboat/sensors/drybox/materials/textures/drybox_albedo.png
[17.832s] -- Installing: /home/ngen/yildiz_ws/src/YILDIZ-USV/install/workspace_gz/share/workspace_gz//models/roboboat/materials
[17.832s] -- Installing: /home/ngen/yildiz_ws/src/YILDIZ-USV/install/workspace_gz/share/workspace_gz//models/roboboat/materials/textures
[17.832s] -- Installing: /home/ngen/yildiz_ws/src/YILDIZ-USV/install/workspace_gz/share/workspace_gz//models/roboboat/materials/textures/thruster_roughness.png
[17.833s] -- Installing: /home/ngen/yildiz_ws/src/YILDIZ-USV/install/workspace_gz/share/workspace_gz//models/roboboat/materials/textures/thruster_albedo.png
[17.835s] -- Installing: /home/ngen/yildiz_ws/src/YILDIZ-USV/install/workspace_gz/share/workspace_gz//models/roboboat/materials/textures/roboboat_roughness.png
[17.839s] -- Installing: /home/ngen/yildiz_ws/src/YILDIZ-USV/install/workspace_gz/share/workspace_gz//models/roboboat/materials/textures/roboboat_albedo.png
[17.845s] -- Installing: /home/ngen/yildiz_ws/src/YILDIZ-USV/install/workspace_gz/share/workspace_gz//models/roboboat/materials/textures/roboboat_metalness.png
[17.845s] -- Installing: /home/ngen/yildiz_ws/src/YILDIZ-USV/install/workspace_gz/share/workspace_gz//models/roboboat/materials/textures/roboboat_normal.png
[17.847s] -- Installing: /home/ngen/yildiz_ws/src/YILDIZ-USV/install/workspace_gz/share/workspace_gz//worlds
[17.847s] -- Installing: /home/ngen/yildiz_ws/src/YILDIZ-USV/install/workspace_gz/share/workspace_gz//worlds/world.sdf
[17.848s] -- Installing: /home/ngen/yildiz_ws/src/YILDIZ-USV/install/workspace_gz/share/workspace_gz/environment/library_path.sh
[17.848s] -- Installing: /home/ngen/yildiz_ws/src/YILDIZ-USV/install/workspace_gz/share/workspace_gz/environment/library_path.dsv
[17.848s] -- Installing: /home/ngen/yildiz_ws/src/YILDIZ-USV/install/workspace_gz/share/ament_index/resource_index/package_run_dependencies/workspace_gz
[17.848s] -- Installing: /home/ngen/yildiz_ws/src/YILDIZ-USV/install/workspace_gz/share/ament_index/resource_index/parent_prefix_path/workspace_gz
[17.849s] -- Installing: /home/ngen/yildiz_ws/src/YILDIZ-USV/install/workspace_gz/share/workspace_gz/environment/ament_prefix_path.sh
[17.849s] -- Installing: /home/ngen/yildiz_ws/src/YILDIZ-USV/install/workspace_gz/share/workspace_gz/environment/ament_prefix_path.dsv
[17.849s] -- Installing: /home/ngen/yildiz_ws/src/YILDIZ-USV/install/workspace_gz/share/workspace_gz/environment/path.sh
[17.849s] -- Installing: /home/ngen/yildiz_ws/src/YILDIZ-USV/install/workspace_gz/share/workspace_gz/environment/path.dsv
[17.849s] -- Installing: /home/ngen/yildiz_ws/src/YILDIZ-USV/install/workspace_gz/share/workspace_gz/local_setup.bash
[17.849s] -- Installing: /home/ngen/yildiz_ws/src/YILDIZ-USV/install/workspace_gz/share/workspace_gz/local_setup.sh
[17.850s] -- Installing: /home/ngen/yildiz_ws/src/YILDIZ-USV/install/workspace_gz/share/workspace_gz/local_setup.zsh
[17.850s] -- Installing: /home/ngen/yildiz_ws/src/YILDIZ-USV/install/workspace_gz/share/workspace_gz/local_setup.dsv
[17.850s] -- Installing: /home/ngen/yildiz_ws/src/YILDIZ-USV/install/workspace_gz/share/workspace_gz/package.dsv
[17.850s] -- Installing: /home/ngen/yildiz_ws/src/YILDIZ-USV/install/workspace_gz/share/ament_index/resource_index/packages/workspace_gz
[17.850s] -- Installing: /home/ngen/yildiz_ws/src/YILDIZ-USV/install/workspace_gz/share/workspace_gz/cmake/ament_cmake_export_libraries-extras.cmake
[17.850s] -- Installing: /home/ngen/yildiz_ws/src/YILDIZ-USV/install/workspace_gz/share/workspace_gz/cmake/ament_cmake_export_dependencies-extras.cmake
[17.850s] -- Installing: /home/ngen/yildiz_ws/src/YILDIZ-USV/install/workspace_gz/share/workspace_gz/cmake/workspace_gzConfig.cmake
[17.850s] -- Installing: /home/ngen/yildiz_ws/src/YILDIZ-USV/install/workspace_gz/share/workspace_gz/cmake/workspace_gzConfig-version.cmake
[17.851s] -- Installing: /home/ngen/yildiz_ws/src/YILDIZ-USV/install/workspace_gz/share/workspace_gz/package.xml
[17.860s] Invoked command in '/home/ngen/yildiz_ws/src/YILDIZ-USV/build/workspace_gz' returned '0': CMAKE_PREFIX_PATH=${CMAKE_PREFIX_PATH}:/opt/ros/jazzy DEBUGINFOD_URLS=https://debuginfod.ubuntu.com /usr/bin/cmake --install /home/ngen/yildiz_ws/src/YILDIZ-USV/build/workspace_gz
