[0.008s] Invoking command in '/home/aliomacc/sti_usv/build/workspace_gz': CMAKE_PREFIX_PATH=${CMAKE_PREFIX_PATH}:/home/aliomacc/ros2_ws/install/actions_py:/home/aliomacc/ros2_ws/install/lifecycle_py:/opt/ros/humble /usr/bin/cmake /home/aliomacc/sti_usv/src/usv_sim/workspace_gz -DAMENT_CMAKE_SYMLINK_INSTALL=1 -DCMAKE_INSTALL_PREFIX=/home/aliomacc/sti_usv/install/workspace_gz
[0.060s] -- The C compiler identification is GNU 11.4.0
[0.112s] -- The CXX compiler identification is GNU 11.4.0
[0.120s] -- Detecting C compiler ABI info
[0.184s] -- Detecting C compiler ABI info - done
[0.192s] -- Check for working C compiler: /usr/bin/cc - skipped
[0.192s] -- Detecting C compile features
[0.192s] -- Detecting C compile features - done
[0.195s] -- Detecting CXX compiler ABI info
[0.268s] -- Detecting CXX compiler ABI info - done
[0.276s] -- Check for working CXX compiler: /usr/bin/c++ - skipped
[0.276s] -- Detecting CXX compile features
[0.276s] -- Detecting CXX compile features - done
[0.284s] -- Found ament_cmake: 1.3.12 (/opt/ros/humble/share/ament_cmake/cmake)
[0.444s] -- Found Python3: /usr/bin/python3 (found version "3.10.12") found components: Interpreter 
[0.512s] -- Override CMake install command with custom implementation using symlinks instead of copying resources
[0.585s] -- Looking for ignition-gazebo6 -- found version 6.17.1
[0.591s] -- Searching for dependencies of ignition-gazebo6
[0.593s] -- Looking for sdformat12 -- found version 12.9.0
[0.594s] -- Searching for dependencies of sdformat12
[0.598s] -- Checking for module 'tinyxml2'
[0.607s] --   Found tinyxml2, version 9.0.0
[0.636s] -- Looking for ignition-math6 -- found version 6.15.1
[0.637s] -- Searching for dependencies of ignition-math6
[0.640s] -- Looking for ignition-utils1 -- found version 1.5.1
[0.640s] -- Searching for dependencies of ignition-utils1
[0.644s] -- Looking for ignition-plugin1 -- found version 1.4.0
[0.644s] -- Searching for dependencies of ignition-plugin1
[0.645s] -- Searching for <ignition-plugin1> component [loader]
[0.647s] -- Looking for ignition-plugin1-loader -- found version 1.4.0
[0.648s] -- Searching for dependencies of ignition-plugin1-loader
[0.648s] -- Searching for <ignition-plugin1> component [register]
[0.651s] -- Looking for ignition-plugin1-register -- found version 1.4.0
[0.651s] -- Searching for dependencies of ignition-plugin1-register
[0.654s] -- Looking for ignition-transport11 -- found version 11.4.2
[0.655s] -- Searching for dependencies of ignition-transport11
[0.819s] -- Found Protobuf: /usr/lib/x86_64-linux-gnu/libprotobuf.so (found version "3.12.4") 
[0.834s] -- Config-file not installed for ZeroMQ -- checking for pkg-config
[0.840s] -- Checking for module 'libzmq >= 4'
[0.852s] --   Found libzmq , version 4.3.4
[0.880s] -- Found ZeroMQ: TRUE (Required is at least version "4") 
[0.885s] -- Checking for module 'uuid'
[0.895s] --   Found uuid, version 2.37.2
[0.919s] -- Found UUID: TRUE  
[0.919s] -- Looking for ignition-utils1 -- found version 1.5.1
[0.919s] -- Searching for dependencies of ignition-utils1
[0.920s] -- Searching for <ignition-utils1> component [cli]
[0.922s] -- Looking for ignition-utils1-cli -- found version 1.5.1
[0.923s] -- Searching for dependencies of ignition-utils1-cli
[0.926s] -- Looking for ignition-msgs8 -- found version 8.7.0
[0.927s] -- Searching for dependencies of ignition-msgs8
[0.946s] -- Found Protobuf: /usr/lib/x86_64-linux-gnu/libprotobuf.so (found suitable version "3.12.4", minimum required is "3") 
[0.946s] -- Looking for ignition-math6 -- found version 6.15.1
[0.956s] -- Searching for <ignition-transport11> component [log]
[0.959s] -- Looking for ignition-transport11-log -- found version 11.4.2
[0.960s] -- Searching for dependencies of ignition-transport11-log
[0.960s] -- Searching for <ignition-transport11> component [parameters]
[0.965s] -- Looking for ignition-transport11-parameters -- found version 11.4.2
[0.966s] -- Searching for dependencies of ignition-transport11-parameters
[0.967s] -- Looking for ignition-msgs8 -- found version 8.7.0
[0.972s] -- Looking for ignition-common4 -- found version 4.8.0
[0.972s] -- Searching for dependencies of ignition-common4
[0.973s] -- Looking for dlfcn.h - found
[0.974s] -- Looking for libdl - found
[0.975s] -- Found DL: TRUE  
[0.988s] -- Searching for <ignition-common4> component [profiler]
[0.991s] -- Looking for ignition-common4-profiler -- found version 4.8.0
[0.992s] -- Searching for dependencies of ignition-common4-profiler
[0.992s] -- Searching for <ignition-common4> component [events]
[0.996s] -- Looking for ignition-common4-events -- found version 4.8.0
[0.996s] -- Searching for dependencies of ignition-common4-events
[0.997s] -- Looking for ignition-math6 -- found version 6.15.1
[0.997s] -- Searching for <ignition-common4> component [av]
[1.000s] -- Looking for ignition-common4-av -- found version 4.8.0
[1.001s] -- Searching for dependencies of ignition-common4-av
[1.006s] -- Checking for module 'libswscale'
[1.017s] --   Found libswscale, version 5.9.100
[1.051s] -- Found SWSCALE: TRUE  
[1.057s] -- Checking for module 'libavdevice >= 56.4.100'
[1.069s] --   Found libavdevice , version 58.13.100
[1.148s] -- Found AVDEVICE: TRUE (Required is at least version "56.4.100") 
[1.164s] -- Checking for module 'libavformat'
[1.202s] --   Found libavformat, version 58.76.100
[1.310s] -- Found AVFORMAT: TRUE  
[1.319s] -- Checking for module 'libavcodec'
[1.345s] --   Found libavcodec, version 58.134.100
[1.409s] -- Found AVCODEC: TRUE  
[1.415s] -- Checking for module 'libavutil'
[1.442s] --   Found libavutil, version 56.70.100
[1.486s] -- Found AVUTIL: TRUE  
[1.491s] -- Looking for ignition-fuel_tools7 -- found version 7.3.1
[1.492s] -- Searching for dependencies of ignition-fuel_tools7
[1.593s] -- Found CURL: /usr/lib/x86_64-linux-gnu/libcurl.so (found version "7.81.0")  
[1.606s] -- Checking for module 'jsoncpp'
[1.624s] --   Found jsoncpp, version 1.9.5
[1.670s] -- Found JSONCPP: TRUE  
[1.682s] -- Checking for module 'libzip'
[1.722s] --   Found libzip, version 1.7.3
[1.864s] -- Found ZIP: TRUE  
[1.865s] -- Looking for ignition-common4 -- found version 4.8.0
[1.865s] -- Looking for ignition-math6 -- found version 6.15.1
[1.866s] -- Looking for ignition-msgs8 -- found version 8.7.0
[1.871s] -- Looking for ignition-gui6 -- found version 6.9.0
[1.872s] -- Searching for dependencies of ignition-gui6
[1.897s] -- Found Protobuf: /usr/lib/x86_64-linux-gnu/libprotobuf.so (found version "3.12.4") 
[1.907s] -- Looking for ignition-math6 -- found version 6.15.1
[1.908s] -- Looking for ignition-common4 -- found version 4.8.0
[1.908s] -- Looking for ignition-plugin1 -- found version 1.4.0
[1.909s] -- Looking for ignition-transport11 -- found version 11.4.2
[1.913s] -- Looking for ignition-rendering6 -- found version 6.6.4
[1.914s] -- Searching for dependencies of ignition-rendering6
[1.914s] -- Looking for ignition-math6 -- found version 6.15.1
[1.915s] -- Searching for dependencies of ignition-math6
[1.915s] -- Searching for <ignition-math6> component [eigen3]
[1.918s] -- Looking for ignition-math6-eigen3 -- found version 6.15.1
[1.919s] -- Searching for dependencies of ignition-math6-eigen3
[1.956s] -- Looking for ignition-common4 -- found version 4.8.0
[1.958s] -- Searching for dependencies of ignition-common4
[1.959s] -- Looking for dlfcn.h - found
[1.959s] -- Looking for libdl - found
[1.976s] -- Searching for <ignition-common4> component [graphics]
[1.981s] -- Looking for ignition-common4-graphics -- found version 4.8.0
[1.982s] -- Searching for dependencies of ignition-common4-graphics
[1.982s] -- Looking for ignition-math6 -- found version 6.15.1
[1.982s] -- Looking for ignition-utils1 -- found version 1.5.1
[1.983s] -- Searching for <ignition-common4> component [events]
[1.984s] -- Looking for ignition-plugin1 -- found version 1.4.0
[1.985s] -- Searching for dependencies of ignition-plugin1
[1.985s] -- Searching for <ignition-plugin1> component [all]
[1.988s] -- Looking for all libraries of ignition-plugin1 -- found version 1.4.0
[1.989s] -- Looking for ignition-plugin1 -- found version 1.4.0
[1.991s] -- Looking for ignition-msgs8 -- found version 8.7.0
[2.016s] -- Looking for ignition-physics5 -- found version 5.4.0
[2.016s] -- Searching for dependencies of ignition-physics5
[2.016s] -- Looking for ignition-math6 -- found version 6.15.1
[2.017s] -- Looking for ignition-plugin1 -- found version 1.4.0
[2.017s] -- Looking for ignition-utils1 -- found version 1.5.1
[2.018s] -- Searching for <ignition-physics5> component [heightmap]
[2.021s] -- Looking for ignition-physics5-heightmap -- found version 5.4.0
[2.021s] -- Searching for dependencies of ignition-physics5-heightmap
[2.022s] -- Looking for ignition-common4 -- found version 4.8.0
[2.022s] -- Searching for <ignition-physics5> component [mesh]
[2.025s] -- Looking for ignition-physics5-mesh -- found version 5.4.0
[2.025s] -- Searching for dependencies of ignition-physics5-mesh
[2.026s] -- Looking for ignition-common4 -- found version 4.8.0
[2.026s] -- Searching for <ignition-physics5> component [sdf]
[2.029s] -- Looking for ignition-physics5-sdf -- found version 5.4.0
[2.029s] -- Searching for dependencies of ignition-physics5-sdf
[2.030s] -- Looking for sdformat12 -- found version 12.9.0
[2.034s] -- Looking for ignition-sensors6 -- found version 6.9.0
[2.034s] -- Searching for dependencies of ignition-sensors6
[2.055s] -- Looking for ignition-math6 -- found version 6.15.1
[2.055s] -- Looking for ignition-common4 -- found version 4.8.0
[2.055s] -- Looking for ignition-transport11 -- found version 11.4.2
[2.056s] -- Looking for ignition-rendering6 -- found version 6.6.4
[2.056s] -- Looking for ignition-msgs8 -- found version 8.7.0
[2.057s] -- Looking for sdformat12 -- found version 12.9.0
[2.057s] -- Searching for <ignition-sensors6> component [air_pressure]
[2.060s] -- Looking for ignition-sensors6-air_pressure -- found version 6.9.0
[2.061s] -- Searching for dependencies of ignition-sensors6-air_pressure
[2.061s] -- Searching for <ignition-sensors6> component [altimeter]
[2.064s] -- Looking for ignition-sensors6-altimeter -- found version 6.9.0
[2.064s] -- Searching for dependencies of ignition-sensors6-altimeter
[2.065s] -- Searching for <ignition-sensors6> component [imu]
[2.068s] -- Looking for ignition-sensors6-imu -- found version 6.9.0
[2.068s] -- Searching for dependencies of ignition-sensors6-imu
[2.069s] -- Searching for <ignition-sensors6> component [force_torque]
[2.071s] -- Looking for ignition-sensors6-force_torque -- found version 6.9.0
[2.072s] -- Searching for dependencies of ignition-sensors6-force_torque
[2.072s] -- Searching for <ignition-sensors6> component [logical_camera]
[2.075s] -- Looking for ignition-sensors6-logical_camera -- found version 6.9.0
[2.075s] -- Searching for dependencies of ignition-sensors6-logical_camera
[2.076s] -- Searching for <ignition-sensors6> component [magnetometer]
[2.078s] -- Looking for ignition-sensors6-magnetometer -- found version 6.9.0
[2.079s] -- Searching for dependencies of ignition-sensors6-magnetometer
[2.079s] -- Searching for <ignition-sensors6> component [navsat]
[2.082s] -- Looking for ignition-sensors6-navsat -- found version 6.9.0
[2.082s] -- Searching for dependencies of ignition-sensors6-navsat
[2.083s] -- Searching for <ignition-sensors6> component [rendering]
[2.085s] -- Looking for ignition-sensors6-rendering -- found version 6.9.0
[2.085s] -- Searching for dependencies of ignition-sensors6-rendering
[2.086s] -- Searching for <ignition-sensors6> component [lidar]
[2.089s] -- Looking for ignition-sensors6-lidar -- found version 6.9.0
[2.089s] -- Searching for dependencies of ignition-sensors6-lidar
[2.089s] -- Looking for ignition-sensors6 -- found version 6.9.0
[2.090s] -- Searching for <ignition-sensors6> component [gpu_lidar]
[2.093s] -- Looking for ignition-sensors6-gpu_lidar -- found version 6.9.0
[2.093s] -- Searching for dependencies of ignition-sensors6-gpu_lidar
[2.093s] -- Looking for ignition-sensors6 -- found version 6.9.0
[2.094s] -- Searching for <ignition-sensors6> component [camera]
[2.096s] -- Looking for ignition-sensors6-camera -- found version 6.9.0
[2.097s] -- Searching for dependencies of ignition-sensors6-camera
[2.097s] -- Looking for ignition-sensors6 -- found version 6.9.0
[2.098s] -- Searching for <ignition-sensors6> component [boundingbox_camera]
[2.101s] -- Looking for ignition-sensors6-boundingbox_camera -- found version 6.9.0
[2.101s] -- Searching for dependencies of ignition-sensors6-boundingbox_camera
[2.102s] -- Searching for <ignition-sensors6> component [segmentation_camera]
[2.106s] -- Looking for ignition-sensors6-segmentation_camera -- found version 6.9.0
[2.106s] -- Searching for dependencies of ignition-sensors6-segmentation_camera
[2.107s] -- Searching for <ignition-sensors6> component [depth_camera]
[2.109s] -- Looking for ignition-sensors6-depth_camera -- found version 6.9.0
[2.110s] -- Searching for dependencies of ignition-sensors6-depth_camera
[2.110s] -- Looking for ignition-sensors6 -- found version 6.9.0
[2.111s] -- Searching for <ignition-sensors6> component [rgbd_camera]
[2.114s] -- Looking for ignition-sensors6-rgbd_camera -- found version 6.9.0
[2.114s] -- Searching for dependencies of ignition-sensors6-rgbd_camera
[2.115s] -- Looking for ignition-sensors6 -- found version 6.9.0
[2.115s] -- Searching for <ignition-sensors6> component [thermal_camera]
[2.118s] -- Looking for ignition-sensors6-thermal_camera -- found version 6.9.0
[2.118s] -- Searching for dependencies of ignition-sensors6-thermal_camera
[2.118s] -- Looking for ignition-sensors6 -- found version 6.9.0
[2.119s] -- Looking for ignition-rendering6 -- found version 6.6.4
[2.120s] -- Looking for ignition-math6 -- found version 6.15.1
[2.123s] -- Looking for ignition-utils1 -- found version 1.5.1
[2.143s] -- Looking for ignition-common4 -- found version 4.8.0
[2.143s] -- Looking for ignition-math6 -- found version 6.15.1
[2.144s] -- Looking for ignition-transport11 -- found version 11.4.2
[2.144s] -- Looking for ignition-plugin1 -- found version 1.4.0
[2.144s] -- Looking for ignition-rendering6 -- found version 6.6.4
[2.145s] -- Looking for ignition-sensors6 -- found version 6.9.0
[2.145s] -- Looking for ignition-utils1 -- found version 1.5.1
[2.146s] -- Looking for ignition-msgs8 -- found version 8.7.0
[2.146s] -- Looking for sdformat12 -- found version 12.9.0
[2.220s] -- Configuring done
[2.261s] -- Generating done
[2.271s] -- Build files have been written to: /home/aliomacc/sti_usv/build/workspace_gz
[2.281s] Invoked command in '/home/aliomacc/sti_usv/build/workspace_gz' returned '0': CMAKE_PREFIX_PATH=${CMAKE_PREFIX_PATH}:/home/aliomacc/ros2_ws/install/actions_py:/home/aliomacc/ros2_ws/install/lifecycle_py:/opt/ros/humble /usr/bin/cmake /home/aliomacc/sti_usv/src/usv_sim/workspace_gz -DAMENT_CMAKE_SYMLINK_INSTALL=1 -DCMAKE_INSTALL_PREFIX=/home/aliomacc/sti_usv/install/workspace_gz
[2.283s] Invoking command in '/home/aliomacc/sti_usv/build/workspace_gz': CMAKE_PREFIX_PATH=${CMAKE_PREFIX_PATH}:/home/aliomacc/ros2_ws/install/actions_py:/home/aliomacc/ros2_ws/install/lifecycle_py:/opt/ros/humble /usr/bin/cmake --build /home/aliomacc/sti_usv/build/workspace_gz -- -j8 -l8
[2.326s] [  4%] [32mBuilding CXX object CMakeFiles/Waves.dir/plugins/Wavefield.cc.o[0m
[8.329s] [  9%] [32m[1mLinking CXX shared library libWaves.so[0m
[8.594s] [  9%] Built target Waves
[8.621s] [ 38%] [32mBuilding CXX object CMakeFiles/SimpleHydrodynamics.dir/plugins/SimpleHydrodynamics.cc.o[0m
[8.621s] [ 38%] [32mBuilding CXX object CMakeFiles/WayfindingScoringPlugin.dir/plugins/WayfindingScoringPlugin.cc.o[0m
[8.621s] [ 38%] [32mBuilding CXX object CMakeFiles/Surface.dir/plugins/Surface.cc.o[0m
[8.621s] [ 38%] [32mBuilding CXX object CMakeFiles/USVWind.dir/plugins/USVWind.cc.o[0m
[8.621s] [ 38%] [32mBuilding CXX object CMakeFiles/StationkeepingScoringPlugin.dir/plugins/StationkeepingScoringPlugin.cc.o[0m
[8.621s] [ 42%] [32mBuilding CXX object CMakeFiles/PolyhedraBuoyancyDrag.dir/plugins/PolyhedraBuoyancyDrag.cc.o[0m
[8.621s] [ 38%] [32mBuilding CXX object CMakeFiles/ScoringPlugin.dir/plugins/ScoringPlugin.cc.o[0m
[8.623s] [ 47%] [32mBuilding CXX object CMakeFiles/WaveVisual.dir/plugins/WaveVisual.cc.o[0m
[16.381s] In file included from [01m[K/usr/include/ignition/plugin1/gz/plugin/Register.hh:22[m[K,
[16.383s]                  from [01m[K/home/aliomacc/sti_usv/src/usv_sim/workspace_gz/plugins/SimpleHydrodynamics.cc:22[m[K:
[16.383s] [01m[K/home/aliomacc/sti_usv/src/usv_sim/workspace_gz/plugins/SimpleHydrodynamics.cc:292:1:[m[K [01;31m[Kerror: [m[Kexpected constructor, destructor, or type conversion before ‘[01m[Knamespace[m[K’
[16.383s]   292 | [01;31m[KIGNITION_ADD_PLUGIN[m[K(vrx::SimpleHydrodynamics, ignition::gazebo::System,
[16.383s]       | [01;31m[K^~~~~~~~~~~~~~~~~~~[m[K
[17.557s] In file included from [01m[K/usr/include/ignition/plugin1/gz/plugin/Register.hh:22[m[K,
[17.558s]                  from [01m[K/home/aliomacc/sti_usv/src/usv_sim/workspace_gz/plugins/PolyhedraBuoyancyDrag.cc:31[m[K:
[17.558s] [01m[K/home/aliomacc/sti_usv/src/usv_sim/workspace_gz/plugins/PolyhedraBuoyancyDrag.cc:384:1:[m[K [01;31m[Kerror: [m[Kexpected constructor, destructor, or type conversion before ‘[01m[Knamespace[m[K’
[17.558s]   384 | [01;31m[KIGNITION_ADD_PLUGIN[m[K(vrx::PolyhedraBuoyancyDrag, ignition::gazebo::System,
[17.558s]       | [01;31m[K^~~~~~~~~~~~~~~~~~~[m[K
[18.295s] [01m[K/home/aliomacc/sti_usv/src/usv_sim/workspace_gz/plugins/StationkeepingScoringPlugin.cc:300:66:[m[K [01;31m[Kerror: [m[Kexpected constructor, destructor, or type conversion at end of input
[18.295s]   300 |               vrx::StationkeepingScoringPlugin::ISystemPreUpdate)
[18.295s]       |                                                                  [01;31m[K^[m[K
[18.423s] In file included from [01m[K/usr/include/ignition/plugin1/gz/plugin/Register.hh:22[m[K,
[18.423s]                  from [01m[K/home/aliomacc/sti_usv/src/usv_sim/workspace_gz/plugins/WayfindingScoringPlugin.cc:28[m[K:
[18.423s] [01m[K/home/aliomacc/sti_usv/src/usv_sim/workspace_gz/plugins/WayfindingScoringPlugin.cc:300:1:[m[K [01;31m[Kerror: [m[Kexpected constructor, destructor, or type conversion before ‘[01m[Knamespace[m[K’
[18.423s]   300 | [01;31m[KIGNITION_ADD_PLUGIN[m[K(vrx::WayfindingScoringPlugin, ignition::gazebo::System,
[18.423s]       | [01;31m[K^~~~~~~~~~~~~~~~~~~[m[K
[18.520s] In file included from [01m[K/usr/include/ignition/plugin1/gz/plugin/Register.hh:22[m[K,
[18.520s]                  from [01m[K/home/aliomacc/sti_usv/src/usv_sim/workspace_gz/plugins/ScoringPlugin.cc:28[m[K:
[18.520s] [01m[K/home/aliomacc/sti_usv/src/usv_sim/workspace_gz/plugins/ScoringPlugin.cc:664:1:[m[K [01;31m[Kerror: [m[Kexpected constructor, destructor, or type conversion before ‘[01m[Knamespace[m[K’
[18.520s]   664 | [01;31m[KIGNITION_ADD_PLUGIN[m[K(vrx::ScoringPlugin, ignition::gazebo::System,
[18.520s]       | [01;31m[K^~~~~~~~~~~~~~~~~~~[m[K
[18.552s] In file included from [01m[K/usr/include/ignition/plugin1/gz/plugin/Register.hh:22[m[K,
[18.553s]                  from [01m[K/home/aliomacc/sti_usv/src/usv_sim/workspace_gz/plugins/Surface.cc:23[m[K:
[18.553s] [01m[K/home/aliomacc/sti_usv/src/usv_sim/workspace_gz/plugins/Surface.cc:316:1:[m[K [01;31m[Kerror: [m[Kexpected constructor, destructor, or type conversion before ‘[01m[Knamespace[m[K’
[18.553s]   316 | [01;31m[KIGNITION_ADD_PLUGIN[m[K(vrx::Surface, ignition::gazebo::System,
[18.553s]       | [01;31m[K^~~~~~~~~~~~~~~~~~~[m[K
[18.643s] gmake[2]: *** [CMakeFiles/SimpleHydrodynamics.dir/build.make:76: CMakeFiles/SimpleHydrodynamics.dir/plugins/SimpleHydrodynamics.cc.o] Error 1
[18.651s] gmake[1]: *** [CMakeFiles/Makefile2:257: CMakeFiles/SimpleHydrodynamics.dir/all] Error 2
[18.651s] gmake[1]: *** Bitmemiş işler için bekliyor....
[18.656s] [ 52%] [32mBuilding CXX object CMakeFiles/StationkeepingScoringPlugin.dir/plugins/WaypointMarkers.cc.o[0m
[18.774s] In file included from [01m[K/usr/include/ignition/rendering6/gz/rendering/Node.hh:22[m[K,
[18.774s]                  from [01m[K/usr/include/ignition/rendering6/gz/rendering/Storage.hh:24[m[K,
[18.774s]                  from [01m[K/usr/include/ignition/rendering6/gz/rendering/Scene.hh:34[m[K,
[18.775s]                  from [01m[K/home/aliomacc/sti_usv/src/usv_sim/workspace_gz/plugins/WaveVisual.cc:29[m[K:
[18.775s] /usr/include/c++/11/variant: In instantiation of ‘[01m[Kconstexpr std::add_pointer_t<_Tp> std::get_if(std::variant<_Types ...>*) [with _Tp = long unsigned int; _Types = {std::monostate, int, float, double, std::__cxx11::basic_string<char, std::char_traits<char>, std::allocator<char> >, bool, unsigned int}; std::add_pointer_t<_Tp> = long unsigned int*][m[K’:
[18.775s] [01m[K/home/aliomacc/sti_usv/src/usv_sim/workspace_gz/plugins/WaveVisual.cc:272:54:[m[K   required from here
[18.775s] [01m[K/usr/include/c++/11/variant:1185:42:[m[K [01;31m[Kerror: [m[Kstatic assertion failed: T must occur exactly once in alternatives
[18.775s]  1185 |       static_assert([01;31m[K__detail::__variant::__exactly_once<_Tp, _Types...>[m[K,
[18.775s]       |                     [01;31m[K~~~~~~~~~~~~~~~~~~~~~^~~~~~~~~~~~~~~~~~~~~~~~~~~~~~[m[K
[18.775s] [01m[K/usr/include/c++/11/variant:1185:42:[m[K [01;36m[Knote: [m[K‘[01m[Kstd::__detail::__variant::__exactly_once<long unsigned int, std::monostate, int, float, double, std::__cxx11::basic_string<char, std::char_traits<char>, std::allocator<char> >, bool, unsigned int>[m[K’ evaluates to false
[18.776s] /usr/include/c++/11/variant: In instantiation of ‘[01m[Kstruct std::variant_alternative<1, std::variant<unsigned int> >[m[K’:
[18.776s] [01m[K/usr/include/c++/11/variant:103:12:[m[K   recursively required from ‘[01m[Kstruct std::variant_alternative<6, std::variant<int, float, double, std::__cxx11::basic_string<char, std::char_traits<char>, std::allocator<char> >, bool, unsigned int> >[m[K’
[18.776s] [01m[K/usr/include/c++/11/variant:103:12:[m[K   required from ‘[01m[Kstruct std::variant_alternative<7, std::variant<std::monostate, int, float, double, std::__cxx11::basic_string<char, std::char_traits<char>, std::allocator<char> >, bool, unsigned int> >[m[K’
[18.776s] [01m[K/usr/include/c++/11/variant:1170:5:[m[K   required by substitution of ‘[01m[Ktemplate<long unsigned int _Np, class ... _Types> constexpr std::add_pointer_t<const typename std::variant_alternative<_Np, std::variant<_Types ...> >::type> std::get_if(const std::variant<_Types ...>*) [with long unsigned int _Np = 7; _Types = {std::monostate, int, float, double, std::__cxx11::basic_string<char, std::char_traits<char>, std::allocator<char> >, bool, unsigned int}][m[K’
[18.776s] [01m[K/usr/include/c++/11/variant:1188:76:[m[K   required from ‘[01m[Kconstexpr std::add_pointer_t<_Tp> std::get_if(std::variant<_Types ...>*) [with _Tp = long unsigned int; _Types = {std::monostate, int, float, double, std::__cxx11::basic_string<char, std::char_traits<char>, std::allocator<char> >, bool, unsigned int}; std::add_pointer_t<_Tp> = long unsigned int*][m[K’
[18.776s] [01m[K/home/aliomacc/sti_usv/src/usv_sim/workspace_gz/plugins/WaveVisual.cc:272:54:[m[K   required from here
[18.776s] [01m[K/usr/include/c++/11/variant:103:12:[m[K [01;31m[Kerror: [m[Kinvalid use of incomplete type ‘[01m[Kstruct std::variant_alternative<0, std::variant<> >[m[K’
[18.779s]   103 |     struct [01;31m[Kvariant_alternative<_Np, variant<_First, _Rest...>>[m[K
[18.779s]       |            [01;31m[K^~~~~~~~~~~~~~~~~~~~~~~~~~~~~~~~~~~~~~~~~~~~~~~~~~~[m[K
[18.779s] [01m[K/usr/include/c++/11/variant:100:12:[m[K [01;36m[Knote: [m[Kdeclaration of ‘[01m[Kstruct std::variant_alternative<0, std::variant<> >[m[K’
[18.779s]   100 |     struct [01;36m[Kvariant_alternative[m[K;
[18.779s]       |            [01;36m[K^~~~~~~~~~~~~~~~~~~[m[K
[18.779s] /usr/include/c++/11/variant: In instantiation of ‘[01m[Kconstexpr std::add_pointer_t<_Tp> std::get_if(std::variant<_Types ...>*) [with _Tp = long unsigned int; _Types = {std::monostate, int, float, double, std::__cxx11::basic_string<char, std::char_traits<char>, std::allocator<char> >, bool, unsigned int}; std::add_pointer_t<_Tp> = long unsigned int*][m[K’:
[18.779s] [01m[K/home/aliomacc/sti_usv/src/usv_sim/workspace_gz/plugins/WaveVisual.cc:272:54:[m[K   required from here
[18.780s] [01m[K/usr/include/c++/11/variant:1188:76:[m[K [01;31m[Kerror: [m[Kno matching function for call to ‘[01m[Kget_if<std::__detail::__variant::__index_of_v<long unsigned int, std::monostate, int, float, double, std::__cxx11::basic_string<char, std::char_traits<char>, std::allocator<char> >, bool, unsigned int> >(std::variant<std::monostate, int, float, double, std::__cxx11::basic_string<char, std::char_traits<char>, std::allocator<char> >, bool, unsigned int>*&)[m[K’
[18.780s]  1188 |       return [01;31m[Kstd::get_if<__detail::__variant::__index_of_v<_Tp, _Types...>>([m[K
[18.780s]       |              [01;31m[K~~~~~~~~~~~~~~~~~~~~~~~~~~~~~~~~~~~~~~~~~~~~~~~~~~~~~~~~~~~~~~^[m[K
[18.780s]  1189 | [01;31m[K          __ptr)[m[K;
[18.780s]       |           [01;31m[K~~~~~~[m[K                                                            
[18.780s] [01m[K/usr/include/c++/11/variant:1156:5:[m[K [01;36m[Knote: [m[Kcandidate: ‘[01m[Ktemplate<long unsigned int _Np, class ... _Types> constexpr std::add_pointer_t<typename std::variant_alternative<_Np, std::variant<_Types ...> >::type> std::get_if(std::variant<_Types ...>*)[m[K’
[18.780s]  1156 |     [01;36m[Kget_if[m[K(variant<_Types...>* __ptr) noexcept
[18.780s]       |     [01;36m[K^~~~~~[m[K
[18.780s] [01m[K/usr/include/c++/11/variant:1156:5:[m[K [01;36m[Knote: [m[K  template argument deduction/substitution failed:
[18.781s] /usr/include/c++/11/variant: In substitution of ‘[01m[Ktemplate<long unsigned int _Np, class ... _Types> constexpr std::add_pointer_t<typename std::variant_alternative<_Np, std::variant<_Types ...> >::type> std::get_if(std::variant<_Types ...>*) [with long unsigned int _Np = 7; _Types = {std::monostate, int, float, double, std::__cxx11::basic_string<char, std::char_traits<char>, std::allocator<char> >, bool, unsigned int}][m[K’:
[18.781s] [01m[K/usr/include/c++/11/variant:1188:76:[m[K   required from ‘[01m[Kconstexpr std::add_pointer_t<_Tp> std::get_if(std::variant<_Types ...>*) [with _Tp = long unsigned int; _Types = {std::monostate, int, float, double, std::__cxx11::basic_string<char, std::char_traits<char>, std::allocator<char> >, bool, unsigned int}; std::add_pointer_t<_Tp> = long unsigned int*][m[K’
[18.781s] [01m[K/home/aliomacc/sti_usv/src/usv_sim/workspace_gz/plugins/WaveVisual.cc:272:54:[m[K   required from here
[18.781s] [01m[K/usr/include/c++/11/variant:1156:5:[m[K [01;31m[Kerror: [m[Kno type named ‘[01m[Ktype[m[K’ in ‘[01m[Kstruct std::variant_alternative<7, std::variant<std::monostate, int, float, double, std::__cxx11::basic_string<char, std::char_traits<char>, std::allocator<char> >, bool, unsigned int> >[m[K’
[18.781s] /usr/include/c++/11/variant: In instantiation of ‘[01m[Kconstexpr std::add_pointer_t<_Tp> std::get_if(std::variant<_Types ...>*) [with _Tp = long unsigned int; _Types = {std::monostate, int, float, double, std::__cxx11::basic_string<char, std::char_traits<char>, std::allocator<char> >, bool, unsigned int}; std::add_pointer_t<_Tp> = long unsigned int*][m[K’:
[18.781s] [01m[K/home/aliomacc/sti_usv/src/usv_sim/workspace_gz/plugins/WaveVisual.cc:272:54:[m[K   required from here
[18.781s] [01m[K/usr/include/c++/11/variant:1170:5:[m[K [01;36m[Knote: [m[Kcandidate: ‘[01m[Ktemplate<long unsigned int _Np, class ... _Types> constexpr std::add_pointer_t<const typename std::variant_alternative<_Np, std::variant<_Types ...> >::type> std::get_if(const std::variant<_Types ...>*)[m[K’
[18.781s]  1170 |     [01;36m[Kget_if[m[K(const variant<_Types...>* __ptr) noexcept
[18.781s]       |     [01;36m[K^~~~~~[m[K
[18.782s] [01m[K/usr/include/c++/11/variant:1170:5:[m[K [01;36m[Knote: [m[K  substitution of deduced template arguments resulted in errors seen above
[18.782s] [01m[K/usr/include/c++/11/variant:1183:5:[m[K [01;36m[Knote: [m[Kcandidate: ‘[01m[Ktemplate<class _Tp, class ... _Types> constexpr std::add_pointer_t<_Tp> std::get_if(std::variant<_Types ...>*)[m[K’
[18.782s]  1183 |     [01;36m[Kget_if[m[K(variant<_Types...>* __ptr) noexcept
[18.782s]       |     [01;36m[K^~~~~~[m[K
[18.782s] [01m[K/usr/include/c++/11/variant:1183:5:[m[K [01;36m[Knote: [m[K  template argument deduction/substitution failed:
[18.782s] [01m[K/usr/include/c++/11/variant:1188:76:[m[K [01;31m[Kerror: [m[Ktype/value mismatch at argument 1 in template parameter list for ‘[01m[Ktemplate<class _Tp, class ... _Types> constexpr std::add_pointer_t<_Tp> std::get_if(std::variant<_Types ...>*)[m[K’
[18.782s]  1188 |       return [01;31m[Kstd::get_if<__detail::__variant::__index_of_v<_Tp, _Types...>>([m[K
[18.782s]       |              [01;31m[K~~~~~~~~~~~~~~~~~~~~~~~~~~~~~~~~~~~~~~~~~~~~~~~~~~~~~~~~~~~~~~^[m[K
[18.782s]  1189 | [01;31m[K          __ptr)[m[K;
[18.786s]       |           [01;31m[K~~~~~~[m[K                                                            
[18.786s] [01m[K/usr/include/c++/11/variant:1188:76:[m[K [01;36m[Knote: [m[K  expected a type, got ‘[01m[Kstd::__detail::__variant::__index_of_v<long unsigned int, std::monostate, int, float, double, std::__cxx11::basic_string<char, std::char_traits<char>, std::allocator<char> >, bool, unsigned int>[m[K’
[18.795s] In file included from [01m[K/usr/include/ignition/plugin1/gz/plugin/Register.hh:22[m[K,
[18.795s]                  from [01m[K/home/aliomacc/sti_usv/src/usv_sim/workspace_gz/plugins/WaveVisual.cc:26[m[K:
[18.795s] [01m[K/home/aliomacc/sti_usv/src/usv_sim/workspace_gz/plugins/WaveVisual.cc:448:1:[m[K [01;31m[Kerror: [m[Kexpected constructor, destructor, or type conversion before ‘[01m[Knamespace[m[K’
[18.795s]   448 | [01;31m[KIGNITION_ADD_PLUGIN[m[K(WaveVisual, ignition::gazebo::System, "vrx::WaveVisual")
[18.795s]       | [01;31m[K^~~~~~~~~~~~~~~~~~~[m[K
[20.172s] gmake[2]: *** [CMakeFiles/PolyhedraBuoyancyDrag.dir/build.make:76: CMakeFiles/PolyhedraBuoyancyDrag.dir/plugins/PolyhedraBuoyancyDrag.cc.o] Error 1
[20.173s] gmake[1]: *** [CMakeFiles/Makefile2:361: CMakeFiles/PolyhedraBuoyancyDrag.dir/all] Error 2
[20.186s] [ 57%] [32mBuilding CXX object CMakeFiles/ScoringPlugin.dir/plugins/WaypointMarkers.cc.o[0m
[20.497s] In file included from [01m[K/usr/include/ignition/plugin1/gz/plugin/Register.hh:22[m[K,
[20.497s]                  from [01m[K/home/aliomacc/sti_usv/src/usv_sim/workspace_gz/plugins/USVWind.cc:5[m[K:
[20.497s] [01m[K/home/aliomacc/sti_usv/src/usv_sim/workspace_gz/plugins/USVWind.cc:364:1:[m[K [01;31m[Kerror: [m[Kexpected constructor, destructor, or type conversion before ‘[01m[Knamespace[m[K’
[20.498s]   364 | [01;31m[KIGNITION_ADD_PLUGIN[m[K(vrx::USVWind, ignition::gazebo::System,
[20.498s]       | [01;31m[K^~~~~~~~~~~~~~~~~~~[m[K
[20.853s] gmake[2]: *** [CMakeFiles/Surface.dir/build.make:76: CMakeFiles/Surface.dir/plugins/Surface.cc.o] Error 1
[20.853s] gmake[1]: *** [CMakeFiles/Makefile2:283: CMakeFiles/Surface.dir/all] Error 2
[20.863s] [ 61%] [32mBuilding CXX object CMakeFiles/WayfindingScoringPlugin.dir/plugins/WaypointMarkers.cc.o[0m
[20.926s] gmake[2]: *** [CMakeFiles/WayfindingScoringPlugin.dir/build.make:76: CMakeFiles/WayfindingScoringPlugin.dir/plugins/WayfindingScoringPlugin.cc.o] Error 1
[20.926s] gmake[2]: *** Bitmemiş işler için bekliyor....
[20.943s] gmake[2]: *** [CMakeFiles/StationkeepingScoringPlugin.dir/build.make:76: CMakeFiles/StationkeepingScoringPlugin.dir/plugins/StationkeepingScoringPlugin.cc.o] Error 1
[20.943s] gmake[2]: *** Bitmemiş işler için bekliyor....
[20.988s] gmake[2]: *** [CMakeFiles/ScoringPlugin.dir/build.make:76: CMakeFiles/ScoringPlugin.dir/plugins/ScoringPlugin.cc.o] Error 1
[20.988s] gmake[2]: *** Bitmemiş işler için bekliyor....
[21.756s] gmake[2]: *** [CMakeFiles/WaveVisual.dir/build.make:76: CMakeFiles/WaveVisual.dir/plugins/WaveVisual.cc.o] Error 1
[21.756s] gmake[1]: *** [CMakeFiles/Makefile2:335: CMakeFiles/WaveVisual.dir/all] Error 2
[22.282s] gmake[2]: *** [CMakeFiles/USVWind.dir/build.make:76: CMakeFiles/USVWind.dir/plugins/USVWind.cc.o] Error 1
[22.283s] gmake[1]: *** [CMakeFiles/Makefile2:309: CMakeFiles/USVWind.dir/all] Error 2
[27.054s] gmake[1]: *** [CMakeFiles/Makefile2:205: CMakeFiles/StationkeepingScoringPlugin.dir/all] Error 2
[28.004s] gmake[1]: *** [CMakeFiles/Makefile2:179: CMakeFiles/ScoringPlugin.dir/all] Error 2
[28.157s] gmake[1]: *** [CMakeFiles/Makefile2:231: CMakeFiles/WayfindingScoringPlugin.dir/all] Error 2
[28.157s] gmake: *** [Makefile:146: all] Error 2
[28.160s] Invoked command in '/home/aliomacc/sti_usv/build/workspace_gz' returned '2': CMAKE_PREFIX_PATH=${CMAKE_PREFIX_PATH}:/home/aliomacc/ros2_ws/install/actions_py:/home/aliomacc/ros2_ws/install/lifecycle_py:/opt/ros/humble /usr/bin/cmake --build /home/aliomacc/sti_usv/build/workspace_gz -- -j8 -l8
