[0.486s] Invoking command in '/home/tugmirk/Desktop/garp-test/build/workspace_ros': DEBUGINFOD_URLS=https://debuginfod.ubuntu.com PYTHONPATH=/home/tugmirk/Desktop/garp-test/build/workspace_ros/prefix_override:/usr/lib/python3/dist-packages/colcon_core/task/python/colcon_distutils_commands:/home/tugmirk/Desktop/garp-test/install/workspace_ros/lib/python3.12/site-packages:${PYTHONPATH} /usr/bin/python3 -W ignore:setup.py install is deprecated -W ignore:easy_install command is deprecated setup.py develop --editable --build-directory /home/tugmirk/Desktop/garp-test/build/workspace_ros/build --no-deps symlink_data
[0.639s] running develop
[0.727s] running egg_info
[0.727s] creating workspace_ros.egg-info
[0.736s] writing workspace_ros.egg-info/PKG-INFO
[0.736s] writing dependency_links to workspace_ros.egg-info/dependency_links.txt
[0.736s] writing entry points to workspace_ros.egg-info/entry_points.txt
[0.736s] writing requirements to workspace_ros.egg-info/requires.txt
[0.736s] writing top-level names to workspace_ros.egg-info/top_level.txt
[0.736s] writing manifest file 'workspace_ros.egg-info/SOURCES.txt'
[0.754s] reading manifest file 'workspace_ros.egg-info/SOURCES.txt'
[0.754s] writing manifest file 'workspace_ros.egg-info/SOURCES.txt'
[0.764s] running build_ext
[0.764s] Creating /home/tugmirk/Desktop/garp-test/install/workspace_ros/lib/python3.12/site-packages/workspace-ros.egg-link (link to .)
[0.764s] Installing converter script to /home/tugmirk/Desktop/garp-test/install/workspace_ros/lib/workspace_ros
[0.764s] Installing gps_covariance_repub script to /home/tugmirk/Desktop/garp-test/install/workspace_ros/lib/workspace_ros
[0.764s] Installing imu_covariance_repub script to /home/tugmirk/Desktop/garp-test/install/workspace_ros/lib/workspace_ros
[0.764s] Installing lidar_processor script to /home/tugmirk/Desktop/garp-test/install/workspace_ros/lib/workspace_ros
[0.764s] Installing static_transform_publisher script to /home/tugmirk/Desktop/garp-test/install/workspace_ros/lib/workspace_ros
[0.764s] Installing wasd_teleop script to /home/tugmirk/Desktop/garp-test/install/workspace_ros/lib/workspace_ros
[0.764s] 
[0.764s] Installed /home/tugmirk/Desktop/garp-test/build/workspace_ros
[0.765s] running symlink_data
[0.765s] creating /home/tugmirk/Desktop/garp-test/install/workspace_ros/share/ament_index
[0.765s] creating /home/tugmirk/Desktop/garp-test/install/workspace_ros/share/ament_index/resource_index
[0.765s] creating /home/tugmirk/Desktop/garp-test/install/workspace_ros/share/ament_index/resource_index/packages
[0.765s] symbolically linking /home/tugmirk/Desktop/garp-test/build/workspace_ros/resource/workspace_ros -> /home/tugmirk/Desktop/garp-test/install/workspace_ros/share/ament_index/resource_index/packages
[0.765s] symbolically linking /home/tugmirk/Desktop/garp-test/build/workspace_ros/package.xml -> /home/tugmirk/Desktop/garp-test/install/workspace_ros/share/workspace_ros
[0.765s] creating /home/tugmirk/Desktop/garp-test/install/workspace_ros/share/workspace_ros/config
[0.765s] symbolically linking /home/tugmirk/Desktop/garp-test/build/workspace_ros/config/kiss_icp.yaml -> /home/tugmirk/Desktop/garp-test/install/workspace_ros/share/workspace_ros/config
[0.765s] symbolically linking /home/tugmirk/Desktop/garp-test/build/workspace_ros/config/ekf.yaml -> /home/tugmirk/Desktop/garp-test/install/workspace_ros/share/workspace_ros/config
[0.765s] symbolically linking /home/tugmirk/Desktop/garp-test/build/workspace_ros/config/lidar_rviz.rviz -> /home/tugmirk/Desktop/garp-test/install/workspace_ros/share/workspace_ros/config
[0.765s] symbolically linking /home/tugmirk/Desktop/garp-test/build/workspace_ros/config/lidar_filter.yaml -> /home/tugmirk/Desktop/garp-test/install/workspace_ros/share/workspace_ros/config
[0.765s] symbolically linking /home/tugmirk/Desktop/garp-test/build/workspace_ros/config/navsat.yaml -> /home/tugmirk/Desktop/garp-test/install/workspace_ros/share/workspace_ros/config
[0.765s] symbolically linking /home/tugmirk/Desktop/garp-test/build/workspace_ros/config/static_transform.yaml -> /home/tugmirk/Desktop/garp-test/install/workspace_ros/share/workspace_ros/config
[0.765s] creating /home/tugmirk/Desktop/garp-test/install/workspace_ros/share/workspace_ros/launch
[0.765s] symbolically linking /home/tugmirk/Desktop/garp-test/build/workspace_ros/launch/localization.launch.py -> /home/tugmirk/Desktop/garp-test/install/workspace_ros/share/workspace_ros/launch
[0.766s] symbolically linking /home/tugmirk/Desktop/garp-test/build/workspace_ros/launch/mola_slam.launch.py -> /home/tugmirk/Desktop/garp-test/install/workspace_ros/share/workspace_ros/launch
[0.766s] symbolically linking /home/tugmirk/Desktop/garp-test/build/workspace_ros/launch/kiss_icp.launch.py -> /home/tugmirk/Desktop/garp-test/install/workspace_ros/share/workspace_ros/launch
[0.766s] symbolically linking /home/tugmirk/Desktop/garp-test/build/workspace_ros/launch/lidar_filter.launch.py -> /home/tugmirk/Desktop/garp-test/install/workspace_ros/share/workspace_ros/launch
[0.766s] creating /home/tugmirk/Desktop/garp-test/install/workspace_ros/share/workspace_ros/scripts
[0.766s] symbolically linking /home/tugmirk/Desktop/garp-test/build/workspace_ros/scripts/converter.py -> /home/tugmirk/Desktop/garp-test/install/workspace_ros/share/workspace_ros/scripts
[0.766s] symbolically linking /home/tugmirk/Desktop/garp-test/build/workspace_ros/scripts/gps_covariance_repub.py -> /home/tugmirk/Desktop/garp-test/install/workspace_ros/share/workspace_ros/scripts
[0.766s] symbolically linking /home/tugmirk/Desktop/garp-test/build/workspace_ros/scripts/imu_covariance_repub.py -> /home/tugmirk/Desktop/garp-test/install/workspace_ros/share/workspace_ros/scripts
[0.766s] symbolically linking /home/tugmirk/Desktop/garp-test/build/workspace_ros/scripts/__init__.py -> /home/tugmirk/Desktop/garp-test/install/workspace_ros/share/workspace_ros/scripts
[0.766s] symbolically linking /home/tugmirk/Desktop/garp-test/build/workspace_ros/scripts/wasd_teleop.py -> /home/tugmirk/Desktop/garp-test/install/workspace_ros/share/workspace_ros/scripts
[0.766s] symbolically linking /home/tugmirk/Desktop/garp-test/build/workspace_ros/scripts/static_transform_publisher.py -> /home/tugmirk/Desktop/garp-test/install/workspace_ros/share/workspace_ros/scripts
[0.766s] symbolically linking /home/tugmirk/Desktop/garp-test/build/workspace_ros/scripts/lidar_processor.py -> /home/tugmirk/Desktop/garp-test/install/workspace_ros/share/workspace_ros/scripts
[0.766s] creating /home/tugmirk/Desktop/garp-test/install/workspace_ros/share/workspace_ros/YOLOv11
[0.766s] symbolically linking /home/tugmirk/Desktop/garp-test/build/workspace_ros/YOLOv11/YOLOv11.pt -> /home/tugmirk/Desktop/garp-test/install/workspace_ros/share/workspace_ros/YOLOv11
[0.782s] Invoked command in '/home/tugmirk/Desktop/garp-test/build/workspace_ros' returned '0': DEBUGINFOD_URLS=https://debuginfod.ubuntu.com PYTHONPATH=/home/tugmirk/Desktop/garp-test/build/workspace_ros/prefix_override:/usr/lib/python3/dist-packages/colcon_core/task/python/colcon_distutils_commands:/home/tugmirk/Desktop/garp-test/install/workspace_ros/lib/python3.12/site-packages:${PYTHONPATH} /usr/bin/python3 -W ignore:setup.py install is deprecated -W ignore:easy_install command is deprecated setup.py develop --editable --build-directory /home/tugmirk/Desktop/garp-test/build/workspace_ros/build --no-deps symlink_data
