[0.010s] Invoking command in '/home/aliomacc/sti_usv/build/workspace_gz': CMAKE_PREFIX_PATH=${CMAKE_PREFIX_PATH}:/home/aliomacc/sti_usv/install/workspace_ros:/home/aliomacc/sti_usv/install/workspace_nav:/home/aliomacc/ros2_ws/install/actions_py:/home/aliomacc/ros2_ws/install/lifecycle_py:/opt/ros/humble /usr/bin/cmake --build /home/aliomacc/sti_usv/build/workspace_gz -- -j8 -l8
[0.053s] [  7%] Built target Waves
[0.053s] [  7%] Built target ScoringPlugin
[0.070s] [35m[1mConsolidate compiler generated dependencies of target WaveVisual[0m
[0.092s] [ 16%] Built target Surface
[0.093s] [ 16%] Built target USVWind
[0.093s] [ 22%] Built target StationkeepingScoringPlugin
[0.093s] [ 26%] Built target SimpleHydrodynamics
[0.093s] [ 32%] Built target PolyhedraBuoyancyDrag
[0.096s] [ 37%] Built target AcousticPerceptionScoringPlugin
[0.101s] [ 43%] Built target WayfindingScoringPlugin
[0.105s] [ 45%] [32mBuilding CXX object CMakeFiles/WaveVisual.dir/plugins/WaveVisual.cc.o[0m
[0.138s] [ 50%] Built target AcousticTrackingScoringPlugin
[0.140s] [ 58%] Built target LightBuoyPlugin
[0.140s] [ 58%] Built target AcousticPingerPlugin
[0.140s] [ 62%] Built target BallShooterPlugin
[0.143s] [ 73%] Built target GymkhanaScoringPlugin
[0.143s] [ 73%] Built target NavigationScoringPlugin
[0.151s] [ 79%] Built target PerceptionScoringPlugin
[0.175s] [ 86%] Built target PublisherPlugin
[0.176s] [ 86%] Built target PlacardPlugin
[0.178s] [ 92%] Built target ScanDockScoringPlugin
[0.181s] [ 98%] Built target WildlifeScoringPlugin
[4.471s] In file included from [01m[K/usr/include/ignition/rendering6/gz/rendering/Node.hh:22[m[K,
[4.471s]                  from [01m[K/usr/include/ignition/rendering6/gz/rendering/Storage.hh:24[m[K,
[4.471s]                  from [01m[K/usr/include/ignition/rendering6/gz/rendering/Scene.hh:34[m[K,
[4.471s]                  from [01m[K/usr/include/ignition/rendering6/ignition/rendering/Scene.hh:18[m[K,
[4.471s]                  from [01m[K/home/aliomacc/sti_usv/src/usv_sim/workspace_gz/plugins/WaveVisual.cc:29[m[K:
[4.471s] /usr/include/c++/11/variant: In instantiation of ‘[01m[Kconstexpr std::add_pointer_t<_Tp> std::get_if(std::variant<_Types ...>*) [with _Tp = long unsigned int; _Types = {std::monostate, int, float, double, std::__cxx11::basic_string<char, std::char_traits<char>, std::allocator<char> >, bool, unsigned int}; std::add_pointer_t<_Tp> = long unsigned int*][m[K’:
[4.471s] [01m[K/home/aliomacc/sti_usv/src/usv_sim/workspace_gz/plugins/WaveVisual.cc:318:67:[m[K   required from here
[4.471s] [01m[K/usr/include/c++/11/variant:1185:42:[m[K [01;31m[Kerror: [m[Kstatic assertion failed: T must occur exactly once in alternatives
[4.471s]  1185 |       static_assert([01;31m[K__detail::__variant::__exactly_once<_Tp, _Types...>[m[K,
[4.471s]       |                     [01;31m[K~~~~~~~~~~~~~~~~~~~~~^~~~~~~~~~~~~~~~~~~~~~~~~~~~~~[m[K
[4.471s] [01m[K/usr/include/c++/11/variant:1185:42:[m[K [01;36m[Knote: [m[K‘[01m[Kstd::__detail::__variant::__exactly_once<long unsigned int, std::monostate, int, float, double, std::__cxx11::basic_string<char, std::char_traits<char>, std::allocator<char> >, bool, unsigned int>[m[K’ evaluates to false
[4.471s] /usr/include/c++/11/variant: In instantiation of ‘[01m[Kstruct std::variant_alternative<1, std::variant<unsigned int> >[m[K’:
[4.472s] [01m[K/usr/include/c++/11/variant:103:12:[m[K   recursively required from ‘[01m[Kstruct std::variant_alternative<6, std::variant<int, float, double, std::__cxx11::basic_string<char, std::char_traits<char>, std::allocator<char> >, bool, unsigned int> >[m[K’
[4.472s] [01m[K/usr/include/c++/11/variant:103:12:[m[K   required from ‘[01m[Kstruct std::variant_alternative<7, std::variant<std::monostate, int, float, double, std::__cxx11::basic_string<char, std::char_traits<char>, std::allocator<char> >, bool, unsigned int> >[m[K’
[4.472s] [01m[K/usr/include/c++/11/variant:1170:5:[m[K   required by substitution of ‘[01m[Ktemplate<long unsigned int _Np, class ... _Types> constexpr std::add_pointer_t<const typename std::variant_alternative<_Np, std::variant<_Types ...> >::type> std::get_if(const std::variant<_Types ...>*) [with long unsigned int _Np = 7; _Types = {std::monostate, int, float, double, std::__cxx11::basic_string<char, std::char_traits<char>, std::allocator<char> >, bool, unsigned int}][m[K’
[4.472s] [01m[K/usr/include/c++/11/variant:1188:76:[m[K   required from ‘[01m[Kconstexpr std::add_pointer_t<_Tp> std::get_if(std::variant<_Types ...>*) [with _Tp = long unsigned int; _Types = {std::monostate, int, float, double, std::__cxx11::basic_string<char, std::char_traits<char>, std::allocator<char> >, bool, unsigned int}; std::add_pointer_t<_Tp> = long unsigned int*][m[K’
[4.472s] [01m[K/home/aliomacc/sti_usv/src/usv_sim/workspace_gz/plugins/WaveVisual.cc:318:67:[m[K   required from here
[4.472s] [01m[K/usr/include/c++/11/variant:103:12:[m[K [01;31m[Kerror: [m[Kinvalid use of incomplete type ‘[01m[Kstruct std::variant_alternative<0, std::variant<> >[m[K’
[4.472s]   103 |     struct [01;31m[Kvariant_alternative<_Np, variant<_First, _Rest...>>[m[K
[4.472s]       |            [01;31m[K^~~~~~~~~~~~~~~~~~~~~~~~~~~~~~~~~~~~~~~~~~~~~~~~~~~[m[K
[4.472s] [01m[K/usr/include/c++/11/variant:100:12:[m[K [01;36m[Knote: [m[Kdeclaration of ‘[01m[Kstruct std::variant_alternative<0, std::variant<> >[m[K’
[4.472s]   100 |     struct [01;36m[Kvariant_alternative[m[K;
[4.472s]       |            [01;36m[K^~~~~~~~~~~~~~~~~~~[m[K
[4.472s] /usr/include/c++/11/variant: In instantiation of ‘[01m[Kconstexpr std::add_pointer_t<_Tp> std::get_if(std::variant<_Types ...>*) [with _Tp = long unsigned int; _Types = {std::monostate, int, float, double, std::__cxx11::basic_string<char, std::char_traits<char>, std::allocator<char> >, bool, unsigned int}; std::add_pointer_t<_Tp> = long unsigned int*][m[K’:
[4.472s] [01m[K/home/aliomacc/sti_usv/src/usv_sim/workspace_gz/plugins/WaveVisual.cc:318:67:[m[K   required from here
[4.472s] [01m[K/usr/include/c++/11/variant:1188:76:[m[K [01;31m[Kerror: [m[Kno matching function for call to ‘[01m[Kget_if<std::__detail::__variant::__index_of_v<long unsigned int, std::monostate, int, float, double, std::__cxx11::basic_string<char, std::char_traits<char>, std::allocator<char> >, bool, unsigned int> >(std::variant<std::monostate, int, float, double, std::__cxx11::basic_string<char, std::char_traits<char>, std::allocator<char> >, bool, unsigned int>*&)[m[K’
[4.472s]  1188 |       return [01;31m[Kstd::get_if<__detail::__variant::__index_of_v<_Tp, _Types...>>([m[K
[4.472s]       |              [01;31m[K~~~~~~~~~~~~~~~~~~~~~~~~~~~~~~~~~~~~~~~~~~~~~~~~~~~~~~~~~~~~~~^[m[K
[4.472s]  1189 | [01;31m[K          __ptr)[m[K;
[4.473s]       |           [01;31m[K~~~~~~[m[K                                                            
[4.473s] [01m[K/usr/include/c++/11/variant:1156:5:[m[K [01;36m[Knote: [m[Kcandidate: ‘[01m[Ktemplate<long unsigned int _Np, class ... _Types> constexpr std::add_pointer_t<typename std::variant_alternative<_Np, std::variant<_Types ...> >::type> std::get_if(std::variant<_Types ...>*)[m[K’
[4.473s]  1156 |     [01;36m[Kget_if[m[K(variant<_Types...>* __ptr) noexcept
[4.473s]       |     [01;36m[K^~~~~~[m[K
[4.473s] [01m[K/usr/include/c++/11/variant:1156:5:[m[K [01;36m[Knote: [m[K  template argument deduction/substitution failed:
[4.473s] /usr/include/c++/11/variant: In substitution of ‘[01m[Ktemplate<long unsigned int _Np, class ... _Types> constexpr std::add_pointer_t<typename std::variant_alternative<_Np, std::variant<_Types ...> >::type> std::get_if(std::variant<_Types ...>*) [with long unsigned int _Np = 7; _Types = {std::monostate, int, float, double, std::__cxx11::basic_string<char, std::char_traits<char>, std::allocator<char> >, bool, unsigned int}][m[K’:
[4.473s] [01m[K/usr/include/c++/11/variant:1188:76:[m[K   required from ‘[01m[Kconstexpr std::add_pointer_t<_Tp> std::get_if(std::variant<_Types ...>*) [with _Tp = long unsigned int; _Types = {std::monostate, int, float, double, std::__cxx11::basic_string<char, std::char_traits<char>, std::allocator<char> >, bool, unsigned int}; std::add_pointer_t<_Tp> = long unsigned int*][m[K’
[4.473s] [01m[K/home/aliomacc/sti_usv/src/usv_sim/workspace_gz/plugins/WaveVisual.cc:318:67:[m[K   required from here
[4.473s] [01m[K/usr/include/c++/11/variant:1156:5:[m[K [01;31m[Kerror: [m[Kno type named ‘[01m[Ktype[m[K’ in ‘[01m[Kstruct std::variant_alternative<7, std::variant<std::monostate, int, float, double, std::__cxx11::basic_string<char, std::char_traits<char>, std::allocator<char> >, bool, unsigned int> >[m[K’
[4.473s] /usr/include/c++/11/variant: In instantiation of ‘[01m[Kconstexpr std::add_pointer_t<_Tp> std::get_if(std::variant<_Types ...>*) [with _Tp = long unsigned int; _Types = {std::monostate, int, float, double, std::__cxx11::basic_string<char, std::char_traits<char>, std::allocator<char> >, bool, unsigned int}; std::add_pointer_t<_Tp> = long unsigned int*][m[K’:
[4.473s] [01m[K/home/aliomacc/sti_usv/src/usv_sim/workspace_gz/plugins/WaveVisual.cc:318:67:[m[K   required from here
[4.473s] [01m[K/usr/include/c++/11/variant:1170:5:[m[K [01;36m[Knote: [m[Kcandidate: ‘[01m[Ktemplate<long unsigned int _Np, class ... _Types> constexpr std::add_pointer_t<const typename std::variant_alternative<_Np, std::variant<_Types ...> >::type> std::get_if(const std::variant<_Types ...>*)[m[K’
[4.473s]  1170 |     [01;36m[Kget_if[m[K(const variant<_Types...>* __ptr) noexcept
[4.473s]       |     [01;36m[K^~~~~~[m[K
[4.473s] [01m[K/usr/include/c++/11/variant:1170:5:[m[K [01;36m[Knote: [m[K  substitution of deduced template arguments resulted in errors seen above
[4.473s] [01m[K/usr/include/c++/11/variant:1183:5:[m[K [01;36m[Knote: [m[Kcandidate: ‘[01m[Ktemplate<class _Tp, class ... _Types> constexpr std::add_pointer_t<_Tp> std::get_if(std::variant<_Types ...>*)[m[K’
[4.473s]  1183 |     [01;36m[Kget_if[m[K(variant<_Types...>* __ptr) noexcept
[4.473s]       |     [01;36m[K^~~~~~[m[K
[4.473s] [01m[K/usr/include/c++/11/variant:1183:5:[m[K [01;36m[Knote: [m[K  template argument deduction/substitution failed:
[4.473s] [01m[K/usr/include/c++/11/variant:1188:76:[m[K [01;31m[Kerror: [m[Ktype/value mismatch at argument 1 in template parameter list for ‘[01m[Ktemplate<class _Tp, class ... _Types> constexpr std::add_pointer_t<_Tp> std::get_if(std::variant<_Types ...>*)[m[K’
[4.474s]  1188 |       return [01;31m[Kstd::get_if<__detail::__variant::__index_of_v<_Tp, _Types...>>([m[K
[4.474s]       |              [01;31m[K~~~~~~~~~~~~~~~~~~~~~~~~~~~~~~~~~~~~~~~~~~~~~~~~~~~~~~~~~~~~~~^[m[K
[4.474s]  1189 | [01;31m[K          __ptr)[m[K;
[4.474s]       |           [01;31m[K~~~~~~[m[K                                                            
[4.474s] [01m[K/usr/include/c++/11/variant:1188:76:[m[K [01;36m[Knote: [m[K  expected a type, got ‘[01m[Kstd::__detail::__variant::__index_of_v<long unsigned int, std::monostate, int, float, double, std::__cxx11::basic_string<char, std::char_traits<char>, std::allocator<char> >, bool, unsigned int>[m[K’
[5.843s] gmake[2]: *** [CMakeFiles/WaveVisual.dir/build.make:76: CMakeFiles/WaveVisual.dir/plugins/WaveVisual.cc.o] Error 1
[5.844s] gmake[1]: *** [CMakeFiles/Makefile2:338: CMakeFiles/WaveVisual.dir/all] Error 2
[5.844s] gmake: *** [Makefile:146: all] Error 2
[5.846s] Invoked command in '/home/aliomacc/sti_usv/build/workspace_gz' returned '2': CMAKE_PREFIX_PATH=${CMAKE_PREFIX_PATH}:/home/aliomacc/sti_usv/install/workspace_ros:/home/aliomacc/sti_usv/install/workspace_nav:/home/aliomacc/ros2_ws/install/actions_py:/home/aliomacc/ros2_ws/install/lifecycle_py:/opt/ros/humble /usr/bin/cmake --build /home/aliomacc/sti_usv/build/workspace_gz -- -j8 -l8
