[0.689s] Invoking command in '/home/ngen/yildiz_ws/src/YILDIZ-USV/workspace_nav': DEBUGINFOD_URLS=https://debuginfod.ubuntu.com PYTHONPATH=/home/ngen/yildiz_ws/src/YILDIZ-USV/build/workspace_nav/prefix_override:/usr/lib/python3/dist-packages/colcon_core/task/python/colcon_distutils_commands:/home/ngen/yildiz_ws/src/YILDIZ-USV/install/workspace_nav/lib/python3.12/site-packages:${PYTHONPATH} /usr/bin/python3 -W ignore:setup.py install is deprecated -W ignore:easy_install command is deprecated setup.py egg_info --egg-base ../build/workspace_nav build --build-base /home/ngen/yildiz_ws/src/YILDIZ-USV/build/workspace_nav/build install --record /home/ngen/yildiz_ws/src/YILDIZ-USV/build/workspace_nav/install.log --single-version-externally-managed install_data
[0.866s] running egg_info
[0.879s] writing ../build/workspace_nav/workspace_nav.egg-info/PKG-INFO
[0.879s] writing dependency_links to ../build/workspace_nav/workspace_nav.egg-info/dependency_links.txt
[0.879s] writing entry points to ../build/workspace_nav/workspace_nav.egg-info/entry_points.txt
[0.879s] writing requirements to ../build/workspace_nav/workspace_nav.egg-info/requires.txt
[0.879s] writing top-level names to ../build/workspace_nav/workspace_nav.egg-info/top_level.txt
[0.909s] reading manifest file '../build/workspace_nav/workspace_nav.egg-info/SOURCES.txt'
[0.910s] writing manifest file '../build/workspace_nav/workspace_nav.egg-info/SOURCES.txt'
[0.910s] running build
[0.910s] running build_py
[0.911s] running install
[0.915s] running install_lib
[0.928s] running install_data
[0.929s] running install_egg_info
[0.943s] removing '/home/ngen/yildiz_ws/src/YILDIZ-USV/install/workspace_nav/lib/python3.12/site-packages/workspace_nav-0.0.0-py3.12.egg-info' (and everything under it)
[0.943s] Copying ../build/workspace_nav/workspace_nav.egg-info to /home/ngen/yildiz_ws/src/YILDIZ-USV/install/workspace_nav/lib/python3.12/site-packages/workspace_nav-0.0.0-py3.12.egg-info
[0.944s] running install_scripts
[1.038s] Installing waypoint_transform script to /home/ngen/yildiz_ws/src/YILDIZ-USV/install/workspace_nav/lib/workspace_nav
[1.038s] Installing waypoint_with_state script to /home/ngen/yildiz_ws/src/YILDIZ-USV/install/workspace_nav/lib/workspace_nav
[1.038s] writing list of installed files to '/home/ngen/yildiz_ws/src/YILDIZ-USV/build/workspace_nav/install.log'
[1.057s] Invoked command in '/home/ngen/yildiz_ws/src/YILDIZ-USV/workspace_nav' returned '0': DEBUGINFOD_URLS=https://debuginfod.ubuntu.com PYTHONPATH=/home/ngen/yildiz_ws/src/YILDIZ-USV/build/workspace_nav/prefix_override:/usr/lib/python3/dist-packages/colcon_core/task/python/colcon_distutils_commands:/home/ngen/yildiz_ws/src/YILDIZ-USV/install/workspace_nav/lib/python3.12/site-packages:${PYTHONPATH} /usr/bin/python3 -W ignore:setup.py install is deprecated -W ignore:easy_install command is deprecated setup.py egg_info --egg-base ../build/workspace_nav build --build-base /home/ngen/yildiz_ws/src/YILDIZ-USV/build/workspace_nav/build install --record /home/ngen/yildiz_ws/src/YILDIZ-USV/build/workspace_nav/install.log --single-version-externally-managed install_data
