[  3%] Built target Waves
[  7%] Built target ScoringPlugin
[ 11%] Built target SimpleHydrodynamics
[ 15%] Built target Surface
[ 22%] Built target PolyhedraBuoyancyDrag
[ 26%] Built target WaveVisual
[ 30%] Built target USVWind
[35m[1mConsolidate compiler generated dependencies of target AcousticTrackingScoringPlugin[0m
[ 35%] Built target StationkeepingScoringPlugin
[ 41%] Built target WayfindingScoringPlugin
[ 47%] Built target AcousticPerceptionScoringPlugin
[35m[1mConsolidate compiler generated dependencies of target LightBuoyPlugin[0m
[35m[1mConsolidate compiler generated dependencies of target AcousticPingerPlugin[0m
[35m[1mConsolidate compiler generated dependencies of target PlacardPlugin[0m
[ 52%] Built target AcousticTrackingScoringPlugin
[ 56%] Built target AcousticPingerPlugin
[ 62%] Built target NavigationScoringPlugin
[ 69%] Built target BallShooterPlugin
[ 69%] Built target LightBuoyPlugin
[ 73%] Built target PlacardPlugin
[ 79%] Built target GymkhanaScoringPlugin
[35m[1mConsolidate compiler generated dependencies of target PublisherPlugin[0m
[35m[1mConsolidate compiler generated dependencies of target ScanDockScoringPlugin[0m
[35m[1mConsolidate compiler generated dependencies of target WildlifeScoringPlugin[0m
[ 84%] Built target PerceptionScoringPlugin
[ 88%] Built target PublisherPlugin
[ 94%] [32mBuilding CXX object CMakeFiles/WildlifeScoringPlugin.dir/plugins/WildlifeScoringPlugin.cc.o[0m
[ 96%] Built target ScanDockScoringPlugin
[ 98%] [32mBuilding CXX object CMakeFiles/WildlifeScoringPlugin.dir/plugins/WaypointMarkers.cc.o[0m
[100%] [32m[1mLinking CXX shared library libWildlifeScoringPlugin.so[0m
[100%] Built target WildlifeScoringPlugin
-- Install configuration: ""
-- Execute custom install script
-- Symlinking: /home/aliomacc/sti_usv/install/workspace_gz/lib/workspace_gz/libWaves.so
-- Symlinking: /home/aliomacc/sti_usv/install/workspace_gz/lib/workspace_gz/libScoringPlugin.so
-- Symlinking: /home/aliomacc/sti_usv/install/workspace_gz/lib/workspace_gz/libSimpleHydrodynamics.so
-- Symlinking: /home/aliomacc/sti_usv/install/workspace_gz/lib/workspace_gz/libPolyhedraBuoyancyDrag.so
-- Symlinking: /home/aliomacc/sti_usv/install/workspace_gz/lib/workspace_gz/libSurface.so
-- Symlinking: /home/aliomacc/sti_usv/install/workspace_gz/lib/workspace_gz/libUSVWind.so
-- Symlinking: /home/aliomacc/sti_usv/install/workspace_gz/lib/workspace_gz/libWaveVisual.so
-- Symlinking: /home/aliomacc/sti_usv/install/workspace_gz/lib/workspace_gz/libStationkeepingScoringPlugin.so
-- Symlinking: /home/aliomacc/sti_usv/install/workspace_gz/lib/workspace_gz/libWayfindingScoringPlugin.so
-- Symlinking: /home/aliomacc/sti_usv/install/workspace_gz/lib/workspace_gz/libAcousticPerceptionScoringPlugin.so
-- Symlinking: /home/aliomacc/sti_usv/install/workspace_gz/lib/workspace_gz/libAcousticTrackingScoringPlugin.so
-- Symlinking: /home/aliomacc/sti_usv/install/workspace_gz/lib/workspace_gz/libAcousticPingerPlugin.so
-- Symlinking: /home/aliomacc/sti_usv/install/workspace_gz/lib/workspace_gz/libBallShooterPlugin.so
-- Symlinking: /home/aliomacc/sti_usv/install/workspace_gz/lib/workspace_gz/libLightBuoyPlugin.so
-- Symlinking: /home/aliomacc/sti_usv/install/workspace_gz/lib/workspace_gz/libNavigationScoringPlugin.so
-- Symlinking: /home/aliomacc/sti_usv/install/workspace_gz/lib/workspace_gz/libGymkhanaScoringPlugin.so
-- Symlinking: /home/aliomacc/sti_usv/install/workspace_gz/lib/workspace_gz/libPerceptionScoringPlugin.so
-- Symlinking: /home/aliomacc/sti_usv/install/workspace_gz/lib/workspace_gz/libPlacardPlugin.so
-- Symlinking: /home/aliomacc/sti_usv/install/workspace_gz/lib/workspace_gz/libPublisherPlugin.so
-- Symlinking: /home/aliomacc/sti_usv/install/workspace_gz/lib/workspace_gz/libScanDockScoringPlugin.so
-- Symlinking: /home/aliomacc/sti_usv/install/workspace_gz/lib/workspace_gz/libWildlifeScoringPlugin.so
