[1.327s] Invoking command in '/home/ngen/yildiz_ws/src/YILDIZ-USV/build/workspace_ros': DEBUGINFOD_URLS=https://debuginfod.ubuntu.com PYTHONPATH=/home/ngen/yildiz_ws/src/YILDIZ-USV/build/workspace_ros/prefix_override:/usr/lib/python3/dist-packages/colcon_core/task/python/colcon_distutils_commands:/home/ngen/yildiz_ws/src/YILDIZ-USV/install/workspace_ros/lib/python3.12/site-packages:${PYTHONPATH} /usr/bin/python3 -W ignore:setup.py install is deprecated -W ignore:easy_install command is deprecated setup.py develop --editable --build-directory /home/ngen/yildiz_ws/src/YILDIZ-USV/build/workspace_ros/build --no-deps symlink_data --force
[1.805s] running develop
[2.053s] running egg_info
[2.079s] writing workspace_ros.egg-info/PKG-INFO
[2.080s] writing dependency_links to workspace_ros.egg-info/dependency_links.txt
[2.080s] writing entry points to workspace_ros.egg-info/entry_points.txt
[2.080s] writing requirements to workspace_ros.egg-info/requires.txt
[2.080s] writing top-level names to workspace_ros.egg-info/top_level.txt
[2.139s] reading manifest file 'workspace_ros.egg-info/SOURCES.txt'
[2.141s] writing manifest file 'workspace_ros.egg-info/SOURCES.txt'
[2.178s] running build_ext
[2.179s] Creating /home/ngen/yildiz_ws/src/YILDIZ-USV/install/workspace_ros/lib/python3.12/site-packages/workspace-ros.egg-link (link to .)
[2.179s] Installing converter script to /home/ngen/yildiz_ws/src/YILDIZ-USV/install/workspace_ros/lib/workspace_ros
[2.179s] Installing gps_covariance_repub script to /home/ngen/yildiz_ws/src/YILDIZ-USV/install/workspace_ros/lib/workspace_ros
[2.179s] Installing imu_covariance_repub script to /home/ngen/yildiz_ws/src/YILDIZ-USV/install/workspace_ros/lib/workspace_ros
[2.179s] Installing kamikaze script to /home/ngen/yildiz_ws/src/YILDIZ-USV/install/workspace_ros/lib/workspace_ros
[2.180s] Installing lidar_processor script to /home/ngen/yildiz_ws/src/YILDIZ-USV/install/workspace_ros/lib/workspace_ros
[2.180s] Installing manual_control script to /home/ngen/yildiz_ws/src/YILDIZ-USV/install/workspace_ros/lib/workspace_ros
[2.180s] Installing static_transform_publisher script to /home/ngen/yildiz_ws/src/YILDIZ-USV/install/workspace_ros/lib/workspace_ros
[2.181s] Installing target_buoy script to /home/ngen/yildiz_ws/src/YILDIZ-USV/install/workspace_ros/lib/workspace_ros
[2.181s] 
[2.182s] Installed /home/ngen/yildiz_ws/src/YILDIZ-USV/build/workspace_ros
[2.182s] running symlink_data
[2.182s] symbolically linking /home/ngen/yildiz_ws/src/YILDIZ-USV/build/workspace_ros/resource/workspace_ros -> /home/ngen/yildiz_ws/src/YILDIZ-USV/install/workspace_ros/share/ament_index/resource_index/packages
[2.182s] symbolically linking /home/ngen/yildiz_ws/src/YILDIZ-USV/build/workspace_ros/package.xml -> /home/ngen/yildiz_ws/src/YILDIZ-USV/install/workspace_ros/share/workspace_ros
[2.182s] symbolically linking /home/ngen/yildiz_ws/src/YILDIZ-USV/build/workspace_ros/config/static_transform.yaml -> /home/ngen/yildiz_ws/src/YILDIZ-USV/install/workspace_ros/share/workspace_ros/config
[2.182s] symbolically linking /home/ngen/yildiz_ws/src/YILDIZ-USV/build/workspace_ros/config/ekf.yaml -> /home/ngen/yildiz_ws/src/YILDIZ-USV/install/workspace_ros/share/workspace_ros/config
[2.182s] symbolically linking /home/ngen/yildiz_ws/src/YILDIZ-USV/build/workspace_ros/config/lidar_rviz.rviz -> /home/ngen/yildiz_ws/src/YILDIZ-USV/install/workspace_ros/share/workspace_ros/config
[2.183s] error: [Errno 2] No such file or directory: '/home/ngen/yildiz_ws/src/YILDIZ-USV/install/workspace_ros/share/workspace_ros/config/kiss_icp.yaml'
[2.248s] Invoked command in '/home/ngen/yildiz_ws/src/YILDIZ-USV/build/workspace_ros' returned '1': DEBUGINFOD_URLS=https://debuginfod.ubuntu.com PYTHONPATH=/home/ngen/yildiz_ws/src/YILDIZ-USV/build/workspace_ros/prefix_override:/usr/lib/python3/dist-packages/colcon_core/task/python/colcon_distutils_commands:/home/ngen/yildiz_ws/src/YILDIZ-USV/install/workspace_ros/lib/python3.12/site-packages:${PYTHONPATH} /usr/bin/python3 -W ignore:setup.py install is deprecated -W ignore:easy_install command is deprecated setup.py develop --editable --build-directory /home/ngen/yildiz_ws/src/YILDIZ-USV/build/workspace_ros/build --no-deps symlink_data --force
