[0.010s] Invoking command in '/home/aliomacc/sti_usv/build/workspace_gz': CMAKE_PREFIX_PATH=${CMAKE_PREFIX_PATH}:/home/aliomacc/sti_usv/install/workspace_ros:/home/aliomacc/sti_usv/install/workspace_nav:/home/aliomacc/ros2_ws/install/actions_py:/home/aliomacc/ros2_ws/install/lifecycle_py:/opt/ros/humble /usr/bin/cmake --build /home/aliomacc/sti_usv/build/workspace_gz -- -j8 -l8
[0.064s] [  3%] Built target Waves
[0.064s] [  7%] Built target ScoringPlugin
[0.082s] [35m[1mConsolidate compiler generated dependencies of target WaveVisual[0m
[0.102s] [ 11%] Built target SimpleHydrodynamics
[0.103s] [ 18%] Built target PolyhedraBuoyancyDrag
[0.107s] [ 24%] Built target WayfindingScoringPlugin
[0.107s] [ 32%] Built target Surface
[0.107s] [ 33%] Built target StationkeepingScoringPlugin
[0.111s] [ 37%] Built target USVWind
[0.112s] [ 39%] [32mBuilding CXX object CMakeFiles/WaveVisual.dir/plugins/WaveVisual.cc.o[0m
[0.114s] [ 45%] Built target AcousticPerceptionScoringPlugin
[0.155s] [ 50%] Built target AcousticTrackingScoringPlugin
[0.157s] [ 54%] Built target LightBuoyPlugin
[0.157s] [ 58%] Built target AcousticPingerPlugin
[0.163s] [ 64%] Built target NavigationScoringPlugin
[0.164s] [ 69%] Built target GymkhanaScoringPlugin
[0.168s] [ 73%] Built target BallShooterPlugin
[0.173s] [ 79%] Built target PerceptionScoringPlugin
[0.184s] [ 83%] Built target PlacardPlugin
[0.191s] [ 86%] Built target PublisherPlugin
[0.193s] [ 98%] Built target ScanDockScoringPlugin
[0.193s] [ 98%] Built target WildlifeScoringPlugin
[19.051s] [100%] [32m[1mLinking CXX shared library libWaveVisual.so[0m
[20.998s] [100%] Built target WaveVisual
[21.051s] Invoked command in '/home/aliomacc/sti_usv/build/workspace_gz' returned '0': CMAKE_PREFIX_PATH=${CMAKE_PREFIX_PATH}:/home/aliomacc/sti_usv/install/workspace_ros:/home/aliomacc/sti_usv/install/workspace_nav:/home/aliomacc/ros2_ws/install/actions_py:/home/aliomacc/ros2_ws/install/lifecycle_py:/opt/ros/humble /usr/bin/cmake --build /home/aliomacc/sti_usv/build/workspace_gz -- -j8 -l8
[21.099s] Invoking command in '/home/aliomacc/sti_usv/build/workspace_gz': CMAKE_PREFIX_PATH=${CMAKE_PREFIX_PATH}:/home/aliomacc/sti_usv/install/workspace_ros:/home/aliomacc/sti_usv/install/workspace_nav:/home/aliomacc/ros2_ws/install/actions_py:/home/aliomacc/ros2_ws/install/lifecycle_py:/opt/ros/humble /usr/bin/cmake --install /home/aliomacc/sti_usv/build/workspace_gz
[21.132s] -- Install configuration: "Release"
[21.132s] -- Execute custom install script
[21.134s] -- Up-to-date symlink: /home/aliomacc/sti_usv/install/workspace_gz/lib/workspace_gz/libWaves.so
[21.137s] -- Up-to-date symlink: /home/aliomacc/sti_usv/install/workspace_gz/lib/workspace_gz/libScoringPlugin.so
[21.138s] -- Up-to-date symlink: /home/aliomacc/sti_usv/install/workspace_gz/lib/workspace_gz/libSimpleHydrodynamics.so
[21.138s] -- Up-to-date symlink: /home/aliomacc/sti_usv/install/workspace_gz/lib/workspace_gz/libPolyhedraBuoyancyDrag.so
[21.138s] -- Up-to-date symlink: /home/aliomacc/sti_usv/install/workspace_gz/lib/workspace_gz/libSurface.so
[21.140s] -- Up-to-date symlink: /home/aliomacc/sti_usv/install/workspace_gz/lib/workspace_gz/libUSVWind.so
[21.140s] -- Up-to-date symlink: /home/aliomacc/sti_usv/install/workspace_gz/lib/workspace_gz/libWaveVisual.so
[21.141s] -- Up-to-date symlink: /home/aliomacc/sti_usv/install/workspace_gz/lib/workspace_gz/libStationkeepingScoringPlugin.so
[21.141s] -- Up-to-date symlink: /home/aliomacc/sti_usv/install/workspace_gz/lib/workspace_gz/libWayfindingScoringPlugin.so
[21.141s] -- Up-to-date symlink: /home/aliomacc/sti_usv/install/workspace_gz/lib/workspace_gz/libAcousticPerceptionScoringPlugin.so
[21.141s] -- Up-to-date symlink: /home/aliomacc/sti_usv/install/workspace_gz/lib/workspace_gz/libAcousticTrackingScoringPlugin.so
[21.142s] -- Up-to-date symlink: /home/aliomacc/sti_usv/install/workspace_gz/lib/workspace_gz/libAcousticPingerPlugin.so
[21.142s] -- Up-to-date symlink: /home/aliomacc/sti_usv/install/workspace_gz/lib/workspace_gz/libBallShooterPlugin.so
[21.143s] -- Up-to-date symlink: /home/aliomacc/sti_usv/install/workspace_gz/lib/workspace_gz/libLightBuoyPlugin.so
[21.144s] -- Up-to-date symlink: /home/aliomacc/sti_usv/install/workspace_gz/lib/workspace_gz/libNavigationScoringPlugin.so
[21.144s] -- Up-to-date symlink: /home/aliomacc/sti_usv/install/workspace_gz/lib/workspace_gz/libGymkhanaScoringPlugin.so
[21.145s] -- Up-to-date symlink: /home/aliomacc/sti_usv/install/workspace_gz/lib/workspace_gz/libPerceptionScoringPlugin.so
[21.145s] -- Up-to-date symlink: /home/aliomacc/sti_usv/install/workspace_gz/lib/workspace_gz/libPlacardPlugin.so
[21.145s] -- Up-to-date symlink: /home/aliomacc/sti_usv/install/workspace_gz/lib/workspace_gz/libPublisherPlugin.so
[21.146s] -- Up-to-date symlink: /home/aliomacc/sti_usv/install/workspace_gz/lib/workspace_gz/libScanDockScoringPlugin.so
[21.146s] -- Up-to-date symlink: /home/aliomacc/sti_usv/install/workspace_gz/lib/workspace_gz/libWildlifeScoringPlugin.so
[21.146s] -- Up-to-date symlink: /home/aliomacc/sti_usv/install/workspace_gz/share/workspace_gz/launch/simulation.launch.py
[21.149s] -- Up-to-date symlink: /home/aliomacc/sti_usv/install/workspace_gz/share/workspace_gz/models/buoys/marker_buoy_black/materials/textures/MarkerBuoy_Base_Color.png
[21.150s] -- Up-to-date symlink: /home/aliomacc/sti_usv/install/workspace_gz/share/workspace_gz/models/buoys/marker_buoy_black/materials/textures/MarkerBuoy_Roughness.png
[21.150s] -- Up-to-date symlink: /home/aliomacc/sti_usv/install/workspace_gz/share/workspace_gz/models/buoys/marker_buoy_black/meshes/marker_buoy.dae
[21.151s] -- Up-to-date symlink: /home/aliomacc/sti_usv/install/workspace_gz/share/workspace_gz/models/buoys/marker_buoy_black/model.config
[21.151s] -- Up-to-date symlink: /home/aliomacc/sti_usv/install/workspace_gz/share/workspace_gz/models/buoys/marker_buoy_black/model.sdf
[21.151s] -- Up-to-date symlink: /home/aliomacc/sti_usv/install/workspace_gz/share/workspace_gz/models/buoys/marker_buoy_green/materials/textures/MarkerBuoy_Base_Color.png
[21.153s] -- Up-to-date symlink: /home/aliomacc/sti_usv/install/workspace_gz/share/workspace_gz/models/buoys/marker_buoy_green/materials/textures/MarkerBuoy_Roughness.png
[21.154s] -- Up-to-date symlink: /home/aliomacc/sti_usv/install/workspace_gz/share/workspace_gz/models/buoys/marker_buoy_green/meshes/marker_buoy.dae
[21.154s] -- Up-to-date symlink: /home/aliomacc/sti_usv/install/workspace_gz/share/workspace_gz/models/buoys/marker_buoy_green/model.config
[21.154s] -- Up-to-date symlink: /home/aliomacc/sti_usv/install/workspace_gz/share/workspace_gz/models/buoys/marker_buoy_green/model.sdf
[21.154s] -- Up-to-date symlink: /home/aliomacc/sti_usv/install/workspace_gz/share/workspace_gz/models/buoys/marker_buoy_orange/materials/textures/MarkerBuoy_Base_Color.png
[21.155s] -- Up-to-date symlink: /home/aliomacc/sti_usv/install/workspace_gz/share/workspace_gz/models/buoys/marker_buoy_orange/materials/textures/MarkerBuoy_Roughness.png
[21.155s] -- Up-to-date symlink: /home/aliomacc/sti_usv/install/workspace_gz/share/workspace_gz/models/buoys/marker_buoy_orange/meshes/marker_buoy.dae
[21.155s] -- Up-to-date symlink: /home/aliomacc/sti_usv/install/workspace_gz/share/workspace_gz/models/buoys/marker_buoy_orange/model.config
[21.155s] -- Up-to-date symlink: /home/aliomacc/sti_usv/install/workspace_gz/share/workspace_gz/models/buoys/marker_buoy_orange/model.sdf
[21.155s] -- Up-to-date symlink: /home/aliomacc/sti_usv/install/workspace_gz/share/workspace_gz/models/buoys/marker_buoy_red/materials/textures/MarkerBuoy_Base_Color.png
[21.156s] -- Up-to-date symlink: /home/aliomacc/sti_usv/install/workspace_gz/share/workspace_gz/models/buoys/marker_buoy_red/materials/textures/MarkerBuoy_Roughness.png
[21.156s] -- Up-to-date symlink: /home/aliomacc/sti_usv/install/workspace_gz/share/workspace_gz/models/buoys/marker_buoy_red/meshes/marker_buoy.dae
[21.156s] -- Up-to-date symlink: /home/aliomacc/sti_usv/install/workspace_gz/share/workspace_gz/models/buoys/marker_buoy_red/model.config
[21.156s] -- Up-to-date symlink: /home/aliomacc/sti_usv/install/workspace_gz/share/workspace_gz/models/buoys/marker_buoy_red/model.sdf
[21.157s] -- Up-to-date symlink: /home/aliomacc/sti_usv/install/workspace_gz/share/workspace_gz/models/buoys/marker_buoy_yellow/materials/textures/MarkerBuoy_Base_Color.png
[21.157s] -- Up-to-date symlink: /home/aliomacc/sti_usv/install/workspace_gz/share/workspace_gz/models/buoys/marker_buoy_yellow/materials/textures/MarkerBuoy_Roughness.png
[21.157s] -- Up-to-date symlink: /home/aliomacc/sti_usv/install/workspace_gz/share/workspace_gz/models/buoys/marker_buoy_yellow/meshes/marker_buoy.dae
[21.157s] -- Up-to-date symlink: /home/aliomacc/sti_usv/install/workspace_gz/share/workspace_gz/models/buoys/marker_buoy_yellow/model.config
[21.157s] -- Up-to-date symlink: /home/aliomacc/sti_usv/install/workspace_gz/share/workspace_gz/models/buoys/marker_buoy_yellow/model.sdf
[21.157s] -- Up-to-date symlink: /home/aliomacc/sti_usv/install/workspace_gz/share/workspace_gz/models/buoys/round_buoy_orange/materials/textures/RoundBarrierBuoy_Base_Color.png
[21.157s] -- Up-to-date symlink: /home/aliomacc/sti_usv/install/workspace_gz/share/workspace_gz/models/buoys/round_buoy_orange/materials/textures/RoundBarrierBuoy_Roughness.png
[21.157s] -- Up-to-date symlink: /home/aliomacc/sti_usv/install/workspace_gz/share/workspace_gz/models/buoys/round_buoy_orange/meshes/round_buoy.dae
[21.158s] -- Up-to-date symlink: /home/aliomacc/sti_usv/install/workspace_gz/share/workspace_gz/models/buoys/round_buoy_orange/model.config
[21.158s] -- Up-to-date symlink: /home/aliomacc/sti_usv/install/workspace_gz/share/workspace_gz/models/buoys/round_buoy_orange/model.sdf
[21.158s] -- Up-to-date symlink: /home/aliomacc/sti_usv/install/workspace_gz/share/workspace_gz/models/roboboat/materials/textures/roboboat_albedo.png
[21.158s] -- Up-to-date symlink: /home/aliomacc/sti_usv/install/workspace_gz/share/workspace_gz/models/roboboat/materials/textures/roboboat_metalness.png
[21.158s] -- Up-to-date symlink: /home/aliomacc/sti_usv/install/workspace_gz/share/workspace_gz/models/roboboat/materials/textures/roboboat_normal.png
[21.159s] -- Up-to-date symlink: /home/aliomacc/sti_usv/install/workspace_gz/share/workspace_gz/models/roboboat/materials/textures/roboboat_roughness.png
[21.159s] -- Up-to-date symlink: /home/aliomacc/sti_usv/install/workspace_gz/share/workspace_gz/models/roboboat/materials/textures/thruster_albedo.png
[21.160s] -- Up-to-date symlink: /home/aliomacc/sti_usv/install/workspace_gz/share/workspace_gz/models/roboboat/materials/textures/thruster_roughness.png
[21.160s] -- Up-to-date symlink: /home/aliomacc/sti_usv/install/workspace_gz/share/workspace_gz/models/roboboat/meshes/housing.dae
[21.161s] -- Up-to-date symlink: /home/aliomacc/sti_usv/install/workspace_gz/share/workspace_gz/models/roboboat/meshes/mount.dae
[21.161s] -- Up-to-date symlink: /home/aliomacc/sti_usv/install/workspace_gz/share/workspace_gz/models/roboboat/meshes/prop.dae
[21.161s] -- Up-to-date symlink: /home/aliomacc/sti_usv/install/workspace_gz/share/workspace_gz/models/roboboat/meshes/roboboat.dae
[21.162s] -- Up-to-date symlink: /home/aliomacc/sti_usv/install/workspace_gz/share/workspace_gz/models/roboboat/sensors/camera/materials/textures/camera.png
[21.162s] -- Up-to-date symlink: /home/aliomacc/sti_usv/install/workspace_gz/share/workspace_gz/models/roboboat/sensors/camera/materials/textures/camera_albedo.png
[21.163s] -- Up-to-date symlink: /home/aliomacc/sti_usv/install/workspace_gz/share/workspace_gz/models/roboboat/sensors/camera/materials/textures/camera_metalness.png
[21.163s] -- Up-to-date symlink: /home/aliomacc/sti_usv/install/workspace_gz/share/workspace_gz/models/roboboat/sensors/camera/materials/textures/camera_normal.png
[21.163s] -- Up-to-date symlink: /home/aliomacc/sti_usv/install/workspace_gz/share/workspace_gz/models/roboboat/sensors/camera/materials/textures/camera_roughness.png
[21.164s] -- Up-to-date symlink: /home/aliomacc/sti_usv/install/workspace_gz/share/workspace_gz/models/roboboat/sensors/camera/meshes/camera.dae
[21.164s] -- Up-to-date symlink: /home/aliomacc/sti_usv/install/workspace_gz/share/workspace_gz/models/roboboat/sensors/camera/meshes/camera_albedo.png
[21.164s] -- Up-to-date symlink: /home/aliomacc/sti_usv/install/workspace_gz/share/workspace_gz/models/roboboat/sensors/camera_post/materials/textures/post_albedo.png
[21.164s] -- Up-to-date symlink: /home/aliomacc/sti_usv/install/workspace_gz/share/workspace_gz/models/roboboat/sensors/camera_post/meshes/post.dae
[21.164s] -- Up-to-date symlink: /home/aliomacc/sti_usv/install/workspace_gz/share/workspace_gz/models/roboboat/sensors/camera_post/meshes/post_albedo.jpg
[21.164s] -- Up-to-date symlink: /home/aliomacc/sti_usv/install/workspace_gz/share/workspace_gz/models/roboboat/sensors/drybox/materials/textures/drybox_albedo.png
[21.165s] -- Up-to-date symlink: /home/aliomacc/sti_usv/install/workspace_gz/share/workspace_gz/models/roboboat/sensors/drybox/materials/textures/drybox_roughness.png
[21.165s] -- Up-to-date symlink: /home/aliomacc/sti_usv/install/workspace_gz/share/workspace_gz/models/roboboat/sensors/drybox/meshes/drybox.dae
[21.165s] -- Up-to-date symlink: /home/aliomacc/sti_usv/install/workspace_gz/share/workspace_gz/models/roboboat/sensors/gps/materials/textures/gps_albedo.png
[21.165s] -- Up-to-date symlink: /home/aliomacc/sti_usv/install/workspace_gz/share/workspace_gz/models/roboboat/sensors/gps/meshes/gps.dae
[21.165s] -- Up-to-date symlink: /home/aliomacc/sti_usv/install/workspace_gz/share/workspace_gz/models/roboboat/sensors/gps/meshes/gps_albedo.png
[21.165s] -- Up-to-date symlink: /home/aliomacc/sti_usv/install/workspace_gz/share/workspace_gz/models/roboboat/sensors/lidar/materials/textures/lidar.png
[21.165s] -- Up-to-date symlink: /home/aliomacc/sti_usv/install/workspace_gz/share/workspace_gz/models/roboboat/sensors/lidar/materials/textures/lidar_albedo.png
[21.166s] -- Up-to-date symlink: /home/aliomacc/sti_usv/install/workspace_gz/share/workspace_gz/models/roboboat/sensors/lidar/materials/textures/lidar_metalness.png
[21.166s] -- Up-to-date symlink: /home/aliomacc/sti_usv/install/workspace_gz/share/workspace_gz/models/roboboat/sensors/lidar/materials/textures/lidar_normal.png
[21.166s] -- Up-to-date symlink: /home/aliomacc/sti_usv/install/workspace_gz/share/workspace_gz/models/roboboat/sensors/lidar/materials/textures/lidar_roughness.png
[21.166s] -- Up-to-date symlink: /home/aliomacc/sti_usv/install/workspace_gz/share/workspace_gz/models/roboboat/sensors/lidar/meshes/lidar.dae
[21.167s] -- Up-to-date symlink: /home/aliomacc/sti_usv/install/workspace_gz/share/workspace_gz/models/roboboat/sensors/lidar/meshes/lidar_albedo.png
[21.167s] -- Up-to-date symlink: /home/aliomacc/sti_usv/install/workspace_gz/share/workspace_gz/models/roboboat/sensors/lidar_post/materials/textures/post_albedo.png
[21.168s] -- Up-to-date symlink: /home/aliomacc/sti_usv/install/workspace_gz/share/workspace_gz/models/roboboat/sensors/lidar_post/meshes/post.dae
[21.168s] -- Up-to-date symlink: /home/aliomacc/sti_usv/install/workspace_gz/share/workspace_gz/models/roboboat/sensors/lidar_post/meshes/post_albedo.jpg
[21.168s] -- Up-to-date symlink: /home/aliomacc/sti_usv/install/workspace_gz/share/workspace_gz/models/waves/materials/programs/GerstnerWaves_fs_330.glsl
[21.168s] -- Up-to-date symlink: /home/aliomacc/sti_usv/install/workspace_gz/share/workspace_gz/models/waves/materials/programs/GerstnerWaves_vs_330.glsl
[21.169s] -- Up-to-date symlink: /home/aliomacc/sti_usv/install/workspace_gz/share/workspace_gz/models/waves/materials/textures/skybox_lowres.dds
[21.169s] -- Up-to-date symlink: /home/aliomacc/sti_usv/install/workspace_gz/share/workspace_gz/models/waves/materials/textures/wave_normals.dds
[21.169s] -- Up-to-date symlink: /home/aliomacc/sti_usv/install/workspace_gz/share/workspace_gz/models/waves/meshes/waterlow.dae
[21.169s] -- Up-to-date symlink: /home/aliomacc/sti_usv/install/workspace_gz/share/workspace_gz/models/waves/model.config
[21.169s] -- Up-to-date symlink: /home/aliomacc/sti_usv/install/workspace_gz/share/workspace_gz/models/waves/model.sdf
[21.169s] -- Up-to-date symlink: /home/aliomacc/sti_usv/install/workspace_gz/share/workspace_gz/worlds/world.sdf
[21.170s] -- Up-to-date symlink: /home/aliomacc/sti_usv/install/workspace_gz/share/workspace_gz/description/roboboat/roboboat.xacro
[21.171s] -- Up-to-date symlink: /home/aliomacc/sti_usv/install/workspace_gz/share/ament_index/resource_index/package_run_dependencies/workspace_gz
[21.171s] -- Up-to-date symlink: /home/aliomacc/sti_usv/install/workspace_gz/share/ament_index/resource_index/parent_prefix_path/workspace_gz
[21.171s] -- Up-to-date symlink: /home/aliomacc/sti_usv/install/workspace_gz/share/workspace_gz/environment/ament_prefix_path.sh
[21.173s] -- Up-to-date symlink: /home/aliomacc/sti_usv/install/workspace_gz/share/workspace_gz/environment/ament_prefix_path.dsv
[21.174s] -- Up-to-date symlink: /home/aliomacc/sti_usv/install/workspace_gz/share/workspace_gz/environment/path.sh
[21.175s] -- Up-to-date symlink: /home/aliomacc/sti_usv/install/workspace_gz/share/workspace_gz/environment/path.dsv
[21.175s] -- Up-to-date symlink: /home/aliomacc/sti_usv/install/workspace_gz/share/workspace_gz/local_setup.bash
[21.175s] -- Up-to-date symlink: /home/aliomacc/sti_usv/install/workspace_gz/share/workspace_gz/local_setup.sh
[21.176s] -- Up-to-date symlink: /home/aliomacc/sti_usv/install/workspace_gz/share/workspace_gz/local_setup.zsh
[21.176s] -- Up-to-date symlink: /home/aliomacc/sti_usv/install/workspace_gz/share/workspace_gz/local_setup.dsv
[21.176s] -- Symlinking: /home/aliomacc/sti_usv/install/workspace_gz/share/workspace_gz/package.dsv
[21.216s] -- Up-to-date symlink: /home/aliomacc/sti_usv/install/workspace_gz/share/ament_index/resource_index/packages/workspace_gz
[21.217s] -- Up-to-date symlink: /home/aliomacc/sti_usv/install/workspace_gz/share/workspace_gz/cmake/workspace_gzConfig.cmake
[21.217s] -- Up-to-date symlink: /home/aliomacc/sti_usv/install/workspace_gz/share/workspace_gz/cmake/workspace_gzConfig-version.cmake
[21.217s] -- Up-to-date symlink: /home/aliomacc/sti_usv/install/workspace_gz/share/workspace_gz/package.xml
[21.228s] Invoked command in '/home/aliomacc/sti_usv/build/workspace_gz' returned '0': CMAKE_PREFIX_PATH=${CMAKE_PREFIX_PATH}:/home/aliomacc/sti_usv/install/workspace_ros:/home/aliomacc/sti_usv/install/workspace_nav:/home/aliomacc/ros2_ws/install/actions_py:/home/aliomacc/ros2_ws/install/lifecycle_py:/opt/ros/humble /usr/bin/cmake --install /home/aliomacc/sti_usv/build/workspace_gz
