[0.381s] DEBUG:colcon:Command line arguments: ['/usr/bin/colcon', 'build', '--packages-select', 'workspace_gz']
[0.382s] DEBUG:colcon:Parsed command line arguments: Namespace(log_base=None, log_level=None, verb_name='build', build_base='build', install_base='install', merge_install=False, symlink_install=False, test_result_base=None, continue_on_error=False, executor='parallel', parallel_workers=8, event_handlers=None, ignore_user_meta=False, metas=['./colcon.meta'], base_paths=['.'], packages_ignore=None, packages_ignore_regex=None, paths=None, packages_up_to=None, packages_up_to_regex=None, packages_above=None, packages_above_and_dependencies=None, packages_above_depth=None, packages_select_by_dep=None, packages_skip_by_dep=None, packages_skip_up_to=None, packages_select_build_failed=False, packages_skip_build_finished=False, packages_select_test_failures=False, packages_skip_test_passed=False, packages_select=['workspace_gz'], packages_skip=None, packages_select_regex=None, packages_skip_regex=None, packages_start=None, packages_end=None, allow_overriding=[], cmake_args=None, cmake_target=None, cmake_target_skip_unavailable=False, cmake_clean_cache=False, cmake_clean_first=False, cmake_force_configure=False, ament_cmake_args=None, catkin_cmake_args=None, catkin_skip_building_tests=False, mixin_files=None, mixin=None, verb_parser=<colcon_mixin.mixin.mixin_argument.MixinArgumentDecorator object at 0x79dd8f2a4a60>, verb_extension=<colcon_core.verb.build.BuildVerb object at 0x79dd8f2a44f0>, main=<bound method BuildVerb.main of <colcon_core.verb.build.BuildVerb object at 0x79dd8f2a44f0>>, mixin_verb=('build',))
[0.816s] Level 1:colcon.colcon_core.package_discovery:discover_packages(colcon_meta) check parameters
[0.817s] Level 1:colcon.colcon_core.package_discovery:discover_packages(recursive) check parameters
[0.818s] Level 1:colcon.colcon_core.package_discovery:discover_packages(ignore) check parameters
[0.818s] Level 1:colcon.colcon_core.package_discovery:discover_packages(path) check parameters
[0.818s] Level 1:colcon.colcon_core.package_discovery:discover_packages(colcon_meta) discover
[0.818s] Level 1:colcon.colcon_core.package_discovery:discover_packages(recursive) discover
[0.818s] INFO:colcon.colcon_core.package_discovery:Crawling recursively for packages in '/home/aliomacc/sti_usv/src/usv_sim/workspace_gz'
[0.819s] Level 1:colcon.colcon_core.package_identification:_identify(.) by extensions ['ignore', 'ignore_ament_install']
[0.819s] Level 1:colcon.colcon_core.package_identification:_identify(.) by extension 'ignore'
[0.819s] Level 1:colcon.colcon_core.package_identification:_identify(.) by extension 'ignore_ament_install'
[0.819s] Level 1:colcon.colcon_core.package_identification:_identify(.) by extensions ['colcon_pkg']
[0.819s] Level 1:colcon.colcon_core.package_identification:_identify(.) by extension 'colcon_pkg'
[0.819s] Level 1:colcon.colcon_core.package_identification:_identify(.) by extensions ['colcon_meta']
[0.820s] Level 1:colcon.colcon_core.package_identification:_identify(.) by extension 'colcon_meta'
[0.820s] Level 1:colcon.colcon_core.package_identification:_identify(.) by extensions ['ros']
[0.820s] Level 1:colcon.colcon_core.package_identification:_identify(.) by extension 'ros'
[0.885s] DEBUG:colcon.colcon_core.package_identification:Package '.' with type 'ros.ament_cmake' and name 'workspace_gz'
[0.885s] Level 1:colcon.colcon_core.package_discovery:discover_packages(recursive) using defaults
[0.885s] Level 1:colcon.colcon_core.package_discovery:discover_packages(ignore) discover
[0.885s] Level 1:colcon.colcon_core.package_discovery:discover_packages(ignore) using defaults
[0.885s] Level 1:colcon.colcon_core.package_discovery:discover_packages(path) discover
[0.886s] Level 1:colcon.colcon_core.package_discovery:discover_packages(path) using defaults
[0.932s] Level 1:colcon.colcon_core.package_discovery:discover_packages(prefix_path) check parameters
[0.932s] Level 1:colcon.colcon_core.package_discovery:discover_packages(prefix_path) discover
[0.936s] DEBUG:colcon.colcon_installed_package_information.package_discovery:Found 4 installed packages in /home/aliomacc/turtlebot3_ws/install
[0.937s] DEBUG:colcon.colcon_installed_package_information.package_discovery:Found 6 installed packages in /home/aliomacc/ros2_ws/install
[0.940s] DEBUG:colcon.colcon_installed_package_information.package_discovery:Found 450 installed packages in /opt/ros/humble
[0.948s] Level 1:colcon.colcon_core.package_discovery:discover_packages(prefix_path) using defaults
[1.060s] Level 5:colcon.colcon_core.verb:set package 'workspace_gz' build argument 'cmake_args' from command line to 'None'
[1.060s] Level 5:colcon.colcon_core.verb:set package 'workspace_gz' build argument 'cmake_target' from command line to 'None'
[1.060s] Level 5:colcon.colcon_core.verb:set package 'workspace_gz' build argument 'cmake_target_skip_unavailable' from command line to 'False'
[1.060s] Level 5:colcon.colcon_core.verb:set package 'workspace_gz' build argument 'cmake_clean_cache' from command line to 'False'
[1.060s] Level 5:colcon.colcon_core.verb:set package 'workspace_gz' build argument 'cmake_clean_first' from command line to 'False'
[1.060s] Level 5:colcon.colcon_core.verb:set package 'workspace_gz' build argument 'cmake_force_configure' from command line to 'False'
[1.060s] Level 5:colcon.colcon_core.verb:set package 'workspace_gz' build argument 'ament_cmake_args' from command line to 'None'
[1.060s] Level 5:colcon.colcon_core.verb:set package 'workspace_gz' build argument 'catkin_cmake_args' from command line to 'None'
[1.060s] Level 5:colcon.colcon_core.verb:set package 'workspace_gz' build argument 'catkin_skip_building_tests' from command line to 'False'
[1.060s] DEBUG:colcon.colcon_core.verb:Building package 'workspace_gz' with the following arguments: {'ament_cmake_args': None, 'build_base': '/home/aliomacc/sti_usv/src/usv_sim/workspace_gz/build/workspace_gz', 'catkin_cmake_args': None, 'catkin_skip_building_tests': False, 'cmake_args': None, 'cmake_clean_cache': False, 'cmake_clean_first': False, 'cmake_force_configure': False, 'cmake_target': None, 'cmake_target_skip_unavailable': False, 'install_base': '/home/aliomacc/sti_usv/src/usv_sim/workspace_gz/install/workspace_gz', 'merge_install': False, 'path': '/home/aliomacc/sti_usv/src/usv_sim/workspace_gz', 'symlink_install': False, 'test_result_base': None}
[1.061s] INFO:colcon.colcon_core.executor:Executing jobs using 'parallel' executor
[1.063s] DEBUG:colcon.colcon_parallel_executor.executor.parallel:run_until_complete
[1.063s] INFO:colcon.colcon_ros.task.ament_cmake.build:Building ROS package in '/home/aliomacc/sti_usv/src/usv_sim/workspace_gz' with build type 'ament_cmake'
[1.063s] INFO:colcon.colcon_cmake.task.cmake.build:Building CMake package in '/home/aliomacc/sti_usv/src/usv_sim/workspace_gz'
[1.067s] INFO:colcon.colcon_core.plugin_system:Skipping extension 'colcon_core.shell.bat': Not used on non-Windows systems
[1.068s] INFO:colcon.colcon_core.shell:Skip shell extension 'powershell' for command environment: Not usable outside of PowerShell
[1.068s] DEBUG:colcon.colcon_core.shell:Skip shell extension 'dsv' for command environment
[1.098s] DEBUG:colcon.colcon_core.event_handler.log_command:Invoking command in '/home/aliomacc/sti_usv/src/usv_sim/workspace_gz/build/workspace_gz': CMAKE_PREFIX_PATH=${CMAKE_PREFIX_PATH}:/home/aliomacc/ros2_ws/install/actions_py:/home/aliomacc/ros2_ws/install/lifecycle_py:/opt/ros/humble /usr/bin/cmake --build /home/aliomacc/sti_usv/src/usv_sim/workspace_gz/build/workspace_gz -- -j8 -l8
[117.668s] DEBUG:colcon.colcon_core.event_handler.log_command:Invoked command in '/home/aliomacc/sti_usv/src/usv_sim/workspace_gz/build/workspace_gz' returned '2': CMAKE_PREFIX_PATH=${CMAKE_PREFIX_PATH}:/home/aliomacc/ros2_ws/install/actions_py:/home/aliomacc/ros2_ws/install/lifecycle_py:/opt/ros/humble /usr/bin/cmake --build /home/aliomacc/sti_usv/src/usv_sim/workspace_gz/build/workspace_gz -- -j8 -l8
[117.669s] Level 1:colcon.colcon_core.environment:create_environment_scripts_only(workspace_gz)
[117.672s] Level 1:colcon.colcon_core.environment:checking '/home/aliomacc/sti_usv/src/usv_sim/workspace_gz/install/workspace_gz' for CMake module files
[117.673s] Level 1:colcon.colcon_core.environment:checking '/home/aliomacc/sti_usv/src/usv_sim/workspace_gz/install/workspace_gz' for CMake config files
[117.675s] Level 1:colcon.colcon_core.environment:checking '/home/aliomacc/sti_usv/src/usv_sim/workspace_gz/install/workspace_gz/bin'
[117.676s] Level 1:colcon.colcon_core.environment:checking '/home/aliomacc/sti_usv/src/usv_sim/workspace_gz/install/workspace_gz/lib/pkgconfig/workspace_gz.pc'
[117.676s] Level 1:colcon.colcon_core.environment:checking '/home/aliomacc/sti_usv/src/usv_sim/workspace_gz/install/workspace_gz/lib/python3.10/site-packages'
[117.678s] Level 1:colcon.colcon_core.environment:checking '/home/aliomacc/sti_usv/src/usv_sim/workspace_gz/install/workspace_gz/bin'
[117.680s] INFO:colcon.colcon_core.shell:Creating package script '/home/aliomacc/sti_usv/src/usv_sim/workspace_gz/install/workspace_gz/share/workspace_gz/package.ps1'
[117.683s] INFO:colcon.colcon_core.shell:Creating package descriptor '/home/aliomacc/sti_usv/src/usv_sim/workspace_gz/install/workspace_gz/share/workspace_gz/package.dsv'
[117.683s] INFO:colcon.colcon_core.shell:Creating package script '/home/aliomacc/sti_usv/src/usv_sim/workspace_gz/install/workspace_gz/share/workspace_gz/package.sh'
[117.685s] INFO:colcon.colcon_core.shell:Creating package script '/home/aliomacc/sti_usv/src/usv_sim/workspace_gz/install/workspace_gz/share/workspace_gz/package.bash'
[117.687s] INFO:colcon.colcon_core.shell:Creating package script '/home/aliomacc/sti_usv/src/usv_sim/workspace_gz/install/workspace_gz/share/workspace_gz/package.zsh'
[117.689s] Level 1:colcon.colcon_core.environment:create_file_with_runtime_dependencies(/home/aliomacc/sti_usv/src/usv_sim/workspace_gz/install/workspace_gz/share/colcon-core/packages/workspace_gz)
[117.700s] DEBUG:colcon.colcon_parallel_executor.executor.parallel:closing loop
[117.702s] DEBUG:colcon.colcon_parallel_executor.executor.parallel:loop closed
[117.702s] DEBUG:colcon.colcon_parallel_executor.executor.parallel:run_until_complete finished with '2'
[117.702s] DEBUG:colcon.colcon_core.event_reactor:joining thread
[117.720s] INFO:colcon.colcon_core.plugin_system:Skipping extension 'colcon_notification.desktop_notification.terminal_notifier': Not used on non-Darwin systems
[117.721s] INFO:colcon.colcon_core.plugin_system:Skipping extension 'colcon_notification.desktop_notification.win32': Not used on non-Windows systems
[117.723s] INFO:colcon.colcon_notification.desktop_notification:Sending desktop notification using 'notify2'
[117.765s] DEBUG:colcon.colcon_core.event_reactor:joined thread
[117.766s] INFO:colcon.colcon_core.shell:Creating prefix script '/home/aliomacc/sti_usv/src/usv_sim/workspace_gz/install/local_setup.ps1'
[117.768s] INFO:colcon.colcon_core.shell:Creating prefix util module '/home/aliomacc/sti_usv/src/usv_sim/workspace_gz/install/_local_setup_util_ps1.py'
[117.771s] INFO:colcon.colcon_core.shell:Creating prefix chain script '/home/aliomacc/sti_usv/src/usv_sim/workspace_gz/install/setup.ps1'
[117.776s] INFO:colcon.colcon_core.shell:Creating prefix script '/home/aliomacc/sti_usv/src/usv_sim/workspace_gz/install/local_setup.sh'
[117.778s] INFO:colcon.colcon_core.shell:Creating prefix util module '/home/aliomacc/sti_usv/src/usv_sim/workspace_gz/install/_local_setup_util_sh.py'
[117.781s] INFO:colcon.colcon_core.shell:Creating prefix chain script '/home/aliomacc/sti_usv/src/usv_sim/workspace_gz/install/setup.sh'
[117.788s] INFO:colcon.colcon_core.shell:Creating prefix script '/home/aliomacc/sti_usv/src/usv_sim/workspace_gz/install/local_setup.bash'
[117.790s] INFO:colcon.colcon_core.shell:Creating prefix chain script '/home/aliomacc/sti_usv/src/usv_sim/workspace_gz/install/setup.bash'
[117.794s] INFO:colcon.colcon_core.shell:Creating prefix script '/home/aliomacc/sti_usv/src/usv_sim/workspace_gz/install/local_setup.zsh'
[117.799s] INFO:colcon.colcon_core.shell:Creating prefix chain script '/home/aliomacc/sti_usv/src/usv_sim/workspace_gz/install/setup.zsh'
