[0.601s] Invoking command in '/home/tugmirk/Desktop/garp-test/workspace_nav': DEBUGINFOD_URLS=https://debuginfod.ubuntu.com PYTHONPATH=/home/tugmirk/Desktop/garp-test/build/workspace_nav/prefix_override:/usr/lib/python3/dist-packages/colcon_core/task/python/colcon_distutils_commands:/home/tugmirk/Desktop/garp-test/install/workspace_nav/lib/python3.12/site-packages:${PYTHONPATH} /usr/bin/python3 -W ignore:setup.py install is deprecated -W ignore:easy_install command is deprecated setup.py egg_info --egg-base ../build/workspace_nav build --build-base /home/tugmirk/Desktop/garp-test/build/workspace_nav/build install --record /home/tugmirk/Desktop/garp-test/build/workspace_nav/install.log --single-version-externally-managed install_data
[0.806s] running egg_info
[0.806s] creating ../build/workspace_nav/workspace_nav.egg-info
[0.819s] writing ../build/workspace_nav/workspace_nav.egg-info/PKG-INFO
[0.819s] writing dependency_links to ../build/workspace_nav/workspace_nav.egg-info/dependency_links.txt
[0.819s] writing entry points to ../build/workspace_nav/workspace_nav.egg-info/entry_points.txt
[0.819s] writing requirements to ../build/workspace_nav/workspace_nav.egg-info/requires.txt
[0.819s] writing top-level names to ../build/workspace_nav/workspace_nav.egg-info/top_level.txt
[0.819s] writing manifest file '../build/workspace_nav/workspace_nav.egg-info/SOURCES.txt'
[0.845s] reading manifest file '../build/workspace_nav/workspace_nav.egg-info/SOURCES.txt'
[0.846s] writing manifest file '../build/workspace_nav/workspace_nav.egg-info/SOURCES.txt'
[0.846s] running build
[0.846s] running build_py
[0.846s] creating /home/tugmirk/Desktop/garp-test/build/workspace_nav/build
[0.846s] creating /home/tugmirk/Desktop/garp-test/build/workspace_nav/build/lib
[0.846s] creating /home/tugmirk/Desktop/garp-test/build/workspace_nav/build/lib/scripts
[0.846s] copying scripts/waypoint_transform.py -> /home/tugmirk/Desktop/garp-test/build/workspace_nav/build/lib/scripts
[0.846s] copying scripts/__init__.py -> /home/tugmirk/Desktop/garp-test/build/workspace_nav/build/lib/scripts
[0.847s] copying scripts/waypoint_with_state.py -> /home/tugmirk/Desktop/garp-test/build/workspace_nav/build/lib/scripts
[0.847s] running install
[0.851s] running install_lib
[0.863s] creating /home/tugmirk/Desktop/garp-test/install/workspace_nav/lib/python3.12/site-packages/scripts
[0.864s] copying /home/tugmirk/Desktop/garp-test/build/workspace_nav/build/lib/scripts/waypoint_transform.py -> /home/tugmirk/Desktop/garp-test/install/workspace_nav/lib/python3.12/site-packages/scripts
[0.864s] copying /home/tugmirk/Desktop/garp-test/build/workspace_nav/build/lib/scripts/__init__.py -> /home/tugmirk/Desktop/garp-test/install/workspace_nav/lib/python3.12/site-packages/scripts
[0.864s] copying /home/tugmirk/Desktop/garp-test/build/workspace_nav/build/lib/scripts/waypoint_with_state.py -> /home/tugmirk/Desktop/garp-test/install/workspace_nav/lib/python3.12/site-packages/scripts
[0.864s] byte-compiling /home/tugmirk/Desktop/garp-test/install/workspace_nav/lib/python3.12/site-packages/scripts/waypoint_transform.py to waypoint_transform.cpython-312.pyc
[0.866s] byte-compiling /home/tugmirk/Desktop/garp-test/install/workspace_nav/lib/python3.12/site-packages/scripts/__init__.py to __init__.cpython-312.pyc
[0.866s] byte-compiling /home/tugmirk/Desktop/garp-test/install/workspace_nav/lib/python3.12/site-packages/scripts/waypoint_with_state.py to waypoint_with_state.cpython-312.pyc
[0.869s] running install_data
[0.869s] creating /home/tugmirk/Desktop/garp-test/install/workspace_nav/share/ament_index
[0.869s] creating /home/tugmirk/Desktop/garp-test/install/workspace_nav/share/ament_index/resource_index
[0.869s] creating /home/tugmirk/Desktop/garp-test/install/workspace_nav/share/ament_index/resource_index/packages
[0.869s] copying resource/workspace_nav -> /home/tugmirk/Desktop/garp-test/install/workspace_nav/share/ament_index/resource_index/packages
[0.869s] copying package.xml -> /home/tugmirk/Desktop/garp-test/install/workspace_nav/share/workspace_nav
[0.869s] creating /home/tugmirk/Desktop/garp-test/install/workspace_nav/share/workspace_nav/config
[0.869s] copying config/nav2_params.yaml -> /home/tugmirk/Desktop/garp-test/install/workspace_nav/share/workspace_nav/config
[0.869s] copying config/map.yaml -> /home/tugmirk/Desktop/garp-test/install/workspace_nav/share/workspace_nav/config
[0.869s] creating /home/tugmirk/Desktop/garp-test/install/workspace_nav/share/workspace_nav/launch
[0.870s] copying launch/nav2.launch.py -> /home/tugmirk/Desktop/garp-test/install/workspace_nav/share/workspace_nav/launch
[0.870s] creating /home/tugmirk/Desktop/garp-test/install/workspace_nav/share/workspace_nav/scripts
[0.870s] copying scripts/waypoint_transform.py -> /home/tugmirk/Desktop/garp-test/install/workspace_nav/share/workspace_nav/scripts
[0.870s] copying scripts/__init__.py -> /home/tugmirk/Desktop/garp-test/install/workspace_nav/share/workspace_nav/scripts
[0.870s] copying scripts/waypoint_with_state.py -> /home/tugmirk/Desktop/garp-test/install/workspace_nav/share/workspace_nav/scripts
[0.870s] creating /home/tugmirk/Desktop/garp-test/install/workspace_nav/share/workspace_nav/map
[0.870s] copying map/map.pgm -> /home/tugmirk/Desktop/garp-test/install/workspace_nav/share/workspace_nav/map
[0.870s] running install_egg_info
[0.883s] Copying ../build/workspace_nav/workspace_nav.egg-info to /home/tugmirk/Desktop/garp-test/install/workspace_nav/lib/python3.12/site-packages/workspace_nav-0.0.0-py3.12.egg-info
[0.886s] running install_scripts
[0.975s] Installing waypoint_transform script to /home/tugmirk/Desktop/garp-test/install/workspace_nav/lib/workspace_nav
[0.976s] Installing waypoint_with_state script to /home/tugmirk/Desktop/garp-test/install/workspace_nav/lib/workspace_nav
[0.976s] writing list of installed files to '/home/tugmirk/Desktop/garp-test/build/workspace_nav/install.log'
[0.996s] Invoked command in '/home/tugmirk/Desktop/garp-test/workspace_nav' returned '0': DEBUGINFOD_URLS=https://debuginfod.ubuntu.com PYTHONPATH=/home/tugmirk/Desktop/garp-test/build/workspace_nav/prefix_override:/usr/lib/python3/dist-packages/colcon_core/task/python/colcon_distutils_commands:/home/tugmirk/Desktop/garp-test/install/workspace_nav/lib/python3.12/site-packages:${PYTHONPATH} /usr/bin/python3 -W ignore:setup.py install is deprecated -W ignore:easy_install command is deprecated setup.py egg_info --egg-base ../build/workspace_nav build --build-base /home/tugmirk/Desktop/garp-test/build/workspace_nav/build install --record /home/tugmirk/Desktop/garp-test/build/workspace_nav/install.log --single-version-externally-managed install_data
