[0.376s] Invoking command in '/home/tugmirk/Desktop/garp-test/build/workspace_nav': DEBUGINFOD_URLS=https://debuginfod.ubuntu.com PYTHONPATH=/home/tugmirk/Desktop/garp-test/build/workspace_nav/prefix_override:/usr/lib/python3/dist-packages/colcon_core/task/python/colcon_distutils_commands:/home/tugmirk/Desktop/garp-test/install/workspace_nav/lib/python3.12/site-packages:${PYTHONPATH} /usr/bin/python3 -W ignore:setup.py install is deprecated -W ignore:easy_install command is deprecated setup.py develop --editable --build-directory /home/tugmirk/Desktop/garp-test/build/workspace_nav/build --no-deps symlink_data
[0.528s] running develop
[0.614s] running egg_info
[0.614s] creating workspace_nav.egg-info
[0.622s] writing workspace_nav.egg-info/PKG-INFO
[0.622s] writing dependency_links to workspace_nav.egg-info/dependency_links.txt
[0.622s] writing entry points to workspace_nav.egg-info/entry_points.txt
[0.622s] writing requirements to workspace_nav.egg-info/requires.txt
[0.622s] writing top-level names to workspace_nav.egg-info/top_level.txt
[0.622s] writing manifest file 'workspace_nav.egg-info/SOURCES.txt'
[0.638s] reading manifest file 'workspace_nav.egg-info/SOURCES.txt'
[0.639s] writing manifest file 'workspace_nav.egg-info/SOURCES.txt'
[0.648s] running build_ext
[0.648s] Creating /home/tugmirk/Desktop/garp-test/install/workspace_nav/lib/python3.12/site-packages/workspace-nav.egg-link (link to .)
[0.648s] Installing parkour_navigation script to /home/tugmirk/Desktop/garp-test/install/workspace_nav/lib/workspace_nav
[0.648s] 
[0.648s] Installed /home/tugmirk/Desktop/garp-test/build/workspace_nav
[0.648s] running symlink_data
[0.648s] creating /home/tugmirk/Desktop/garp-test/install/workspace_nav/share/ament_index
[0.648s] creating /home/tugmirk/Desktop/garp-test/install/workspace_nav/share/ament_index/resource_index
[0.649s] creating /home/tugmirk/Desktop/garp-test/install/workspace_nav/share/ament_index/resource_index/packages
[0.649s] symbolically linking /home/tugmirk/Desktop/garp-test/build/workspace_nav/resource/workspace_nav -> /home/tugmirk/Desktop/garp-test/install/workspace_nav/share/ament_index/resource_index/packages
[0.649s] symbolically linking /home/tugmirk/Desktop/garp-test/build/workspace_nav/package.xml -> /home/tugmirk/Desktop/garp-test/install/workspace_nav/share/workspace_nav
[0.649s] creating /home/tugmirk/Desktop/garp-test/install/workspace_nav/share/workspace_nav/config
[0.649s] symbolically linking /home/tugmirk/Desktop/garp-test/build/workspace_nav/config/nav2_params.yaml -> /home/tugmirk/Desktop/garp-test/install/workspace_nav/share/workspace_nav/config
[0.649s] symbolically linking /home/tugmirk/Desktop/garp-test/build/workspace_nav/config/map.yaml -> /home/tugmirk/Desktop/garp-test/install/workspace_nav/share/workspace_nav/config
[0.649s] symbolically linking /home/tugmirk/Desktop/garp-test/build/workspace_nav/config/parkour_nav.yaml -> /home/tugmirk/Desktop/garp-test/install/workspace_nav/share/workspace_nav/config
[0.649s] creating /home/tugmirk/Desktop/garp-test/install/workspace_nav/share/workspace_nav/launch
[0.649s] symbolically linking /home/tugmirk/Desktop/garp-test/build/workspace_nav/launch/parkour_nav.launch.py -> /home/tugmirk/Desktop/garp-test/install/workspace_nav/share/workspace_nav/launch
[0.649s] symbolically linking /home/tugmirk/Desktop/garp-test/build/workspace_nav/launch/nav2.launch.py -> /home/tugmirk/Desktop/garp-test/install/workspace_nav/share/workspace_nav/launch
[0.649s] creating /home/tugmirk/Desktop/garp-test/install/workspace_nav/share/workspace_nav/scripts
[0.649s] symbolically linking /home/tugmirk/Desktop/garp-test/build/workspace_nav/scripts/__init__.py -> /home/tugmirk/Desktop/garp-test/install/workspace_nav/share/workspace_nav/scripts
[0.649s] symbolically linking /home/tugmirk/Desktop/garp-test/build/workspace_nav/scripts/parkour_navigation.py -> /home/tugmirk/Desktop/garp-test/install/workspace_nav/share/workspace_nav/scripts
[0.649s] creating /home/tugmirk/Desktop/garp-test/install/workspace_nav/share/workspace_nav/map
[0.649s] symbolically linking /home/tugmirk/Desktop/garp-test/build/workspace_nav/map/map.pgm -> /home/tugmirk/Desktop/garp-test/install/workspace_nav/share/workspace_nav/map
[0.662s] Invoked command in '/home/tugmirk/Desktop/garp-test/build/workspace_nav' returned '0': DEBUGINFOD_URLS=https://debuginfod.ubuntu.com PYTHONPATH=/home/tugmirk/Desktop/garp-test/build/workspace_nav/prefix_override:/usr/lib/python3/dist-packages/colcon_core/task/python/colcon_distutils_commands:/home/tugmirk/Desktop/garp-test/install/workspace_nav/lib/python3.12/site-packages:${PYTHONPATH} /usr/bin/python3 -W ignore:setup.py install is deprecated -W ignore:easy_install command is deprecated setup.py develop --editable --build-directory /home/tugmirk/Desktop/garp-test/build/workspace_nav/build --no-deps symlink_data
