[0.539s] Invoking command in '/home/ngen/yildiz_ws/src/YILDIZ-USV/build/workspace_ros': DEBUGINFOD_URLS=https://debuginfod.ubuntu.com PYTHONPATH=/home/ngen/yildiz_ws/src/YILDIZ-USV/build/workspace_ros/prefix_override:/usr/lib/python3/dist-packages/colcon_core/task/python/colcon_distutils_commands:/home/ngen/yildiz_ws/src/YILDIZ-USV/install/workspace_ros/lib/python3.12/site-packages:${PYTHONPATH} /usr/bin/python3 -W ignore:setup.py install is deprecated -W ignore:easy_install command is deprecated setup.py develop --editable --build-directory /home/ngen/yildiz_ws/src/YILDIZ-USV/build/workspace_ros/build --no-deps symlink_data
[0.743s] running develop
[0.870s] running egg_info
[0.883s] writing workspace_ros.egg-info/PKG-INFO
[0.883s] writing dependency_links to workspace_ros.egg-info/dependency_links.txt
[0.883s] writing entry points to workspace_ros.egg-info/entry_points.txt
[0.883s] writing requirements to workspace_ros.egg-info/requires.txt
[0.883s] writing top-level names to workspace_ros.egg-info/top_level.txt
[0.909s] reading manifest file 'workspace_ros.egg-info/SOURCES.txt'
[0.910s] writing manifest file 'workspace_ros.egg-info/SOURCES.txt'
[0.923s] running build_ext
[0.923s] Creating /home/ngen/yildiz_ws/src/YILDIZ-USV/install/workspace_ros/lib/python3.12/site-packages/workspace-ros.egg-link (link to .)
[0.923s] Installing converter script to /home/ngen/yildiz_ws/src/YILDIZ-USV/install/workspace_ros/lib/workspace_ros
[0.924s] Installing gps_covariance_repub script to /home/ngen/yildiz_ws/src/YILDIZ-USV/install/workspace_ros/lib/workspace_ros
[0.924s] Installing imu_covariance_repub script to /home/ngen/yildiz_ws/src/YILDIZ-USV/install/workspace_ros/lib/workspace_ros
[0.924s] Installing kamikaze script to /home/ngen/yildiz_ws/src/YILDIZ-USV/install/workspace_ros/lib/workspace_ros
[0.924s] Installing lidar_processor script to /home/ngen/yildiz_ws/src/YILDIZ-USV/install/workspace_ros/lib/workspace_ros
[0.924s] Installing manual_control script to /home/ngen/yildiz_ws/src/YILDIZ-USV/install/workspace_ros/lib/workspace_ros
[0.924s] Installing static_transform_publisher script to /home/ngen/yildiz_ws/src/YILDIZ-USV/install/workspace_ros/lib/workspace_ros
[0.924s] Installing target_buoy script to /home/ngen/yildiz_ws/src/YILDIZ-USV/install/workspace_ros/lib/workspace_ros
[0.924s] 
[0.924s] Installed /home/ngen/yildiz_ws/src/YILDIZ-USV/build/workspace_ros
[0.924s] running symlink_data
[0.942s] Invoked command in '/home/ngen/yildiz_ws/src/YILDIZ-USV/build/workspace_ros' returned '0': DEBUGINFOD_URLS=https://debuginfod.ubuntu.com PYTHONPATH=/home/ngen/yildiz_ws/src/YILDIZ-USV/build/workspace_ros/prefix_override:/usr/lib/python3/dist-packages/colcon_core/task/python/colcon_distutils_commands:/home/ngen/yildiz_ws/src/YILDIZ-USV/install/workspace_ros/lib/python3.12/site-packages:${PYTHONPATH} /usr/bin/python3 -W ignore:setup.py install is deprecated -W ignore:easy_install command is deprecated setup.py develop --editable --build-directory /home/ngen/yildiz_ws/src/YILDIZ-USV/build/workspace_ros/build --no-deps symlink_data
